
> noidear-server@1.0.0 test
> jest

(node:35759) Warning: `--localstorage-file` was provided without a valid path
(Use `node --trace-warnings ...` to show where the warning was created)
(node:35765) Warning: `--localstorage-file` was provided without a valid path
(Use `node --trace-warnings ...` to show where the warning was created)
FAIL test/document.service.spec.ts (5.628 s)
  ● DocumentService › restore › 应该成功恢复归档文档（管理员）

    expect(jest.fn()).toHaveBeenCalledWith(...expected)

    - Expected
    + Received

    @@ -1,7 +1,13 @@
      Object {
        "data": Object {
    +     "archiveReason": null,
    +     "archivedAt": null,
    +     "archivedBy": null,
    +     "obsoleteReason": null,
    +     "obsoletedAt": null,
    +     "obsoletedBy": null,
          "status": "approved",
        },
        "where": Object {
          "id": "doc1",
        },,

    Number of calls: 1

      464 |       await service.restore('doc1', '归档误操作，需恢复使用', 'admin', 'admin');
      465 |
    > 466 |       expect(mockPrismaService.document.update).toHaveBeenCalledWith({
          |                                                 ^
      467 |         where: { id: 'doc1' },
      468 |         data: {
      469 |           status: 'approved',

      at Object.<anonymous> (test/document.service.spec.ts:466:49)

(node:35763) Warning: `--localstorage-file` was provided without a valid path
(Use `node --trace-warnings ...` to show where the warning was created)
FAIL src/modules/deviation/deviation-analytics.integration.spec.ts (5.835 s)
  ● DeviationAnalyticsController (Integration) › GET /deviation-analytics/trend › 应该返回 400 当缺少必需参数

    Nest can't resolve dependencies of the StatisticsService (PrismaService, ?). Please make sure that the argument RedisService at index [1] is available in the StatisticsModule context.

    Potential solutions:
    - Is StatisticsModule a valid NestJS module?
    - If RedisService is a provider, is it part of the current StatisticsModule?
    - If RedisService is exported from a separate @Module, is that module imported within StatisticsModule?
      @Module({
        imports: [ /* the Module containing RedisService */ ]
      })

      12 |
      13 |   beforeAll(async () => {
    > 14 |     const moduleFixture: TestingModule = await Test.createTestingModule({
         |                                          ^
      15 |       imports: [DeviationModule, PrismaModule],
      16 |     })
      17 |       .overrideGuard(JwtAuthGuard)

      at TestingInjector.lookupComponentInParentModules (node_modules/@nestjs/core/injector/injector.js:262:19)
      at TestingInjector.resolveComponentInstance (node_modules/@nestjs/core/injector/injector.js:215:33)
      at TestingInjector.resolveComponentInstance (node_modules/@nestjs/testing/testing-injector.js:19:45)
      at resolveParam (node_modules/@nestjs/core/injector/injector.js:129:38)
          at async Promise.all (index 1)
      at TestingInjector.resolveConstructorParams (node_modules/@nestjs/core/injector/injector.js:144:27)
      at TestingInjector.loadInstance (node_modules/@nestjs/core/injector/injector.js:70:13)
      at TestingInjector.loadProvider (node_modules/@nestjs/core/injector/injector.js:98:9)
      at node_modules/@nestjs/core/injector/instance-loader.js:56:13
          at async Promise.all (index 3)
      at TestingInstanceLoader.createInstancesOfProviders (node_modules/@nestjs/core/injector/instance-loader.js:55:9)
      at node_modules/@nestjs/core/injector/instance-loader.js:40:13
          at async Promise.all (index 7)
      at TestingInstanceLoader.createInstances (node_modules/@nestjs/core/injector/instance-loader.js:39:9)
      at TestingInstanceLoader.createInstancesOfDependencies (node_modules/@nestjs/core/injector/instance-loader.js:22:13)
      at TestingInstanceLoader.createInstancesOfDependencies (node_modules/@nestjs/testing/testing-instance-loader.js:9:9)
      at TestingModuleBuilder.createInstancesOfDependencies (node_modules/@nestjs/testing/testing-module.builder.js:118:9)
      at TestingModuleBuilder.compile (node_modules/@nestjs/testing/testing-module.builder.js:74:9)
      at Object.<anonymous> (src/modules/deviation/deviation-analytics.integration.spec.ts:14:42)

  ● DeviationAnalyticsController (Integration) › GET /deviation-analytics/trend › 应该返回趋势数据

    Nest can't resolve dependencies of the StatisticsService (PrismaService, ?). Please make sure that the argument RedisService at index [1] is available in the StatisticsModule context.

    Potential solutions:
    - Is StatisticsModule a valid NestJS module?
    - If RedisService is a provider, is it part of the current StatisticsModule?
    - If RedisService is exported from a separate @Module, is that module imported within StatisticsModule?
      @Module({
        imports: [ /* the Module containing RedisService */ ]
      })

      12 |
      13 |   beforeAll(async () => {
    > 14 |     const moduleFixture: TestingModule = await Test.createTestingModule({
         |                                          ^
      15 |       imports: [DeviationModule, PrismaModule],
      16 |     })
      17 |       .overrideGuard(JwtAuthGuard)

      at TestingInjector.lookupComponentInParentModules (node_modules/@nestjs/core/injector/injector.js:262:19)
      at TestingInjector.resolveComponentInstance (node_modules/@nestjs/core/injector/injector.js:215:33)
      at TestingInjector.resolveComponentInstance (node_modules/@nestjs/testing/testing-injector.js:19:45)
      at resolveParam (node_modules/@nestjs/core/injector/injector.js:129:38)
          at async Promise.all (index 1)
      at TestingInjector.resolveConstructorParams (node_modules/@nestjs/core/injector/injector.js:144:27)
      at TestingInjector.loadInstance (node_modules/@nestjs/core/injector/injector.js:70:13)
      at TestingInjector.loadProvider (node_modules/@nestjs/core/injector/injector.js:98:9)
      at node_modules/@nestjs/core/injector/instance-loader.js:56:13
          at async Promise.all (index 3)
      at TestingInstanceLoader.createInstancesOfProviders (node_modules/@nestjs/core/injector/instance-loader.js:55:9)
      at node_modules/@nestjs/core/injector/instance-loader.js:40:13
          at async Promise.all (index 7)
      at TestingInstanceLoader.createInstances (node_modules/@nestjs/core/injector/instance-loader.js:39:9)
      at TestingInstanceLoader.createInstancesOfDependencies (node_modules/@nestjs/core/injector/instance-loader.js:22:13)
      at TestingInstanceLoader.createInstancesOfDependencies (node_modules/@nestjs/testing/testing-instance-loader.js:9:9)
      at TestingModuleBuilder.createInstancesOfDependencies (node_modules/@nestjs/testing/testing-module.builder.js:118:9)
      at TestingModuleBuilder.compile (node_modules/@nestjs/testing/testing-module.builder.js:74:9)
      at Object.<anonymous> (src/modules/deviation/deviation-analytics.integration.spec.ts:14:42)

  ● DeviationAnalyticsController (Integration) › GET /deviation-analytics/field-distribution › 应该返回字段分布数据

    Nest can't resolve dependencies of the StatisticsService (PrismaService, ?). Please make sure that the argument RedisService at index [1] is available in the StatisticsModule context.

    Potential solutions:
    - Is StatisticsModule a valid NestJS module?
    - If RedisService is a provider, is it part of the current StatisticsModule?
    - If RedisService is exported from a separate @Module, is that module imported within StatisticsModule?
      @Module({
        imports: [ /* the Module containing RedisService */ ]
      })

      12 |
      13 |   beforeAll(async () => {
    > 14 |     const moduleFixture: TestingModule = await Test.createTestingModule({
         |                                          ^
      15 |       imports: [DeviationModule, PrismaModule],
      16 |     })
      17 |       .overrideGuard(JwtAuthGuard)

      at TestingInjector.lookupComponentInParentModules (node_modules/@nestjs/core/injector/injector.js:262:19)
      at TestingInjector.resolveComponentInstance (node_modules/@nestjs/core/injector/injector.js:215:33)
      at TestingInjector.resolveComponentInstance (node_modules/@nestjs/testing/testing-injector.js:19:45)
      at resolveParam (node_modules/@nestjs/core/injector/injector.js:129:38)
          at async Promise.all (index 1)
      at TestingInjector.resolveConstructorParams (node_modules/@nestjs/core/injector/injector.js:144:27)
      at TestingInjector.loadInstance (node_modules/@nestjs/core/injector/injector.js:70:13)
      at TestingInjector.loadProvider (node_modules/@nestjs/core/injector/injector.js:98:9)
      at node_modules/@nestjs/core/injector/instance-loader.js:56:13
          at async Promise.all (index 3)
      at TestingInstanceLoader.createInstancesOfProviders (node_modules/@nestjs/core/injector/instance-loader.js:55:9)
      at node_modules/@nestjs/core/injector/instance-loader.js:40:13
          at async Promise.all (index 7)
      at TestingInstanceLoader.createInstances (node_modules/@nestjs/core/injector/instance-loader.js:39:9)
      at TestingInstanceLoader.createInstancesOfDependencies (node_modules/@nestjs/core/injector/instance-loader.js:22:13)
      at TestingInstanceLoader.createInstancesOfDependencies (node_modules/@nestjs/testing/testing-instance-loader.js:9:9)
      at TestingModuleBuilder.createInstancesOfDependencies (node_modules/@nestjs/testing/testing-module.builder.js:118:9)
      at TestingModuleBuilder.compile (node_modules/@nestjs/testing/testing-module.builder.js:74:9)
      at Object.<anonymous> (src/modules/deviation/deviation-analytics.integration.spec.ts:14:42)

  ● DeviationAnalyticsController (Integration) › GET /deviation-analytics/field-distribution › 应该支持日期范围筛选

    Nest can't resolve dependencies of the StatisticsService (PrismaService, ?). Please make sure that the argument RedisService at index [1] is available in the StatisticsModule context.

    Potential solutions:
    - Is StatisticsModule a valid NestJS module?
    - If RedisService is a provider, is it part of the current StatisticsModule?
    - If RedisService is exported from a separate @Module, is that module imported within StatisticsModule?
      @Module({
        imports: [ /* the Module containing RedisService */ ]
      })

      12 |
      13 |   beforeAll(async () => {
    > 14 |     const moduleFixture: TestingModule = await Test.createTestingModule({
         |                                          ^
      15 |       imports: [DeviationModule, PrismaModule],
      16 |     })
      17 |       .overrideGuard(JwtAuthGuard)

      at TestingInjector.lookupComponentInParentModules (node_modules/@nestjs/core/injector/injector.js:262:19)
      at TestingInjector.resolveComponentInstance (node_modules/@nestjs/core/injector/injector.js:215:33)
      at TestingInjector.resolveComponentInstance (node_modules/@nestjs/testing/testing-injector.js:19:45)
      at resolveParam (node_modules/@nestjs/core/injector/injector.js:129:38)
          at async Promise.all (index 1)
      at TestingInjector.resolveConstructorParams (node_modules/@nestjs/core/injector/injector.js:144:27)
      at TestingInjector.loadInstance (node_modules/@nestjs/core/injector/injector.js:70:13)
      at TestingInjector.loadProvider (node_modules/@nestjs/core/injector/injector.js:98:9)
      at node_modules/@nestjs/core/injector/instance-loader.js:56:13
          at async Promise.all (index 3)
      at TestingInstanceLoader.createInstancesOfProviders (node_modules/@nestjs/core/injector/instance-loader.js:55:9)
      at node_modules/@nestjs/core/injector/instance-loader.js:40:13
          at async Promise.all (index 7)
      at TestingInstanceLoader.createInstances (node_modules/@nestjs/core/injector/instance-loader.js:39:9)
      at TestingInstanceLoader.createInstancesOfDependencies (node_modules/@nestjs/core/injector/instance-loader.js:22:13)
      at TestingInstanceLoader.createInstancesOfDependencies (node_modules/@nestjs/testing/testing-instance-loader.js:9:9)
      at TestingModuleBuilder.createInstancesOfDependencies (node_modules/@nestjs/testing/testing-module.builder.js:118:9)
      at TestingModuleBuilder.compile (node_modules/@nestjs/testing/testing-module.builder.js:74:9)
      at Object.<anonymous> (src/modules/deviation/deviation-analytics.integration.spec.ts:14:42)

  ● DeviationAnalyticsController (Integration) › GET /deviation-analytics/rate-by-department › 应该返回部门偏离率数据

    Nest can't resolve dependencies of the StatisticsService (PrismaService, ?). Please make sure that the argument RedisService at index [1] is available in the StatisticsModule context.

    Potential solutions:
    - Is StatisticsModule a valid NestJS module?
    - If RedisService is a provider, is it part of the current StatisticsModule?
    - If RedisService is exported from a separate @Module, is that module imported within StatisticsModule?
      @Module({
        imports: [ /* the Module containing RedisService */ ]
      })

      12 |
      13 |   beforeAll(async () => {
    > 14 |     const moduleFixture: TestingModule = await Test.createTestingModule({
         |                                          ^
      15 |       imports: [DeviationModule, PrismaModule],
      16 |     })
      17 |       .overrideGuard(JwtAuthGuard)

      at TestingInjector.lookupComponentInParentModules (node_modules/@nestjs/core/injector/injector.js:262:19)
      at TestingInjector.resolveComponentInstance (node_modules/@nestjs/core/injector/injector.js:215:33)
      at TestingInjector.resolveComponentInstance (node_modules/@nestjs/testing/testing-injector.js:19:45)
      at resolveParam (node_modules/@nestjs/core/injector/injector.js:129:38)
          at async Promise.all (index 1)
      at TestingInjector.resolveConstructorParams (node_modules/@nestjs/core/injector/injector.js:144:27)
      at TestingInjector.loadInstance (node_modules/@nestjs/core/injector/injector.js:70:13)
      at TestingInjector.loadProvider (node_modules/@nestjs/core/injector/injector.js:98:9)
      at node_modules/@nestjs/core/injector/instance-loader.js:56:13
          at async Promise.all (index 3)
      at TestingInstanceLoader.createInstancesOfProviders (node_modules/@nestjs/core/injector/instance-loader.js:55:9)
      at node_modules/@nestjs/core/injector/instance-loader.js:40:13
          at async Promise.all (index 7)
      at TestingInstanceLoader.createInstances (node_modules/@nestjs/core/injector/instance-loader.js:39:9)
      at TestingInstanceLoader.createInstancesOfDependencies (node_modules/@nestjs/core/injector/instance-loader.js:22:13)
      at TestingInstanceLoader.createInstancesOfDependencies (node_modules/@nestjs/testing/testing-instance-loader.js:9:9)
      at TestingModuleBuilder.createInstancesOfDependencies (node_modules/@nestjs/testing/testing-module.builder.js:118:9)
      at TestingModuleBuilder.compile (node_modules/@nestjs/testing/testing-module.builder.js:74:9)
      at Object.<anonymous> (src/modules/deviation/deviation-analytics.integration.spec.ts:14:42)

  ● DeviationAnalyticsController (Integration) › GET /deviation-analytics/rate-by-template › 应该返回模板偏离率数据

    Nest can't resolve dependencies of the StatisticsService (PrismaService, ?). Please make sure that the argument RedisService at index [1] is available in the StatisticsModule context.

    Potential solutions:
    - Is StatisticsModule a valid NestJS module?
    - If RedisService is a provider, is it part of the current StatisticsModule?
    - If RedisService is exported from a separate @Module, is that module imported within StatisticsModule?
      @Module({
        imports: [ /* the Module containing RedisService */ ]
      })

      12 |
      13 |   beforeAll(async () => {
    > 14 |     const moduleFixture: TestingModule = await Test.createTestingModule({
         |                                          ^
      15 |       imports: [DeviationModule, PrismaModule],
      16 |     })
      17 |       .overrideGuard(JwtAuthGuard)

      at TestingInjector.lookupComponentInParentModules (node_modules/@nestjs/core/injector/injector.js:262:19)
      at TestingInjector.resolveComponentInstance (node_modules/@nestjs/core/injector/injector.js:215:33)
      at TestingInjector.resolveComponentInstance (node_modules/@nestjs/testing/testing-injector.js:19:45)
      at resolveParam (node_modules/@nestjs/core/injector/injector.js:129:38)
          at async Promise.all (index 1)
      at TestingInjector.resolveConstructorParams (node_modules/@nestjs/core/injector/injector.js:144:27)
      at TestingInjector.loadInstance (node_modules/@nestjs/core/injector/injector.js:70:13)
      at TestingInjector.loadProvider (node_modules/@nestjs/core/injector/injector.js:98:9)
      at node_modules/@nestjs/core/injector/instance-loader.js:56:13
          at async Promise.all (index 3)
      at TestingInstanceLoader.createInstancesOfProviders (node_modules/@nestjs/core/injector/instance-loader.js:55:9)
      at node_modules/@nestjs/core/injector/instance-loader.js:40:13
          at async Promise.all (index 7)
      at TestingInstanceLoader.createInstances (node_modules/@nestjs/core/injector/instance-loader.js:39:9)
      at TestingInstanceLoader.createInstancesOfDependencies (node_modules/@nestjs/core/injector/instance-loader.js:22:13)
      at TestingInstanceLoader.createInstancesOfDependencies (node_modules/@nestjs/testing/testing-instance-loader.js:9:9)
      at TestingModuleBuilder.createInstancesOfDependencies (node_modules/@nestjs/testing/testing-module.builder.js:118:9)
      at TestingModuleBuilder.compile (node_modules/@nestjs/testing/testing-module.builder.js:74:9)
      at Object.<anonymous> (src/modules/deviation/deviation-analytics.integration.spec.ts:14:42)

  ● DeviationAnalyticsController (Integration) › GET /deviation-analytics/reason-wordcloud › 应该返回词云数据

    Nest can't resolve dependencies of the StatisticsService (PrismaService, ?). Please make sure that the argument RedisService at index [1] is available in the StatisticsModule context.

    Potential solutions:
    - Is StatisticsModule a valid NestJS module?
    - If RedisService is a provider, is it part of the current StatisticsModule?
    - If RedisService is exported from a separate @Module, is that module imported within StatisticsModule?
      @Module({
        imports: [ /* the Module containing RedisService */ ]
      })

      12 |
      13 |   beforeAll(async () => {
    > 14 |     const moduleFixture: TestingModule = await Test.createTestingModule({
         |                                          ^
      15 |       imports: [DeviationModule, PrismaModule],
      16 |     })
      17 |       .overrideGuard(JwtAuthGuard)

      at TestingInjector.lookupComponentInParentModules (node_modules/@nestjs/core/injector/injector.js:262:19)
      at TestingInjector.resolveComponentInstance (node_modules/@nestjs/core/injector/injector.js:215:33)
      at TestingInjector.resolveComponentInstance (node_modules/@nestjs/testing/testing-injector.js:19:45)
      at resolveParam (node_modules/@nestjs/core/injector/injector.js:129:38)
          at async Promise.all (index 1)
      at TestingInjector.resolveConstructorParams (node_modules/@nestjs/core/injector/injector.js:144:27)
      at TestingInjector.loadInstance (node_modules/@nestjs/core/injector/injector.js:70:13)
      at TestingInjector.loadProvider (node_modules/@nestjs/core/injector/injector.js:98:9)
      at node_modules/@nestjs/core/injector/instance-loader.js:56:13
          at async Promise.all (index 3)
      at TestingInstanceLoader.createInstancesOfProviders (node_modules/@nestjs/core/injector/instance-loader.js:55:9)
      at node_modules/@nestjs/core/injector/instance-loader.js:40:13
          at async Promise.all (index 7)
      at TestingInstanceLoader.createInstances (node_modules/@nestjs/core/injector/instance-loader.js:39:9)
      at TestingInstanceLoader.createInstancesOfDependencies (node_modules/@nestjs/core/injector/instance-loader.js:22:13)
      at TestingInstanceLoader.createInstancesOfDependencies (node_modules/@nestjs/testing/testing-instance-loader.js:9:9)
      at TestingModuleBuilder.createInstancesOfDependencies (node_modules/@nestjs/testing/testing-module.builder.js:118:9)
      at TestingModuleBuilder.compile (node_modules/@nestjs/testing/testing-module.builder.js:74:9)
      at Object.<anonymous> (src/modules/deviation/deviation-analytics.integration.spec.ts:14:42)


  ● Test suite failed to run

    TypeError: Cannot read properties of undefined (reading 'close')

      27 |
      28 |   afterAll(async () => {
    > 29 |     await app.close();
         |               ^
      30 |   });
      31 |
      32 |   describe('GET /deviation-analytics/trend', () => {

      at Object.<anonymous> (src/modules/deviation/deviation-analytics.integration.spec.ts:29:15)

(node:35764) Warning: `--localstorage-file` was provided without a valid path
(Use `node --trace-warnings ...` to show where the warning was created)
FAIL src/modules/approval/approval.integration.spec.ts (5.871 s)
  ● Approval Integration Tests › 正常任务一级审批流程 › 应该完成创建审批链→主管审批通过→任务归档的完整流程

    Nest can't resolve dependencies of the StatisticsService (PrismaService, ?). Please make sure that the argument RedisService at index [1] is available in the StatisticsModule context.

    Potential solutions:
    - Is StatisticsModule a valid NestJS module?
    - If RedisService is a provider, is it part of the current StatisticsModule?
    - If RedisService is exported from a separate @Module, is that module imported within StatisticsModule?
      @Module({
        imports: [ /* the Module containing RedisService */ ]
      })

      33 |
      34 |   beforeAll(async () => {
    > 35 |     const moduleRef: TestingModule = await Test.createTestingModule({
         |                                      ^
      36 |       imports: [ApprovalModule],
      37 |     })
      38 |       .overrideProvider(PrismaService)

      at TestingInjector.lookupComponentInParentModules (node_modules/@nestjs/core/injector/injector.js:262:19)
      at TestingInjector.resolveComponentInstance (node_modules/@nestjs/core/injector/injector.js:215:33)
      at TestingInjector.resolveComponentInstance (node_modules/@nestjs/testing/testing-injector.js:19:45)
      at resolveParam (node_modules/@nestjs/core/injector/injector.js:129:38)
          at async Promise.all (index 1)
      at TestingInjector.resolveConstructorParams (node_modules/@nestjs/core/injector/injector.js:144:27)
      at TestingInjector.loadInstance (node_modules/@nestjs/core/injector/injector.js:70:13)
      at TestingInjector.loadProvider (node_modules/@nestjs/core/injector/injector.js:98:9)
      at node_modules/@nestjs/core/injector/instance-loader.js:56:13
          at async Promise.all (index 3)
      at TestingInstanceLoader.createInstancesOfProviders (node_modules/@nestjs/core/injector/instance-loader.js:55:9)
      at node_modules/@nestjs/core/injector/instance-loader.js:40:13
          at async Promise.all (index 5)
      at TestingInstanceLoader.createInstances (node_modules/@nestjs/core/injector/instance-loader.js:39:9)
      at TestingInstanceLoader.createInstancesOfDependencies (node_modules/@nestjs/core/injector/instance-loader.js:22:13)
      at TestingInstanceLoader.createInstancesOfDependencies (node_modules/@nestjs/testing/testing-instance-loader.js:9:9)
      at TestingModuleBuilder.createInstancesOfDependencies (node_modules/@nestjs/testing/testing-module.builder.js:118:9)
      at TestingModuleBuilder.compile (node_modules/@nestjs/testing/testing-module.builder.js:74:9)
      at Object.<anonymous> (src/modules/approval/approval.integration.spec.ts:35:38)

  ● Approval Integration Tests › 偏离任务二级审批流程（通过） › 应该完成创建审批链→主管通过→经理通过→任务归档的完整流程

    Nest can't resolve dependencies of the StatisticsService (PrismaService, ?). Please make sure that the argument RedisService at index [1] is available in the StatisticsModule context.

    Potential solutions:
    - Is StatisticsModule a valid NestJS module?
    - If RedisService is a provider, is it part of the current StatisticsModule?
    - If RedisService is exported from a separate @Module, is that module imported within StatisticsModule?
      @Module({
        imports: [ /* the Module containing RedisService */ ]
      })

      33 |
      34 |   beforeAll(async () => {
    > 35 |     const moduleRef: TestingModule = await Test.createTestingModule({
         |                                      ^
      36 |       imports: [ApprovalModule],
      37 |     })
      38 |       .overrideProvider(PrismaService)

      at TestingInjector.lookupComponentInParentModules (node_modules/@nestjs/core/injector/injector.js:262:19)
      at TestingInjector.resolveComponentInstance (node_modules/@nestjs/core/injector/injector.js:215:33)
      at TestingInjector.resolveComponentInstance (node_modules/@nestjs/testing/testing-injector.js:19:45)
      at resolveParam (node_modules/@nestjs/core/injector/injector.js:129:38)
          at async Promise.all (index 1)
      at TestingInjector.resolveConstructorParams (node_modules/@nestjs/core/injector/injector.js:144:27)
      at TestingInjector.loadInstance (node_modules/@nestjs/core/injector/injector.js:70:13)
      at TestingInjector.loadProvider (node_modules/@nestjs/core/injector/injector.js:98:9)
      at node_modules/@nestjs/core/injector/instance-loader.js:56:13
          at async Promise.all (index 3)
      at TestingInstanceLoader.createInstancesOfProviders (node_modules/@nestjs/core/injector/instance-loader.js:55:9)
      at node_modules/@nestjs/core/injector/instance-loader.js:40:13
          at async Promise.all (index 5)
      at TestingInstanceLoader.createInstances (node_modules/@nestjs/core/injector/instance-loader.js:39:9)
      at TestingInstanceLoader.createInstancesOfDependencies (node_modules/@nestjs/core/injector/instance-loader.js:22:13)
      at TestingInstanceLoader.createInstancesOfDependencies (node_modules/@nestjs/testing/testing-instance-loader.js:9:9)
      at TestingModuleBuilder.createInstancesOfDependencies (node_modules/@nestjs/testing/testing-module.builder.js:118:9)
      at TestingModuleBuilder.compile (node_modules/@nestjs/testing/testing-module.builder.js:74:9)
      at Object.<anonymous> (src/modules/approval/approval.integration.spec.ts:35:38)

  ● Approval Integration Tests › 一级驳回场景 › 应该在主管驳回后，任务记录回到草稿状态

    Nest can't resolve dependencies of the StatisticsService (PrismaService, ?). Please make sure that the argument RedisService at index [1] is available in the StatisticsModule context.

    Potential solutions:
    - Is StatisticsModule a valid NestJS module?
    - If RedisService is a provider, is it part of the current StatisticsModule?
    - If RedisService is exported from a separate @Module, is that module imported within StatisticsModule?
      @Module({
        imports: [ /* the Module containing RedisService */ ]
      })

      33 |
      34 |   beforeAll(async () => {
    > 35 |     const moduleRef: TestingModule = await Test.createTestingModule({
         |                                      ^
      36 |       imports: [ApprovalModule],
      37 |     })
      38 |       .overrideProvider(PrismaService)

      at TestingInjector.lookupComponentInParentModules (node_modules/@nestjs/core/injector/injector.js:262:19)
      at TestingInjector.resolveComponentInstance (node_modules/@nestjs/core/injector/injector.js:215:33)
      at TestingInjector.resolveComponentInstance (node_modules/@nestjs/testing/testing-injector.js:19:45)
      at resolveParam (node_modules/@nestjs/core/injector/injector.js:129:38)
          at async Promise.all (index 1)
      at TestingInjector.resolveConstructorParams (node_modules/@nestjs/core/injector/injector.js:144:27)
      at TestingInjector.loadInstance (node_modules/@nestjs/core/injector/injector.js:70:13)
      at TestingInjector.loadProvider (node_modules/@nestjs/core/injector/injector.js:98:9)
      at node_modules/@nestjs/core/injector/instance-loader.js:56:13
          at async Promise.all (index 3)
      at TestingInstanceLoader.createInstancesOfProviders (node_modules/@nestjs/core/injector/instance-loader.js:55:9)
      at node_modules/@nestjs/core/injector/instance-loader.js:40:13
          at async Promise.all (index 5)
      at TestingInstanceLoader.createInstances (node_modules/@nestjs/core/injector/instance-loader.js:39:9)
      at TestingInstanceLoader.createInstancesOfDependencies (node_modules/@nestjs/core/injector/instance-loader.js:22:13)
      at TestingInstanceLoader.createInstancesOfDependencies (node_modules/@nestjs/testing/testing-instance-loader.js:9:9)
      at TestingModuleBuilder.createInstancesOfDependencies (node_modules/@nestjs/testing/testing-module.builder.js:118:9)
      at TestingModuleBuilder.compile (node_modules/@nestjs/testing/testing-module.builder.js:74:9)
      at Object.<anonymous> (src/modules/approval/approval.integration.spec.ts:35:38)

  ● Approval Integration Tests › 二级驳回场景 › 应该在经理驳回后，任务记录回到草稿状态

    Nest can't resolve dependencies of the StatisticsService (PrismaService, ?). Please make sure that the argument RedisService at index [1] is available in the StatisticsModule context.

    Potential solutions:
    - Is StatisticsModule a valid NestJS module?
    - If RedisService is a provider, is it part of the current StatisticsModule?
    - If RedisService is exported from a separate @Module, is that module imported within StatisticsModule?
      @Module({
        imports: [ /* the Module containing RedisService */ ]
      })

      33 |
      34 |   beforeAll(async () => {
    > 35 |     const moduleRef: TestingModule = await Test.createTestingModule({
         |                                      ^
      36 |       imports: [ApprovalModule],
      37 |     })
      38 |       .overrideProvider(PrismaService)

      at TestingInjector.lookupComponentInParentModules (node_modules/@nestjs/core/injector/injector.js:262:19)
      at TestingInjector.resolveComponentInstance (node_modules/@nestjs/core/injector/injector.js:215:33)
      at TestingInjector.resolveComponentInstance (node_modules/@nestjs/testing/testing-injector.js:19:45)
      at resolveParam (node_modules/@nestjs/core/injector/injector.js:129:38)
          at async Promise.all (index 1)
      at TestingInjector.resolveConstructorParams (node_modules/@nestjs/core/injector/injector.js:144:27)
      at TestingInjector.loadInstance (node_modules/@nestjs/core/injector/injector.js:70:13)
      at TestingInjector.loadProvider (node_modules/@nestjs/core/injector/injector.js:98:9)
      at node_modules/@nestjs/core/injector/instance-loader.js:56:13
          at async Promise.all (index 3)
      at TestingInstanceLoader.createInstancesOfProviders (node_modules/@nestjs/core/injector/instance-loader.js:55:9)
      at node_modules/@nestjs/core/injector/instance-loader.js:40:13
          at async Promise.all (index 5)
      at TestingInstanceLoader.createInstances (node_modules/@nestjs/core/injector/instance-loader.js:39:9)
      at TestingInstanceLoader.createInstancesOfDependencies (node_modules/@nestjs/core/injector/instance-loader.js:22:13)
      at TestingInstanceLoader.createInstancesOfDependencies (node_modules/@nestjs/testing/testing-instance-loader.js:9:9)
      at TestingModuleBuilder.createInstancesOfDependencies (node_modules/@nestjs/testing/testing-module.builder.js:118:9)
      at TestingModuleBuilder.compile (node_modules/@nestjs/testing/testing-module.builder.js:74:9)
      at Object.<anonymous> (src/modules/approval/approval.integration.spec.ts:35:38)

  ● Approval Integration Tests › 通知发送验证 › 应该在一级审批创建时发送通知给主管

    Nest can't resolve dependencies of the StatisticsService (PrismaService, ?). Please make sure that the argument RedisService at index [1] is available in the StatisticsModule context.

    Potential solutions:
    - Is StatisticsModule a valid NestJS module?
    - If RedisService is a provider, is it part of the current StatisticsModule?
    - If RedisService is exported from a separate @Module, is that module imported within StatisticsModule?
      @Module({
        imports: [ /* the Module containing RedisService */ ]
      })

      33 |
      34 |   beforeAll(async () => {
    > 35 |     const moduleRef: TestingModule = await Test.createTestingModule({
         |                                      ^
      36 |       imports: [ApprovalModule],
      37 |     })
      38 |       .overrideProvider(PrismaService)

      at TestingInjector.lookupComponentInParentModules (node_modules/@nestjs/core/injector/injector.js:262:19)
      at TestingInjector.resolveComponentInstance (node_modules/@nestjs/core/injector/injector.js:215:33)
      at TestingInjector.resolveComponentInstance (node_modules/@nestjs/testing/testing-injector.js:19:45)
      at resolveParam (node_modules/@nestjs/core/injector/injector.js:129:38)
          at async Promise.all (index 1)
      at TestingInjector.resolveConstructorParams (node_modules/@nestjs/core/injector/injector.js:144:27)
      at TestingInjector.loadInstance (node_modules/@nestjs/core/injector/injector.js:70:13)
      at TestingInjector.loadProvider (node_modules/@nestjs/core/injector/injector.js:98:9)
      at node_modules/@nestjs/core/injector/instance-loader.js:56:13
          at async Promise.all (index 3)
      at TestingInstanceLoader.createInstancesOfProviders (node_modules/@nestjs/core/injector/instance-loader.js:55:9)
      at node_modules/@nestjs/core/injector/instance-loader.js:40:13
          at async Promise.all (index 5)
      at TestingInstanceLoader.createInstances (node_modules/@nestjs/core/injector/instance-loader.js:39:9)
      at TestingInstanceLoader.createInstancesOfDependencies (node_modules/@nestjs/core/injector/instance-loader.js:22:13)
      at TestingInstanceLoader.createInstancesOfDependencies (node_modules/@nestjs/testing/testing-instance-loader.js:9:9)
      at TestingModuleBuilder.createInstancesOfDependencies (node_modules/@nestjs/testing/testing-module.builder.js:118:9)
      at TestingModuleBuilder.compile (node_modules/@nestjs/testing/testing-module.builder.js:74:9)
      at Object.<anonymous> (src/modules/approval/approval.integration.spec.ts:35:38)

  ● Approval Integration Tests › 审批链查询验证 › 应该返回完整的审批链信息（包含审批人姓名）

    Nest can't resolve dependencies of the StatisticsService (PrismaService, ?). Please make sure that the argument RedisService at index [1] is available in the StatisticsModule context.

    Potential solutions:
    - Is StatisticsModule a valid NestJS module?
    - If RedisService is a provider, is it part of the current StatisticsModule?
    - If RedisService is exported from a separate @Module, is that module imported within StatisticsModule?
      @Module({
        imports: [ /* the Module containing RedisService */ ]
      })

      33 |
      34 |   beforeAll(async () => {
    > 35 |     const moduleRef: TestingModule = await Test.createTestingModule({
         |                                      ^
      36 |       imports: [ApprovalModule],
      37 |     })
      38 |       .overrideProvider(PrismaService)

      at TestingInjector.lookupComponentInParentModules (node_modules/@nestjs/core/injector/injector.js:262:19)
      at TestingInjector.resolveComponentInstance (node_modules/@nestjs/core/injector/injector.js:215:33)
      at TestingInjector.resolveComponentInstance (node_modules/@nestjs/testing/testing-injector.js:19:45)
      at resolveParam (node_modules/@nestjs/core/injector/injector.js:129:38)
          at async Promise.all (index 1)
      at TestingInjector.resolveConstructorParams (node_modules/@nestjs/core/injector/injector.js:144:27)
      at TestingInjector.loadInstance (node_modules/@nestjs/core/injector/injector.js:70:13)
      at TestingInjector.loadProvider (node_modules/@nestjs/core/injector/injector.js:98:9)
      at node_modules/@nestjs/core/injector/instance-loader.js:56:13
          at async Promise.all (index 3)
      at TestingInstanceLoader.createInstancesOfProviders (node_modules/@nestjs/core/injector/instance-loader.js:55:9)
      at node_modules/@nestjs/core/injector/instance-loader.js:40:13
          at async Promise.all (index 5)
      at TestingInstanceLoader.createInstances (node_modules/@nestjs/core/injector/instance-loader.js:39:9)
      at TestingInstanceLoader.createInstancesOfDependencies (node_modules/@nestjs/core/injector/instance-loader.js:22:13)
      at TestingInstanceLoader.createInstancesOfDependencies (node_modules/@nestjs/testing/testing-instance-loader.js:9:9)
      at TestingModuleBuilder.createInstancesOfDependencies (node_modules/@nestjs/testing/testing-module.builder.js:118:9)
      at TestingModuleBuilder.compile (node_modules/@nestjs/testing/testing-module.builder.js:74:9)
      at Object.<anonymous> (src/modules/approval/approval.integration.spec.ts:35:38)

  ● Approval Integration Tests › 事务回滚验证 › 应该在二级审批创建失败时回滚整个事务

    Nest can't resolve dependencies of the StatisticsService (PrismaService, ?). Please make sure that the argument RedisService at index [1] is available in the StatisticsModule context.

    Potential solutions:
    - Is StatisticsModule a valid NestJS module?
    - If RedisService is a provider, is it part of the current StatisticsModule?
    - If RedisService is exported from a separate @Module, is that module imported within StatisticsModule?
      @Module({
        imports: [ /* the Module containing RedisService */ ]
      })

      33 |
      34 |   beforeAll(async () => {
    > 35 |     const moduleRef: TestingModule = await Test.createTestingModule({
         |                                      ^
      36 |       imports: [ApprovalModule],
      37 |     })
      38 |       .overrideProvider(PrismaService)

      at TestingInjector.lookupComponentInParentModules (node_modules/@nestjs/core/injector/injector.js:262:19)
      at TestingInjector.resolveComponentInstance (node_modules/@nestjs/core/injector/injector.js:215:33)
      at TestingInjector.resolveComponentInstance (node_modules/@nestjs/testing/testing-injector.js:19:45)
      at resolveParam (node_modules/@nestjs/core/injector/injector.js:129:38)
          at async Promise.all (index 1)
      at TestingInjector.resolveConstructorParams (node_modules/@nestjs/core/injector/injector.js:144:27)
      at TestingInjector.loadInstance (node_modules/@nestjs/core/injector/injector.js:70:13)
      at TestingInjector.loadProvider (node_modules/@nestjs/core/injector/injector.js:98:9)
      at node_modules/@nestjs/core/injector/instance-loader.js:56:13
          at async Promise.all (index 3)
      at TestingInstanceLoader.createInstancesOfProviders (node_modules/@nestjs/core/injector/instance-loader.js:55:9)
      at node_modules/@nestjs/core/injector/instance-loader.js:40:13
          at async Promise.all (index 5)
      at TestingInstanceLoader.createInstances (node_modules/@nestjs/core/injector/instance-loader.js:39:9)
      at TestingInstanceLoader.createInstancesOfDependencies (node_modules/@nestjs/core/injector/instance-loader.js:22:13)
      at TestingInstanceLoader.createInstancesOfDependencies (node_modules/@nestjs/testing/testing-instance-loader.js:9:9)
      at TestingModuleBuilder.createInstancesOfDependencies (node_modules/@nestjs/testing/testing-module.builder.js:118:9)
      at TestingModuleBuilder.compile (node_modules/@nestjs/testing/testing-module.builder.js:74:9)
      at Object.<anonymous> (src/modules/approval/approval.integration.spec.ts:35:38)

  ● Approval Integration Tests › 待审批列表查询 › 应该返回当前用户的所有待审批记录

    Nest can't resolve dependencies of the StatisticsService (PrismaService, ?). Please make sure that the argument RedisService at index [1] is available in the StatisticsModule context.

    Potential solutions:
    - Is StatisticsModule a valid NestJS module?
    - If RedisService is a provider, is it part of the current StatisticsModule?
    - If RedisService is exported from a separate @Module, is that module imported within StatisticsModule?
      @Module({
        imports: [ /* the Module containing RedisService */ ]
      })

      33 |
      34 |   beforeAll(async () => {
    > 35 |     const moduleRef: TestingModule = await Test.createTestingModule({
         |                                      ^
      36 |       imports: [ApprovalModule],
      37 |     })
      38 |       .overrideProvider(PrismaService)

      at TestingInjector.lookupComponentInParentModules (node_modules/@nestjs/core/injector/injector.js:262:19)
      at TestingInjector.resolveComponentInstance (node_modules/@nestjs/core/injector/injector.js:215:33)
      at TestingInjector.resolveComponentInstance (node_modules/@nestjs/testing/testing-injector.js:19:45)
      at resolveParam (node_modules/@nestjs/core/injector/injector.js:129:38)
          at async Promise.all (index 1)
      at TestingInjector.resolveConstructorParams (node_modules/@nestjs/core/injector/injector.js:144:27)
      at TestingInjector.loadInstance (node_modules/@nestjs/core/injector/injector.js:70:13)
      at TestingInjector.loadProvider (node_modules/@nestjs/core/injector/injector.js:98:9)
      at node_modules/@nestjs/core/injector/instance-loader.js:56:13
          at async Promise.all (index 3)
      at TestingInstanceLoader.createInstancesOfProviders (node_modules/@nestjs/core/injector/instance-loader.js:55:9)
      at node_modules/@nestjs/core/injector/instance-loader.js:40:13
          at async Promise.all (index 5)
      at TestingInstanceLoader.createInstances (node_modules/@nestjs/core/injector/instance-loader.js:39:9)
      at TestingInstanceLoader.createInstancesOfDependencies (node_modules/@nestjs/core/injector/instance-loader.js:22:13)
      at TestingInstanceLoader.createInstancesOfDependencies (node_modules/@nestjs/testing/testing-instance-loader.js:9:9)
      at TestingModuleBuilder.createInstancesOfDependencies (node_modules/@nestjs/testing/testing-module.builder.js:118:9)
      at TestingModuleBuilder.compile (node_modules/@nestjs/testing/testing-module.builder.js:74:9)
      at Object.<anonymous> (src/modules/approval/approval.integration.spec.ts:35:38)

  ● Approval Integration Tests › 审批详情查询 › 应该返回完整的审批详情

    Nest can't resolve dependencies of the StatisticsService (PrismaService, ?). Please make sure that the argument RedisService at index [1] is available in the StatisticsModule context.

    Potential solutions:
    - Is StatisticsModule a valid NestJS module?
    - If RedisService is a provider, is it part of the current StatisticsModule?
    - If RedisService is exported from a separate @Module, is that module imported within StatisticsModule?
      @Module({
        imports: [ /* the Module containing RedisService */ ]
      })

      33 |
      34 |   beforeAll(async () => {
    > 35 |     const moduleRef: TestingModule = await Test.createTestingModule({
         |                                      ^
      36 |       imports: [ApprovalModule],
      37 |     })
      38 |       .overrideProvider(PrismaService)

      at TestingInjector.lookupComponentInParentModules (node_modules/@nestjs/core/injector/injector.js:262:19)
      at TestingInjector.resolveComponentInstance (node_modules/@nestjs/core/injector/injector.js:215:33)
      at TestingInjector.resolveComponentInstance (node_modules/@nestjs/testing/testing-injector.js:19:45)
      at resolveParam (node_modules/@nestjs/core/injector/injector.js:129:38)
          at async Promise.all (index 1)
      at TestingInjector.resolveConstructorParams (node_modules/@nestjs/core/injector/injector.js:144:27)
      at TestingInjector.loadInstance (node_modules/@nestjs/core/injector/injector.js:70:13)
      at TestingInjector.loadProvider (node_modules/@nestjs/core/injector/injector.js:98:9)
      at node_modules/@nestjs/core/injector/instance-loader.js:56:13
          at async Promise.all (index 3)
      at TestingInstanceLoader.createInstancesOfProviders (node_modules/@nestjs/core/injector/instance-loader.js:55:9)
      at node_modules/@nestjs/core/injector/instance-loader.js:40:13
          at async Promise.all (index 5)
      at TestingInstanceLoader.createInstances (node_modules/@nestjs/core/injector/instance-loader.js:39:9)
      at TestingInstanceLoader.createInstancesOfDependencies (node_modules/@nestjs/core/injector/instance-loader.js:22:13)
      at TestingInstanceLoader.createInstancesOfDependencies (node_modules/@nestjs/testing/testing-instance-loader.js:9:9)
      at TestingModuleBuilder.createInstancesOfDependencies (node_modules/@nestjs/testing/testing-module.builder.js:118:9)
      at TestingModuleBuilder.compile (node_modules/@nestjs/testing/testing-module.builder.js:74:9)
      at Object.<anonymous> (src/modules/approval/approval.integration.spec.ts:35:38)

  ● Approval Integration Tests › 审批详情查询 › 应该在审批记录不存在时抛出异常

    Nest can't resolve dependencies of the StatisticsService (PrismaService, ?). Please make sure that the argument RedisService at index [1] is available in the StatisticsModule context.

    Potential solutions:
    - Is StatisticsModule a valid NestJS module?
    - If RedisService is a provider, is it part of the current StatisticsModule?
    - If RedisService is exported from a separate @Module, is that module imported within StatisticsModule?
      @Module({
        imports: [ /* the Module containing RedisService */ ]
      })

      33 |
      34 |   beforeAll(async () => {
    > 35 |     const moduleRef: TestingModule = await Test.createTestingModule({
         |                                      ^
      36 |       imports: [ApprovalModule],
      37 |     })
      38 |       .overrideProvider(PrismaService)

      at TestingInjector.lookupComponentInParentModules (node_modules/@nestjs/core/injector/injector.js:262:19)
      at TestingInjector.resolveComponentInstance (node_modules/@nestjs/core/injector/injector.js:215:33)
      at TestingInjector.resolveComponentInstance (node_modules/@nestjs/testing/testing-injector.js:19:45)
      at resolveParam (node_modules/@nestjs/core/injector/injector.js:129:38)
          at async Promise.all (index 1)
      at TestingInjector.resolveConstructorParams (node_modules/@nestjs/core/injector/injector.js:144:27)
      at TestingInjector.loadInstance (node_modules/@nestjs/core/injector/injector.js:70:13)
      at TestingInjector.loadProvider (node_modules/@nestjs/core/injector/injector.js:98:9)
      at node_modules/@nestjs/core/injector/instance-loader.js:56:13
          at async Promise.all (index 3)
      at TestingInstanceLoader.createInstancesOfProviders (node_modules/@nestjs/core/injector/instance-loader.js:55:9)
      at node_modules/@nestjs/core/injector/instance-loader.js:40:13
          at async Promise.all (index 5)
      at TestingInstanceLoader.createInstances (node_modules/@nestjs/core/injector/instance-loader.js:39:9)
      at TestingInstanceLoader.createInstancesOfDependencies (node_modules/@nestjs/core/injector/instance-loader.js:22:13)
      at TestingInstanceLoader.createInstancesOfDependencies (node_modules/@nestjs/testing/testing-instance-loader.js:9:9)
      at TestingModuleBuilder.createInstancesOfDependencies (node_modules/@nestjs/testing/testing-module.builder.js:118:9)
      at TestingModuleBuilder.compile (node_modules/@nestjs/testing/testing-module.builder.js:74:9)
      at Object.<anonymous> (src/modules/approval/approval.integration.spec.ts:35:38)

  ● Approval Integration Tests › 审批历史查询 › 应该返回分页的审批历史

    Nest can't resolve dependencies of the StatisticsService (PrismaService, ?). Please make sure that the argument RedisService at index [1] is available in the StatisticsModule context.

    Potential solutions:
    - Is StatisticsModule a valid NestJS module?
    - If RedisService is a provider, is it part of the current StatisticsModule?
    - If RedisService is exported from a separate @Module, is that module imported within StatisticsModule?
      @Module({
        imports: [ /* the Module containing RedisService */ ]
      })

      33 |
      34 |   beforeAll(async () => {
    > 35 |     const moduleRef: TestingModule = await Test.createTestingModule({
         |                                      ^
      36 |       imports: [ApprovalModule],
      37 |     })
      38 |       .overrideProvider(PrismaService)

      at TestingInjector.lookupComponentInParentModules (node_modules/@nestjs/core/injector/injector.js:262:19)
      at TestingInjector.resolveComponentInstance (node_modules/@nestjs/core/injector/injector.js:215:33)
      at TestingInjector.resolveComponentInstance (node_modules/@nestjs/testing/testing-injector.js:19:45)
      at resolveParam (node_modules/@nestjs/core/injector/injector.js:129:38)
          at async Promise.all (index 1)
      at TestingInjector.resolveConstructorParams (node_modules/@nestjs/core/injector/injector.js:144:27)
      at TestingInjector.loadInstance (node_modules/@nestjs/core/injector/injector.js:70:13)
      at TestingInjector.loadProvider (node_modules/@nestjs/core/injector/injector.js:98:9)
      at node_modules/@nestjs/core/injector/instance-loader.js:56:13
          at async Promise.all (index 3)
      at TestingInstanceLoader.createInstancesOfProviders (node_modules/@nestjs/core/injector/instance-loader.js:55:9)
      at node_modules/@nestjs/core/injector/instance-loader.js:40:13
          at async Promise.all (index 5)
      at TestingInstanceLoader.createInstances (node_modules/@nestjs/core/injector/instance-loader.js:39:9)
      at TestingInstanceLoader.createInstancesOfDependencies (node_modules/@nestjs/core/injector/instance-loader.js:22:13)
      at TestingInstanceLoader.createInstancesOfDependencies (node_modules/@nestjs/testing/testing-instance-loader.js:9:9)
      at TestingModuleBuilder.createInstancesOfDependencies (node_modules/@nestjs/testing/testing-module.builder.js:118:9)
      at TestingModuleBuilder.compile (node_modules/@nestjs/testing/testing-module.builder.js:74:9)
      at Object.<anonymous> (src/modules/approval/approval.integration.spec.ts:35:38)

  ● Approval Integration Tests › 统一审批接口 › 应该通过统一接口处理一级审批通过

    Nest can't resolve dependencies of the StatisticsService (PrismaService, ?). Please make sure that the argument RedisService at index [1] is available in the StatisticsModule context.

    Potential solutions:
    - Is StatisticsModule a valid NestJS module?
    - If RedisService is a provider, is it part of the current StatisticsModule?
    - If RedisService is exported from a separate @Module, is that module imported within StatisticsModule?
      @Module({
        imports: [ /* the Module containing RedisService */ ]
      })

      33 |
      34 |   beforeAll(async () => {
    > 35 |     const moduleRef: TestingModule = await Test.createTestingModule({
         |                                      ^
      36 |       imports: [ApprovalModule],
      37 |     })
      38 |       .overrideProvider(PrismaService)

      at TestingInjector.lookupComponentInParentModules (node_modules/@nestjs/core/injector/injector.js:262:19)
      at TestingInjector.resolveComponentInstance (node_modules/@nestjs/core/injector/injector.js:215:33)
      at TestingInjector.resolveComponentInstance (node_modules/@nestjs/testing/testing-injector.js:19:45)
      at resolveParam (node_modules/@nestjs/core/injector/injector.js:129:38)
          at async Promise.all (index 1)
      at TestingInjector.resolveConstructorParams (node_modules/@nestjs/core/injector/injector.js:144:27)
      at TestingInjector.loadInstance (node_modules/@nestjs/core/injector/injector.js:70:13)
      at TestingInjector.loadProvider (node_modules/@nestjs/core/injector/injector.js:98:9)
      at node_modules/@nestjs/core/injector/instance-loader.js:56:13
          at async Promise.all (index 3)
      at TestingInstanceLoader.createInstancesOfProviders (node_modules/@nestjs/core/injector/instance-loader.js:55:9)
      at node_modules/@nestjs/core/injector/instance-loader.js:40:13
          at async Promise.all (index 5)
      at TestingInstanceLoader.createInstances (node_modules/@nestjs/core/injector/instance-loader.js:39:9)
      at TestingInstanceLoader.createInstancesOfDependencies (node_modules/@nestjs/core/injector/instance-loader.js:22:13)
      at TestingInstanceLoader.createInstancesOfDependencies (node_modules/@nestjs/testing/testing-instance-loader.js:9:9)
      at TestingModuleBuilder.createInstancesOfDependencies (node_modules/@nestjs/testing/testing-module.builder.js:118:9)
      at TestingModuleBuilder.compile (node_modules/@nestjs/testing/testing-module.builder.js:74:9)
      at Object.<anonymous> (src/modules/approval/approval.integration.spec.ts:35:38)

  ● Approval Integration Tests › 会签集成流程 › 应该创建会签审批并处理审批

    Nest can't resolve dependencies of the StatisticsService (PrismaService, ?). Please make sure that the argument RedisService at index [1] is available in the StatisticsModule context.

    Potential solutions:
    - Is StatisticsModule a valid NestJS module?
    - If RedisService is a provider, is it part of the current StatisticsModule?
    - If RedisService is exported from a separate @Module, is that module imported within StatisticsModule?
      @Module({
        imports: [ /* the Module containing RedisService */ ]
      })

      33 |
      34 |   beforeAll(async () => {
    > 35 |     const moduleRef: TestingModule = await Test.createTestingModule({
         |                                      ^
      36 |       imports: [ApprovalModule],
      37 |     })
      38 |       .overrideProvider(PrismaService)

      at TestingInjector.lookupComponentInParentModules (node_modules/@nestjs/core/injector/injector.js:262:19)
      at TestingInjector.resolveComponentInstance (node_modules/@nestjs/core/injector/injector.js:215:33)
      at TestingInjector.resolveComponentInstance (node_modules/@nestjs/testing/testing-injector.js:19:45)
      at resolveParam (node_modules/@nestjs/core/injector/injector.js:129:38)
          at async Promise.all (index 1)
      at TestingInjector.resolveConstructorParams (node_modules/@nestjs/core/injector/injector.js:144:27)
      at TestingInjector.loadInstance (node_modules/@nestjs/core/injector/injector.js:70:13)
      at TestingInjector.loadProvider (node_modules/@nestjs/core/injector/injector.js:98:9)
      at node_modules/@nestjs/core/injector/instance-loader.js:56:13
          at async Promise.all (index 3)
      at TestingInstanceLoader.createInstancesOfProviders (node_modules/@nestjs/core/injector/instance-loader.js:55:9)
      at node_modules/@nestjs/core/injector/instance-loader.js:40:13
          at async Promise.all (index 5)
      at TestingInstanceLoader.createInstances (node_modules/@nestjs/core/injector/instance-loader.js:39:9)
      at TestingInstanceLoader.createInstancesOfDependencies (node_modules/@nestjs/core/injector/instance-loader.js:22:13)
      at TestingInstanceLoader.createInstancesOfDependencies (node_modules/@nestjs/testing/testing-instance-loader.js:9:9)
      at TestingModuleBuilder.createInstancesOfDependencies (node_modules/@nestjs/testing/testing-module.builder.js:118:9)
      at TestingModuleBuilder.compile (node_modules/@nestjs/testing/testing-module.builder.js:74:9)
      at Object.<anonymous> (src/modules/approval/approval.integration.spec.ts:35:38)

  ● Approval Integration Tests › 顺签集成流程 › 应该创建顺签审批并按顺序处理

    Nest can't resolve dependencies of the StatisticsService (PrismaService, ?). Please make sure that the argument RedisService at index [1] is available in the StatisticsModule context.

    Potential solutions:
    - Is StatisticsModule a valid NestJS module?
    - If RedisService is a provider, is it part of the current StatisticsModule?
    - If RedisService is exported from a separate @Module, is that module imported within StatisticsModule?
      @Module({
        imports: [ /* the Module containing RedisService */ ]
      })

      33 |
      34 |   beforeAll(async () => {
    > 35 |     const moduleRef: TestingModule = await Test.createTestingModule({
         |                                      ^
      36 |       imports: [ApprovalModule],
      37 |     })
      38 |       .overrideProvider(PrismaService)

      at TestingInjector.lookupComponentInParentModules (node_modules/@nestjs/core/injector/injector.js:262:19)
      at TestingInjector.resolveComponentInstance (node_modules/@nestjs/core/injector/injector.js:215:33)
      at TestingInjector.resolveComponentInstance (node_modules/@nestjs/testing/testing-injector.js:19:45)
      at resolveParam (node_modules/@nestjs/core/injector/injector.js:129:38)
          at async Promise.all (index 1)
      at TestingInjector.resolveConstructorParams (node_modules/@nestjs/core/injector/injector.js:144:27)
      at TestingInjector.loadInstance (node_modules/@nestjs/core/injector/injector.js:70:13)
      at TestingInjector.loadProvider (node_modules/@nestjs/core/injector/injector.js:98:9)
      at node_modules/@nestjs/core/injector/instance-loader.js:56:13
          at async Promise.all (index 3)
      at TestingInstanceLoader.createInstancesOfProviders (node_modules/@nestjs/core/injector/instance-loader.js:55:9)
      at node_modules/@nestjs/core/injector/instance-loader.js:40:13
          at async Promise.all (index 5)
      at TestingInstanceLoader.createInstances (node_modules/@nestjs/core/injector/instance-loader.js:39:9)
      at TestingInstanceLoader.createInstancesOfDependencies (node_modules/@nestjs/core/injector/instance-loader.js:22:13)
      at TestingInstanceLoader.createInstancesOfDependencies (node_modules/@nestjs/testing/testing-instance-loader.js:9:9)
      at TestingModuleBuilder.createInstancesOfDependencies (node_modules/@nestjs/testing/testing-module.builder.js:118:9)
      at TestingModuleBuilder.compile (node_modules/@nestjs/testing/testing-module.builder.js:74:9)
      at Object.<anonymous> (src/modules/approval/approval.integration.spec.ts:35:38)


  ● Test suite failed to run

    TypeError: Cannot read properties of undefined (reading 'close')

      51 |
      52 |   afterAll(async () => {
    > 53 |     await app.close();
         |               ^
      54 |   });
      55 |
      56 |   beforeEach(() => {

      at Object.<anonymous> (src/modules/approval/approval.integration.spec.ts:53:15)

(node:35762) [DEP0169] DeprecationWarning: `url.parse()` behavior is not standardized and prone to errors that have security implications. Use the WHATWG URL API instead. CVEs are not issued for `url.parse()` vulnerabilities.
(Use `node --trace-deprecation ...` to show where the warning was created)
(node:35762) Warning: `--localstorage-file` was provided without a valid path
(node:35761) [DEP0169] DeprecationWarning: `url.parse()` behavior is not standardized and prone to errors that have security implications. Use the WHATWG URL API instead. CVEs are not issued for `url.parse()` vulnerabilities.
(Use `node --trace-deprecation ...` to show where the warning was created)
(node:35761) Warning: `--localstorage-file` was provided without a valid path
(node:35760) [DEP0169] DeprecationWarning: `url.parse()` behavior is not standardized and prone to errors that have security implications. Use the WHATWG URL API instead. CVEs are not issued for `url.parse()` vulnerabilities.
(Use `node --trace-deprecation ...` to show where the warning was created)
(node:35760) Warning: `--localstorage-file` was provided without a valid path
(node:35763) [DEP0169] DeprecationWarning: `url.parse()` behavior is not standardized and prone to errors that have security implications. Use the WHATWG URL API instead. CVEs are not issued for `url.parse()` vulnerabilities.
(node:35765) [DEP0169] DeprecationWarning: `url.parse()` behavior is not standardized and prone to errors that have security implications. Use the WHATWG URL API instead. CVEs are not issued for `url.parse()` vulnerabilities.
(node:35764) [DEP0169] DeprecationWarning: `url.parse()` behavior is not standardized and prone to errors that have security implications. Use the WHATWG URL API instead. CVEs are not issued for `url.parse()` vulnerabilities.
FAIL test/monitoring.e2e-spec.ts
  ● Monitoring API (e2e) › GET /api/v1/monitoring/metrics › should get Prometheus format metrics

    TypeError: Cannot read properties of undefined (reading 'token')

      29 |       });
      30 |
    > 31 |     authToken = loginResponse.body.data.token;
         |                                         ^
      32 |   });
      33 |
      34 |   afterAll(async () => {

      at Object.<anonymous> (test/monitoring.e2e-spec.ts:31:41)

  ● Monitoring API (e2e) › POST /api/v1/monitoring/metrics › should record a metric successfully

    TypeError: Cannot read properties of undefined (reading 'token')

      29 |       });
      30 |
    > 31 |     authToken = loginResponse.body.data.token;
         |                                         ^
      32 |   });
      33 |
      34 |   afterAll(async () => {

      at Object.<anonymous> (test/monitoring.e2e-spec.ts:31:41)

  ● Monitoring API (e2e) › POST /api/v1/monitoring/metrics › should fail without authentication

    TypeError: Cannot read properties of undefined (reading 'token')

      29 |       });
      30 |
    > 31 |     authToken = loginResponse.body.data.token;
         |                                         ^
      32 |   });
      33 |
      34 |   afterAll(async () => {

      at Object.<anonymous> (test/monitoring.e2e-spec.ts:31:41)

  ● Monitoring API (e2e) › POST /api/v1/monitoring/metrics › should fail with invalid metric type

    TypeError: Cannot read properties of undefined (reading 'token')

      29 |       });
      30 |
    > 31 |     authToken = loginResponse.body.data.token;
         |                                         ^
      32 |   });
      33 |
      34 |   afterAll(async () => {

      at Object.<anonymous> (test/monitoring.e2e-spec.ts:31:41)

  ● Monitoring API (e2e) › POST /api/v1/monitoring/metrics › should fail without required fields

    TypeError: Cannot read properties of undefined (reading 'token')

      29 |       });
      30 |
    > 31 |     authToken = loginResponse.body.data.token;
         |                                         ^
      32 |   });
      33 |
      34 |   afterAll(async () => {

      at Object.<anonymous> (test/monitoring.e2e-spec.ts:31:41)

  ● Monitoring API (e2e) › POST /api/v1/monitoring/metrics/query › should query metrics with pagination

    TypeError: Cannot read properties of undefined (reading 'token')

      29 |       });
      30 |
    > 31 |     authToken = loginResponse.body.data.token;
         |                                         ^
      32 |   });
      33 |
      34 |   afterAll(async () => {

      at Object.<anonymous> (test/monitoring.e2e-spec.ts:31:41)

  ● Monitoring API (e2e) › POST /api/v1/monitoring/metrics/query › should filter metrics by metricName

    TypeError: Cannot read properties of undefined (reading 'token')

      29 |       });
      30 |
    > 31 |     authToken = loginResponse.body.data.token;
         |                                         ^
      32 |   });
      33 |
      34 |   afterAll(async () => {

      at Object.<anonymous> (test/monitoring.e2e-spec.ts:31:41)

  ● Monitoring API (e2e) › POST /api/v1/monitoring/metrics/query › should filter metrics by metricType

    TypeError: Cannot read properties of undefined (reading 'token')

      29 |       });
      30 |
    > 31 |     authToken = loginResponse.body.data.token;
         |                                         ^
      32 |   });
      33 |
      34 |   afterAll(async () => {

      at Object.<anonymous> (test/monitoring.e2e-spec.ts:31:41)

  ● Monitoring API (e2e) › POST /api/v1/monitoring/metrics/query › should filter metrics by date range

    TypeError: Cannot read properties of undefined (reading 'token')

      29 |       });
      30 |
    > 31 |     authToken = loginResponse.body.data.token;
         |                                         ^
      32 |   });
      33 |
      34 |   afterAll(async () => {

      at Object.<anonymous> (test/monitoring.e2e-spec.ts:31:41)

  ● Monitoring API (e2e) › GET /api/v1/monitoring/metrics/stats › should get metric statistics

    TypeError: Cannot read properties of undefined (reading 'token')

      29 |       });
      30 |
    > 31 |     authToken = loginResponse.body.data.token;
         |                                         ^
      32 |   });
      33 |
      34 |   afterAll(async () => {

      at Object.<anonymous> (test/monitoring.e2e-spec.ts:31:41)

  ● Monitoring API (e2e) › POST /api/v1/monitoring/metrics/cleanup › should cleanup old metrics

    TypeError: Cannot read properties of undefined (reading 'token')

      29 |       });
      30 |
    > 31 |     authToken = loginResponse.body.data.token;
         |                                         ^
      32 |   });
      33 |
      34 |   afterAll(async () => {

      at Object.<anonymous> (test/monitoring.e2e-spec.ts:31:41)

FAIL test/training-plan.e2e-spec.ts
  ● Training Plan API (e2e) › TASK-304: 培训计划 CRUD API › POST /api/v1/training/plans - 创建培训计划 › BR-091: 应该成功创建培训计划

    TypeError: Cannot read properties of undefined (reading 'id')

      33 |
      34 |     authToken = loginRes.body.token;
    > 35 |     userId = loginRes.body.user.id;
         |                                 ^
      36 |   });
      37 |
      38 |   afterAll(async () => {

      at Object.<anonymous> (test/training-plan.e2e-spec.ts:35:33)

  ● Training Plan API (e2e) › TASK-304: 培训计划 CRUD API › POST /api/v1/training/plans - 创建培训计划 › BR-091: 年度唯一性 - 重复年度应该失败

    TypeError: Cannot read properties of undefined (reading 'id')

      33 |
      34 |     authToken = loginRes.body.token;
    > 35 |     userId = loginRes.body.user.id;
         |                                 ^
      36 |   });
      37 |
      38 |   afterAll(async () => {

      at Object.<anonymous> (test/training-plan.e2e-spec.ts:35:33)

  ● Training Plan API (e2e) › TASK-304: 培训计划 CRUD API › POST /api/v1/training/plans - 创建培训计划 › 应该验证必填字段

    TypeError: Cannot read properties of undefined (reading 'id')

      33 |
      34 |     authToken = loginRes.body.token;
    > 35 |     userId = loginRes.body.user.id;
         |                                 ^
      36 |   });
      37 |
      38 |   afterAll(async () => {

      at Object.<anonymous> (test/training-plan.e2e-spec.ts:35:33)

  ● Training Plan API (e2e) › TASK-304: 培训计划 CRUD API › POST /api/v1/training/plans - 创建培训计划 › 应该要求登录

    TypeError: Cannot read properties of undefined (reading 'id')

      33 |
      34 |     authToken = loginRes.body.token;
    > 35 |     userId = loginRes.body.user.id;
         |                                 ^
      36 |   });
      37 |
      38 |   afterAll(async () => {

      at Object.<anonymous> (test/training-plan.e2e-spec.ts:35:33)

  ● Training Plan API (e2e) › TASK-304: 培训计划 CRUD API › GET /api/v1/training/plans - 查询培训计划列表 › 应该返回培训计划列表

    TypeError: Cannot read properties of undefined (reading 'id')

      33 |
      34 |     authToken = loginRes.body.token;
    > 35 |     userId = loginRes.body.user.id;
         |                                 ^
      36 |   });
      37 |
      38 |   afterAll(async () => {

      at Object.<anonymous> (test/training-plan.e2e-spec.ts:35:33)

  ● Training Plan API (e2e) › TASK-304: 培训计划 CRUD API › GET /api/v1/training/plans - 查询培训计划列表 › 应该支持年度筛选

    TypeError: Cannot read properties of undefined (reading 'id')

      33 |
      34 |     authToken = loginRes.body.token;
    > 35 |     userId = loginRes.body.user.id;
         |                                 ^
      36 |   });
      37 |
      38 |   afterAll(async () => {

      at Object.<anonymous> (test/training-plan.e2e-spec.ts:35:33)

  ● Training Plan API (e2e) › TASK-304: 培训计划 CRUD API › GET /api/v1/training/plans - 查询培训计划列表 › 应该支持状态筛选

    TypeError: Cannot read properties of undefined (reading 'id')

      33 |
      34 |     authToken = loginRes.body.token;
    > 35 |     userId = loginRes.body.user.id;
         |                                 ^
      36 |   });
      37 |
      38 |   afterAll(async () => {

      at Object.<anonymous> (test/training-plan.e2e-spec.ts:35:33)

  ● Training Plan API (e2e) › TASK-304: 培训计划 CRUD API › GET /api/v1/training/plans/:id - 查询计划详情 › 应该返回计划详情

    TypeError: Cannot read properties of undefined (reading 'id')

      33 |
      34 |     authToken = loginRes.body.token;
    > 35 |     userId = loginRes.body.user.id;
         |                                 ^
      36 |   });
      37 |
      38 |   afterAll(async () => {

      at Object.<anonymous> (test/training-plan.e2e-spec.ts:35:33)

  ● Training Plan API (e2e) › TASK-304: 培训计划 CRUD API › GET /api/v1/training/plans/:id - 查询计划详情 › 计划不存在应该返回 404

    TypeError: Cannot read properties of undefined (reading 'id')

      33 |
      34 |     authToken = loginRes.body.token;
    > 35 |     userId = loginRes.body.user.id;
         |                                 ^
      36 |   });
      37 |
      38 |   afterAll(async () => {

      at Object.<anonymous> (test/training-plan.e2e-spec.ts:35:33)

  ● Training Plan API (e2e) › TASK-304: 培训计划 CRUD API › PUT /api/v1/training/plans/:id - 更新培训计划 › BR-093: 应该成功更新草稿状态的计划

    TypeError: Cannot read properties of undefined (reading 'id')

      33 |
      34 |     authToken = loginRes.body.token;
    > 35 |     userId = loginRes.body.user.id;
         |                                 ^
      36 |   });
      37 |
      38 |   afterAll(async () => {

      at Object.<anonymous> (test/training-plan.e2e-spec.ts:35:33)

  ● Training Plan API (e2e) › TASK-304: 培训计划 CRUD API › PUT /api/v1/training/plans/:id - 更新培训计划 › BR-093: 非草稿状态不能修改

    TypeError: Cannot read properties of undefined (reading 'id')

      33 |
      34 |     authToken = loginRes.body.token;
    > 35 |     userId = loginRes.body.user.id;
         |                                 ^
      36 |   });
      37 |
      38 |   afterAll(async () => {

      at Object.<anonymous> (test/training-plan.e2e-spec.ts:35:33)

  ● Training Plan API (e2e) › TASK-304: 培训计划 CRUD API › POST /api/v1/training/plans/:id/submit - 提交审批 › BR-092: 应该成功提交审批

    TypeError: Cannot read properties of undefined (reading 'id')

      33 |
      34 |     authToken = loginRes.body.token;
    > 35 |     userId = loginRes.body.user.id;
         |                                 ^
      36 |   });
      37 |
      38 |   afterAll(async () => {

      at Object.<anonymous> (test/training-plan.e2e-spec.ts:35:33)

  ● Training Plan API (e2e) › TASK-304: 培训计划 CRUD API › POST /api/v1/training/plans/:id/submit - 提交审批 › 非草稿状态不能提交审批

    TypeError: Cannot read properties of undefined (reading 'id')

      33 |
      34 |     authToken = loginRes.body.token;
    > 35 |     userId = loginRes.body.user.id;
         |                                 ^
      36 |   });
      37 |
      38 |   afterAll(async () => {

      at Object.<anonymous> (test/training-plan.e2e-spec.ts:35:33)

  ● Training Plan API (e2e) › TASK-304: 培训计划 CRUD API › DELETE /api/v1/training/plans/:id - 删除培训计划 › BR-093: 有项目的计划不能删除

    TypeError: Cannot read properties of undefined (reading 'id')

      33 |
      34 |     authToken = loginRes.body.token;
    > 35 |     userId = loginRes.body.user.id;
         |                                 ^
      36 |   });
      37 |
      38 |   afterAll(async () => {

      at Object.<anonymous> (test/training-plan.e2e-spec.ts:35:33)

  ● Training Plan API (e2e) › TASK-304: 培训计划 CRUD API › DELETE /api/v1/training/plans/:id - 删除培训计划 › BR-093: 应该成功删除草稿状态的空计划

    TypeError: Cannot read properties of undefined (reading 'id')

      33 |
      34 |     authToken = loginRes.body.token;
    > 35 |     userId = loginRes.body.user.id;
         |                                 ^
      36 |   });
      37 |
      38 |   afterAll(async () => {

      at Object.<anonymous> (test/training-plan.e2e-spec.ts:35:33)

  ● Training Plan API (e2e) › TASK-304: 培训计划 CRUD API › DELETE /api/v1/training/plans/:id - 删除培训计划 › BR-093: 非草稿状态不能删除

    TypeError: Cannot read properties of undefined (reading 'id')

      33 |
      34 |     authToken = loginRes.body.token;
    > 35 |     userId = loginRes.body.user.id;
         |                                 ^
      36 |   });
      37 |
      38 |   afterAll(async () => {

      at Object.<anonymous> (test/training-plan.e2e-spec.ts:35:33)

FAIL test/audit.e2e-spec.ts
  ● Audit API (e2e) › POST /api/v1/audit/login-logs › should create a login log

    TypeError: Cannot read properties of undefined (reading 'token')

      29 |       });
      30 |
    > 31 |     authToken = loginResponse.body.data.token;
         |                                         ^
      32 |   });
      33 |
      34 |   afterAll(async () => {

      at Object.<anonymous> (test/audit.e2e-spec.ts:31:41)

  ● Audit API (e2e) › POST /api/v1/audit/login-logs › should create a failed login log

    TypeError: Cannot read properties of undefined (reading 'token')

      29 |       });
      30 |
    > 31 |     authToken = loginResponse.body.data.token;
         |                                         ^
      32 |   });
      33 |
      34 |   afterAll(async () => {

      at Object.<anonymous> (test/audit.e2e-spec.ts:31:41)

  ● Audit API (e2e) › POST /api/v1/audit/login-logs › should create a logout log

    TypeError: Cannot read properties of undefined (reading 'token')

      29 |       });
      30 |
    > 31 |     authToken = loginResponse.body.data.token;
         |                                         ^
      32 |   });
      33 |
      34 |   afterAll(async () => {

      at Object.<anonymous> (test/audit.e2e-spec.ts:31:41)

  ● Audit API (e2e) › POST /api/v1/audit/login-logs › should fail without authentication

    TypeError: Cannot read properties of undefined (reading 'token')

      29 |       });
      30 |
    > 31 |     authToken = loginResponse.body.data.token;
         |                                         ^
      32 |   });
      33 |
      34 |   afterAll(async () => {

      at Object.<anonymous> (test/audit.e2e-spec.ts:31:41)

  ● Audit API (e2e) › POST /api/v1/audit/login-logs › should fail with invalid action

    TypeError: Cannot read properties of undefined (reading 'token')

      29 |       });
      30 |
    > 31 |     authToken = loginResponse.body.data.token;
         |                                         ^
      32 |   });
      33 |
      34 |   afterAll(async () => {

      at Object.<anonymous> (test/audit.e2e-spec.ts:31:41)

  ● Audit API (e2e) › POST /api/v1/audit/login-logs › should fail without required fields

    TypeError: Cannot read properties of undefined (reading 'token')

      29 |       });
      30 |
    > 31 |     authToken = loginResponse.body.data.token;
         |                                         ^
      32 |   });
      33 |
      34 |   afterAll(async () => {

      at Object.<anonymous> (test/audit.e2e-spec.ts:31:41)

  ● Audit API (e2e) › POST /api/v1/audit/permission-logs › should create a permission log

    TypeError: Cannot read properties of undefined (reading 'token')

      29 |       });
      30 |
    > 31 |     authToken = loginResponse.body.data.token;
         |                                         ^
      32 |   });
      33 |
      34 |   afterAll(async () => {

      at Object.<anonymous> (test/audit.e2e-spec.ts:31:41)

  ● Audit API (e2e) › POST /api/v1/audit/permission-logs › should fail without authentication

    TypeError: Cannot read properties of undefined (reading 'token')

      29 |       });
      30 |
    > 31 |     authToken = loginResponse.body.data.token;
         |                                         ^
      32 |   });
      33 |
      34 |   afterAll(async () => {

      at Object.<anonymous> (test/audit.e2e-spec.ts:31:41)

  ● Audit API (e2e) › POST /api/v1/audit/permission-logs › should fail with invalid action

    TypeError: Cannot read properties of undefined (reading 'token')

      29 |       });
      30 |
    > 31 |     authToken = loginResponse.body.data.token;
         |                                         ^
      32 |   });
      33 |
      34 |   afterAll(async () => {

      at Object.<anonymous> (test/audit.e2e-spec.ts:31:41)

  ● Audit API (e2e) › POST /api/v1/audit/sensitive-logs › should create a sensitive log

    TypeError: Cannot read properties of undefined (reading 'token')

      29 |       });
      30 |
    > 31 |     authToken = loginResponse.body.data.token;
         |                                         ^
      32 |   });
      33 |
      34 |   afterAll(async () => {

      at Object.<anonymous> (test/audit.e2e-spec.ts:31:41)

  ● Audit API (e2e) › POST /api/v1/audit/sensitive-logs › should create a sensitive log for export

    TypeError: Cannot read properties of undefined (reading 'token')

      29 |       });
      30 |
    > 31 |     authToken = loginResponse.body.data.token;
         |                                         ^
      32 |   });
      33 |
      34 |   afterAll(async () => {

      at Object.<anonymous> (test/audit.e2e-spec.ts:31:41)

  ● Audit API (e2e) › POST /api/v1/audit/sensitive-logs › should fail without authentication

    TypeError: Cannot read properties of undefined (reading 'token')

      29 |       });
      30 |
    > 31 |     authToken = loginResponse.body.data.token;
         |                                         ^
      32 |   });
      33 |
      34 |   afterAll(async () => {

      at Object.<anonymous> (test/audit.e2e-spec.ts:31:41)

  ● Audit API (e2e) › POST /api/v1/audit/sensitive-logs › should fail with invalid action

    TypeError: Cannot read properties of undefined (reading 'token')

      29 |       });
      30 |
    > 31 |     authToken = loginResponse.body.data.token;
         |                                         ^
      32 |   });
      33 |
      34 |   afterAll(async () => {

      at Object.<anonymous> (test/audit.e2e-spec.ts:31:41)

  ● Audit API (e2e) › POST /api/v1/audit/login-logs/query › should query login logs with pagination

    TypeError: Cannot read properties of undefined (reading 'token')

      29 |       });
      30 |
    > 31 |     authToken = loginResponse.body.data.token;
         |                                         ^
      32 |   });
      33 |
      34 |   afterAll(async () => {

      at Object.<anonymous> (test/audit.e2e-spec.ts:31:41)

  ● Audit API (e2e) › POST /api/v1/audit/login-logs/query › should filter login logs by userId

    TypeError: Cannot read properties of undefined (reading 'token')

      29 |       });
      30 |
    > 31 |     authToken = loginResponse.body.data.token;
         |                                         ^
      32 |   });
      33 |
      34 |   afterAll(async () => {

      at Object.<anonymous> (test/audit.e2e-spec.ts:31:41)

  ● Audit API (e2e) › POST /api/v1/audit/login-logs/query › should filter login logs by action

    TypeError: Cannot read properties of undefined (reading 'token')

      29 |       });
      30 |
    > 31 |     authToken = loginResponse.body.data.token;
         |                                         ^
      32 |   });
      33 |
      34 |   afterAll(async () => {

      at Object.<anonymous> (test/audit.e2e-spec.ts:31:41)

  ● Audit API (e2e) › POST /api/v1/audit/permission-logs/query › should query permission logs with pagination

    TypeError: Cannot read properties of undefined (reading 'token')

      29 |       });
      30 |
    > 31 |     authToken = loginResponse.body.data.token;
         |                                         ^
      32 |   });
      33 |
      34 |   afterAll(async () => {

      at Object.<anonymous> (test/audit.e2e-spec.ts:31:41)

  ● Audit API (e2e) › POST /api/v1/audit/sensitive-logs/query › should query sensitive logs with pagination

    TypeError: Cannot read properties of undefined (reading 'token')

      29 |       });
      30 |
    > 31 |     authToken = loginResponse.body.data.token;
         |                                         ^
      32 |   });
      33 |
      34 |   afterAll(async () => {

      at Object.<anonymous> (test/audit.e2e-spec.ts:31:41)

  ● Audit API (e2e) › POST /api/v1/audit/sensitive-logs/query › should filter sensitive logs by resourceType

    TypeError: Cannot read properties of undefined (reading 'token')

      29 |       });
      30 |
    > 31 |     authToken = loginResponse.body.data.token;
         |                                         ^
      32 |   });
      33 |
      34 |   afterAll(async () => {

      at Object.<anonymous> (test/audit.e2e-spec.ts:31:41)

  ● Audit API (e2e) › GET /api/v1/audit/login-logs/export › should export login logs to Excel

    TypeError: Cannot read properties of undefined (reading 'token')

      29 |       });
      30 |
    > 31 |     authToken = loginResponse.body.data.token;
         |                                         ^
      32 |   });
      33 |
      34 |   afterAll(async () => {

      at Object.<anonymous> (test/audit.e2e-spec.ts:31:41)

  ● Audit API (e2e) › GET /api/v1/audit/dashboard › should get audit dashboard data

    TypeError: Cannot read properties of undefined (reading 'token')

      29 |       });
      30 |
    > 31 |     authToken = loginResponse.body.data.token;
         |                                         ^
      32 |   });
      33 |
      34 |   afterAll(async () => {

      at Object.<anonymous> (test/audit.e2e-spec.ts:31:41)

  ● Audit API (e2e) › GET /api/v1/audit/brcgs-report › should generate BRCGS compliance report

    TypeError: Cannot read properties of undefined (reading 'token')

      29 |       });
      30 |
    > 31 |     authToken = loginResponse.body.data.token;
         |                                         ^
      32 |   });
      33 |
      34 |   afterAll(async () => {

      at Object.<anonymous> (test/audit.e2e-spec.ts:31:41)

FAIL test/deviation.e2e-spec.ts (7.974 s)
  ● DeviationController (e2e) › GET /api/v1/deviation-reports › should return deviation reports list

    expected 200 "OK", got 401 "Unauthorized"

       99 |         .set('Authorization', `Bearer ${adminToken}`)
      100 |         .query({ page: 1, limit: 10 })
    > 101 |         .expect(200);
          |          ^
      102 |
      103 |       expect(response.body.success).toBe(true);
      104 |       expect(response.body.data).toBeDefined();

      at Object.<anonymous> (test/deviation.e2e-spec.ts:101:10)
      ----
      at Test._assertStatus (node_modules/supertest/lib/test.js:309:14)
      at node_modules/supertest/lib/test.js:365:13
      at Test._assertFunction (node_modules/supertest/lib/test.js:342:13)
      at Test.assert (node_modules/supertest/lib/test.js:195:23)
      at localAssert (node_modules/supertest/lib/test.js:138:14)
      at Server.<anonymous> (node_modules/supertest/lib/test.js:152:11)

  ● DeviationController (e2e) › GET /api/v1/deviation-reports › should filter by taskId

    expected 200 "OK", got 401 "Unauthorized"

      113 |         .set('Authorization', `Bearer ${adminToken}`)
      114 |         .query({ taskId: ids.task })
    > 115 |         .expect(200);
          |          ^
      116 |
      117 |       expect(response.body.success).toBe(true);
      118 |     });

      at Object.<anonymous> (test/deviation.e2e-spec.ts:115:10)
      ----
      at Test._assertStatus (node_modules/supertest/lib/test.js:309:14)
      at node_modules/supertest/lib/test.js:365:13
      at Test._assertFunction (node_modules/supertest/lib/test.js:342:13)
      at Test.assert (node_modules/supertest/lib/test.js:195:23)
      at localAssert (node_modules/supertest/lib/test.js:138:14)
      at Server.<anonymous> (node_modules/supertest/lib/test.js:152:11)

  ● DeviationController (e2e) › GET /api/v1/deviation-reports › should filter by status

    expected 200 "OK", got 401 "Unauthorized"

      123 |         .set('Authorization', `Bearer ${adminToken}`)
      124 |         .query({ status: 'pending' })
    > 125 |         .expect(200);
          |          ^
      126 |
      127 |       expect(response.body.success).toBe(true);
      128 |     });

      at Object.<anonymous> (test/deviation.e2e-spec.ts:125:10)
      ----
      at Test._assertStatus (node_modules/supertest/lib/test.js:309:14)
      at node_modules/supertest/lib/test.js:365:13
      at Test._assertFunction (node_modules/supertest/lib/test.js:342:13)
      at Test.assert (node_modules/supertest/lib/test.js:195:23)
      at localAssert (node_modules/supertest/lib/test.js:138:14)
      at Server.<anonymous> (node_modules/supertest/lib/test.js:152:11)

  ● DeviationController (e2e) › POST /api/v1/deviation-reports/:id/approve › should approve deviation report

    expected 201 "Created", got 401 "Unauthorized"

      168 |         .set('Authorization', `Bearer ${adminToken}`)
      169 |         .send({ status: 'approved', comment: '审批通过' })
    > 170 |         .expect(201);
          |          ^
      171 |
      172 |       expect(response.body.success).toBe(true);
      173 |

      at Object.<anonymous> (test/deviation.e2e-spec.ts:170:10)
      ----
      at Test._assertStatus (node_modules/supertest/lib/test.js:309:14)
      at node_modules/supertest/lib/test.js:365:13
      at Test._assertFunction (node_modules/supertest/lib/test.js:342:13)
      at Test.assert (node_modules/supertest/lib/test.js:195:23)
      at localAssert (node_modules/supertest/lib/test.js:138:14)
      at Server.<anonymous> (node_modules/supertest/lib/test.js:152:11)

  ● DeviationController (e2e) › POST /api/v1/deviation-reports/:id/approve › should reject deviation report with reason

    expected 201 "Created", got 401 "Unauthorized"

      184 |         .set('Authorization', `Bearer ${adminToken}`)
      185 |         .send({ status: 'rejected', comment: '数据不准确，需重新提交' })
    > 186 |         .expect(201);
          |          ^
      187 |
      188 |       expect(response.body.success).toBe(true);
      189 |

      at Object.<anonymous> (test/deviation.e2e-spec.ts:186:10)
      ----
      at Test._assertStatus (node_modules/supertest/lib/test.js:309:14)
      at node_modules/supertest/lib/test.js:365:13
      at Test._assertFunction (node_modules/supertest/lib/test.js:342:13)
      at Test.assert (node_modules/supertest/lib/test.js:195:23)
      at localAssert (node_modules/supertest/lib/test.js:138:14)
      at Server.<anonymous> (node_modules/supertest/lib/test.js:152:11)

  ● DeviationController (e2e) › POST /api/v1/deviation-reports/:id/approve › should return 404 for non-existent report

    expected 404 "Not Found", got 401 "Unauthorized"

      200 |         .set('Authorization', `Bearer ${adminToken}`)
      201 |         .send({ status: 'approved' })
    > 202 |         .expect(404);
          |          ^
      203 |     });
      204 |
      205 |     it('should require authentication', async () => {

      at Object.<anonymous> (test/deviation.e2e-spec.ts:202:10)
      ----
      at Test._assertStatus (node_modules/supertest/lib/test.js:309:14)
      at node_modules/supertest/lib/test.js:365:13
      at Test._assertFunction (node_modules/supertest/lib/test.js:342:13)
      at Test.assert (node_modules/supertest/lib/test.js:195:23)
      at localAssert (node_modules/supertest/lib/test.js:138:14)
      at Server.<anonymous> (node_modules/supertest/lib/test.js:152:11)

  ● DeviationController (e2e) › GET /api/v1/deviation-reports/export › should export deviation reports as Excel

    expected 200 "OK", got 401 "Unauthorized"

      218 |         .get('/api/v1/deviation-reports/export')
      219 |         .set('Authorization', `Bearer ${adminToken}`)
    > 220 |         .expect(200);
          |          ^
      221 |
      222 |       expect(response.headers['content-type']).toContain(
      223 |         'application/vnd.openxmlformats-officedocument.spreadsheetml.sheet',

      at Object.<anonymous> (test/deviation.e2e-spec.ts:220:10)
      ----
      at Test._assertStatus (node_modules/supertest/lib/test.js:309:14)
      at node_modules/supertest/lib/test.js:365:13
      at Test._assertFunction (node_modules/supertest/lib/test.js:342:13)
      at Test.assert (node_modules/supertest/lib/test.js:195:23)
      at localAssert (node_modules/supertest/lib/test.js:138:14)
      at Server.<anonymous> (node_modules/supertest/lib/test.js:152:11)

FAIL test/training.e2e-spec.ts (8.193 s)
  ● Training System (e2e) › Training Plan API › BR-091: should create plan with unique year

    expect(received).toBe(expected) // Object.is equality

    Expected: 201
    Received: 404

      80 |     it('BR-091: should create plan with unique year', async () => {
      81 |       const { response, data } = await apiCreatePlan(app, adminToken, 2025, '2025计划');
    > 82 |       expect(response.status).toBe(201);
         |                               ^
      83 |       expect(data.year).toBe(2025);
      84 |       expect(data.status).toBe('draft');
      85 |     });

      at Object.<anonymous> (test/training.e2e-spec.ts:82:31)

  ● Training System (e2e) › Training Plan API › BR-091: should reject duplicate year

    expect(received).toBe(expected) // Object.is equality

    Expected: 409
    Received: 404

      87 |     it('BR-091: should reject duplicate year', async () => {
      88 |       const { response } = await apiCreatePlan(app, adminToken, 2025, '重复');
    > 89 |       expect(response.status).toBe(409);
         |                               ^
      90 |     });
      91 |
      92 |     it('should list plans with pagination', async () => {

      at Object.<anonymous> (test/training.e2e-spec.ts:89:31)

  ● Training System (e2e) › Training Plan API › should list plans with pagination

    expected 200 "OK", got 404 "Not Found"

       95 |         .set('Authorization', `Bearer ${adminToken}`)
       96 |         .query({ page: 1, limit: 10 })
    >  97 |         .expect(200);
          |          ^
       98 |       expect(getData(res.body).items).toBeDefined();
       99 |     });
      100 |   });

      at Object.<anonymous> (test/training.e2e-spec.ts:97:10)
      ----
      at Test._assertStatus (node_modules/supertest/lib/test.js:309:14)
      at node_modules/supertest/lib/test.js:365:13
      at Test._assertFunction (node_modules/supertest/lib/test.js:342:13)
      at Test.assert (node_modules/supertest/lib/test.js:195:23)
      at localAssert (node_modules/supertest/lib/test.js:138:14)
      at Server.<anonymous> (node_modules/supertest/lib/test.js:152:11)

  ● Training System (e2e) › Training Project API › should create project

    expect(received).toBe(expected) // Object.is equality

    Expected: 201
    Received: 404

      110 |     it('should create project', async () => {
      111 |       const { response, data } = await apiCreateProject(app, adminToken, planId);
    > 112 |       expect(response.status).toBe(201);
          |                               ^
      113 |       expect(data.planId).toBe(planId);
      114 |       expect(data.status).toBe('planned');
      115 |     });

      at Object.<anonymous> (test/training.e2e-spec.ts:112:31)

  ● Training System (e2e) › Training Project API › BR-108: should auto-create todo tasks

    expect(received).toBeGreaterThan(expected)

    Expected: > 0
    Received:   0

      120 |         where: { relatedId: project.id },
      121 |       });
    > 122 |       expect(todos.length).toBeGreaterThan(0);
          |                            ^
      123 |       expect(todos.some(t => t.type === 'training_attend')).toBe(true);
      124 |     });
      125 |

      at Object.<anonymous> (test/training.e2e-spec.ts:122:28)

  ● Training System (e2e) › Training Project API › BR-108: should auto-create learning records

    expect(received).toBe(expected) // Object.is equality

    Expected: 2
    Received: 0

      129 |         where: { projectId: project.id },
      130 |       });
    > 131 |       expect(records.length).toBe(2);
          |                              ^
      132 |     });
      133 |   });
      134 |

      at Object.<anonymous> (test/training.e2e-spec.ts:131:30)

  ● Training System (e2e) › Exam Workflow › should start exam

    expected 200 "OK", got 404 "Not Found"

      163 |         .set('Authorization', `Bearer ${trainee1Token}`)
      164 |         .send({ projectId })
    > 165 |         .expect(200);
          |          ^
      166 |       expect(res.body.questions).toHaveLength(2);
      167 |       expect(res.body.questions[0].correctAnswer).toBeUndefined();
      168 |     });

      at Object.<anonymous> (test/training.e2e-spec.ts:165:10)
      ----
      at Test._assertStatus (node_modules/supertest/lib/test.js:309:14)
      at node_modules/supertest/lib/test.js:365:13
      at Test._assertFunction (node_modules/supertest/lib/test.js:342:13)
      at Test.assert (node_modules/supertest/lib/test.js:195:23)
      at localAssert (node_modules/supertest/lib/test.js:138:14)
      at Server.<anonymous> (node_modules/supertest/lib/test.js:152:11)

  ● Training System (e2e) › Exam Workflow › BR-106: should auto-grade exam

    expected 200 "OK", got 404 "Not Found"

      179 |           },
      180 |         })
    > 181 |         .expect(200);
          |          ^
      182 |       expect(res.body.score).toBe(100);
      183 |       expect(res.body.passed).toBe(true);
      184 |     });

      at Object.<anonymous> (test/training.e2e-spec.ts:181:10)
      ----
      at Test._assertStatus (node_modules/supertest/lib/test.js:309:14)
      at node_modules/supertest/lib/test.js:365:13
      at Test._assertFunction (node_modules/supertest/lib/test.js:342:13)
      at Test.assert (node_modules/supertest/lib/test.js:195:23)
      at localAssert (node_modules/supertest/lib/test.js:138:14)
      at Server.<anonymous> (node_modules/supertest/lib/test.js:152:11)

  ● Training System (e2e) › Exam Workflow › BR-106: should auto-complete todo

    TypeError: Cannot read properties of undefined (reading 'status')

      192 |         },
      193 |       });
    > 194 |       expect(todos[0].status).toBe('completed');
          |                       ^
      195 |     });
      196 |
      197 |     it('BR-105: should enforce max attempts', async () => {

      at Object.<anonymous> (test/training.e2e-spec.ts:194:23)

  ● Training System (e2e) › Exam Workflow › BR-105: should enforce max attempts

    expected 400 "Bad Request", got 404 "Not Found"

      200 |         .set('Authorization', `Bearer ${trainee1Token}`)
      201 |         .send({ projectId })
    > 202 |         .expect(400);
          |          ^
      203 |     });
      204 |   });
      205 |

      at Object.<anonymous> (test/training.e2e-spec.ts:202:10)
      ----
      at Test._assertStatus (node_modules/supertest/lib/test.js:309:14)
      at node_modules/supertest/lib/test.js:365:13
      at Test._assertFunction (node_modules/supertest/lib/test.js:342:13)
      at Test.assert (node_modules/supertest/lib/test.js:195:23)
      at localAssert (node_modules/supertest/lib/test.js:138:14)
      at Server.<anonymous> (node_modules/supertest/lib/test.js:152:11)

  ● Training System (e2e) › Question Management API › should create question

    expect(received).toBe(expected) // Object.is equality

    Expected: "考试题目1"
    Received: undefined

      222 |       });
      223 |       questionId = data.id;
    > 224 |       expect(data.content).toBe('考试题目1');
          |                            ^
      225 |       expect(data.points).toBe(50);
      226 |     });
      227 |

      at Object.<anonymous> (test/training.e2e-spec.ts:224:28)

  ● Training System (e2e) › Question Management API › should list questions

    expected 200 "OK", got 404 "Not Found"

      231 |         .query({ projectId })
      232 |         .set('Authorization', `Bearer ${adminToken}`)
    > 233 |         .expect(200);
          |          ^
      234 |       expect(Array.isArray(res.body)).toBe(true);
      235 |       expect(res.body.length).toBeGreaterThan(0);
      236 |     });

      at Object.<anonymous> (test/training.e2e-spec.ts:233:10)
      ----
      at Test._assertStatus (node_modules/supertest/lib/test.js:309:14)
      at node_modules/supertest/lib/test.js:365:13
      at Test._assertFunction (node_modules/supertest/lib/test.js:342:13)
      at Test.assert (node_modules/supertest/lib/test.js:195:23)
      at localAssert (node_modules/supertest/lib/test.js:138:14)
      at Server.<anonymous> (node_modules/supertest/lib/test.js:152:11)

  ● Training System (e2e) › Question Management API › should update question order

    expected 200 "OK", got 404 "Not Found"

      244 |           questionOrders: [{ id: questionId, order: 2 }],
      245 |         })
    > 246 |         .expect(200);
          |          ^
      247 |     });
      248 |
      249 |     it('should batch import questions', async () => {

      at Object.<anonymous> (test/training.e2e-spec.ts:246:10)
      ----
      at Test._assertStatus (node_modules/supertest/lib/test.js:309:14)
      at node_modules/supertest/lib/test.js:365:13
      at Test._assertFunction (node_modules/supertest/lib/test.js:342:13)
      at Test.assert (node_modules/supertest/lib/test.js:195:23)
      at localAssert (node_modules/supertest/lib/test.js:138:14)
      at Server.<anonymous> (node_modules/supertest/lib/test.js:152:11)

  ● Training System (e2e) › Question Management API › should batch import questions

    expected 201 "Created", got 404 "Not Found"

      272 |           ],
      273 |         })
    > 274 |         .expect(201);
          |          ^
      275 |       expect(res.body.count).toBe(2);
      276 |     });
      277 |   });

      at Object.<anonymous> (test/training.e2e-spec.ts:274:10)
      ----
      at Test._assertStatus (node_modules/supertest/lib/test.js:309:14)
      at node_modules/supertest/lib/test.js:365:13
      at Test._assertFunction (node_modules/supertest/lib/test.js:342:13)
      at Test.assert (node_modules/supertest/lib/test.js:195:23)
      at localAssert (node_modules/supertest/lib/test.js:138:14)
      at Server.<anonymous> (node_modules/supertest/lib/test.js:152:11)

  ● Training System (e2e) › Archive Generation API › BR-112: should generate archive after project completed

    expected 200 "OK", got 404 "Not Found"

      302 |         .set('Authorization', `Bearer ${adminToken}`)
      303 |         .send({ status: 'ongoing' })
    > 304 |         .expect(200);
          |          ^
      305 |
      306 |       await request(app.getHttpServer())
      307 |         .put(`/api/v1/training/projects/${projectId}/status`)

      at Object.<anonymous> (test/training.e2e-spec.ts:304:10)
      ----
      at Test._assertStatus (node_modules/supertest/lib/test.js:309:14)
      at node_modules/supertest/lib/test.js:365:13
      at Test._assertFunction (node_modules/supertest/lib/test.js:342:13)
      at Test.assert (node_modules/supertest/lib/test.js:195:23)
      at localAssert (node_modules/supertest/lib/test.js:138:14)
      at Server.<anonymous> (node_modules/supertest/lib/test.js:152:11)

  ● Training System (e2e) › Archive Generation API › BR-114: should reject duplicate archive

    expected 409 "Conflict", got 404 "Not Found"

      323 |         .post(`/api/v1/training/archive/${projectId}`)
      324 |         .set('Authorization', `Bearer ${adminToken}`)
    > 325 |         .expect(409);
          |          ^
      326 |     });
      327 |
      328 |     it('should list archives', async () => {

      at Object.<anonymous> (test/training.e2e-spec.ts:325:10)
      ----
      at Test._assertStatus (node_modules/supertest/lib/test.js:309:14)
      at node_modules/supertest/lib/test.js:365:13
      at Test._assertFunction (node_modules/supertest/lib/test.js:342:13)
      at Test.assert (node_modules/supertest/lib/test.js:195:23)
      at localAssert (node_modules/supertest/lib/test.js:138:14)
      at Server.<anonymous> (node_modules/supertest/lib/test.js:152:11)

  ● Training System (e2e) › Archive Generation API › should list archives

    expected 200 "OK", got 404 "Not Found"

      330 |         .get('/api/v1/training/archive')
      331 |         .set('Authorization', `Bearer ${adminToken}`)
    > 332 |         .expect(200);
          |          ^
      333 |       expect(Array.isArray(res.body)).toBe(true);
      334 |     });
      335 |   });

      at Object.<anonymous> (test/training.e2e-spec.ts:332:10)
      ----
      at Test._assertStatus (node_modules/supertest/lib/test.js:309:14)
      at node_modules/supertest/lib/test.js:365:13
      at Test._assertFunction (node_modules/supertest/lib/test.js:342:13)
      at Test.assert (node_modules/supertest/lib/test.js:195:23)
      at localAssert (node_modules/supertest/lib/test.js:138:14)
      at Server.<anonymous> (node_modules/supertest/lib/test.js:152:11)

  ● Training System (e2e) › Todo Task API › should list user todos

    expected 200 "OK", got 404 "Not Found"

      340 |         .get('/api/v1/todos')
      341 |         .set('Authorization', `Bearer ${trainee1Token}`)
    > 342 |         .expect(200);
          |          ^
      343 |       expect(Array.isArray(res.body)).toBe(true);
      344 |     });
      345 |

      at Object.<anonymous> (test/training.e2e-spec.ts:342:10)
      ----
      at Test._assertStatus (node_modules/supertest/lib/test.js:309:14)
      at node_modules/supertest/lib/test.js:365:13
      at Test._assertFunction (node_modules/supertest/lib/test.js:342:13)
      at Test.assert (node_modules/supertest/lib/test.js:195:23)
      at localAssert (node_modules/supertest/lib/test.js:138:14)
      at Server.<anonymous> (node_modules/supertest/lib/test.js:152:11)

  ● Training System (e2e) › Todo Task API › BR-111: should get todo statistics

    expected 200 "OK", got 404 "Not Found"

      348 |         .get('/api/v1/todos/statistics')
      349 |         .set('Authorization', `Bearer ${trainee1Token}`)
    > 350 |         .expect(200);
          |          ^
      351 |       expect(res.body.total).toBeDefined();
      352 |       expect(res.body.byType).toBeDefined();
      353 |     });

      at Object.<anonymous> (test/training.e2e-spec.ts:350:10)
      ----
      at Test._assertStatus (node_modules/supertest/lib/test.js:309:14)
      at node_modules/supertest/lib/test.js:365:13
      at Test._assertFunction (node_modules/supertest/lib/test.js:342:13)
      at Test.assert (node_modules/supertest/lib/test.js:195:23)
      at localAssert (node_modules/supertest/lib/test.js:138:14)
      at Server.<anonymous> (node_modules/supertest/lib/test.js:152:11)

FAIL src/modules/user-permission/user-permission.service.spec.ts
  ● UserPermissionService › grantPermission › should grant permission to user

    Nest can't resolve dependencies of the UserPermissionService (PrismaService, ?). Please make sure that the argument NotificationService at index [1] is available in the RootTestModule context.

    Potential solutions:
    - Is RootTestModule a valid NestJS module?
    - If NotificationService is a provider, is it part of the current RootTestModule?
    - If NotificationService is exported from a separate @Module, is that module imported within RootTestModule?
      @Module({
        imports: [ /* the Module containing NotificationService */ ]
      })

      30 |
      31 |   beforeEach(async () => {
    > 32 |     const module: TestingModule = await Test.createTestingModule({
         |                                   ^
      33 |       providers: [
      34 |         UserPermissionService,
      35 |         {

      at TestingInjector.lookupComponentInParentModules (node_modules/@nestjs/core/injector/injector.js:262:19)
      at TestingInjector.resolveComponentInstance (node_modules/@nestjs/core/injector/injector.js:215:33)
      at TestingInjector.resolveComponentInstance (node_modules/@nestjs/testing/testing-injector.js:19:45)
      at resolveParam (node_modules/@nestjs/core/injector/injector.js:129:38)
          at async Promise.all (index 1)
      at TestingInjector.resolveConstructorParams (node_modules/@nestjs/core/injector/injector.js:144:27)
      at TestingInjector.loadInstance (node_modules/@nestjs/core/injector/injector.js:70:13)
      at TestingInjector.loadProvider (node_modules/@nestjs/core/injector/injector.js:98:9)
      at node_modules/@nestjs/core/injector/instance-loader.js:56:13
          at async Promise.all (index 3)
      at TestingInstanceLoader.createInstancesOfProviders (node_modules/@nestjs/core/injector/instance-loader.js:55:9)
      at node_modules/@nestjs/core/injector/instance-loader.js:40:13
          at async Promise.all (index 1)
      at TestingInstanceLoader.createInstances (node_modules/@nestjs/core/injector/instance-loader.js:39:9)
      at TestingInstanceLoader.createInstancesOfDependencies (node_modules/@nestjs/core/injector/instance-loader.js:22:13)
      at TestingInstanceLoader.createInstancesOfDependencies (node_modules/@nestjs/testing/testing-instance-loader.js:9:9)
      at TestingModuleBuilder.createInstancesOfDependencies (node_modules/@nestjs/testing/testing-module.builder.js:118:9)
      at TestingModuleBuilder.compile (node_modules/@nestjs/testing/testing-module.builder.js:74:9)
      at Object.<anonymous> (src/modules/user-permission/user-permission.service.spec.ts:32:35)

  ● UserPermissionService › grantPermission › should throw error if user not found

    Nest can't resolve dependencies of the UserPermissionService (PrismaService, ?). Please make sure that the argument NotificationService at index [1] is available in the RootTestModule context.

    Potential solutions:
    - Is RootTestModule a valid NestJS module?
    - If NotificationService is a provider, is it part of the current RootTestModule?
    - If NotificationService is exported from a separate @Module, is that module imported within RootTestModule?
      @Module({
        imports: [ /* the Module containing NotificationService */ ]
      })

      30 |
      31 |   beforeEach(async () => {
    > 32 |     const module: TestingModule = await Test.createTestingModule({
         |                                   ^
      33 |       providers: [
      34 |         UserPermissionService,
      35 |         {

      at TestingInjector.lookupComponentInParentModules (node_modules/@nestjs/core/injector/injector.js:262:19)
      at TestingInjector.resolveComponentInstance (node_modules/@nestjs/core/injector/injector.js:215:33)
      at TestingInjector.resolveComponentInstance (node_modules/@nestjs/testing/testing-injector.js:19:45)
      at resolveParam (node_modules/@nestjs/core/injector/injector.js:129:38)
          at async Promise.all (index 1)
      at TestingInjector.resolveConstructorParams (node_modules/@nestjs/core/injector/injector.js:144:27)
      at TestingInjector.loadInstance (node_modules/@nestjs/core/injector/injector.js:70:13)
      at TestingInjector.loadProvider (node_modules/@nestjs/core/injector/injector.js:98:9)
      at node_modules/@nestjs/core/injector/instance-loader.js:56:13
          at async Promise.all (index 3)
      at TestingInstanceLoader.createInstancesOfProviders (node_modules/@nestjs/core/injector/instance-loader.js:55:9)
      at node_modules/@nestjs/core/injector/instance-loader.js:40:13
          at async Promise.all (index 1)
      at TestingInstanceLoader.createInstances (node_modules/@nestjs/core/injector/instance-loader.js:39:9)
      at TestingInstanceLoader.createInstancesOfDependencies (node_modules/@nestjs/core/injector/instance-loader.js:22:13)
      at TestingInstanceLoader.createInstancesOfDependencies (node_modules/@nestjs/testing/testing-instance-loader.js:9:9)
      at TestingModuleBuilder.createInstancesOfDependencies (node_modules/@nestjs/testing/testing-module.builder.js:118:9)
      at TestingModuleBuilder.compile (node_modules/@nestjs/testing/testing-module.builder.js:74:9)
      at Object.<anonymous> (src/modules/user-permission/user-permission.service.spec.ts:32:35)

  ● UserPermissionService › grantPermission › should throw error if permission not found

    Nest can't resolve dependencies of the UserPermissionService (PrismaService, ?). Please make sure that the argument NotificationService at index [1] is available in the RootTestModule context.

    Potential solutions:
    - Is RootTestModule a valid NestJS module?
    - If NotificationService is a provider, is it part of the current RootTestModule?
    - If NotificationService is exported from a separate @Module, is that module imported within RootTestModule?
      @Module({
        imports: [ /* the Module containing NotificationService */ ]
      })

      30 |
      31 |   beforeEach(async () => {
    > 32 |     const module: TestingModule = await Test.createTestingModule({
         |                                   ^
      33 |       providers: [
      34 |         UserPermissionService,
      35 |         {

      at TestingInjector.lookupComponentInParentModules (node_modules/@nestjs/core/injector/injector.js:262:19)
      at TestingInjector.resolveComponentInstance (node_modules/@nestjs/core/injector/injector.js:215:33)
      at TestingInjector.resolveComponentInstance (node_modules/@nestjs/testing/testing-injector.js:19:45)
      at resolveParam (node_modules/@nestjs/core/injector/injector.js:129:38)
          at async Promise.all (index 1)
      at TestingInjector.resolveConstructorParams (node_modules/@nestjs/core/injector/injector.js:144:27)
      at TestingInjector.loadInstance (node_modules/@nestjs/core/injector/injector.js:70:13)
      at TestingInjector.loadProvider (node_modules/@nestjs/core/injector/injector.js:98:9)
      at node_modules/@nestjs/core/injector/instance-loader.js:56:13
          at async Promise.all (index 3)
      at TestingInstanceLoader.createInstancesOfProviders (node_modules/@nestjs/core/injector/instance-loader.js:55:9)
      at node_modules/@nestjs/core/injector/instance-loader.js:40:13
          at async Promise.all (index 1)
      at TestingInstanceLoader.createInstances (node_modules/@nestjs/core/injector/instance-loader.js:39:9)
      at TestingInstanceLoader.createInstancesOfDependencies (node_modules/@nestjs/core/injector/instance-loader.js:22:13)
      at TestingInstanceLoader.createInstancesOfDependencies (node_modules/@nestjs/testing/testing-instance-loader.js:9:9)
      at TestingModuleBuilder.createInstancesOfDependencies (node_modules/@nestjs/testing/testing-module.builder.js:118:9)
      at TestingModuleBuilder.compile (node_modules/@nestjs/testing/testing-module.builder.js:74:9)
      at Object.<anonymous> (src/modules/user-permission/user-permission.service.spec.ts:32:35)

  ● UserPermissionService › grantPermission › should throw error if permission already granted

    Nest can't resolve dependencies of the UserPermissionService (PrismaService, ?). Please make sure that the argument NotificationService at index [1] is available in the RootTestModule context.

    Potential solutions:
    - Is RootTestModule a valid NestJS module?
    - If NotificationService is a provider, is it part of the current RootTestModule?
    - If NotificationService is exported from a separate @Module, is that module imported within RootTestModule?
      @Module({
        imports: [ /* the Module containing NotificationService */ ]
      })

      30 |
      31 |   beforeEach(async () => {
    > 32 |     const module: TestingModule = await Test.createTestingModule({
         |                                   ^
      33 |       providers: [
      34 |         UserPermissionService,
      35 |         {

      at TestingInjector.lookupComponentInParentModules (node_modules/@nestjs/core/injector/injector.js:262:19)
      at TestingInjector.resolveComponentInstance (node_modules/@nestjs/core/injector/injector.js:215:33)
      at TestingInjector.resolveComponentInstance (node_modules/@nestjs/testing/testing-injector.js:19:45)
      at resolveParam (node_modules/@nestjs/core/injector/injector.js:129:38)
          at async Promise.all (index 1)
      at TestingInjector.resolveConstructorParams (node_modules/@nestjs/core/injector/injector.js:144:27)
      at TestingInjector.loadInstance (node_modules/@nestjs/core/injector/injector.js:70:13)
      at TestingInjector.loadProvider (node_modules/@nestjs/core/injector/injector.js:98:9)
      at node_modules/@nestjs/core/injector/instance-loader.js:56:13
          at async Promise.all (index 3)
      at TestingInstanceLoader.createInstancesOfProviders (node_modules/@nestjs/core/injector/instance-loader.js:55:9)
      at node_modules/@nestjs/core/injector/instance-loader.js:40:13
          at async Promise.all (index 1)
      at TestingInstanceLoader.createInstances (node_modules/@nestjs/core/injector/instance-loader.js:39:9)
      at TestingInstanceLoader.createInstancesOfDependencies (node_modules/@nestjs/core/injector/instance-loader.js:22:13)
      at TestingInstanceLoader.createInstancesOfDependencies (node_modules/@nestjs/testing/testing-instance-loader.js:9:9)
      at TestingModuleBuilder.createInstancesOfDependencies (node_modules/@nestjs/testing/testing-module.builder.js:118:9)
      at TestingModuleBuilder.compile (node_modules/@nestjs/testing/testing-module.builder.js:74:9)
      at Object.<anonymous> (src/modules/user-permission/user-permission.service.spec.ts:32:35)

  ● UserPermissionService › revokePermission › should revoke permission

    Nest can't resolve dependencies of the UserPermissionService (PrismaService, ?). Please make sure that the argument NotificationService at index [1] is available in the RootTestModule context.

    Potential solutions:
    - Is RootTestModule a valid NestJS module?
    - If NotificationService is a provider, is it part of the current RootTestModule?
    - If NotificationService is exported from a separate @Module, is that module imported within RootTestModule?
      @Module({
        imports: [ /* the Module containing NotificationService */ ]
      })

      30 |
      31 |   beforeEach(async () => {
    > 32 |     const module: TestingModule = await Test.createTestingModule({
         |                                   ^
      33 |       providers: [
      34 |         UserPermissionService,
      35 |         {

      at TestingInjector.lookupComponentInParentModules (node_modules/@nestjs/core/injector/injector.js:262:19)
      at TestingInjector.resolveComponentInstance (node_modules/@nestjs/core/injector/injector.js:215:33)
      at TestingInjector.resolveComponentInstance (node_modules/@nestjs/testing/testing-injector.js:19:45)
      at resolveParam (node_modules/@nestjs/core/injector/injector.js:129:38)
          at async Promise.all (index 1)
      at TestingInjector.resolveConstructorParams (node_modules/@nestjs/core/injector/injector.js:144:27)
      at TestingInjector.loadInstance (node_modules/@nestjs/core/injector/injector.js:70:13)
      at TestingInjector.loadProvider (node_modules/@nestjs/core/injector/injector.js:98:9)
      at node_modules/@nestjs/core/injector/instance-loader.js:56:13
          at async Promise.all (index 3)
      at TestingInstanceLoader.createInstancesOfProviders (node_modules/@nestjs/core/injector/instance-loader.js:55:9)
      at node_modules/@nestjs/core/injector/instance-loader.js:40:13
          at async Promise.all (index 1)
      at TestingInstanceLoader.createInstances (node_modules/@nestjs/core/injector/instance-loader.js:39:9)
      at TestingInstanceLoader.createInstancesOfDependencies (node_modules/@nestjs/core/injector/instance-loader.js:22:13)
      at TestingInstanceLoader.createInstancesOfDependencies (node_modules/@nestjs/testing/testing-instance-loader.js:9:9)
      at TestingModuleBuilder.createInstancesOfDependencies (node_modules/@nestjs/testing/testing-module.builder.js:118:9)
      at TestingModuleBuilder.compile (node_modules/@nestjs/testing/testing-module.builder.js:74:9)
      at Object.<anonymous> (src/modules/user-permission/user-permission.service.spec.ts:32:35)

  ● UserPermissionService › revokePermission › should throw error if permission not found

    Nest can't resolve dependencies of the UserPermissionService (PrismaService, ?). Please make sure that the argument NotificationService at index [1] is available in the RootTestModule context.

    Potential solutions:
    - Is RootTestModule a valid NestJS module?
    - If NotificationService is a provider, is it part of the current RootTestModule?
    - If NotificationService is exported from a separate @Module, is that module imported within RootTestModule?
      @Module({
        imports: [ /* the Module containing NotificationService */ ]
      })

      30 |
      31 |   beforeEach(async () => {
    > 32 |     const module: TestingModule = await Test.createTestingModule({
         |                                   ^
      33 |       providers: [
      34 |         UserPermissionService,
      35 |         {

      at TestingInjector.lookupComponentInParentModules (node_modules/@nestjs/core/injector/injector.js:262:19)
      at TestingInjector.resolveComponentInstance (node_modules/@nestjs/core/injector/injector.js:215:33)
      at TestingInjector.resolveComponentInstance (node_modules/@nestjs/testing/testing-injector.js:19:45)
      at resolveParam (node_modules/@nestjs/core/injector/injector.js:129:38)
          at async Promise.all (index 1)
      at TestingInjector.resolveConstructorParams (node_modules/@nestjs/core/injector/injector.js:144:27)
      at TestingInjector.loadInstance (node_modules/@nestjs/core/injector/injector.js:70:13)
      at TestingInjector.loadProvider (node_modules/@nestjs/core/injector/injector.js:98:9)
      at node_modules/@nestjs/core/injector/instance-loader.js:56:13
          at async Promise.all (index 3)
      at TestingInstanceLoader.createInstancesOfProviders (node_modules/@nestjs/core/injector/instance-loader.js:55:9)
      at node_modules/@nestjs/core/injector/instance-loader.js:40:13
          at async Promise.all (index 1)
      at TestingInstanceLoader.createInstances (node_modules/@nestjs/core/injector/instance-loader.js:39:9)
      at TestingInstanceLoader.createInstancesOfDependencies (node_modules/@nestjs/core/injector/instance-loader.js:22:13)
      at TestingInstanceLoader.createInstancesOfDependencies (node_modules/@nestjs/testing/testing-instance-loader.js:9:9)
      at TestingModuleBuilder.createInstancesOfDependencies (node_modules/@nestjs/testing/testing-module.builder.js:118:9)
      at TestingModuleBuilder.compile (node_modules/@nestjs/testing/testing-module.builder.js:74:9)
      at Object.<anonymous> (src/modules/user-permission/user-permission.service.spec.ts:32:35)

  ● UserPermissionService › batchGrantPermissions › should grant multiple permissions to user

    Nest can't resolve dependencies of the UserPermissionService (PrismaService, ?). Please make sure that the argument NotificationService at index [1] is available in the RootTestModule context.

    Potential solutions:
    - Is RootTestModule a valid NestJS module?
    - If NotificationService is a provider, is it part of the current RootTestModule?
    - If NotificationService is exported from a separate @Module, is that module imported within RootTestModule?
      @Module({
        imports: [ /* the Module containing NotificationService */ ]
      })

      30 |
      31 |   beforeEach(async () => {
    > 32 |     const module: TestingModule = await Test.createTestingModule({
         |                                   ^
      33 |       providers: [
      34 |         UserPermissionService,
      35 |         {

      at TestingInjector.lookupComponentInParentModules (node_modules/@nestjs/core/injector/injector.js:262:19)
      at TestingInjector.resolveComponentInstance (node_modules/@nestjs/core/injector/injector.js:215:33)
      at TestingInjector.resolveComponentInstance (node_modules/@nestjs/testing/testing-injector.js:19:45)
      at resolveParam (node_modules/@nestjs/core/injector/injector.js:129:38)
          at async Promise.all (index 1)
      at TestingInjector.resolveConstructorParams (node_modules/@nestjs/core/injector/injector.js:144:27)
      at TestingInjector.loadInstance (node_modules/@nestjs/core/injector/injector.js:70:13)
      at TestingInjector.loadProvider (node_modules/@nestjs/core/injector/injector.js:98:9)
      at node_modules/@nestjs/core/injector/instance-loader.js:56:13
          at async Promise.all (index 3)
      at TestingInstanceLoader.createInstancesOfProviders (node_modules/@nestjs/core/injector/instance-loader.js:55:9)
      at node_modules/@nestjs/core/injector/instance-loader.js:40:13
          at async Promise.all (index 1)
      at TestingInstanceLoader.createInstances (node_modules/@nestjs/core/injector/instance-loader.js:39:9)
      at TestingInstanceLoader.createInstancesOfDependencies (node_modules/@nestjs/core/injector/instance-loader.js:22:13)
      at TestingInstanceLoader.createInstancesOfDependencies (node_modules/@nestjs/testing/testing-instance-loader.js:9:9)
      at TestingModuleBuilder.createInstancesOfDependencies (node_modules/@nestjs/testing/testing-module.builder.js:118:9)
      at TestingModuleBuilder.compile (node_modules/@nestjs/testing/testing-module.builder.js:74:9)
      at Object.<anonymous> (src/modules/user-permission/user-permission.service.spec.ts:32:35)

  ● UserPermissionService › batchGrantPermissions › should throw error if any permission not found

    Nest can't resolve dependencies of the UserPermissionService (PrismaService, ?). Please make sure that the argument NotificationService at index [1] is available in the RootTestModule context.

    Potential solutions:
    - Is RootTestModule a valid NestJS module?
    - If NotificationService is a provider, is it part of the current RootTestModule?
    - If NotificationService is exported from a separate @Module, is that module imported within RootTestModule?
      @Module({
        imports: [ /* the Module containing NotificationService */ ]
      })

      30 |
      31 |   beforeEach(async () => {
    > 32 |     const module: TestingModule = await Test.createTestingModule({
         |                                   ^
      33 |       providers: [
      34 |         UserPermissionService,
      35 |         {

      at TestingInjector.lookupComponentInParentModules (node_modules/@nestjs/core/injector/injector.js:262:19)
      at TestingInjector.resolveComponentInstance (node_modules/@nestjs/core/injector/injector.js:215:33)
      at TestingInjector.resolveComponentInstance (node_modules/@nestjs/testing/testing-injector.js:19:45)
      at resolveParam (node_modules/@nestjs/core/injector/injector.js:129:38)
          at async Promise.all (index 1)
      at TestingInjector.resolveConstructorParams (node_modules/@nestjs/core/injector/injector.js:144:27)
      at TestingInjector.loadInstance (node_modules/@nestjs/core/injector/injector.js:70:13)
      at TestingInjector.loadProvider (node_modules/@nestjs/core/injector/injector.js:98:9)
      at node_modules/@nestjs/core/injector/instance-loader.js:56:13
          at async Promise.all (index 3)
      at TestingInstanceLoader.createInstancesOfProviders (node_modules/@nestjs/core/injector/instance-loader.js:55:9)
      at node_modules/@nestjs/core/injector/instance-loader.js:40:13
          at async Promise.all (index 1)
      at TestingInstanceLoader.createInstances (node_modules/@nestjs/core/injector/instance-loader.js:39:9)
      at TestingInstanceLoader.createInstancesOfDependencies (node_modules/@nestjs/core/injector/instance-loader.js:22:13)
      at TestingInstanceLoader.createInstancesOfDependencies (node_modules/@nestjs/testing/testing-instance-loader.js:9:9)
      at TestingModuleBuilder.createInstancesOfDependencies (node_modules/@nestjs/testing/testing-module.builder.js:118:9)
      at TestingModuleBuilder.compile (node_modules/@nestjs/testing/testing-module.builder.js:74:9)
      at Object.<anonymous> (src/modules/user-permission/user-permission.service.spec.ts:32:35)

  ● UserPermissionService › findUserPermissions › should return paginated user permissions

    Nest can't resolve dependencies of the UserPermissionService (PrismaService, ?). Please make sure that the argument NotificationService at index [1] is available in the RootTestModule context.

    Potential solutions:
    - Is RootTestModule a valid NestJS module?
    - If NotificationService is a provider, is it part of the current RootTestModule?
    - If NotificationService is exported from a separate @Module, is that module imported within RootTestModule?
      @Module({
        imports: [ /* the Module containing NotificationService */ ]
      })

      30 |
      31 |   beforeEach(async () => {
    > 32 |     const module: TestingModule = await Test.createTestingModule({
         |                                   ^
      33 |       providers: [
      34 |         UserPermissionService,
      35 |         {

      at TestingInjector.lookupComponentInParentModules (node_modules/@nestjs/core/injector/injector.js:262:19)
      at TestingInjector.resolveComponentInstance (node_modules/@nestjs/core/injector/injector.js:215:33)
      at TestingInjector.resolveComponentInstance (node_modules/@nestjs/testing/testing-injector.js:19:45)
      at resolveParam (node_modules/@nestjs/core/injector/injector.js:129:38)
          at async Promise.all (index 1)
      at TestingInjector.resolveConstructorParams (node_modules/@nestjs/core/injector/injector.js:144:27)
      at TestingInjector.loadInstance (node_modules/@nestjs/core/injector/injector.js:70:13)
      at TestingInjector.loadProvider (node_modules/@nestjs/core/injector/injector.js:98:9)
      at node_modules/@nestjs/core/injector/instance-loader.js:56:13
          at async Promise.all (index 3)
      at TestingInstanceLoader.createInstancesOfProviders (node_modules/@nestjs/core/injector/instance-loader.js:55:9)
      at node_modules/@nestjs/core/injector/instance-loader.js:40:13
          at async Promise.all (index 1)
      at TestingInstanceLoader.createInstances (node_modules/@nestjs/core/injector/instance-loader.js:39:9)
      at TestingInstanceLoader.createInstancesOfDependencies (node_modules/@nestjs/core/injector/instance-loader.js:22:13)
      at TestingInstanceLoader.createInstancesOfDependencies (node_modules/@nestjs/testing/testing-instance-loader.js:9:9)
      at TestingModuleBuilder.createInstancesOfDependencies (node_modules/@nestjs/testing/testing-module.builder.js:118:9)
      at TestingModuleBuilder.compile (node_modules/@nestjs/testing/testing-module.builder.js:74:9)
      at Object.<anonymous> (src/modules/user-permission/user-permission.service.spec.ts:32:35)

  ● UserPermissionService › checkExpiration › should remove expired permissions

    Nest can't resolve dependencies of the UserPermissionService (PrismaService, ?). Please make sure that the argument NotificationService at index [1] is available in the RootTestModule context.

    Potential solutions:
    - Is RootTestModule a valid NestJS module?
    - If NotificationService is a provider, is it part of the current RootTestModule?
    - If NotificationService is exported from a separate @Module, is that module imported within RootTestModule?
      @Module({
        imports: [ /* the Module containing NotificationService */ ]
      })

      30 |
      31 |   beforeEach(async () => {
    > 32 |     const module: TestingModule = await Test.createTestingModule({
         |                                   ^
      33 |       providers: [
      34 |         UserPermissionService,
      35 |         {

      at TestingInjector.lookupComponentInParentModules (node_modules/@nestjs/core/injector/injector.js:262:19)
      at TestingInjector.resolveComponentInstance (node_modules/@nestjs/core/injector/injector.js:215:33)
      at TestingInjector.resolveComponentInstance (node_modules/@nestjs/testing/testing-injector.js:19:45)
      at resolveParam (node_modules/@nestjs/core/injector/injector.js:129:38)
          at async Promise.all (index 1)
      at TestingInjector.resolveConstructorParams (node_modules/@nestjs/core/injector/injector.js:144:27)
      at TestingInjector.loadInstance (node_modules/@nestjs/core/injector/injector.js:70:13)
      at TestingInjector.loadProvider (node_modules/@nestjs/core/injector/injector.js:98:9)
      at node_modules/@nestjs/core/injector/instance-loader.js:56:13
          at async Promise.all (index 3)
      at TestingInstanceLoader.createInstancesOfProviders (node_modules/@nestjs/core/injector/instance-loader.js:55:9)
      at node_modules/@nestjs/core/injector/instance-loader.js:40:13
          at async Promise.all (index 1)
      at TestingInstanceLoader.createInstances (node_modules/@nestjs/core/injector/instance-loader.js:39:9)
      at TestingInstanceLoader.createInstancesOfDependencies (node_modules/@nestjs/core/injector/instance-loader.js:22:13)
      at TestingInstanceLoader.createInstancesOfDependencies (node_modules/@nestjs/testing/testing-instance-loader.js:9:9)
      at TestingModuleBuilder.createInstancesOfDependencies (node_modules/@nestjs/testing/testing-module.builder.js:118:9)
      at TestingModuleBuilder.compile (node_modules/@nestjs/testing/testing-module.builder.js:74:9)
      at Object.<anonymous> (src/modules/user-permission/user-permission.service.spec.ts:32:35)

  ● UserPermissionService › getEffectivePermissions › 应该返回用户的直接权限（无角色）

    Nest can't resolve dependencies of the UserPermissionService (PrismaService, ?). Please make sure that the argument NotificationService at index [1] is available in the RootTestModule context.

    Potential solutions:
    - Is RootTestModule a valid NestJS module?
    - If NotificationService is a provider, is it part of the current RootTestModule?
    - If NotificationService is exported from a separate @Module, is that module imported within RootTestModule?
      @Module({
        imports: [ /* the Module containing NotificationService */ ]
      })

      30 |
      31 |   beforeEach(async () => {
    > 32 |     const module: TestingModule = await Test.createTestingModule({
         |                                   ^
      33 |       providers: [
      34 |         UserPermissionService,
      35 |         {

      at TestingInjector.lookupComponentInParentModules (node_modules/@nestjs/core/injector/injector.js:262:19)
      at TestingInjector.resolveComponentInstance (node_modules/@nestjs/core/injector/injector.js:215:33)
      at TestingInjector.resolveComponentInstance (node_modules/@nestjs/testing/testing-injector.js:19:45)
      at resolveParam (node_modules/@nestjs/core/injector/injector.js:129:38)
          at async Promise.all (index 1)
      at TestingInjector.resolveConstructorParams (node_modules/@nestjs/core/injector/injector.js:144:27)
      at TestingInjector.loadInstance (node_modules/@nestjs/core/injector/injector.js:70:13)
      at TestingInjector.loadProvider (node_modules/@nestjs/core/injector/injector.js:98:9)
      at node_modules/@nestjs/core/injector/instance-loader.js:56:13
          at async Promise.all (index 3)
      at TestingInstanceLoader.createInstancesOfProviders (node_modules/@nestjs/core/injector/instance-loader.js:55:9)
      at node_modules/@nestjs/core/injector/instance-loader.js:40:13
          at async Promise.all (index 1)
      at TestingInstanceLoader.createInstances (node_modules/@nestjs/core/injector/instance-loader.js:39:9)
      at TestingInstanceLoader.createInstancesOfDependencies (node_modules/@nestjs/core/injector/instance-loader.js:22:13)
      at TestingInstanceLoader.createInstancesOfDependencies (node_modules/@nestjs/testing/testing-instance-loader.js:9:9)
      at TestingModuleBuilder.createInstancesOfDependencies (node_modules/@nestjs/testing/testing-module.builder.js:118:9)
      at TestingModuleBuilder.compile (node_modules/@nestjs/testing/testing-module.builder.js:74:9)
      at Object.<anonymous> (src/modules/user-permission/user-permission.service.spec.ts:32:35)

  ● UserPermissionService › getEffectivePermissions › 应该返回空数组（角色继承暂未实现）

    Nest can't resolve dependencies of the UserPermissionService (PrismaService, ?). Please make sure that the argument NotificationService at index [1] is available in the RootTestModule context.

    Potential solutions:
    - Is RootTestModule a valid NestJS module?
    - If NotificationService is a provider, is it part of the current RootTestModule?
    - If NotificationService is exported from a separate @Module, is that module imported within RootTestModule?
      @Module({
        imports: [ /* the Module containing NotificationService */ ]
      })

      30 |
      31 |   beforeEach(async () => {
    > 32 |     const module: TestingModule = await Test.createTestingModule({
         |                                   ^
      33 |       providers: [
      34 |         UserPermissionService,
      35 |         {

      at TestingInjector.lookupComponentInParentModules (node_modules/@nestjs/core/injector/injector.js:262:19)
      at TestingInjector.resolveComponentInstance (node_modules/@nestjs/core/injector/injector.js:215:33)
      at TestingInjector.resolveComponentInstance (node_modules/@nestjs/testing/testing-injector.js:19:45)
      at resolveParam (node_modules/@nestjs/core/injector/injector.js:129:38)
          at async Promise.all (index 1)
      at TestingInjector.resolveConstructorParams (node_modules/@nestjs/core/injector/injector.js:144:27)
      at TestingInjector.loadInstance (node_modules/@nestjs/core/injector/injector.js:70:13)
      at TestingInjector.loadProvider (node_modules/@nestjs/core/injector/injector.js:98:9)
      at node_modules/@nestjs/core/injector/instance-loader.js:56:13
          at async Promise.all (index 3)
      at TestingInstanceLoader.createInstancesOfProviders (node_modules/@nestjs/core/injector/instance-loader.js:55:9)
      at node_modules/@nestjs/core/injector/instance-loader.js:40:13
          at async Promise.all (index 1)
      at TestingInstanceLoader.createInstances (node_modules/@nestjs/core/injector/instance-loader.js:39:9)
      at TestingInstanceLoader.createInstancesOfDependencies (node_modules/@nestjs/core/injector/instance-loader.js:22:13)
      at TestingInstanceLoader.createInstancesOfDependencies (node_modules/@nestjs/testing/testing-instance-loader.js:9:9)
      at TestingModuleBuilder.createInstancesOfDependencies (node_modules/@nestjs/testing/testing-module.builder.js:118:9)
      at TestingModuleBuilder.compile (node_modules/@nestjs/testing/testing-module.builder.js:74:9)
      at Object.<anonymous> (src/modules/user-permission/user-permission.service.spec.ts:32:35)

  ● UserPermissionService › getEffectivePermissions › 应该对重复的直接权限去重

    Nest can't resolve dependencies of the UserPermissionService (PrismaService, ?). Please make sure that the argument NotificationService at index [1] is available in the RootTestModule context.

    Potential solutions:
    - Is RootTestModule a valid NestJS module?
    - If NotificationService is a provider, is it part of the current RootTestModule?
    - If NotificationService is exported from a separate @Module, is that module imported within RootTestModule?
      @Module({
        imports: [ /* the Module containing NotificationService */ ]
      })

      30 |
      31 |   beforeEach(async () => {
    > 32 |     const module: TestingModule = await Test.createTestingModule({
         |                                   ^
      33 |       providers: [
      34 |         UserPermissionService,
      35 |         {

      at TestingInjector.lookupComponentInParentModules (node_modules/@nestjs/core/injector/injector.js:262:19)
      at TestingInjector.resolveComponentInstance (node_modules/@nestjs/core/injector/injector.js:215:33)
      at TestingInjector.resolveComponentInstance (node_modules/@nestjs/testing/testing-injector.js:19:45)
      at resolveParam (node_modules/@nestjs/core/injector/injector.js:129:38)
          at async Promise.all (index 1)
      at TestingInjector.resolveConstructorParams (node_modules/@nestjs/core/injector/injector.js:144:27)
      at TestingInjector.loadInstance (node_modules/@nestjs/core/injector/injector.js:70:13)
      at TestingInjector.loadProvider (node_modules/@nestjs/core/injector/injector.js:98:9)
      at node_modules/@nestjs/core/injector/instance-loader.js:56:13
          at async Promise.all (index 3)
      at TestingInstanceLoader.createInstancesOfProviders (node_modules/@nestjs/core/injector/instance-loader.js:55:9)
      at node_modules/@nestjs/core/injector/instance-loader.js:40:13
          at async Promise.all (index 1)
      at TestingInstanceLoader.createInstances (node_modules/@nestjs/core/injector/instance-loader.js:39:9)
      at TestingInstanceLoader.createInstancesOfDependencies (node_modules/@nestjs/core/injector/instance-loader.js:22:13)
      at TestingInstanceLoader.createInstancesOfDependencies (node_modules/@nestjs/testing/testing-instance-loader.js:9:9)
      at TestingModuleBuilder.createInstancesOfDependencies (node_modules/@nestjs/testing/testing-module.builder.js:118:9)
      at TestingModuleBuilder.compile (node_modules/@nestjs/testing/testing-module.builder.js:74:9)
      at Object.<anonymous> (src/modules/user-permission/user-permission.service.spec.ts:32:35)

  ● UserPermissionService › getEffectivePermissions › 应该过滤掉过期的直接权限

    Nest can't resolve dependencies of the UserPermissionService (PrismaService, ?). Please make sure that the argument NotificationService at index [1] is available in the RootTestModule context.

    Potential solutions:
    - Is RootTestModule a valid NestJS module?
    - If NotificationService is a provider, is it part of the current RootTestModule?
    - If NotificationService is exported from a separate @Module, is that module imported within RootTestModule?
      @Module({
        imports: [ /* the Module containing NotificationService */ ]
      })

      30 |
      31 |   beforeEach(async () => {
    > 32 |     const module: TestingModule = await Test.createTestingModule({
         |                                   ^
      33 |       providers: [
      34 |         UserPermissionService,
      35 |         {

      at TestingInjector.lookupComponentInParentModules (node_modules/@nestjs/core/injector/injector.js:262:19)
      at TestingInjector.resolveComponentInstance (node_modules/@nestjs/core/injector/injector.js:215:33)
      at TestingInjector.resolveComponentInstance (node_modules/@nestjs/testing/testing-injector.js:19:45)
      at resolveParam (node_modules/@nestjs/core/injector/injector.js:129:38)
          at async Promise.all (index 1)
      at TestingInjector.resolveConstructorParams (node_modules/@nestjs/core/injector/injector.js:144:27)
      at TestingInjector.loadInstance (node_modules/@nestjs/core/injector/injector.js:70:13)
      at TestingInjector.loadProvider (node_modules/@nestjs/core/injector/injector.js:98:9)
      at node_modules/@nestjs/core/injector/instance-loader.js:56:13
          at async Promise.all (index 3)
      at TestingInstanceLoader.createInstancesOfProviders (node_modules/@nestjs/core/injector/instance-loader.js:55:9)
      at node_modules/@nestjs/core/injector/instance-loader.js:40:13
          at async Promise.all (index 1)
      at TestingInstanceLoader.createInstances (node_modules/@nestjs/core/injector/instance-loader.js:39:9)
      at TestingInstanceLoader.createInstancesOfDependencies (node_modules/@nestjs/core/injector/instance-loader.js:22:13)
      at TestingInstanceLoader.createInstancesOfDependencies (node_modules/@nestjs/testing/testing-instance-loader.js:9:9)
      at TestingModuleBuilder.createInstancesOfDependencies (node_modules/@nestjs/testing/testing-module.builder.js:118:9)
      at TestingModuleBuilder.compile (node_modules/@nestjs/testing/testing-module.builder.js:74:9)
      at Object.<anonymous> (src/modules/user-permission/user-permission.service.spec.ts:32:35)

  ● UserPermissionService › getEffectivePermissions › 应该返回空数组如果用户不存在

    Nest can't resolve dependencies of the UserPermissionService (PrismaService, ?). Please make sure that the argument NotificationService at index [1] is available in the RootTestModule context.

    Potential solutions:
    - Is RootTestModule a valid NestJS module?
    - If NotificationService is a provider, is it part of the current RootTestModule?
    - If NotificationService is exported from a separate @Module, is that module imported within RootTestModule?
      @Module({
        imports: [ /* the Module containing NotificationService */ ]
      })

      30 |
      31 |   beforeEach(async () => {
    > 32 |     const module: TestingModule = await Test.createTestingModule({
         |                                   ^
      33 |       providers: [
      34 |         UserPermissionService,
      35 |         {

      at TestingInjector.lookupComponentInParentModules (node_modules/@nestjs/core/injector/injector.js:262:19)
      at TestingInjector.resolveComponentInstance (node_modules/@nestjs/core/injector/injector.js:215:33)
      at TestingInjector.resolveComponentInstance (node_modules/@nestjs/testing/testing-injector.js:19:45)
      at resolveParam (node_modules/@nestjs/core/injector/injector.js:129:38)
          at async Promise.all (index 1)
      at TestingInjector.resolveConstructorParams (node_modules/@nestjs/core/injector/injector.js:144:27)
      at TestingInjector.loadInstance (node_modules/@nestjs/core/injector/injector.js:70:13)
      at TestingInjector.loadProvider (node_modules/@nestjs/core/injector/injector.js:98:9)
      at node_modules/@nestjs/core/injector/instance-loader.js:56:13
          at async Promise.all (index 3)
      at TestingInstanceLoader.createInstancesOfProviders (node_modules/@nestjs/core/injector/instance-loader.js:55:9)
      at node_modules/@nestjs/core/injector/instance-loader.js:40:13
          at async Promise.all (index 1)
      at TestingInstanceLoader.createInstances (node_modules/@nestjs/core/injector/instance-loader.js:39:9)
      at TestingInstanceLoader.createInstancesOfDependencies (node_modules/@nestjs/core/injector/instance-loader.js:22:13)
      at TestingInstanceLoader.createInstancesOfDependencies (node_modules/@nestjs/testing/testing-instance-loader.js:9:9)
      at TestingModuleBuilder.createInstancesOfDependencies (node_modules/@nestjs/testing/testing-module.builder.js:118:9)
      at TestingModuleBuilder.compile (node_modules/@nestjs/testing/testing-module.builder.js:74:9)
      at Object.<anonymous> (src/modules/user-permission/user-permission.service.spec.ts:32:35)

  ● UserPermissionService › hasPermission › 应该返回 true 如果用户有直接权限

    Nest can't resolve dependencies of the UserPermissionService (PrismaService, ?). Please make sure that the argument NotificationService at index [1] is available in the RootTestModule context.

    Potential solutions:
    - Is RootTestModule a valid NestJS module?
    - If NotificationService is a provider, is it part of the current RootTestModule?
    - If NotificationService is exported from a separate @Module, is that module imported within RootTestModule?
      @Module({
        imports: [ /* the Module containing NotificationService */ ]
      })

      30 |
      31 |   beforeEach(async () => {
    > 32 |     const module: TestingModule = await Test.createTestingModule({
         |                                   ^
      33 |       providers: [
      34 |         UserPermissionService,
      35 |         {

      at TestingInjector.lookupComponentInParentModules (node_modules/@nestjs/core/injector/injector.js:262:19)
      at TestingInjector.resolveComponentInstance (node_modules/@nestjs/core/injector/injector.js:215:33)
      at TestingInjector.resolveComponentInstance (node_modules/@nestjs/testing/testing-injector.js:19:45)
      at resolveParam (node_modules/@nestjs/core/injector/injector.js:129:38)
          at async Promise.all (index 1)
      at TestingInjector.resolveConstructorParams (node_modules/@nestjs/core/injector/injector.js:144:27)
      at TestingInjector.loadInstance (node_modules/@nestjs/core/injector/injector.js:70:13)
      at TestingInjector.loadProvider (node_modules/@nestjs/core/injector/injector.js:98:9)
      at node_modules/@nestjs/core/injector/instance-loader.js:56:13
          at async Promise.all (index 3)
      at TestingInstanceLoader.createInstancesOfProviders (node_modules/@nestjs/core/injector/instance-loader.js:55:9)
      at node_modules/@nestjs/core/injector/instance-loader.js:40:13
          at async Promise.all (index 1)
      at TestingInstanceLoader.createInstances (node_modules/@nestjs/core/injector/instance-loader.js:39:9)
      at TestingInstanceLoader.createInstancesOfDependencies (node_modules/@nestjs/core/injector/instance-loader.js:22:13)
      at TestingInstanceLoader.createInstancesOfDependencies (node_modules/@nestjs/testing/testing-instance-loader.js:9:9)
      at TestingModuleBuilder.createInstancesOfDependencies (node_modules/@nestjs/testing/testing-module.builder.js:118:9)
      at TestingModuleBuilder.compile (node_modules/@nestjs/testing/testing-module.builder.js:74:9)
      at Object.<anonymous> (src/modules/user-permission/user-permission.service.spec.ts:32:35)

  ● UserPermissionService › hasPermission › 应该返回 false 如果用户无直接权限（角色继承未实现）

    Nest can't resolve dependencies of the UserPermissionService (PrismaService, ?). Please make sure that the argument NotificationService at index [1] is available in the RootTestModule context.

    Potential solutions:
    - Is RootTestModule a valid NestJS module?
    - If NotificationService is a provider, is it part of the current RootTestModule?
    - If NotificationService is exported from a separate @Module, is that module imported within RootTestModule?
      @Module({
        imports: [ /* the Module containing NotificationService */ ]
      })

      30 |
      31 |   beforeEach(async () => {
    > 32 |     const module: TestingModule = await Test.createTestingModule({
         |                                   ^
      33 |       providers: [
      34 |         UserPermissionService,
      35 |         {

      at TestingInjector.lookupComponentInParentModules (node_modules/@nestjs/core/injector/injector.js:262:19)
      at TestingInjector.resolveComponentInstance (node_modules/@nestjs/core/injector/injector.js:215:33)
      at TestingInjector.resolveComponentInstance (node_modules/@nestjs/testing/testing-injector.js:19:45)
      at resolveParam (node_modules/@nestjs/core/injector/injector.js:129:38)
          at async Promise.all (index 1)
      at TestingInjector.resolveConstructorParams (node_modules/@nestjs/core/injector/injector.js:144:27)
      at TestingInjector.loadInstance (node_modules/@nestjs/core/injector/injector.js:70:13)
      at TestingInjector.loadProvider (node_modules/@nestjs/core/injector/injector.js:98:9)
      at node_modules/@nestjs/core/injector/instance-loader.js:56:13
          at async Promise.all (index 3)
      at TestingInstanceLoader.createInstancesOfProviders (node_modules/@nestjs/core/injector/instance-loader.js:55:9)
      at node_modules/@nestjs/core/injector/instance-loader.js:40:13
          at async Promise.all (index 1)
      at TestingInstanceLoader.createInstances (node_modules/@nestjs/core/injector/instance-loader.js:39:9)
      at TestingInstanceLoader.createInstancesOfDependencies (node_modules/@nestjs/core/injector/instance-loader.js:22:13)
      at TestingInstanceLoader.createInstancesOfDependencies (node_modules/@nestjs/testing/testing-instance-loader.js:9:9)
      at TestingModuleBuilder.createInstancesOfDependencies (node_modules/@nestjs/testing/testing-module.builder.js:118:9)
      at TestingModuleBuilder.compile (node_modules/@nestjs/testing/testing-module.builder.js:74:9)
      at Object.<anonymous> (src/modules/user-permission/user-permission.service.spec.ts:32:35)

  ● UserPermissionService › hasPermission › 应该返回 false 如果用户没有该权限

    Nest can't resolve dependencies of the UserPermissionService (PrismaService, ?). Please make sure that the argument NotificationService at index [1] is available in the RootTestModule context.

    Potential solutions:
    - Is RootTestModule a valid NestJS module?
    - If NotificationService is a provider, is it part of the current RootTestModule?
    - If NotificationService is exported from a separate @Module, is that module imported within RootTestModule?
      @Module({
        imports: [ /* the Module containing NotificationService */ ]
      })

      30 |
      31 |   beforeEach(async () => {
    > 32 |     const module: TestingModule = await Test.createTestingModule({
         |                                   ^
      33 |       providers: [
      34 |         UserPermissionService,
      35 |         {

      at TestingInjector.lookupComponentInParentModules (node_modules/@nestjs/core/injector/injector.js:262:19)
      at TestingInjector.resolveComponentInstance (node_modules/@nestjs/core/injector/injector.js:215:33)
      at TestingInjector.resolveComponentInstance (node_modules/@nestjs/testing/testing-injector.js:19:45)
      at resolveParam (node_modules/@nestjs/core/injector/injector.js:129:38)
          at async Promise.all (index 1)
      at TestingInjector.resolveConstructorParams (node_modules/@nestjs/core/injector/injector.js:144:27)
      at TestingInjector.loadInstance (node_modules/@nestjs/core/injector/injector.js:70:13)
      at TestingInjector.loadProvider (node_modules/@nestjs/core/injector/injector.js:98:9)
      at node_modules/@nestjs/core/injector/instance-loader.js:56:13
          at async Promise.all (index 3)
      at TestingInstanceLoader.createInstancesOfProviders (node_modules/@nestjs/core/injector/instance-loader.js:55:9)
      at node_modules/@nestjs/core/injector/instance-loader.js:40:13
          at async Promise.all (index 1)
      at TestingInstanceLoader.createInstances (node_modules/@nestjs/core/injector/instance-loader.js:39:9)
      at TestingInstanceLoader.createInstancesOfDependencies (node_modules/@nestjs/core/injector/instance-loader.js:22:13)
      at TestingInstanceLoader.createInstancesOfDependencies (node_modules/@nestjs/testing/testing-instance-loader.js:9:9)
      at TestingModuleBuilder.createInstancesOfDependencies (node_modules/@nestjs/testing/testing-module.builder.js:118:9)
      at TestingModuleBuilder.compile (node_modules/@nestjs/testing/testing-module.builder.js:74:9)
      at Object.<anonymous> (src/modules/user-permission/user-permission.service.spec.ts:32:35)

  ● UserPermissionService › hasPermission › 应该返回 false 如果用户不存在

    Nest can't resolve dependencies of the UserPermissionService (PrismaService, ?). Please make sure that the argument NotificationService at index [1] is available in the RootTestModule context.

    Potential solutions:
    - Is RootTestModule a valid NestJS module?
    - If NotificationService is a provider, is it part of the current RootTestModule?
    - If NotificationService is exported from a separate @Module, is that module imported within RootTestModule?
      @Module({
        imports: [ /* the Module containing NotificationService */ ]
      })

      30 |
      31 |   beforeEach(async () => {
    > 32 |     const module: TestingModule = await Test.createTestingModule({
         |                                   ^
      33 |       providers: [
      34 |         UserPermissionService,
      35 |         {

      at TestingInjector.lookupComponentInParentModules (node_modules/@nestjs/core/injector/injector.js:262:19)
      at TestingInjector.resolveComponentInstance (node_modules/@nestjs/core/injector/injector.js:215:33)
      at TestingInjector.resolveComponentInstance (node_modules/@nestjs/testing/testing-injector.js:19:45)
      at resolveParam (node_modules/@nestjs/core/injector/injector.js:129:38)
          at async Promise.all (index 1)
      at TestingInjector.resolveConstructorParams (node_modules/@nestjs/core/injector/injector.js:144:27)
      at TestingInjector.loadInstance (node_modules/@nestjs/core/injector/injector.js:70:13)
      at TestingInjector.loadProvider (node_modules/@nestjs/core/injector/injector.js:98:9)
      at node_modules/@nestjs/core/injector/instance-loader.js:56:13
          at async Promise.all (index 3)
      at TestingInstanceLoader.createInstancesOfProviders (node_modules/@nestjs/core/injector/instance-loader.js:55:9)
      at node_modules/@nestjs/core/injector/instance-loader.js:40:13
          at async Promise.all (index 1)
      at TestingInstanceLoader.createInstances (node_modules/@nestjs/core/injector/instance-loader.js:39:9)
      at TestingInstanceLoader.createInstancesOfDependencies (node_modules/@nestjs/core/injector/instance-loader.js:22:13)
      at TestingInstanceLoader.createInstancesOfDependencies (node_modules/@nestjs/testing/testing-instance-loader.js:9:9)
      at TestingModuleBuilder.createInstancesOfDependencies (node_modules/@nestjs/testing/testing-module.builder.js:118:9)
      at TestingModuleBuilder.compile (node_modules/@nestjs/testing/testing-module.builder.js:74:9)
      at Object.<anonymous> (src/modules/user-permission/user-permission.service.spec.ts:32:35)

  ● UserPermissionService › getInheritedPermissions › 应该返回空数组（角色继承暂未实现）

    Nest can't resolve dependencies of the UserPermissionService (PrismaService, ?). Please make sure that the argument NotificationService at index [1] is available in the RootTestModule context.

    Potential solutions:
    - Is RootTestModule a valid NestJS module?
    - If NotificationService is a provider, is it part of the current RootTestModule?
    - If NotificationService is exported from a separate @Module, is that module imported within RootTestModule?
      @Module({
        imports: [ /* the Module containing NotificationService */ ]
      })

      30 |
      31 |   beforeEach(async () => {
    > 32 |     const module: TestingModule = await Test.createTestingModule({
         |                                   ^
      33 |       providers: [
      34 |         UserPermissionService,
      35 |         {

      at TestingInjector.lookupComponentInParentModules (node_modules/@nestjs/core/injector/injector.js:262:19)
      at TestingInjector.resolveComponentInstance (node_modules/@nestjs/core/injector/injector.js:215:33)
      at TestingInjector.resolveComponentInstance (node_modules/@nestjs/testing/testing-injector.js:19:45)
      at resolveParam (node_modules/@nestjs/core/injector/injector.js:129:38)
          at async Promise.all (index 1)
      at TestingInjector.resolveConstructorParams (node_modules/@nestjs/core/injector/injector.js:144:27)
      at TestingInjector.loadInstance (node_modules/@nestjs/core/injector/injector.js:70:13)
      at TestingInjector.loadProvider (node_modules/@nestjs/core/injector/injector.js:98:9)
      at node_modules/@nestjs/core/injector/instance-loader.js:56:13
          at async Promise.all (index 3)
      at TestingInstanceLoader.createInstancesOfProviders (node_modules/@nestjs/core/injector/instance-loader.js:55:9)
      at node_modules/@nestjs/core/injector/instance-loader.js:40:13
          at async Promise.all (index 1)
      at TestingInstanceLoader.createInstances (node_modules/@nestjs/core/injector/instance-loader.js:39:9)
      at TestingInstanceLoader.createInstancesOfDependencies (node_modules/@nestjs/core/injector/instance-loader.js:22:13)
      at TestingInstanceLoader.createInstancesOfDependencies (node_modules/@nestjs/testing/testing-instance-loader.js:9:9)
      at TestingModuleBuilder.createInstancesOfDependencies (node_modules/@nestjs/testing/testing-module.builder.js:118:9)
      at TestingModuleBuilder.compile (node_modules/@nestjs/testing/testing-module.builder.js:74:9)
      at Object.<anonymous> (src/modules/user-permission/user-permission.service.spec.ts:32:35)

  ● UserPermissionService › getInheritedPermissions › 应该返回空数组如果用户无角色

    Nest can't resolve dependencies of the UserPermissionService (PrismaService, ?). Please make sure that the argument NotificationService at index [1] is available in the RootTestModule context.

    Potential solutions:
    - Is RootTestModule a valid NestJS module?
    - If NotificationService is a provider, is it part of the current RootTestModule?
    - If NotificationService is exported from a separate @Module, is that module imported within RootTestModule?
      @Module({
        imports: [ /* the Module containing NotificationService */ ]
      })

      30 |
      31 |   beforeEach(async () => {
    > 32 |     const module: TestingModule = await Test.createTestingModule({
         |                                   ^
      33 |       providers: [
      34 |         UserPermissionService,
      35 |         {

      at TestingInjector.lookupComponentInParentModules (node_modules/@nestjs/core/injector/injector.js:262:19)
      at TestingInjector.resolveComponentInstance (node_modules/@nestjs/core/injector/injector.js:215:33)
      at TestingInjector.resolveComponentInstance (node_modules/@nestjs/testing/testing-injector.js:19:45)
      at resolveParam (node_modules/@nestjs/core/injector/injector.js:129:38)
          at async Promise.all (index 1)
      at TestingInjector.resolveConstructorParams (node_modules/@nestjs/core/injector/injector.js:144:27)
      at TestingInjector.loadInstance (node_modules/@nestjs/core/injector/injector.js:70:13)
      at TestingInjector.loadProvider (node_modules/@nestjs/core/injector/injector.js:98:9)
      at node_modules/@nestjs/core/injector/instance-loader.js:56:13
          at async Promise.all (index 3)
      at TestingInstanceLoader.createInstancesOfProviders (node_modules/@nestjs/core/injector/instance-loader.js:55:9)
      at node_modules/@nestjs/core/injector/instance-loader.js:40:13
          at async Promise.all (index 1)
      at TestingInstanceLoader.createInstances (node_modules/@nestjs/core/injector/instance-loader.js:39:9)
      at TestingInstanceLoader.createInstancesOfDependencies (node_modules/@nestjs/core/injector/instance-loader.js:22:13)
      at TestingInstanceLoader.createInstancesOfDependencies (node_modules/@nestjs/testing/testing-instance-loader.js:9:9)
      at TestingModuleBuilder.createInstancesOfDependencies (node_modules/@nestjs/testing/testing-module.builder.js:118:9)
      at TestingModuleBuilder.compile (node_modules/@nestjs/testing/testing-module.builder.js:74:9)
      at Object.<anonymous> (src/modules/user-permission/user-permission.service.spec.ts:32:35)

  ● UserPermissionService › getInheritedPermissions › 应该返回空数组如果用户不存在

    Nest can't resolve dependencies of the UserPermissionService (PrismaService, ?). Please make sure that the argument NotificationService at index [1] is available in the RootTestModule context.

    Potential solutions:
    - Is RootTestModule a valid NestJS module?
    - If NotificationService is a provider, is it part of the current RootTestModule?
    - If NotificationService is exported from a separate @Module, is that module imported within RootTestModule?
      @Module({
        imports: [ /* the Module containing NotificationService */ ]
      })

      30 |
      31 |   beforeEach(async () => {
    > 32 |     const module: TestingModule = await Test.createTestingModule({
         |                                   ^
      33 |       providers: [
      34 |         UserPermissionService,
      35 |         {

      at TestingInjector.lookupComponentInParentModules (node_modules/@nestjs/core/injector/injector.js:262:19)
      at TestingInjector.resolveComponentInstance (node_modules/@nestjs/core/injector/injector.js:215:33)
      at TestingInjector.resolveComponentInstance (node_modules/@nestjs/testing/testing-injector.js:19:45)
      at resolveParam (node_modules/@nestjs/core/injector/injector.js:129:38)
          at async Promise.all (index 1)
      at TestingInjector.resolveConstructorParams (node_modules/@nestjs/core/injector/injector.js:144:27)
      at TestingInjector.loadInstance (node_modules/@nestjs/core/injector/injector.js:70:13)
      at TestingInjector.loadProvider (node_modules/@nestjs/core/injector/injector.js:98:9)
      at node_modules/@nestjs/core/injector/instance-loader.js:56:13
          at async Promise.all (index 3)
      at TestingInstanceLoader.createInstancesOfProviders (node_modules/@nestjs/core/injector/instance-loader.js:55:9)
      at node_modules/@nestjs/core/injector/instance-loader.js:40:13
          at async Promise.all (index 1)
      at TestingInstanceLoader.createInstances (node_modules/@nestjs/core/injector/instance-loader.js:39:9)
      at TestingInstanceLoader.createInstancesOfDependencies (node_modules/@nestjs/core/injector/instance-loader.js:22:13)
      at TestingInstanceLoader.createInstancesOfDependencies (node_modules/@nestjs/testing/testing-instance-loader.js:9:9)
      at TestingModuleBuilder.createInstancesOfDependencies (node_modules/@nestjs/testing/testing-module.builder.js:118:9)
      at TestingModuleBuilder.compile (node_modules/@nestjs/testing/testing-module.builder.js:74:9)
      at Object.<anonymous> (src/modules/user-permission/user-permission.service.spec.ts:32:35)

  ● UserPermissionService › batchGrantMultipleUsers › 应该批量授予多个用户多个权限

    Nest can't resolve dependencies of the UserPermissionService (PrismaService, ?). Please make sure that the argument NotificationService at index [1] is available in the RootTestModule context.

    Potential solutions:
    - Is RootTestModule a valid NestJS module?
    - If NotificationService is a provider, is it part of the current RootTestModule?
    - If NotificationService is exported from a separate @Module, is that module imported within RootTestModule?
      @Module({
        imports: [ /* the Module containing NotificationService */ ]
      })

      30 |
      31 |   beforeEach(async () => {
    > 32 |     const module: TestingModule = await Test.createTestingModule({
         |                                   ^
      33 |       providers: [
      34 |         UserPermissionService,
      35 |         {

      at TestingInjector.lookupComponentInParentModules (node_modules/@nestjs/core/injector/injector.js:262:19)
      at TestingInjector.resolveComponentInstance (node_modules/@nestjs/core/injector/injector.js:215:33)
      at TestingInjector.resolveComponentInstance (node_modules/@nestjs/testing/testing-injector.js:19:45)
      at resolveParam (node_modules/@nestjs/core/injector/injector.js:129:38)
          at async Promise.all (index 1)
      at TestingInjector.resolveConstructorParams (node_modules/@nestjs/core/injector/injector.js:144:27)
      at TestingInjector.loadInstance (node_modules/@nestjs/core/injector/injector.js:70:13)
      at TestingInjector.loadProvider (node_modules/@nestjs/core/injector/injector.js:98:9)
      at node_modules/@nestjs/core/injector/instance-loader.js:56:13
          at async Promise.all (index 3)
      at TestingInstanceLoader.createInstancesOfProviders (node_modules/@nestjs/core/injector/instance-loader.js:55:9)
      at node_modules/@nestjs/core/injector/instance-loader.js:40:13
          at async Promise.all (index 1)
      at TestingInstanceLoader.createInstances (node_modules/@nestjs/core/injector/instance-loader.js:39:9)
      at TestingInstanceLoader.createInstancesOfDependencies (node_modules/@nestjs/core/injector/instance-loader.js:22:13)
      at TestingInstanceLoader.createInstancesOfDependencies (node_modules/@nestjs/testing/testing-instance-loader.js:9:9)
      at TestingModuleBuilder.createInstancesOfDependencies (node_modules/@nestjs/testing/testing-module.builder.js:118:9)
      at TestingModuleBuilder.compile (node_modules/@nestjs/testing/testing-module.builder.js:74:9)
      at Object.<anonymous> (src/modules/user-permission/user-permission.service.spec.ts:32:35)

  ● UserPermissionService › batchGrantMultipleUsers › 应该处理部分用户不存在的情况

    Nest can't resolve dependencies of the UserPermissionService (PrismaService, ?). Please make sure that the argument NotificationService at index [1] is available in the RootTestModule context.

    Potential solutions:
    - Is RootTestModule a valid NestJS module?
    - If NotificationService is a provider, is it part of the current RootTestModule?
    - If NotificationService is exported from a separate @Module, is that module imported within RootTestModule?
      @Module({
        imports: [ /* the Module containing NotificationService */ ]
      })

      30 |
      31 |   beforeEach(async () => {
    > 32 |     const module: TestingModule = await Test.createTestingModule({
         |                                   ^
      33 |       providers: [
      34 |         UserPermissionService,
      35 |         {

      at TestingInjector.lookupComponentInParentModules (node_modules/@nestjs/core/injector/injector.js:262:19)
      at TestingInjector.resolveComponentInstance (node_modules/@nestjs/core/injector/injector.js:215:33)
      at TestingInjector.resolveComponentInstance (node_modules/@nestjs/testing/testing-injector.js:19:45)
      at resolveParam (node_modules/@nestjs/core/injector/injector.js:129:38)
          at async Promise.all (index 1)
      at TestingInjector.resolveConstructorParams (node_modules/@nestjs/core/injector/injector.js:144:27)
      at TestingInjector.loadInstance (node_modules/@nestjs/core/injector/injector.js:70:13)
      at TestingInjector.loadProvider (node_modules/@nestjs/core/injector/injector.js:98:9)
      at node_modules/@nestjs/core/injector/instance-loader.js:56:13
          at async Promise.all (index 3)
      at TestingInstanceLoader.createInstancesOfProviders (node_modules/@nestjs/core/injector/instance-loader.js:55:9)
      at node_modules/@nestjs/core/injector/instance-loader.js:40:13
          at async Promise.all (index 1)
      at TestingInstanceLoader.createInstances (node_modules/@nestjs/core/injector/instance-loader.js:39:9)
      at TestingInstanceLoader.createInstancesOfDependencies (node_modules/@nestjs/core/injector/instance-loader.js:22:13)
      at TestingInstanceLoader.createInstancesOfDependencies (node_modules/@nestjs/testing/testing-instance-loader.js:9:9)
      at TestingModuleBuilder.createInstancesOfDependencies (node_modules/@nestjs/testing/testing-module.builder.js:118:9)
      at TestingModuleBuilder.compile (node_modules/@nestjs/testing/testing-module.builder.js:74:9)
      at Object.<anonymous> (src/modules/user-permission/user-permission.service.spec.ts:32:35)

  ● UserPermissionService › batchGrantMultipleUsers › 应该处理部分权限不存在的情况

    Nest can't resolve dependencies of the UserPermissionService (PrismaService, ?). Please make sure that the argument NotificationService at index [1] is available in the RootTestModule context.

    Potential solutions:
    - Is RootTestModule a valid NestJS module?
    - If NotificationService is a provider, is it part of the current RootTestModule?
    - If NotificationService is exported from a separate @Module, is that module imported within RootTestModule?
      @Module({
        imports: [ /* the Module containing NotificationService */ ]
      })

      30 |
      31 |   beforeEach(async () => {
    > 32 |     const module: TestingModule = await Test.createTestingModule({
         |                                   ^
      33 |       providers: [
      34 |         UserPermissionService,
      35 |         {

      at TestingInjector.lookupComponentInParentModules (node_modules/@nestjs/core/injector/injector.js:262:19)
      at TestingInjector.resolveComponentInstance (node_modules/@nestjs/core/injector/injector.js:215:33)
      at TestingInjector.resolveComponentInstance (node_modules/@nestjs/testing/testing-injector.js:19:45)
      at resolveParam (node_modules/@nestjs/core/injector/injector.js:129:38)
          at async Promise.all (index 1)
      at TestingInjector.resolveConstructorParams (node_modules/@nestjs/core/injector/injector.js:144:27)
      at TestingInjector.loadInstance (node_modules/@nestjs/core/injector/injector.js:70:13)
      at TestingInjector.loadProvider (node_modules/@nestjs/core/injector/injector.js:98:9)
      at node_modules/@nestjs/core/injector/instance-loader.js:56:13
          at async Promise.all (index 3)
      at TestingInstanceLoader.createInstancesOfProviders (node_modules/@nestjs/core/injector/instance-loader.js:55:9)
      at node_modules/@nestjs/core/injector/instance-loader.js:40:13
          at async Promise.all (index 1)
      at TestingInstanceLoader.createInstances (node_modules/@nestjs/core/injector/instance-loader.js:39:9)
      at TestingInstanceLoader.createInstancesOfDependencies (node_modules/@nestjs/core/injector/instance-loader.js:22:13)
      at TestingInstanceLoader.createInstancesOfDependencies (node_modules/@nestjs/testing/testing-instance-loader.js:9:9)
      at TestingModuleBuilder.createInstancesOfDependencies (node_modules/@nestjs/testing/testing-module.builder.js:118:9)
      at TestingModuleBuilder.compile (node_modules/@nestjs/testing/testing-module.builder.js:74:9)
      at Object.<anonymous> (src/modules/user-permission/user-permission.service.spec.ts:32:35)

  ● UserPermissionService › batchRevokePermissions › 应该批量撤销权限

    Nest can't resolve dependencies of the UserPermissionService (PrismaService, ?). Please make sure that the argument NotificationService at index [1] is available in the RootTestModule context.

    Potential solutions:
    - Is RootTestModule a valid NestJS module?
    - If NotificationService is a provider, is it part of the current RootTestModule?
    - If NotificationService is exported from a separate @Module, is that module imported within RootTestModule?
      @Module({
        imports: [ /* the Module containing NotificationService */ ]
      })

      30 |
      31 |   beforeEach(async () => {
    > 32 |     const module: TestingModule = await Test.createTestingModule({
         |                                   ^
      33 |       providers: [
      34 |         UserPermissionService,
      35 |         {

      at TestingInjector.lookupComponentInParentModules (node_modules/@nestjs/core/injector/injector.js:262:19)
      at TestingInjector.resolveComponentInstance (node_modules/@nestjs/core/injector/injector.js:215:33)
      at TestingInjector.resolveComponentInstance (node_modules/@nestjs/testing/testing-injector.js:19:45)
      at resolveParam (node_modules/@nestjs/core/injector/injector.js:129:38)
          at async Promise.all (index 1)
      at TestingInjector.resolveConstructorParams (node_modules/@nestjs/core/injector/injector.js:144:27)
      at TestingInjector.loadInstance (node_modules/@nestjs/core/injector/injector.js:70:13)
      at TestingInjector.loadProvider (node_modules/@nestjs/core/injector/injector.js:98:9)
      at node_modules/@nestjs/core/injector/instance-loader.js:56:13
          at async Promise.all (index 3)
      at TestingInstanceLoader.createInstancesOfProviders (node_modules/@nestjs/core/injector/instance-loader.js:55:9)
      at node_modules/@nestjs/core/injector/instance-loader.js:40:13
          at async Promise.all (index 1)
      at TestingInstanceLoader.createInstances (node_modules/@nestjs/core/injector/instance-loader.js:39:9)
      at TestingInstanceLoader.createInstancesOfDependencies (node_modules/@nestjs/core/injector/instance-loader.js:22:13)
      at TestingInstanceLoader.createInstancesOfDependencies (node_modules/@nestjs/testing/testing-instance-loader.js:9:9)
      at TestingModuleBuilder.createInstancesOfDependencies (node_modules/@nestjs/testing/testing-module.builder.js:118:9)
      at TestingModuleBuilder.compile (node_modules/@nestjs/testing/testing-module.builder.js:74:9)
      at Object.<anonymous> (src/modules/user-permission/user-permission.service.spec.ts:32:35)

  ● UserPermissionService › batchRevokePermissions › 应该处理部分权限不存在的情况

    Nest can't resolve dependencies of the UserPermissionService (PrismaService, ?). Please make sure that the argument NotificationService at index [1] is available in the RootTestModule context.

    Potential solutions:
    - Is RootTestModule a valid NestJS module?
    - If NotificationService is a provider, is it part of the current RootTestModule?
    - If NotificationService is exported from a separate @Module, is that module imported within RootTestModule?
      @Module({
        imports: [ /* the Module containing NotificationService */ ]
      })

      30 |
      31 |   beforeEach(async () => {
    > 32 |     const module: TestingModule = await Test.createTestingModule({
         |                                   ^
      33 |       providers: [
      34 |         UserPermissionService,
      35 |         {

      at TestingInjector.lookupComponentInParentModules (node_modules/@nestjs/core/injector/injector.js:262:19)
      at TestingInjector.resolveComponentInstance (node_modules/@nestjs/core/injector/injector.js:215:33)
      at TestingInjector.resolveComponentInstance (node_modules/@nestjs/testing/testing-injector.js:19:45)
      at resolveParam (node_modules/@nestjs/core/injector/injector.js:129:38)
          at async Promise.all (index 1)
      at TestingInjector.resolveConstructorParams (node_modules/@nestjs/core/injector/injector.js:144:27)
      at TestingInjector.loadInstance (node_modules/@nestjs/core/injector/injector.js:70:13)
      at TestingInjector.loadProvider (node_modules/@nestjs/core/injector/injector.js:98:9)
      at node_modules/@nestjs/core/injector/instance-loader.js:56:13
          at async Promise.all (index 3)
      at TestingInstanceLoader.createInstancesOfProviders (node_modules/@nestjs/core/injector/instance-loader.js:55:9)
      at node_modules/@nestjs/core/injector/instance-loader.js:40:13
          at async Promise.all (index 1)
      at TestingInstanceLoader.createInstances (node_modules/@nestjs/core/injector/instance-loader.js:39:9)
      at TestingInstanceLoader.createInstancesOfDependencies (node_modules/@nestjs/core/injector/instance-loader.js:22:13)
      at TestingInstanceLoader.createInstancesOfDependencies (node_modules/@nestjs/testing/testing-instance-loader.js:9:9)
      at TestingModuleBuilder.createInstancesOfDependencies (node_modules/@nestjs/testing/testing-module.builder.js:118:9)
      at TestingModuleBuilder.compile (node_modules/@nestjs/testing/testing-module.builder.js:74:9)
      at Object.<anonymous> (src/modules/user-permission/user-permission.service.spec.ts:32:35)

FAIL test/role.e2e-spec.ts
  ● Role Management (e2e) › User表roleId外键 › 应该允许User关联Role

    TypeError: Cannot read properties of null (reading 'id')

      269 |         const updated = await prisma.user.update({
      270 |           where: { id: user.id },
    > 271 |           data: { roleId: role!.id }
          |                                 ^
      272 |         });
      273 |
      274 |         expect(updated.roleId).toBe(role!.id);

      at Object.<anonymous> (test/role.e2e-spec.ts:271:33)

FAIL src/modules/deviation/deviation.service.spec.ts
  ● DeviationService - detectDeviations › 应该检测到范围公差偏离（高于最大值）

    Nest can't resolve dependencies of the DeviationService (PrismaService, ?). Please make sure that the argument ApprovalService at index [1] is available in the RootTestModule context.

    Potential solutions:
    - Is RootTestModule a valid NestJS module?
    - If ApprovalService is a provider, is it part of the current RootTestModule?
    - If ApprovalService is exported from a separate @Module, is that module imported within RootTestModule?
      @Module({
        imports: [ /* the Module containing ApprovalService */ ]
      })

      13 |
      14 |   beforeEach(async () => {
    > 15 |     const module: TestingModule = await Test.createTestingModule({
         |                                   ^
      16 |       providers: [DeviationService, { provide: PrismaService, useValue: mockPrismaService }],
      17 |     }).compile();
      18 |

      at TestingInjector.lookupComponentInParentModules (node_modules/@nestjs/core/injector/injector.js:262:19)
      at TestingInjector.resolveComponentInstance (node_modules/@nestjs/core/injector/injector.js:215:33)
      at TestingInjector.resolveComponentInstance (node_modules/@nestjs/testing/testing-injector.js:19:45)
      at resolveParam (node_modules/@nestjs/core/injector/injector.js:129:38)
          at async Promise.all (index 1)
      at TestingInjector.resolveConstructorParams (node_modules/@nestjs/core/injector/injector.js:144:27)
      at TestingInjector.loadInstance (node_modules/@nestjs/core/injector/injector.js:70:13)
      at TestingInjector.loadProvider (node_modules/@nestjs/core/injector/injector.js:98:9)
      at node_modules/@nestjs/core/injector/instance-loader.js:56:13
          at async Promise.all (index 3)
      at TestingInstanceLoader.createInstancesOfProviders (node_modules/@nestjs/core/injector/instance-loader.js:55:9)
      at node_modules/@nestjs/core/injector/instance-loader.js:40:13
          at async Promise.all (index 1)
      at TestingInstanceLoader.createInstances (node_modules/@nestjs/core/injector/instance-loader.js:39:9)
      at TestingInstanceLoader.createInstancesOfDependencies (node_modules/@nestjs/core/injector/instance-loader.js:22:13)
      at TestingInstanceLoader.createInstancesOfDependencies (node_modules/@nestjs/testing/testing-instance-loader.js:9:9)
      at TestingModuleBuilder.createInstancesOfDependencies (node_modules/@nestjs/testing/testing-module.builder.js:118:9)
      at TestingModuleBuilder.compile (node_modules/@nestjs/testing/testing-module.builder.js:74:9)
      at Object.<anonymous> (src/modules/deviation/deviation.service.spec.ts:15:35)

  ● DeviationService - detectDeviations › 应该检测到范围公差偏离（低于最小值）

    Nest can't resolve dependencies of the DeviationService (PrismaService, ?). Please make sure that the argument ApprovalService at index [1] is available in the RootTestModule context.

    Potential solutions:
    - Is RootTestModule a valid NestJS module?
    - If ApprovalService is a provider, is it part of the current RootTestModule?
    - If ApprovalService is exported from a separate @Module, is that module imported within RootTestModule?
      @Module({
        imports: [ /* the Module containing ApprovalService */ ]
      })

      13 |
      14 |   beforeEach(async () => {
    > 15 |     const module: TestingModule = await Test.createTestingModule({
         |                                   ^
      16 |       providers: [DeviationService, { provide: PrismaService, useValue: mockPrismaService }],
      17 |     }).compile();
      18 |

      at TestingInjector.lookupComponentInParentModules (node_modules/@nestjs/core/injector/injector.js:262:19)
      at TestingInjector.resolveComponentInstance (node_modules/@nestjs/core/injector/injector.js:215:33)
      at TestingInjector.resolveComponentInstance (node_modules/@nestjs/testing/testing-injector.js:19:45)
      at resolveParam (node_modules/@nestjs/core/injector/injector.js:129:38)
          at async Promise.all (index 1)
      at TestingInjector.resolveConstructorParams (node_modules/@nestjs/core/injector/injector.js:144:27)
      at TestingInjector.loadInstance (node_modules/@nestjs/core/injector/injector.js:70:13)
      at TestingInjector.loadProvider (node_modules/@nestjs/core/injector/injector.js:98:9)
      at node_modules/@nestjs/core/injector/instance-loader.js:56:13
          at async Promise.all (index 3)
      at TestingInstanceLoader.createInstancesOfProviders (node_modules/@nestjs/core/injector/instance-loader.js:55:9)
      at node_modules/@nestjs/core/injector/instance-loader.js:40:13
          at async Promise.all (index 1)
      at TestingInstanceLoader.createInstances (node_modules/@nestjs/core/injector/instance-loader.js:39:9)
      at TestingInstanceLoader.createInstancesOfDependencies (node_modules/@nestjs/core/injector/instance-loader.js:22:13)
      at TestingInstanceLoader.createInstancesOfDependencies (node_modules/@nestjs/testing/testing-instance-loader.js:9:9)
      at TestingModuleBuilder.createInstancesOfDependencies (node_modules/@nestjs/testing/testing-module.builder.js:118:9)
      at TestingModuleBuilder.compile (node_modules/@nestjs/testing/testing-module.builder.js:74:9)
      at Object.<anonymous> (src/modules/deviation/deviation.service.spec.ts:15:35)

  ● DeviationService - detectDeviations › 应该在正常范围内不检测偏离

    Nest can't resolve dependencies of the DeviationService (PrismaService, ?). Please make sure that the argument ApprovalService at index [1] is available in the RootTestModule context.

    Potential solutions:
    - Is RootTestModule a valid NestJS module?
    - If ApprovalService is a provider, is it part of the current RootTestModule?
    - If ApprovalService is exported from a separate @Module, is that module imported within RootTestModule?
      @Module({
        imports: [ /* the Module containing ApprovalService */ ]
      })

      13 |
      14 |   beforeEach(async () => {
    > 15 |     const module: TestingModule = await Test.createTestingModule({
         |                                   ^
      16 |       providers: [DeviationService, { provide: PrismaService, useValue: mockPrismaService }],
      17 |     }).compile();
      18 |

      at TestingInjector.lookupComponentInParentModules (node_modules/@nestjs/core/injector/injector.js:262:19)
      at TestingInjector.resolveComponentInstance (node_modules/@nestjs/core/injector/injector.js:215:33)
      at TestingInjector.resolveComponentInstance (node_modules/@nestjs/testing/testing-injector.js:19:45)
      at resolveParam (node_modules/@nestjs/core/injector/injector.js:129:38)
          at async Promise.all (index 1)
      at TestingInjector.resolveConstructorParams (node_modules/@nestjs/core/injector/injector.js:144:27)
      at TestingInjector.loadInstance (node_modules/@nestjs/core/injector/injector.js:70:13)
      at TestingInjector.loadProvider (node_modules/@nestjs/core/injector/injector.js:98:9)
      at node_modules/@nestjs/core/injector/instance-loader.js:56:13
          at async Promise.all (index 3)
      at TestingInstanceLoader.createInstancesOfProviders (node_modules/@nestjs/core/injector/instance-loader.js:55:9)
      at node_modules/@nestjs/core/injector/instance-loader.js:40:13
          at async Promise.all (index 1)
      at TestingInstanceLoader.createInstances (node_modules/@nestjs/core/injector/instance-loader.js:39:9)
      at TestingInstanceLoader.createInstancesOfDependencies (node_modules/@nestjs/core/injector/instance-loader.js:22:13)
      at TestingInstanceLoader.createInstancesOfDependencies (node_modules/@nestjs/testing/testing-instance-loader.js:9:9)
      at TestingModuleBuilder.createInstancesOfDependencies (node_modules/@nestjs/testing/testing-module.builder.js:118:9)
      at TestingModuleBuilder.compile (node_modules/@nestjs/testing/testing-module.builder.js:74:9)
      at Object.<anonymous> (src/modules/deviation/deviation.service.spec.ts:15:35)

  ● DeviationService - detectDeviations › 应该检测到百分比公差偏离

    Nest can't resolve dependencies of the DeviationService (PrismaService, ?). Please make sure that the argument ApprovalService at index [1] is available in the RootTestModule context.

    Potential solutions:
    - Is RootTestModule a valid NestJS module?
    - If ApprovalService is a provider, is it part of the current RootTestModule?
    - If ApprovalService is exported from a separate @Module, is that module imported within RootTestModule?
      @Module({
        imports: [ /* the Module containing ApprovalService */ ]
      })

      13 |
      14 |   beforeEach(async () => {
    > 15 |     const module: TestingModule = await Test.createTestingModule({
         |                                   ^
      16 |       providers: [DeviationService, { provide: PrismaService, useValue: mockPrismaService }],
      17 |     }).compile();
      18 |

      at TestingInjector.lookupComponentInParentModules (node_modules/@nestjs/core/injector/injector.js:262:19)
      at TestingInjector.resolveComponentInstance (node_modules/@nestjs/core/injector/injector.js:215:33)
      at TestingInjector.resolveComponentInstance (node_modules/@nestjs/testing/testing-injector.js:19:45)
      at resolveParam (node_modules/@nestjs/core/injector/injector.js:129:38)
          at async Promise.all (index 1)
      at TestingInjector.resolveConstructorParams (node_modules/@nestjs/core/injector/injector.js:144:27)
      at TestingInjector.loadInstance (node_modules/@nestjs/core/injector/injector.js:70:13)
      at TestingInjector.loadProvider (node_modules/@nestjs/core/injector/injector.js:98:9)
      at node_modules/@nestjs/core/injector/instance-loader.js:56:13
          at async Promise.all (index 3)
      at TestingInstanceLoader.createInstancesOfProviders (node_modules/@nestjs/core/injector/instance-loader.js:55:9)
      at node_modules/@nestjs/core/injector/instance-loader.js:40:13
          at async Promise.all (index 1)
      at TestingInstanceLoader.createInstances (node_modules/@nestjs/core/injector/instance-loader.js:39:9)
      at TestingInstanceLoader.createInstancesOfDependencies (node_modules/@nestjs/core/injector/instance-loader.js:22:13)
      at TestingInstanceLoader.createInstancesOfDependencies (node_modules/@nestjs/testing/testing-instance-loader.js:9:9)
      at TestingModuleBuilder.createInstancesOfDependencies (node_modules/@nestjs/testing/testing-module.builder.js:118:9)
      at TestingModuleBuilder.compile (node_modules/@nestjs/testing/testing-module.builder.js:74:9)
      at Object.<anonymous> (src/modules/deviation/deviation.service.spec.ts:15:35)

  ● DeviationService - detectDeviations › 应该跳过非数字字段

    Nest can't resolve dependencies of the DeviationService (PrismaService, ?). Please make sure that the argument ApprovalService at index [1] is available in the RootTestModule context.

    Potential solutions:
    - Is RootTestModule a valid NestJS module?
    - If ApprovalService is a provider, is it part of the current RootTestModule?
    - If ApprovalService is exported from a separate @Module, is that module imported within RootTestModule?
      @Module({
        imports: [ /* the Module containing ApprovalService */ ]
      })

      13 |
      14 |   beforeEach(async () => {
    > 15 |     const module: TestingModule = await Test.createTestingModule({
         |                                   ^
      16 |       providers: [DeviationService, { provide: PrismaService, useValue: mockPrismaService }],
      17 |     }).compile();
      18 |

      at TestingInjector.lookupComponentInParentModules (node_modules/@nestjs/core/injector/injector.js:262:19)
      at TestingInjector.resolveComponentInstance (node_modules/@nestjs/core/injector/injector.js:215:33)
      at TestingInjector.resolveComponentInstance (node_modules/@nestjs/testing/testing-injector.js:19:45)
      at resolveParam (node_modules/@nestjs/core/injector/injector.js:129:38)
          at async Promise.all (index 1)
      at TestingInjector.resolveConstructorParams (node_modules/@nestjs/core/injector/injector.js:144:27)
      at TestingInjector.loadInstance (node_modules/@nestjs/core/injector/injector.js:70:13)
      at TestingInjector.loadProvider (node_modules/@nestjs/core/injector/injector.js:98:9)
      at node_modules/@nestjs/core/injector/instance-loader.js:56:13
          at async Promise.all (index 3)
      at TestingInstanceLoader.createInstancesOfProviders (node_modules/@nestjs/core/injector/instance-loader.js:55:9)
      at node_modules/@nestjs/core/injector/instance-loader.js:40:13
          at async Promise.all (index 1)
      at TestingInstanceLoader.createInstances (node_modules/@nestjs/core/injector/instance-loader.js:39:9)
      at TestingInstanceLoader.createInstancesOfDependencies (node_modules/@nestjs/core/injector/instance-loader.js:22:13)
      at TestingInstanceLoader.createInstancesOfDependencies (node_modules/@nestjs/testing/testing-instance-loader.js:9:9)
      at TestingModuleBuilder.createInstancesOfDependencies (node_modules/@nestjs/testing/testing-module.builder.js:118:9)
      at TestingModuleBuilder.compile (node_modules/@nestjs/testing/testing-module.builder.js:74:9)
      at Object.<anonymous> (src/modules/deviation/deviation.service.spec.ts:15:35)

  ● DeviationService - detectDeviations › 应该跳过没有公差的数字字段

    Nest can't resolve dependencies of the DeviationService (PrismaService, ?). Please make sure that the argument ApprovalService at index [1] is available in the RootTestModule context.

    Potential solutions:
    - Is RootTestModule a valid NestJS module?
    - If ApprovalService is a provider, is it part of the current RootTestModule?
    - If ApprovalService is exported from a separate @Module, is that module imported within RootTestModule?
      @Module({
        imports: [ /* the Module containing ApprovalService */ ]
      })

      13 |
      14 |   beforeEach(async () => {
    > 15 |     const module: TestingModule = await Test.createTestingModule({
         |                                   ^
      16 |       providers: [DeviationService, { provide: PrismaService, useValue: mockPrismaService }],
      17 |     }).compile();
      18 |

      at TestingInjector.lookupComponentInParentModules (node_modules/@nestjs/core/injector/injector.js:262:19)
      at TestingInjector.resolveComponentInstance (node_modules/@nestjs/core/injector/injector.js:215:33)
      at TestingInjector.resolveComponentInstance (node_modules/@nestjs/testing/testing-injector.js:19:45)
      at resolveParam (node_modules/@nestjs/core/injector/injector.js:129:38)
          at async Promise.all (index 1)
      at TestingInjector.resolveConstructorParams (node_modules/@nestjs/core/injector/injector.js:144:27)
      at TestingInjector.loadInstance (node_modules/@nestjs/core/injector/injector.js:70:13)
      at TestingInjector.loadProvider (node_modules/@nestjs/core/injector/injector.js:98:9)
      at node_modules/@nestjs/core/injector/instance-loader.js:56:13
          at async Promise.all (index 3)
      at TestingInstanceLoader.createInstancesOfProviders (node_modules/@nestjs/core/injector/instance-loader.js:55:9)
      at node_modules/@nestjs/core/injector/instance-loader.js:40:13
          at async Promise.all (index 1)
      at TestingInstanceLoader.createInstances (node_modules/@nestjs/core/injector/instance-loader.js:39:9)
      at TestingInstanceLoader.createInstancesOfDependencies (node_modules/@nestjs/core/injector/instance-loader.js:22:13)
      at TestingInstanceLoader.createInstancesOfDependencies (node_modules/@nestjs/testing/testing-instance-loader.js:9:9)
      at TestingModuleBuilder.createInstancesOfDependencies (node_modules/@nestjs/testing/testing-module.builder.js:118:9)
      at TestingModuleBuilder.compile (node_modules/@nestjs/testing/testing-module.builder.js:74:9)
      at Object.<anonymous> (src/modules/deviation/deviation.service.spec.ts:15:35)

  ● DeviationService - detectDeviations › 应该跳过 undefined 或 null 的值

    Nest can't resolve dependencies of the DeviationService (PrismaService, ?). Please make sure that the argument ApprovalService at index [1] is available in the RootTestModule context.

    Potential solutions:
    - Is RootTestModule a valid NestJS module?
    - If ApprovalService is a provider, is it part of the current RootTestModule?
    - If ApprovalService is exported from a separate @Module, is that module imported within RootTestModule?
      @Module({
        imports: [ /* the Module containing ApprovalService */ ]
      })

      13 |
      14 |   beforeEach(async () => {
    > 15 |     const module: TestingModule = await Test.createTestingModule({
         |                                   ^
      16 |       providers: [DeviationService, { provide: PrismaService, useValue: mockPrismaService }],
      17 |     }).compile();
      18 |

      at TestingInjector.lookupComponentInParentModules (node_modules/@nestjs/core/injector/injector.js:262:19)
      at TestingInjector.resolveComponentInstance (node_modules/@nestjs/core/injector/injector.js:215:33)
      at TestingInjector.resolveComponentInstance (node_modules/@nestjs/testing/testing-injector.js:19:45)
      at resolveParam (node_modules/@nestjs/core/injector/injector.js:129:38)
          at async Promise.all (index 1)
      at TestingInjector.resolveConstructorParams (node_modules/@nestjs/core/injector/injector.js:144:27)
      at TestingInjector.loadInstance (node_modules/@nestjs/core/injector/injector.js:70:13)
      at TestingInjector.loadProvider (node_modules/@nestjs/core/injector/injector.js:98:9)
      at node_modules/@nestjs/core/injector/instance-loader.js:56:13
          at async Promise.all (index 3)
      at TestingInstanceLoader.createInstancesOfProviders (node_modules/@nestjs/core/injector/instance-loader.js:55:9)
      at node_modules/@nestjs/core/injector/instance-loader.js:40:13
          at async Promise.all (index 1)
      at TestingInstanceLoader.createInstances (node_modules/@nestjs/core/injector/instance-loader.js:39:9)
      at TestingInstanceLoader.createInstancesOfDependencies (node_modules/@nestjs/core/injector/instance-loader.js:22:13)
      at TestingInstanceLoader.createInstancesOfDependencies (node_modules/@nestjs/testing/testing-instance-loader.js:9:9)
      at TestingModuleBuilder.createInstancesOfDependencies (node_modules/@nestjs/testing/testing-module.builder.js:118:9)
      at TestingModuleBuilder.compile (node_modules/@nestjs/testing/testing-module.builder.js:74:9)
      at Object.<anonymous> (src/modules/deviation/deviation.service.spec.ts:15:35)

  ● DeviationService - detectDeviations › calculateDeviationRate 应该在期望值为0时返回0

    Nest can't resolve dependencies of the DeviationService (PrismaService, ?). Please make sure that the argument ApprovalService at index [1] is available in the RootTestModule context.

    Potential solutions:
    - Is RootTestModule a valid NestJS module?
    - If ApprovalService is a provider, is it part of the current RootTestModule?
    - If ApprovalService is exported from a separate @Module, is that module imported within RootTestModule?
      @Module({
        imports: [ /* the Module containing ApprovalService */ ]
      })

      13 |
      14 |   beforeEach(async () => {
    > 15 |     const module: TestingModule = await Test.createTestingModule({
         |                                   ^
      16 |       providers: [DeviationService, { provide: PrismaService, useValue: mockPrismaService }],
      17 |     }).compile();
      18 |

      at TestingInjector.lookupComponentInParentModules (node_modules/@nestjs/core/injector/injector.js:262:19)
      at TestingInjector.resolveComponentInstance (node_modules/@nestjs/core/injector/injector.js:215:33)
      at TestingInjector.resolveComponentInstance (node_modules/@nestjs/testing/testing-injector.js:19:45)
      at resolveParam (node_modules/@nestjs/core/injector/injector.js:129:38)
          at async Promise.all (index 1)
      at TestingInjector.resolveConstructorParams (node_modules/@nestjs/core/injector/injector.js:144:27)
      at TestingInjector.loadInstance (node_modules/@nestjs/core/injector/injector.js:70:13)
      at TestingInjector.loadProvider (node_modules/@nestjs/core/injector/injector.js:98:9)
      at node_modules/@nestjs/core/injector/instance-loader.js:56:13
          at async Promise.all (index 3)
      at TestingInstanceLoader.createInstancesOfProviders (node_modules/@nestjs/core/injector/instance-loader.js:55:9)
      at node_modules/@nestjs/core/injector/instance-loader.js:40:13
          at async Promise.all (index 1)
      at TestingInstanceLoader.createInstances (node_modules/@nestjs/core/injector/instance-loader.js:39:9)
      at TestingInstanceLoader.createInstancesOfDependencies (node_modules/@nestjs/core/injector/instance-loader.js:22:13)
      at TestingInstanceLoader.createInstancesOfDependencies (node_modules/@nestjs/testing/testing-instance-loader.js:9:9)
      at TestingModuleBuilder.createInstancesOfDependencies (node_modules/@nestjs/testing/testing-module.builder.js:118:9)
      at TestingModuleBuilder.compile (node_modules/@nestjs/testing/testing-module.builder.js:74:9)
      at Object.<anonymous> (src/modules/deviation/deviation.service.spec.ts:15:35)

  ● DeviationService - detectDeviations › calculateDeviationRate 应该正确计算偏离率

    Nest can't resolve dependencies of the DeviationService (PrismaService, ?). Please make sure that the argument ApprovalService at index [1] is available in the RootTestModule context.

    Potential solutions:
    - Is RootTestModule a valid NestJS module?
    - If ApprovalService is a provider, is it part of the current RootTestModule?
    - If ApprovalService is exported from a separate @Module, is that module imported within RootTestModule?
      @Module({
        imports: [ /* the Module containing ApprovalService */ ]
      })

      13 |
      14 |   beforeEach(async () => {
    > 15 |     const module: TestingModule = await Test.createTestingModule({
         |                                   ^
      16 |       providers: [DeviationService, { provide: PrismaService, useValue: mockPrismaService }],
      17 |     }).compile();
      18 |

      at TestingInjector.lookupComponentInParentModules (node_modules/@nestjs/core/injector/injector.js:262:19)
      at TestingInjector.resolveComponentInstance (node_modules/@nestjs/core/injector/injector.js:215:33)
      at TestingInjector.resolveComponentInstance (node_modules/@nestjs/testing/testing-injector.js:19:45)
      at resolveParam (node_modules/@nestjs/core/injector/injector.js:129:38)
          at async Promise.all (index 1)
      at TestingInjector.resolveConstructorParams (node_modules/@nestjs/core/injector/injector.js:144:27)
      at TestingInjector.loadInstance (node_modules/@nestjs/core/injector/injector.js:70:13)
      at TestingInjector.loadProvider (node_modules/@nestjs/core/injector/injector.js:98:9)
      at node_modules/@nestjs/core/injector/instance-loader.js:56:13
          at async Promise.all (index 3)
      at TestingInstanceLoader.createInstancesOfProviders (node_modules/@nestjs/core/injector/instance-loader.js:55:9)
      at node_modules/@nestjs/core/injector/instance-loader.js:40:13
          at async Promise.all (index 1)
      at TestingInstanceLoader.createInstances (node_modules/@nestjs/core/injector/instance-loader.js:39:9)
      at TestingInstanceLoader.createInstancesOfDependencies (node_modules/@nestjs/core/injector/instance-loader.js:22:13)
      at TestingInstanceLoader.createInstancesOfDependencies (node_modules/@nestjs/testing/testing-instance-loader.js:9:9)
      at TestingModuleBuilder.createInstancesOfDependencies (node_modules/@nestjs/testing/testing-module.builder.js:118:9)
      at TestingModuleBuilder.compile (node_modules/@nestjs/testing/testing-module.builder.js:74:9)
      at Object.<anonymous> (src/modules/deviation/deviation.service.spec.ts:15:35)

  ● DeviationService - createDeviationReports › 应该成功创建偏离报告

    Nest can't resolve dependencies of the DeviationService (PrismaService, ?). Please make sure that the argument ApprovalService at index [1] is available in the RootTestModule context.

    Potential solutions:
    - Is RootTestModule a valid NestJS module?
    - If ApprovalService is a provider, is it part of the current RootTestModule?
    - If ApprovalService is exported from a separate @Module, is that module imported within RootTestModule?
      @Module({
        imports: [ /* the Module containing ApprovalService */ ]
      })

      169 |
      170 |   beforeEach(async () => {
    > 171 |     const module: TestingModule = await Test.createTestingModule({
          |                                   ^
      172 |       providers: [DeviationService, { provide: PrismaService, useValue: mockPrismaService }],
      173 |     }).compile();
      174 |

      at TestingInjector.lookupComponentInParentModules (node_modules/@nestjs/core/injector/injector.js:262:19)
      at TestingInjector.resolveComponentInstance (node_modules/@nestjs/core/injector/injector.js:215:33)
      at TestingInjector.resolveComponentInstance (node_modules/@nestjs/testing/testing-injector.js:19:45)
      at resolveParam (node_modules/@nestjs/core/injector/injector.js:129:38)
          at async Promise.all (index 1)
      at TestingInjector.resolveConstructorParams (node_modules/@nestjs/core/injector/injector.js:144:27)
      at TestingInjector.loadInstance (node_modules/@nestjs/core/injector/injector.js:70:13)
      at TestingInjector.loadProvider (node_modules/@nestjs/core/injector/injector.js:98:9)
      at node_modules/@nestjs/core/injector/instance-loader.js:56:13
          at async Promise.all (index 3)
      at TestingInstanceLoader.createInstancesOfProviders (node_modules/@nestjs/core/injector/instance-loader.js:55:9)
      at node_modules/@nestjs/core/injector/instance-loader.js:40:13
          at async Promise.all (index 1)
      at TestingInstanceLoader.createInstances (node_modules/@nestjs/core/injector/instance-loader.js:39:9)
      at TestingInstanceLoader.createInstancesOfDependencies (node_modules/@nestjs/core/injector/instance-loader.js:22:13)
      at TestingInstanceLoader.createInstancesOfDependencies (node_modules/@nestjs/testing/testing-instance-loader.js:9:9)
      at TestingModuleBuilder.createInstancesOfDependencies (node_modules/@nestjs/testing/testing-module.builder.js:118:9)
      at TestingModuleBuilder.compile (node_modules/@nestjs/testing/testing-module.builder.js:74:9)
      at Object.<anonymous> (src/modules/deviation/deviation.service.spec.ts:171:35)

  ● DeviationService - createDeviationReports › 应该在缺少偏离原因时抛出异常

    Nest can't resolve dependencies of the DeviationService (PrismaService, ?). Please make sure that the argument ApprovalService at index [1] is available in the RootTestModule context.

    Potential solutions:
    - Is RootTestModule a valid NestJS module?
    - If ApprovalService is a provider, is it part of the current RootTestModule?
    - If ApprovalService is exported from a separate @Module, is that module imported within RootTestModule?
      @Module({
        imports: [ /* the Module containing ApprovalService */ ]
      })

      169 |
      170 |   beforeEach(async () => {
    > 171 |     const module: TestingModule = await Test.createTestingModule({
          |                                   ^
      172 |       providers: [DeviationService, { provide: PrismaService, useValue: mockPrismaService }],
      173 |     }).compile();
      174 |

      at TestingInjector.lookupComponentInParentModules (node_modules/@nestjs/core/injector/injector.js:262:19)
      at TestingInjector.resolveComponentInstance (node_modules/@nestjs/core/injector/injector.js:215:33)
      at TestingInjector.resolveComponentInstance (node_modules/@nestjs/testing/testing-injector.js:19:45)
      at resolveParam (node_modules/@nestjs/core/injector/injector.js:129:38)
          at async Promise.all (index 1)
      at TestingInjector.resolveConstructorParams (node_modules/@nestjs/core/injector/injector.js:144:27)
      at TestingInjector.loadInstance (node_modules/@nestjs/core/injector/injector.js:70:13)
      at TestingInjector.loadProvider (node_modules/@nestjs/core/injector/injector.js:98:9)
      at node_modules/@nestjs/core/injector/instance-loader.js:56:13
          at async Promise.all (index 3)
      at TestingInstanceLoader.createInstancesOfProviders (node_modules/@nestjs/core/injector/instance-loader.js:55:9)
      at node_modules/@nestjs/core/injector/instance-loader.js:40:13
          at async Promise.all (index 1)
      at TestingInstanceLoader.createInstances (node_modules/@nestjs/core/injector/instance-loader.js:39:9)
      at TestingInstanceLoader.createInstancesOfDependencies (node_modules/@nestjs/core/injector/instance-loader.js:22:13)
      at TestingInstanceLoader.createInstancesOfDependencies (node_modules/@nestjs/testing/testing-instance-loader.js:9:9)
      at TestingModuleBuilder.createInstancesOfDependencies (node_modules/@nestjs/testing/testing-module.builder.js:118:9)
      at TestingModuleBuilder.compile (node_modules/@nestjs/testing/testing-module.builder.js:74:9)
      at Object.<anonymous> (src/modules/deviation/deviation.service.spec.ts:171:35)

  ● DeviationService - createDeviationReports › 应该在偏离原因过短时抛出异常

    Nest can't resolve dependencies of the DeviationService (PrismaService, ?). Please make sure that the argument ApprovalService at index [1] is available in the RootTestModule context.

    Potential solutions:
    - Is RootTestModule a valid NestJS module?
    - If ApprovalService is a provider, is it part of the current RootTestModule?
    - If ApprovalService is exported from a separate @Module, is that module imported within RootTestModule?
      @Module({
        imports: [ /* the Module containing ApprovalService */ ]
      })

      169 |
      170 |   beforeEach(async () => {
    > 171 |     const module: TestingModule = await Test.createTestingModule({
          |                                   ^
      172 |       providers: [DeviationService, { provide: PrismaService, useValue: mockPrismaService }],
      173 |     }).compile();
      174 |

      at TestingInjector.lookupComponentInParentModules (node_modules/@nestjs/core/injector/injector.js:262:19)
      at TestingInjector.resolveComponentInstance (node_modules/@nestjs/core/injector/injector.js:215:33)
      at TestingInjector.resolveComponentInstance (node_modules/@nestjs/testing/testing-injector.js:19:45)
      at resolveParam (node_modules/@nestjs/core/injector/injector.js:129:38)
          at async Promise.all (index 1)
      at TestingInjector.resolveConstructorParams (node_modules/@nestjs/core/injector/injector.js:144:27)
      at TestingInjector.loadInstance (node_modules/@nestjs/core/injector/injector.js:70:13)
      at TestingInjector.loadProvider (node_modules/@nestjs/core/injector/injector.js:98:9)
      at node_modules/@nestjs/core/injector/instance-loader.js:56:13
          at async Promise.all (index 3)
      at TestingInstanceLoader.createInstancesOfProviders (node_modules/@nestjs/core/injector/instance-loader.js:55:9)
      at node_modules/@nestjs/core/injector/instance-loader.js:40:13
          at async Promise.all (index 1)
      at TestingInstanceLoader.createInstances (node_modules/@nestjs/core/injector/instance-loader.js:39:9)
      at TestingInstanceLoader.createInstancesOfDependencies (node_modules/@nestjs/core/injector/instance-loader.js:22:13)
      at TestingInstanceLoader.createInstancesOfDependencies (node_modules/@nestjs/testing/testing-instance-loader.js:9:9)
      at TestingModuleBuilder.createInstancesOfDependencies (node_modules/@nestjs/testing/testing-module.builder.js:118:9)
      at TestingModuleBuilder.compile (node_modules/@nestjs/testing/testing-module.builder.js:74:9)
      at Object.<anonymous> (src/modules/deviation/deviation.service.spec.ts:171:35)

  ● DeviationService - createDeviationReports › 应该在偏离原因过长时抛出异常

    Nest can't resolve dependencies of the DeviationService (PrismaService, ?). Please make sure that the argument ApprovalService at index [1] is available in the RootTestModule context.

    Potential solutions:
    - Is RootTestModule a valid NestJS module?
    - If ApprovalService is a provider, is it part of the current RootTestModule?
    - If ApprovalService is exported from a separate @Module, is that module imported within RootTestModule?
      @Module({
        imports: [ /* the Module containing ApprovalService */ ]
      })

      169 |
      170 |   beforeEach(async () => {
    > 171 |     const module: TestingModule = await Test.createTestingModule({
          |                                   ^
      172 |       providers: [DeviationService, { provide: PrismaService, useValue: mockPrismaService }],
      173 |     }).compile();
      174 |

      at TestingInjector.lookupComponentInParentModules (node_modules/@nestjs/core/injector/injector.js:262:19)
      at TestingInjector.resolveComponentInstance (node_modules/@nestjs/core/injector/injector.js:215:33)
      at TestingInjector.resolveComponentInstance (node_modules/@nestjs/testing/testing-injector.js:19:45)
      at resolveParam (node_modules/@nestjs/core/injector/injector.js:129:38)
          at async Promise.all (index 1)
      at TestingInjector.resolveConstructorParams (node_modules/@nestjs/core/injector/injector.js:144:27)
      at TestingInjector.loadInstance (node_modules/@nestjs/core/injector/injector.js:70:13)
      at TestingInjector.loadProvider (node_modules/@nestjs/core/injector/injector.js:98:9)
      at node_modules/@nestjs/core/injector/instance-loader.js:56:13
          at async Promise.all (index 3)
      at TestingInstanceLoader.createInstancesOfProviders (node_modules/@nestjs/core/injector/instance-loader.js:55:9)
      at node_modules/@nestjs/core/injector/instance-loader.js:40:13
          at async Promise.all (index 1)
      at TestingInstanceLoader.createInstances (node_modules/@nestjs/core/injector/instance-loader.js:39:9)
      at TestingInstanceLoader.createInstancesOfDependencies (node_modules/@nestjs/core/injector/instance-loader.js:22:13)
      at TestingInstanceLoader.createInstancesOfDependencies (node_modules/@nestjs/testing/testing-instance-loader.js:9:9)
      at TestingModuleBuilder.createInstancesOfDependencies (node_modules/@nestjs/testing/testing-module.builder.js:118:9)
      at TestingModuleBuilder.compile (node_modules/@nestjs/testing/testing-module.builder.js:74:9)
      at Object.<anonymous> (src/modules/deviation/deviation.service.spec.ts:171:35)

  ● DeviationService - findDeviationReports › 应该成功查询偏离报告列表

    Nest can't resolve dependencies of the DeviationService (PrismaService, ?). Please make sure that the argument ApprovalService at index [1] is available in the RootTestModule context.

    Potential solutions:
    - Is RootTestModule a valid NestJS module?
    - If ApprovalService is a provider, is it part of the current RootTestModule?
    - If ApprovalService is exported from a separate @Module, is that module imported within RootTestModule?
      @Module({
        imports: [ /* the Module containing ApprovalService */ ]
      })

      297 |
      298 |   beforeEach(async () => {
    > 299 |     const module: TestingModule = await Test.createTestingModule({
          |                                   ^
      300 |       providers: [DeviationService, { provide: PrismaService, useValue: mockPrismaService }],
      301 |     }).compile();
      302 |

      at TestingInjector.lookupComponentInParentModules (node_modules/@nestjs/core/injector/injector.js:262:19)
      at TestingInjector.resolveComponentInstance (node_modules/@nestjs/core/injector/injector.js:215:33)
      at TestingInjector.resolveComponentInstance (node_modules/@nestjs/testing/testing-injector.js:19:45)
      at resolveParam (node_modules/@nestjs/core/injector/injector.js:129:38)
          at async Promise.all (index 1)
      at TestingInjector.resolveConstructorParams (node_modules/@nestjs/core/injector/injector.js:144:27)
      at TestingInjector.loadInstance (node_modules/@nestjs/core/injector/injector.js:70:13)
      at TestingInjector.loadProvider (node_modules/@nestjs/core/injector/injector.js:98:9)
      at node_modules/@nestjs/core/injector/instance-loader.js:56:13
          at async Promise.all (index 3)
      at TestingInstanceLoader.createInstancesOfProviders (node_modules/@nestjs/core/injector/instance-loader.js:55:9)
      at node_modules/@nestjs/core/injector/instance-loader.js:40:13
          at async Promise.all (index 1)
      at TestingInstanceLoader.createInstances (node_modules/@nestjs/core/injector/instance-loader.js:39:9)
      at TestingInstanceLoader.createInstancesOfDependencies (node_modules/@nestjs/core/injector/instance-loader.js:22:13)
      at TestingInstanceLoader.createInstancesOfDependencies (node_modules/@nestjs/testing/testing-instance-loader.js:9:9)
      at TestingModuleBuilder.createInstancesOfDependencies (node_modules/@nestjs/testing/testing-module.builder.js:118:9)
      at TestingModuleBuilder.compile (node_modules/@nestjs/testing/testing-module.builder.js:74:9)
      at Object.<anonymous> (src/modules/deviation/deviation.service.spec.ts:299:35)

  ● DeviationService - findDeviationReports › 应该支持按模板ID筛选

    Nest can't resolve dependencies of the DeviationService (PrismaService, ?). Please make sure that the argument ApprovalService at index [1] is available in the RootTestModule context.

    Potential solutions:
    - Is RootTestModule a valid NestJS module?
    - If ApprovalService is a provider, is it part of the current RootTestModule?
    - If ApprovalService is exported from a separate @Module, is that module imported within RootTestModule?
      @Module({
        imports: [ /* the Module containing ApprovalService */ ]
      })

      297 |
      298 |   beforeEach(async () => {
    > 299 |     const module: TestingModule = await Test.createTestingModule({
          |                                   ^
      300 |       providers: [DeviationService, { provide: PrismaService, useValue: mockPrismaService }],
      301 |     }).compile();
      302 |

      at TestingInjector.lookupComponentInParentModules (node_modules/@nestjs/core/injector/injector.js:262:19)
      at TestingInjector.resolveComponentInstance (node_modules/@nestjs/core/injector/injector.js:215:33)
      at TestingInjector.resolveComponentInstance (node_modules/@nestjs/testing/testing-injector.js:19:45)
      at resolveParam (node_modules/@nestjs/core/injector/injector.js:129:38)
          at async Promise.all (index 1)
      at TestingInjector.resolveConstructorParams (node_modules/@nestjs/core/injector/injector.js:144:27)
      at TestingInjector.loadInstance (node_modules/@nestjs/core/injector/injector.js:70:13)
      at TestingInjector.loadProvider (node_modules/@nestjs/core/injector/injector.js:98:9)
      at node_modules/@nestjs/core/injector/instance-loader.js:56:13
          at async Promise.all (index 3)
      at TestingInstanceLoader.createInstancesOfProviders (node_modules/@nestjs/core/injector/instance-loader.js:55:9)
      at node_modules/@nestjs/core/injector/instance-loader.js:40:13
          at async Promise.all (index 1)
      at TestingInstanceLoader.createInstances (node_modules/@nestjs/core/injector/instance-loader.js:39:9)
      at TestingInstanceLoader.createInstancesOfDependencies (node_modules/@nestjs/core/injector/instance-loader.js:22:13)
      at TestingInstanceLoader.createInstancesOfDependencies (node_modules/@nestjs/testing/testing-instance-loader.js:9:9)
      at TestingModuleBuilder.createInstancesOfDependencies (node_modules/@nestjs/testing/testing-module.builder.js:118:9)
      at TestingModuleBuilder.compile (node_modules/@nestjs/testing/testing-module.builder.js:74:9)
      at Object.<anonymous> (src/modules/deviation/deviation.service.spec.ts:299:35)

  ● DeviationService - findDeviationReports › 应该支持按记录ID筛选

    Nest can't resolve dependencies of the DeviationService (PrismaService, ?). Please make sure that the argument ApprovalService at index [1] is available in the RootTestModule context.

    Potential solutions:
    - Is RootTestModule a valid NestJS module?
    - If ApprovalService is a provider, is it part of the current RootTestModule?
    - If ApprovalService is exported from a separate @Module, is that module imported within RootTestModule?
      @Module({
        imports: [ /* the Module containing ApprovalService */ ]
      })

      297 |
      298 |   beforeEach(async () => {
    > 299 |     const module: TestingModule = await Test.createTestingModule({
          |                                   ^
      300 |       providers: [DeviationService, { provide: PrismaService, useValue: mockPrismaService }],
      301 |     }).compile();
      302 |

      at TestingInjector.lookupComponentInParentModules (node_modules/@nestjs/core/injector/injector.js:262:19)
      at TestingInjector.resolveComponentInstance (node_modules/@nestjs/core/injector/injector.js:215:33)
      at TestingInjector.resolveComponentInstance (node_modules/@nestjs/testing/testing-injector.js:19:45)
      at resolveParam (node_modules/@nestjs/core/injector/injector.js:129:38)
          at async Promise.all (index 1)
      at TestingInjector.resolveConstructorParams (node_modules/@nestjs/core/injector/injector.js:144:27)
      at TestingInjector.loadInstance (node_modules/@nestjs/core/injector/injector.js:70:13)
      at TestingInjector.loadProvider (node_modules/@nestjs/core/injector/injector.js:98:9)
      at node_modules/@nestjs/core/injector/instance-loader.js:56:13
          at async Promise.all (index 3)
      at TestingInstanceLoader.createInstancesOfProviders (node_modules/@nestjs/core/injector/instance-loader.js:55:9)
      at node_modules/@nestjs/core/injector/instance-loader.js:40:13
          at async Promise.all (index 1)
      at TestingInstanceLoader.createInstances (node_modules/@nestjs/core/injector/instance-loader.js:39:9)
      at TestingInstanceLoader.createInstancesOfDependencies (node_modules/@nestjs/core/injector/instance-loader.js:22:13)
      at TestingInstanceLoader.createInstancesOfDependencies (node_modules/@nestjs/testing/testing-instance-loader.js:9:9)
      at TestingModuleBuilder.createInstancesOfDependencies (node_modules/@nestjs/testing/testing-module.builder.js:118:9)
      at TestingModuleBuilder.compile (node_modules/@nestjs/testing/testing-module.builder.js:74:9)
      at Object.<anonymous> (src/modules/deviation/deviation.service.spec.ts:299:35)

  ● DeviationService - findDeviationReports › 应该支持按状态筛选

    Nest can't resolve dependencies of the DeviationService (PrismaService, ?). Please make sure that the argument ApprovalService at index [1] is available in the RootTestModule context.

    Potential solutions:
    - Is RootTestModule a valid NestJS module?
    - If ApprovalService is a provider, is it part of the current RootTestModule?
    - If ApprovalService is exported from a separate @Module, is that module imported within RootTestModule?
      @Module({
        imports: [ /* the Module containing ApprovalService */ ]
      })

      297 |
      298 |   beforeEach(async () => {
    > 299 |     const module: TestingModule = await Test.createTestingModule({
          |                                   ^
      300 |       providers: [DeviationService, { provide: PrismaService, useValue: mockPrismaService }],
      301 |     }).compile();
      302 |

      at TestingInjector.lookupComponentInParentModules (node_modules/@nestjs/core/injector/injector.js:262:19)
      at TestingInjector.resolveComponentInstance (node_modules/@nestjs/core/injector/injector.js:215:33)
      at TestingInjector.resolveComponentInstance (node_modules/@nestjs/testing/testing-injector.js:19:45)
      at resolveParam (node_modules/@nestjs/core/injector/injector.js:129:38)
          at async Promise.all (index 1)
      at TestingInjector.resolveConstructorParams (node_modules/@nestjs/core/injector/injector.js:144:27)
      at TestingInjector.loadInstance (node_modules/@nestjs/core/injector/injector.js:70:13)
      at TestingInjector.loadProvider (node_modules/@nestjs/core/injector/injector.js:98:9)
      at node_modules/@nestjs/core/injector/instance-loader.js:56:13
          at async Promise.all (index 3)
      at TestingInstanceLoader.createInstancesOfProviders (node_modules/@nestjs/core/injector/instance-loader.js:55:9)
      at node_modules/@nestjs/core/injector/instance-loader.js:40:13
          at async Promise.all (index 1)
      at TestingInstanceLoader.createInstances (node_modules/@nestjs/core/injector/instance-loader.js:39:9)
      at TestingInstanceLoader.createInstancesOfDependencies (node_modules/@nestjs/core/injector/instance-loader.js:22:13)
      at TestingInstanceLoader.createInstancesOfDependencies (node_modules/@nestjs/testing/testing-instance-loader.js:9:9)
      at TestingModuleBuilder.createInstancesOfDependencies (node_modules/@nestjs/testing/testing-module.builder.js:118:9)
      at TestingModuleBuilder.compile (node_modules/@nestjs/testing/testing-module.builder.js:74:9)
      at Object.<anonymous> (src/modules/deviation/deviation.service.spec.ts:299:35)

  ● DeviationService - findDeviationReports › 应该支持按日期范围筛选

    Nest can't resolve dependencies of the DeviationService (PrismaService, ?). Please make sure that the argument ApprovalService at index [1] is available in the RootTestModule context.

    Potential solutions:
    - Is RootTestModule a valid NestJS module?
    - If ApprovalService is a provider, is it part of the current RootTestModule?
    - If ApprovalService is exported from a separate @Module, is that module imported within RootTestModule?
      @Module({
        imports: [ /* the Module containing ApprovalService */ ]
      })

      297 |
      298 |   beforeEach(async () => {
    > 299 |     const module: TestingModule = await Test.createTestingModule({
          |                                   ^
      300 |       providers: [DeviationService, { provide: PrismaService, useValue: mockPrismaService }],
      301 |     }).compile();
      302 |

      at TestingInjector.lookupComponentInParentModules (node_modules/@nestjs/core/injector/injector.js:262:19)
      at TestingInjector.resolveComponentInstance (node_modules/@nestjs/core/injector/injector.js:215:33)
      at TestingInjector.resolveComponentInstance (node_modules/@nestjs/testing/testing-injector.js:19:45)
      at resolveParam (node_modules/@nestjs/core/injector/injector.js:129:38)
          at async Promise.all (index 1)
      at TestingInjector.resolveConstructorParams (node_modules/@nestjs/core/injector/injector.js:144:27)
      at TestingInjector.loadInstance (node_modules/@nestjs/core/injector/injector.js:70:13)
      at TestingInjector.loadProvider (node_modules/@nestjs/core/injector/injector.js:98:9)
      at node_modules/@nestjs/core/injector/instance-loader.js:56:13
          at async Promise.all (index 3)
      at TestingInstanceLoader.createInstancesOfProviders (node_modules/@nestjs/core/injector/instance-loader.js:55:9)
      at node_modules/@nestjs/core/injector/instance-loader.js:40:13
          at async Promise.all (index 1)
      at TestingInstanceLoader.createInstances (node_modules/@nestjs/core/injector/instance-loader.js:39:9)
      at TestingInstanceLoader.createInstancesOfDependencies (node_modules/@nestjs/core/injector/instance-loader.js:22:13)
      at TestingInstanceLoader.createInstancesOfDependencies (node_modules/@nestjs/testing/testing-instance-loader.js:9:9)
      at TestingModuleBuilder.createInstancesOfDependencies (node_modules/@nestjs/testing/testing-module.builder.js:118:9)
      at TestingModuleBuilder.compile (node_modules/@nestjs/testing/testing-module.builder.js:74:9)
      at Object.<anonymous> (src/modules/deviation/deviation.service.spec.ts:299:35)

  ● DeviationService - approveDeviationReport › 应该成功审批偏离报告

    Nest can't resolve dependencies of the DeviationService (PrismaService, ?). Please make sure that the argument ApprovalService at index [1] is available in the RootTestModule context.

    Potential solutions:
    - Is RootTestModule a valid NestJS module?
    - If ApprovalService is a provider, is it part of the current RootTestModule?
    - If ApprovalService is exported from a separate @Module, is that module imported within RootTestModule?
      @Module({
        imports: [ /* the Module containing ApprovalService */ ]
      })

      406 |
      407 |   beforeEach(async () => {
    > 408 |     const module: TestingModule = await Test.createTestingModule({
          |                                   ^
      409 |       providers: [DeviationService, { provide: PrismaService, useValue: mockPrismaService }],
      410 |     }).compile();
      411 |

      at TestingInjector.lookupComponentInParentModules (node_modules/@nestjs/core/injector/injector.js:262:19)
      at TestingInjector.resolveComponentInstance (node_modules/@nestjs/core/injector/injector.js:215:33)
      at TestingInjector.resolveComponentInstance (node_modules/@nestjs/testing/testing-injector.js:19:45)
      at resolveParam (node_modules/@nestjs/core/injector/injector.js:129:38)
          at async Promise.all (index 1)
      at TestingInjector.resolveConstructorParams (node_modules/@nestjs/core/injector/injector.js:144:27)
      at TestingInjector.loadInstance (node_modules/@nestjs/core/injector/injector.js:70:13)
      at TestingInjector.loadProvider (node_modules/@nestjs/core/injector/injector.js:98:9)
      at node_modules/@nestjs/core/injector/instance-loader.js:56:13
          at async Promise.all (index 3)
      at TestingInstanceLoader.createInstancesOfProviders (node_modules/@nestjs/core/injector/instance-loader.js:55:9)
      at node_modules/@nestjs/core/injector/instance-loader.js:40:13
          at async Promise.all (index 1)
      at TestingInstanceLoader.createInstances (node_modules/@nestjs/core/injector/instance-loader.js:39:9)
      at TestingInstanceLoader.createInstancesOfDependencies (node_modules/@nestjs/core/injector/instance-loader.js:22:13)
      at TestingInstanceLoader.createInstancesOfDependencies (node_modules/@nestjs/testing/testing-instance-loader.js:9:9)
      at TestingModuleBuilder.createInstancesOfDependencies (node_modules/@nestjs/testing/testing-module.builder.js:118:9)
      at TestingModuleBuilder.compile (node_modules/@nestjs/testing/testing-module.builder.js:74:9)
      at Object.<anonymous> (src/modules/deviation/deviation.service.spec.ts:408:35)

  ● DeviationService - approveDeviationReport › 应该在报告不存在时抛出异常

    Nest can't resolve dependencies of the DeviationService (PrismaService, ?). Please make sure that the argument ApprovalService at index [1] is available in the RootTestModule context.

    Potential solutions:
    - Is RootTestModule a valid NestJS module?
    - If ApprovalService is a provider, is it part of the current RootTestModule?
    - If ApprovalService is exported from a separate @Module, is that module imported within RootTestModule?
      @Module({
        imports: [ /* the Module containing ApprovalService */ ]
      })

      406 |
      407 |   beforeEach(async () => {
    > 408 |     const module: TestingModule = await Test.createTestingModule({
          |                                   ^
      409 |       providers: [DeviationService, { provide: PrismaService, useValue: mockPrismaService }],
      410 |     }).compile();
      411 |

      at TestingInjector.lookupComponentInParentModules (node_modules/@nestjs/core/injector/injector.js:262:19)
      at TestingInjector.resolveComponentInstance (node_modules/@nestjs/core/injector/injector.js:215:33)
      at TestingInjector.resolveComponentInstance (node_modules/@nestjs/testing/testing-injector.js:19:45)
      at resolveParam (node_modules/@nestjs/core/injector/injector.js:129:38)
          at async Promise.all (index 1)
      at TestingInjector.resolveConstructorParams (node_modules/@nestjs/core/injector/injector.js:144:27)
      at TestingInjector.loadInstance (node_modules/@nestjs/core/injector/injector.js:70:13)
      at TestingInjector.loadProvider (node_modules/@nestjs/core/injector/injector.js:98:9)
      at node_modules/@nestjs/core/injector/instance-loader.js:56:13
          at async Promise.all (index 3)
      at TestingInstanceLoader.createInstancesOfProviders (node_modules/@nestjs/core/injector/instance-loader.js:55:9)
      at node_modules/@nestjs/core/injector/instance-loader.js:40:13
          at async Promise.all (index 1)
      at TestingInstanceLoader.createInstances (node_modules/@nestjs/core/injector/instance-loader.js:39:9)
      at TestingInstanceLoader.createInstancesOfDependencies (node_modules/@nestjs/core/injector/instance-loader.js:22:13)
      at TestingInstanceLoader.createInstancesOfDependencies (node_modules/@nestjs/testing/testing-instance-loader.js:9:9)
      at TestingModuleBuilder.createInstancesOfDependencies (node_modules/@nestjs/testing/testing-module.builder.js:118:9)
      at TestingModuleBuilder.compile (node_modules/@nestjs/testing/testing-module.builder.js:74:9)
      at Object.<anonymous> (src/modules/deviation/deviation.service.spec.ts:408:35)

  ● DeviationService - approveDeviationReport › 应该在报告已审批时抛出异常

    Nest can't resolve dependencies of the DeviationService (PrismaService, ?). Please make sure that the argument ApprovalService at index [1] is available in the RootTestModule context.

    Potential solutions:
    - Is RootTestModule a valid NestJS module?
    - If ApprovalService is a provider, is it part of the current RootTestModule?
    - If ApprovalService is exported from a separate @Module, is that module imported within RootTestModule?
      @Module({
        imports: [ /* the Module containing ApprovalService */ ]
      })

      406 |
      407 |   beforeEach(async () => {
    > 408 |     const module: TestingModule = await Test.createTestingModule({
          |                                   ^
      409 |       providers: [DeviationService, { provide: PrismaService, useValue: mockPrismaService }],
      410 |     }).compile();
      411 |

      at TestingInjector.lookupComponentInParentModules (node_modules/@nestjs/core/injector/injector.js:262:19)
      at TestingInjector.resolveComponentInstance (node_modules/@nestjs/core/injector/injector.js:215:33)
      at TestingInjector.resolveComponentInstance (node_modules/@nestjs/testing/testing-injector.js:19:45)
      at resolveParam (node_modules/@nestjs/core/injector/injector.js:129:38)
          at async Promise.all (index 1)
      at TestingInjector.resolveConstructorParams (node_modules/@nestjs/core/injector/injector.js:144:27)
      at TestingInjector.loadInstance (node_modules/@nestjs/core/injector/injector.js:70:13)
      at TestingInjector.loadProvider (node_modules/@nestjs/core/injector/injector.js:98:9)
      at node_modules/@nestjs/core/injector/instance-loader.js:56:13
          at async Promise.all (index 3)
      at TestingInstanceLoader.createInstancesOfProviders (node_modules/@nestjs/core/injector/instance-loader.js:55:9)
      at node_modules/@nestjs/core/injector/instance-loader.js:40:13
          at async Promise.all (index 1)
      at TestingInstanceLoader.createInstances (node_modules/@nestjs/core/injector/instance-loader.js:39:9)
      at TestingInstanceLoader.createInstancesOfDependencies (node_modules/@nestjs/core/injector/instance-loader.js:22:13)
      at TestingInstanceLoader.createInstancesOfDependencies (node_modules/@nestjs/testing/testing-instance-loader.js:9:9)
      at TestingModuleBuilder.createInstancesOfDependencies (node_modules/@nestjs/testing/testing-module.builder.js:118:9)
      at TestingModuleBuilder.compile (node_modules/@nestjs/testing/testing-module.builder.js:74:9)
      at Object.<anonymous> (src/modules/deviation/deviation.service.spec.ts:408:35)

FAIL src/modules/workflow/workflow-task.service.spec.ts
  ● WorkflowTaskService › approve › 应该成功审批通过并创建下一步任务

    Nest can't resolve dependencies of the WorkflowTaskService (PrismaService, ?). Please make sure that the argument NotificationService at index [1] is available in the RootTestModule context.

    Potential solutions:
    - Is RootTestModule a valid NestJS module?
    - If NotificationService is a provider, is it part of the current RootTestModule?
    - If NotificationService is exported from a separate @Module, is that module imported within RootTestModule?
      @Module({
        imports: [ /* the Module containing NotificationService */ ]
      })

      27 |
      28 |   beforeEach(async () => {
    > 29 |     const module: TestingModule = await Test.createTestingModule({
         |                                   ^
      30 |       providers: [
      31 |         WorkflowTaskService,
      32 |         {

      at TestingInjector.lookupComponentInParentModules (node_modules/@nestjs/core/injector/injector.js:262:19)
      at TestingInjector.resolveComponentInstance (node_modules/@nestjs/core/injector/injector.js:215:33)
      at TestingInjector.resolveComponentInstance (node_modules/@nestjs/testing/testing-injector.js:19:45)
      at resolveParam (node_modules/@nestjs/core/injector/injector.js:129:38)
          at async Promise.all (index 1)
      at TestingInjector.resolveConstructorParams (node_modules/@nestjs/core/injector/injector.js:144:27)
      at TestingInjector.loadInstance (node_modules/@nestjs/core/injector/injector.js:70:13)
      at TestingInjector.loadProvider (node_modules/@nestjs/core/injector/injector.js:98:9)
      at node_modules/@nestjs/core/injector/instance-loader.js:56:13
          at async Promise.all (index 3)
      at TestingInstanceLoader.createInstancesOfProviders (node_modules/@nestjs/core/injector/instance-loader.js:55:9)
      at node_modules/@nestjs/core/injector/instance-loader.js:40:13
          at async Promise.all (index 1)
      at TestingInstanceLoader.createInstances (node_modules/@nestjs/core/injector/instance-loader.js:39:9)
      at TestingInstanceLoader.createInstancesOfDependencies (node_modules/@nestjs/core/injector/instance-loader.js:22:13)
      at TestingInstanceLoader.createInstancesOfDependencies (node_modules/@nestjs/testing/testing-instance-loader.js:9:9)
      at TestingModuleBuilder.createInstancesOfDependencies (node_modules/@nestjs/testing/testing-module.builder.js:118:9)
      at TestingModuleBuilder.compile (node_modules/@nestjs/testing/testing-module.builder.js:74:9)
      at Object.<anonymous> (src/modules/workflow/workflow-task.service.spec.ts:29:35)

  ● WorkflowTaskService › approve › 应该在最后一步审批后完成工作流

    Nest can't resolve dependencies of the WorkflowTaskService (PrismaService, ?). Please make sure that the argument NotificationService at index [1] is available in the RootTestModule context.

    Potential solutions:
    - Is RootTestModule a valid NestJS module?
    - If NotificationService is a provider, is it part of the current RootTestModule?
    - If NotificationService is exported from a separate @Module, is that module imported within RootTestModule?
      @Module({
        imports: [ /* the Module containing NotificationService */ ]
      })

      27 |
      28 |   beforeEach(async () => {
    > 29 |     const module: TestingModule = await Test.createTestingModule({
         |                                   ^
      30 |       providers: [
      31 |         WorkflowTaskService,
      32 |         {

      at TestingInjector.lookupComponentInParentModules (node_modules/@nestjs/core/injector/injector.js:262:19)
      at TestingInjector.resolveComponentInstance (node_modules/@nestjs/core/injector/injector.js:215:33)
      at TestingInjector.resolveComponentInstance (node_modules/@nestjs/testing/testing-injector.js:19:45)
      at resolveParam (node_modules/@nestjs/core/injector/injector.js:129:38)
          at async Promise.all (index 1)
      at TestingInjector.resolveConstructorParams (node_modules/@nestjs/core/injector/injector.js:144:27)
      at TestingInjector.loadInstance (node_modules/@nestjs/core/injector/injector.js:70:13)
      at TestingInjector.loadProvider (node_modules/@nestjs/core/injector/injector.js:98:9)
      at node_modules/@nestjs/core/injector/instance-loader.js:56:13
          at async Promise.all (index 3)
      at TestingInstanceLoader.createInstancesOfProviders (node_modules/@nestjs/core/injector/instance-loader.js:55:9)
      at node_modules/@nestjs/core/injector/instance-loader.js:40:13
          at async Promise.all (index 1)
      at TestingInstanceLoader.createInstances (node_modules/@nestjs/core/injector/instance-loader.js:39:9)
      at TestingInstanceLoader.createInstancesOfDependencies (node_modules/@nestjs/core/injector/instance-loader.js:22:13)
      at TestingInstanceLoader.createInstancesOfDependencies (node_modules/@nestjs/testing/testing-instance-loader.js:9:9)
      at TestingModuleBuilder.createInstancesOfDependencies (node_modules/@nestjs/testing/testing-module.builder.js:118:9)
      at TestingModuleBuilder.compile (node_modules/@nestjs/testing/testing-module.builder.js:74:9)
      at Object.<anonymous> (src/modules/workflow/workflow-task.service.spec.ts:29:35)

  ● WorkflowTaskService › approve › 应该在非指派人审批时抛出 ForbiddenException

    Nest can't resolve dependencies of the WorkflowTaskService (PrismaService, ?). Please make sure that the argument NotificationService at index [1] is available in the RootTestModule context.

    Potential solutions:
    - Is RootTestModule a valid NestJS module?
    - If NotificationService is a provider, is it part of the current RootTestModule?
    - If NotificationService is exported from a separate @Module, is that module imported within RootTestModule?
      @Module({
        imports: [ /* the Module containing NotificationService */ ]
      })

      27 |
      28 |   beforeEach(async () => {
    > 29 |     const module: TestingModule = await Test.createTestingModule({
         |                                   ^
      30 |       providers: [
      31 |         WorkflowTaskService,
      32 |         {

      at TestingInjector.lookupComponentInParentModules (node_modules/@nestjs/core/injector/injector.js:262:19)
      at TestingInjector.resolveComponentInstance (node_modules/@nestjs/core/injector/injector.js:215:33)
      at TestingInjector.resolveComponentInstance (node_modules/@nestjs/testing/testing-injector.js:19:45)
      at resolveParam (node_modules/@nestjs/core/injector/injector.js:129:38)
          at async Promise.all (index 1)
      at TestingInjector.resolveConstructorParams (node_modules/@nestjs/core/injector/injector.js:144:27)
      at TestingInjector.loadInstance (node_modules/@nestjs/core/injector/injector.js:70:13)
      at TestingInjector.loadProvider (node_modules/@nestjs/core/injector/injector.js:98:9)
      at node_modules/@nestjs/core/injector/instance-loader.js:56:13
          at async Promise.all (index 3)
      at TestingInstanceLoader.createInstancesOfProviders (node_modules/@nestjs/core/injector/instance-loader.js:55:9)
      at node_modules/@nestjs/core/injector/instance-loader.js:40:13
          at async Promise.all (index 1)
      at TestingInstanceLoader.createInstances (node_modules/@nestjs/core/injector/instance-loader.js:39:9)
      at TestingInstanceLoader.createInstancesOfDependencies (node_modules/@nestjs/core/injector/instance-loader.js:22:13)
      at TestingInstanceLoader.createInstancesOfDependencies (node_modules/@nestjs/testing/testing-instance-loader.js:9:9)
      at TestingModuleBuilder.createInstancesOfDependencies (node_modules/@nestjs/testing/testing-module.builder.js:118:9)
      at TestingModuleBuilder.compile (node_modules/@nestjs/testing/testing-module.builder.js:74:9)
      at Object.<anonymous> (src/modules/workflow/workflow-task.service.spec.ts:29:35)

  ● WorkflowTaskService › approve › 应该在任务非 pending 状态时抛出 BadRequestException

    Nest can't resolve dependencies of the WorkflowTaskService (PrismaService, ?). Please make sure that the argument NotificationService at index [1] is available in the RootTestModule context.

    Potential solutions:
    - Is RootTestModule a valid NestJS module?
    - If NotificationService is a provider, is it part of the current RootTestModule?
    - If NotificationService is exported from a separate @Module, is that module imported within RootTestModule?
      @Module({
        imports: [ /* the Module containing NotificationService */ ]
      })

      27 |
      28 |   beforeEach(async () => {
    > 29 |     const module: TestingModule = await Test.createTestingModule({
         |                                   ^
      30 |       providers: [
      31 |         WorkflowTaskService,
      32 |         {

      at TestingInjector.lookupComponentInParentModules (node_modules/@nestjs/core/injector/injector.js:262:19)
      at TestingInjector.resolveComponentInstance (node_modules/@nestjs/core/injector/injector.js:215:33)
      at TestingInjector.resolveComponentInstance (node_modules/@nestjs/testing/testing-injector.js:19:45)
      at resolveParam (node_modules/@nestjs/core/injector/injector.js:129:38)
          at async Promise.all (index 1)
      at TestingInjector.resolveConstructorParams (node_modules/@nestjs/core/injector/injector.js:144:27)
      at TestingInjector.loadInstance (node_modules/@nestjs/core/injector/injector.js:70:13)
      at TestingInjector.loadProvider (node_modules/@nestjs/core/injector/injector.js:98:9)
      at node_modules/@nestjs/core/injector/instance-loader.js:56:13
          at async Promise.all (index 3)
      at TestingInstanceLoader.createInstancesOfProviders (node_modules/@nestjs/core/injector/instance-loader.js:55:9)
      at node_modules/@nestjs/core/injector/instance-loader.js:40:13
          at async Promise.all (index 1)
      at TestingInstanceLoader.createInstances (node_modules/@nestjs/core/injector/instance-loader.js:39:9)
      at TestingInstanceLoader.createInstancesOfDependencies (node_modules/@nestjs/core/injector/instance-loader.js:22:13)
      at TestingInstanceLoader.createInstancesOfDependencies (node_modules/@nestjs/testing/testing-instance-loader.js:9:9)
      at TestingModuleBuilder.createInstancesOfDependencies (node_modules/@nestjs/testing/testing-module.builder.js:118:9)
      at TestingModuleBuilder.compile (node_modules/@nestjs/testing/testing-module.builder.js:74:9)
      at Object.<anonymous> (src/modules/workflow/workflow-task.service.spec.ts:29:35)

  ● WorkflowTaskService › reject › 应该成功驳回任务并更新工作流状态

    Nest can't resolve dependencies of the WorkflowTaskService (PrismaService, ?). Please make sure that the argument NotificationService at index [1] is available in the RootTestModule context.

    Potential solutions:
    - Is RootTestModule a valid NestJS module?
    - If NotificationService is a provider, is it part of the current RootTestModule?
    - If NotificationService is exported from a separate @Module, is that module imported within RootTestModule?
      @Module({
        imports: [ /* the Module containing NotificationService */ ]
      })

      27 |
      28 |   beforeEach(async () => {
    > 29 |     const module: TestingModule = await Test.createTestingModule({
         |                                   ^
      30 |       providers: [
      31 |         WorkflowTaskService,
      32 |         {

      at TestingInjector.lookupComponentInParentModules (node_modules/@nestjs/core/injector/injector.js:262:19)
      at TestingInjector.resolveComponentInstance (node_modules/@nestjs/core/injector/injector.js:215:33)
      at TestingInjector.resolveComponentInstance (node_modules/@nestjs/testing/testing-injector.js:19:45)
      at resolveParam (node_modules/@nestjs/core/injector/injector.js:129:38)
          at async Promise.all (index 1)
      at TestingInjector.resolveConstructorParams (node_modules/@nestjs/core/injector/injector.js:144:27)
      at TestingInjector.loadInstance (node_modules/@nestjs/core/injector/injector.js:70:13)
      at TestingInjector.loadProvider (node_modules/@nestjs/core/injector/injector.js:98:9)
      at node_modules/@nestjs/core/injector/instance-loader.js:56:13
          at async Promise.all (index 3)
      at TestingInstanceLoader.createInstancesOfProviders (node_modules/@nestjs/core/injector/instance-loader.js:55:9)
      at node_modules/@nestjs/core/injector/instance-loader.js:40:13
          at async Promise.all (index 1)
      at TestingInstanceLoader.createInstances (node_modules/@nestjs/core/injector/instance-loader.js:39:9)
      at TestingInstanceLoader.createInstancesOfDependencies (node_modules/@nestjs/core/injector/instance-loader.js:22:13)
      at TestingInstanceLoader.createInstancesOfDependencies (node_modules/@nestjs/testing/testing-instance-loader.js:9:9)
      at TestingModuleBuilder.createInstancesOfDependencies (node_modules/@nestjs/testing/testing-module.builder.js:118:9)
      at TestingModuleBuilder.compile (node_modules/@nestjs/testing/testing-module.builder.js:74:9)
      at Object.<anonymous> (src/modules/workflow/workflow-task.service.spec.ts:29:35)

  ● WorkflowTaskService › findMyTasks › 应该返回我的待审批任务列表

    Nest can't resolve dependencies of the WorkflowTaskService (PrismaService, ?). Please make sure that the argument NotificationService at index [1] is available in the RootTestModule context.

    Potential solutions:
    - Is RootTestModule a valid NestJS module?
    - If NotificationService is a provider, is it part of the current RootTestModule?
    - If NotificationService is exported from a separate @Module, is that module imported within RootTestModule?
      @Module({
        imports: [ /* the Module containing NotificationService */ ]
      })

      27 |
      28 |   beforeEach(async () => {
    > 29 |     const module: TestingModule = await Test.createTestingModule({
         |                                   ^
      30 |       providers: [
      31 |         WorkflowTaskService,
      32 |         {

      at TestingInjector.lookupComponentInParentModules (node_modules/@nestjs/core/injector/injector.js:262:19)
      at TestingInjector.resolveComponentInstance (node_modules/@nestjs/core/injector/injector.js:215:33)
      at TestingInjector.resolveComponentInstance (node_modules/@nestjs/testing/testing-injector.js:19:45)
      at resolveParam (node_modules/@nestjs/core/injector/injector.js:129:38)
          at async Promise.all (index 1)
      at TestingInjector.resolveConstructorParams (node_modules/@nestjs/core/injector/injector.js:144:27)
      at TestingInjector.loadInstance (node_modules/@nestjs/core/injector/injector.js:70:13)
      at TestingInjector.loadProvider (node_modules/@nestjs/core/injector/injector.js:98:9)
      at node_modules/@nestjs/core/injector/instance-loader.js:56:13
          at async Promise.all (index 3)
      at TestingInstanceLoader.createInstancesOfProviders (node_modules/@nestjs/core/injector/instance-loader.js:55:9)
      at node_modules/@nestjs/core/injector/instance-loader.js:40:13
          at async Promise.all (index 1)
      at TestingInstanceLoader.createInstances (node_modules/@nestjs/core/injector/instance-loader.js:39:9)
      at TestingInstanceLoader.createInstancesOfDependencies (node_modules/@nestjs/core/injector/instance-loader.js:22:13)
      at TestingInstanceLoader.createInstancesOfDependencies (node_modules/@nestjs/testing/testing-instance-loader.js:9:9)
      at TestingModuleBuilder.createInstancesOfDependencies (node_modules/@nestjs/testing/testing-module.builder.js:118:9)
      at TestingModuleBuilder.compile (node_modules/@nestjs/testing/testing-module.builder.js:74:9)
      at Object.<anonymous> (src/modules/workflow/workflow-task.service.spec.ts:29:35)

  ● WorkflowTaskService › findMyTasks › 应该支持按资源类型筛选

    Nest can't resolve dependencies of the WorkflowTaskService (PrismaService, ?). Please make sure that the argument NotificationService at index [1] is available in the RootTestModule context.

    Potential solutions:
    - Is RootTestModule a valid NestJS module?
    - If NotificationService is a provider, is it part of the current RootTestModule?
    - If NotificationService is exported from a separate @Module, is that module imported within RootTestModule?
      @Module({
        imports: [ /* the Module containing NotificationService */ ]
      })

      27 |
      28 |   beforeEach(async () => {
    > 29 |     const module: TestingModule = await Test.createTestingModule({
         |                                   ^
      30 |       providers: [
      31 |         WorkflowTaskService,
      32 |         {

      at TestingInjector.lookupComponentInParentModules (node_modules/@nestjs/core/injector/injector.js:262:19)
      at TestingInjector.resolveComponentInstance (node_modules/@nestjs/core/injector/injector.js:215:33)
      at TestingInjector.resolveComponentInstance (node_modules/@nestjs/testing/testing-injector.js:19:45)
      at resolveParam (node_modules/@nestjs/core/injector/injector.js:129:38)
          at async Promise.all (index 1)
      at TestingInjector.resolveConstructorParams (node_modules/@nestjs/core/injector/injector.js:144:27)
      at TestingInjector.loadInstance (node_modules/@nestjs/core/injector/injector.js:70:13)
      at TestingInjector.loadProvider (node_modules/@nestjs/core/injector/injector.js:98:9)
      at node_modules/@nestjs/core/injector/instance-loader.js:56:13
          at async Promise.all (index 3)
      at TestingInstanceLoader.createInstancesOfProviders (node_modules/@nestjs/core/injector/instance-loader.js:55:9)
      at node_modules/@nestjs/core/injector/instance-loader.js:40:13
          at async Promise.all (index 1)
      at TestingInstanceLoader.createInstances (node_modules/@nestjs/core/injector/instance-loader.js:39:9)
      at TestingInstanceLoader.createInstancesOfDependencies (node_modules/@nestjs/core/injector/instance-loader.js:22:13)
      at TestingInstanceLoader.createInstancesOfDependencies (node_modules/@nestjs/testing/testing-instance-loader.js:9:9)
      at TestingModuleBuilder.createInstancesOfDependencies (node_modules/@nestjs/testing/testing-module.builder.js:118:9)
      at TestingModuleBuilder.compile (node_modules/@nestjs/testing/testing-module.builder.js:74:9)
      at Object.<anonymous> (src/modules/workflow/workflow-task.service.spec.ts:29:35)

FAIL test/alert.e2e-spec.ts
  ● Alert API (e2e) › POST /api/v1/alerts/rules › should create an alert rule

    TypeError: Cannot read properties of undefined (reading 'token')

      29 |       });
      30 |
    > 31 |     authToken = loginResponse.body.data.token;
         |                                         ^
      32 |   });
      33 |
      34 |   afterAll(async () => {

      at Object.<anonymous> (test/alert.e2e-spec.ts:31:41)

  ● Alert API (e2e) › GET /api/v1/alerts/rules › should get all alert rules

    TypeError: Cannot read properties of undefined (reading 'token')

      29 |       });
      30 |
    > 31 |     authToken = loginResponse.body.data.token;
         |                                         ^
      32 |   });
      33 |
      34 |   afterAll(async () => {

      at Object.<anonymous> (test/alert.e2e-spec.ts:31:41)

  ● Alert API (e2e) › POST /api/v1/alerts/rules/:id/toggle › should toggle alert rule status

    TypeError: Cannot read properties of undefined (reading 'token')

      29 |       });
      30 |
    > 31 |     authToken = loginResponse.body.data.token;
         |                                         ^
      32 |   });
      33 |
      34 |   afterAll(async () => {

      at Object.<anonymous> (test/alert.e2e-spec.ts:31:41)

  ● Alert API (e2e) › POST /api/v1/alerts/history/query › should query alert history

    TypeError: Cannot read properties of undefined (reading 'token')

      29 |       });
      30 |
    > 31 |     authToken = loginResponse.body.data.token;
         |                                         ^
      32 |   });
      33 |
      34 |   afterAll(async () => {

      at Object.<anonymous> (test/alert.e2e-spec.ts:31:41)

FAIL src/common/guards/permission.guard.spec.ts
  ● PermissionGuard › canActivate › 应该允许没有权限装饰器的请求通过

    Nest can't resolve dependencies of the PermissionGuard (Reflector, UserPermissionService, ?). Please make sure that the argument RedisService at index [2] is available in the RootTestModule context.

    Potential solutions:
    - Is RootTestModule a valid NestJS module?
    - If RedisService is a provider, is it part of the current RootTestModule?
    - If RedisService is exported from a separate @Module, is that module imported within RootTestModule?
      @Module({
        imports: [ /* the Module containing RedisService */ ]
      })

      20 |
      21 |   beforeEach(async () => {
    > 22 |     const module: TestingModule = await Test.createTestingModule({
         |                                   ^
      23 |       providers: [
      24 |         PermissionGuard,
      25 |         {

      at TestingInjector.lookupComponentInParentModules (node_modules/@nestjs/core/injector/injector.js:262:19)
      at TestingInjector.resolveComponentInstance (node_modules/@nestjs/core/injector/injector.js:215:33)
      at TestingInjector.resolveComponentInstance (node_modules/@nestjs/testing/testing-injector.js:19:45)
      at resolveParam (node_modules/@nestjs/core/injector/injector.js:129:38)
          at async Promise.all (index 2)
      at TestingInjector.resolveConstructorParams (node_modules/@nestjs/core/injector/injector.js:144:27)
      at TestingInjector.loadInstance (node_modules/@nestjs/core/injector/injector.js:70:13)
      at TestingInjector.loadProvider (node_modules/@nestjs/core/injector/injector.js:98:9)
      at node_modules/@nestjs/core/injector/instance-loader.js:56:13
          at async Promise.all (index 3)
      at TestingInstanceLoader.createInstancesOfProviders (node_modules/@nestjs/core/injector/instance-loader.js:55:9)
      at node_modules/@nestjs/core/injector/instance-loader.js:40:13
          at async Promise.all (index 1)
      at TestingInstanceLoader.createInstances (node_modules/@nestjs/core/injector/instance-loader.js:39:9)
      at TestingInstanceLoader.createInstancesOfDependencies (node_modules/@nestjs/core/injector/instance-loader.js:22:13)
      at TestingInstanceLoader.createInstancesOfDependencies (node_modules/@nestjs/testing/testing-instance-loader.js:9:9)
      at TestingModuleBuilder.createInstancesOfDependencies (node_modules/@nestjs/testing/testing-module.builder.js:118:9)
      at TestingModuleBuilder.compile (node_modules/@nestjs/testing/testing-module.builder.js:74:9)
      at Object.<anonymous> (src/common/guards/permission.guard.spec.ts:22:35)

  ● PermissionGuard › canActivate › 应该允许管理员跳过权限检查

    Nest can't resolve dependencies of the PermissionGuard (Reflector, UserPermissionService, ?). Please make sure that the argument RedisService at index [2] is available in the RootTestModule context.

    Potential solutions:
    - Is RootTestModule a valid NestJS module?
    - If RedisService is a provider, is it part of the current RootTestModule?
    - If RedisService is exported from a separate @Module, is that module imported within RootTestModule?
      @Module({
        imports: [ /* the Module containing RedisService */ ]
      })

      20 |
      21 |   beforeEach(async () => {
    > 22 |     const module: TestingModule = await Test.createTestingModule({
         |                                   ^
      23 |       providers: [
      24 |         PermissionGuard,
      25 |         {

      at TestingInjector.lookupComponentInParentModules (node_modules/@nestjs/core/injector/injector.js:262:19)
      at TestingInjector.resolveComponentInstance (node_modules/@nestjs/core/injector/injector.js:215:33)
      at TestingInjector.resolveComponentInstance (node_modules/@nestjs/testing/testing-injector.js:19:45)
      at resolveParam (node_modules/@nestjs/core/injector/injector.js:129:38)
          at async Promise.all (index 2)
      at TestingInjector.resolveConstructorParams (node_modules/@nestjs/core/injector/injector.js:144:27)
      at TestingInjector.loadInstance (node_modules/@nestjs/core/injector/injector.js:70:13)
      at TestingInjector.loadProvider (node_modules/@nestjs/core/injector/injector.js:98:9)
      at node_modules/@nestjs/core/injector/instance-loader.js:56:13
          at async Promise.all (index 3)
      at TestingInstanceLoader.createInstancesOfProviders (node_modules/@nestjs/core/injector/instance-loader.js:55:9)
      at node_modules/@nestjs/core/injector/instance-loader.js:40:13
          at async Promise.all (index 1)
      at TestingInstanceLoader.createInstances (node_modules/@nestjs/core/injector/instance-loader.js:39:9)
      at TestingInstanceLoader.createInstancesOfDependencies (node_modules/@nestjs/core/injector/instance-loader.js:22:13)
      at TestingInstanceLoader.createInstancesOfDependencies (node_modules/@nestjs/testing/testing-instance-loader.js:9:9)
      at TestingModuleBuilder.createInstancesOfDependencies (node_modules/@nestjs/testing/testing-module.builder.js:118:9)
      at TestingModuleBuilder.compile (node_modules/@nestjs/testing/testing-module.builder.js:74:9)
      at Object.<anonymous> (src/common/guards/permission.guard.spec.ts:22:35)

  ● PermissionGuard › canActivate › 应该拒绝未登录的请求

    Nest can't resolve dependencies of the PermissionGuard (Reflector, UserPermissionService, ?). Please make sure that the argument RedisService at index [2] is available in the RootTestModule context.

    Potential solutions:
    - Is RootTestModule a valid NestJS module?
    - If RedisService is a provider, is it part of the current RootTestModule?
    - If RedisService is exported from a separate @Module, is that module imported within RootTestModule?
      @Module({
        imports: [ /* the Module containing RedisService */ ]
      })

      20 |
      21 |   beforeEach(async () => {
    > 22 |     const module: TestingModule = await Test.createTestingModule({
         |                                   ^
      23 |       providers: [
      24 |         PermissionGuard,
      25 |         {

      at TestingInjector.lookupComponentInParentModules (node_modules/@nestjs/core/injector/injector.js:262:19)
      at TestingInjector.resolveComponentInstance (node_modules/@nestjs/core/injector/injector.js:215:33)
      at TestingInjector.resolveComponentInstance (node_modules/@nestjs/testing/testing-injector.js:19:45)
      at resolveParam (node_modules/@nestjs/core/injector/injector.js:129:38)
          at async Promise.all (index 2)
      at TestingInjector.resolveConstructorParams (node_modules/@nestjs/core/injector/injector.js:144:27)
      at TestingInjector.loadInstance (node_modules/@nestjs/core/injector/injector.js:70:13)
      at TestingInjector.loadProvider (node_modules/@nestjs/core/injector/injector.js:98:9)
      at node_modules/@nestjs/core/injector/instance-loader.js:56:13
          at async Promise.all (index 3)
      at TestingInstanceLoader.createInstancesOfProviders (node_modules/@nestjs/core/injector/instance-loader.js:55:9)
      at node_modules/@nestjs/core/injector/instance-loader.js:40:13
          at async Promise.all (index 1)
      at TestingInstanceLoader.createInstances (node_modules/@nestjs/core/injector/instance-loader.js:39:9)
      at TestingInstanceLoader.createInstancesOfDependencies (node_modules/@nestjs/core/injector/instance-loader.js:22:13)
      at TestingInstanceLoader.createInstancesOfDependencies (node_modules/@nestjs/testing/testing-instance-loader.js:9:9)
      at TestingModuleBuilder.createInstancesOfDependencies (node_modules/@nestjs/testing/testing-module.builder.js:118:9)
      at TestingModuleBuilder.compile (node_modules/@nestjs/testing/testing-module.builder.js:74:9)
      at Object.<anonymous> (src/common/guards/permission.guard.spec.ts:22:35)

  ● PermissionGuard › canActivate › CheckPermission - 单个权限检查 › 应该允许拥有所需权限的用户通过

    Nest can't resolve dependencies of the PermissionGuard (Reflector, UserPermissionService, ?). Please make sure that the argument RedisService at index [2] is available in the RootTestModule context.

    Potential solutions:
    - Is RootTestModule a valid NestJS module?
    - If RedisService is a provider, is it part of the current RootTestModule?
    - If RedisService is exported from a separate @Module, is that module imported within RootTestModule?
      @Module({
        imports: [ /* the Module containing RedisService */ ]
      })

      20 |
      21 |   beforeEach(async () => {
    > 22 |     const module: TestingModule = await Test.createTestingModule({
         |                                   ^
      23 |       providers: [
      24 |         PermissionGuard,
      25 |         {

      at TestingInjector.lookupComponentInParentModules (node_modules/@nestjs/core/injector/injector.js:262:19)
      at TestingInjector.resolveComponentInstance (node_modules/@nestjs/core/injector/injector.js:215:33)
      at TestingInjector.resolveComponentInstance (node_modules/@nestjs/testing/testing-injector.js:19:45)
      at resolveParam (node_modules/@nestjs/core/injector/injector.js:129:38)
          at async Promise.all (index 2)
      at TestingInjector.resolveConstructorParams (node_modules/@nestjs/core/injector/injector.js:144:27)
      at TestingInjector.loadInstance (node_modules/@nestjs/core/injector/injector.js:70:13)
      at TestingInjector.loadProvider (node_modules/@nestjs/core/injector/injector.js:98:9)
      at node_modules/@nestjs/core/injector/instance-loader.js:56:13
          at async Promise.all (index 3)
      at TestingInstanceLoader.createInstancesOfProviders (node_modules/@nestjs/core/injector/instance-loader.js:55:9)
      at node_modules/@nestjs/core/injector/instance-loader.js:40:13
          at async Promise.all (index 1)
      at TestingInstanceLoader.createInstances (node_modules/@nestjs/core/injector/instance-loader.js:39:9)
      at TestingInstanceLoader.createInstancesOfDependencies (node_modules/@nestjs/core/injector/instance-loader.js:22:13)
      at TestingInstanceLoader.createInstancesOfDependencies (node_modules/@nestjs/testing/testing-instance-loader.js:9:9)
      at TestingModuleBuilder.createInstancesOfDependencies (node_modules/@nestjs/testing/testing-module.builder.js:118:9)
      at TestingModuleBuilder.compile (node_modules/@nestjs/testing/testing-module.builder.js:74:9)
      at Object.<anonymous> (src/common/guards/permission.guard.spec.ts:22:35)

  ● PermissionGuard › canActivate › CheckPermission - 单个权限检查 › 应该拒绝没有所需权限的用户

    Nest can't resolve dependencies of the PermissionGuard (Reflector, UserPermissionService, ?). Please make sure that the argument RedisService at index [2] is available in the RootTestModule context.

    Potential solutions:
    - Is RootTestModule a valid NestJS module?
    - If RedisService is a provider, is it part of the current RootTestModule?
    - If RedisService is exported from a separate @Module, is that module imported within RootTestModule?
      @Module({
        imports: [ /* the Module containing RedisService */ ]
      })

      20 |
      21 |   beforeEach(async () => {
    > 22 |     const module: TestingModule = await Test.createTestingModule({
         |                                   ^
      23 |       providers: [
      24 |         PermissionGuard,
      25 |         {

      at TestingInjector.lookupComponentInParentModules (node_modules/@nestjs/core/injector/injector.js:262:19)
      at TestingInjector.resolveComponentInstance (node_modules/@nestjs/core/injector/injector.js:215:33)
      at TestingInjector.resolveComponentInstance (node_modules/@nestjs/testing/testing-injector.js:19:45)
      at resolveParam (node_modules/@nestjs/core/injector/injector.js:129:38)
          at async Promise.all (index 2)
      at TestingInjector.resolveConstructorParams (node_modules/@nestjs/core/injector/injector.js:144:27)
      at TestingInjector.loadInstance (node_modules/@nestjs/core/injector/injector.js:70:13)
      at TestingInjector.loadProvider (node_modules/@nestjs/core/injector/injector.js:98:9)
      at node_modules/@nestjs/core/injector/instance-loader.js:56:13
          at async Promise.all (index 3)
      at TestingInstanceLoader.createInstancesOfProviders (node_modules/@nestjs/core/injector/instance-loader.js:55:9)
      at node_modules/@nestjs/core/injector/instance-loader.js:40:13
          at async Promise.all (index 1)
      at TestingInstanceLoader.createInstances (node_modules/@nestjs/core/injector/instance-loader.js:39:9)
      at TestingInstanceLoader.createInstancesOfDependencies (node_modules/@nestjs/core/injector/instance-loader.js:22:13)
      at TestingInstanceLoader.createInstancesOfDependencies (node_modules/@nestjs/testing/testing-instance-loader.js:9:9)
      at TestingModuleBuilder.createInstancesOfDependencies (node_modules/@nestjs/testing/testing-module.builder.js:118:9)
      at TestingModuleBuilder.compile (node_modules/@nestjs/testing/testing-module.builder.js:74:9)
      at Object.<anonymous> (src/common/guards/permission.guard.spec.ts:22:35)

  ● PermissionGuard › canActivate › CheckPermission - 单个权限检查 › 应该拒绝权限已过期的用户

    Nest can't resolve dependencies of the PermissionGuard (Reflector, UserPermissionService, ?). Please make sure that the argument RedisService at index [2] is available in the RootTestModule context.

    Potential solutions:
    - Is RootTestModule a valid NestJS module?
    - If RedisService is a provider, is it part of the current RootTestModule?
    - If RedisService is exported from a separate @Module, is that module imported within RootTestModule?
      @Module({
        imports: [ /* the Module containing RedisService */ ]
      })

      20 |
      21 |   beforeEach(async () => {
    > 22 |     const module: TestingModule = await Test.createTestingModule({
         |                                   ^
      23 |       providers: [
      24 |         PermissionGuard,
      25 |         {

      at TestingInjector.lookupComponentInParentModules (node_modules/@nestjs/core/injector/injector.js:262:19)
      at TestingInjector.resolveComponentInstance (node_modules/@nestjs/core/injector/injector.js:215:33)
      at TestingInjector.resolveComponentInstance (node_modules/@nestjs/testing/testing-injector.js:19:45)
      at resolveParam (node_modules/@nestjs/core/injector/injector.js:129:38)
          at async Promise.all (index 2)
      at TestingInjector.resolveConstructorParams (node_modules/@nestjs/core/injector/injector.js:144:27)
      at TestingInjector.loadInstance (node_modules/@nestjs/core/injector/injector.js:70:13)
      at TestingInjector.loadProvider (node_modules/@nestjs/core/injector/injector.js:98:9)
      at node_modules/@nestjs/core/injector/instance-loader.js:56:13
          at async Promise.all (index 3)
      at TestingInstanceLoader.createInstancesOfProviders (node_modules/@nestjs/core/injector/instance-loader.js:55:9)
      at node_modules/@nestjs/core/injector/instance-loader.js:40:13
          at async Promise.all (index 1)
      at TestingInstanceLoader.createInstances (node_modules/@nestjs/core/injector/instance-loader.js:39:9)
      at TestingInstanceLoader.createInstancesOfDependencies (node_modules/@nestjs/core/injector/instance-loader.js:22:13)
      at TestingInstanceLoader.createInstancesOfDependencies (node_modules/@nestjs/testing/testing-instance-loader.js:9:9)
      at TestingModuleBuilder.createInstancesOfDependencies (node_modules/@nestjs/testing/testing-module.builder.js:118:9)
      at TestingModuleBuilder.compile (node_modules/@nestjs/testing/testing-module.builder.js:74:9)
      at Object.<anonymous> (src/common/guards/permission.guard.spec.ts:22:35)

  ● PermissionGuard › canActivate › CheckPermissions - 多个权限 AND 逻辑 › 应该允许拥有所有权限的用户通过

    Nest can't resolve dependencies of the PermissionGuard (Reflector, UserPermissionService, ?). Please make sure that the argument RedisService at index [2] is available in the RootTestModule context.

    Potential solutions:
    - Is RootTestModule a valid NestJS module?
    - If RedisService is a provider, is it part of the current RootTestModule?
    - If RedisService is exported from a separate @Module, is that module imported within RootTestModule?
      @Module({
        imports: [ /* the Module containing RedisService */ ]
      })

      20 |
      21 |   beforeEach(async () => {
    > 22 |     const module: TestingModule = await Test.createTestingModule({
         |                                   ^
      23 |       providers: [
      24 |         PermissionGuard,
      25 |         {

      at TestingInjector.lookupComponentInParentModules (node_modules/@nestjs/core/injector/injector.js:262:19)
      at TestingInjector.resolveComponentInstance (node_modules/@nestjs/core/injector/injector.js:215:33)
      at TestingInjector.resolveComponentInstance (node_modules/@nestjs/testing/testing-injector.js:19:45)
      at resolveParam (node_modules/@nestjs/core/injector/injector.js:129:38)
          at async Promise.all (index 2)
      at TestingInjector.resolveConstructorParams (node_modules/@nestjs/core/injector/injector.js:144:27)
      at TestingInjector.loadInstance (node_modules/@nestjs/core/injector/injector.js:70:13)
      at TestingInjector.loadProvider (node_modules/@nestjs/core/injector/injector.js:98:9)
      at node_modules/@nestjs/core/injector/instance-loader.js:56:13
          at async Promise.all (index 3)
      at TestingInstanceLoader.createInstancesOfProviders (node_modules/@nestjs/core/injector/instance-loader.js:55:9)
      at node_modules/@nestjs/core/injector/instance-loader.js:40:13
          at async Promise.all (index 1)
      at TestingInstanceLoader.createInstances (node_modules/@nestjs/core/injector/instance-loader.js:39:9)
      at TestingInstanceLoader.createInstancesOfDependencies (node_modules/@nestjs/core/injector/instance-loader.js:22:13)
      at TestingInstanceLoader.createInstancesOfDependencies (node_modules/@nestjs/testing/testing-instance-loader.js:9:9)
      at TestingModuleBuilder.createInstancesOfDependencies (node_modules/@nestjs/testing/testing-module.builder.js:118:9)
      at TestingModuleBuilder.compile (node_modules/@nestjs/testing/testing-module.builder.js:74:9)
      at Object.<anonymous> (src/common/guards/permission.guard.spec.ts:22:35)

  ● PermissionGuard › canActivate › CheckPermissions - 多个权限 AND 逻辑 › 应该拒绝只拥有部分权限的用户

    Nest can't resolve dependencies of the PermissionGuard (Reflector, UserPermissionService, ?). Please make sure that the argument RedisService at index [2] is available in the RootTestModule context.

    Potential solutions:
    - Is RootTestModule a valid NestJS module?
    - If RedisService is a provider, is it part of the current RootTestModule?
    - If RedisService is exported from a separate @Module, is that module imported within RootTestModule?
      @Module({
        imports: [ /* the Module containing RedisService */ ]
      })

      20 |
      21 |   beforeEach(async () => {
    > 22 |     const module: TestingModule = await Test.createTestingModule({
         |                                   ^
      23 |       providers: [
      24 |         PermissionGuard,
      25 |         {

      at TestingInjector.lookupComponentInParentModules (node_modules/@nestjs/core/injector/injector.js:262:19)
      at TestingInjector.resolveComponentInstance (node_modules/@nestjs/core/injector/injector.js:215:33)
      at TestingInjector.resolveComponentInstance (node_modules/@nestjs/testing/testing-injector.js:19:45)
      at resolveParam (node_modules/@nestjs/core/injector/injector.js:129:38)
          at async Promise.all (index 2)
      at TestingInjector.resolveConstructorParams (node_modules/@nestjs/core/injector/injector.js:144:27)
      at TestingInjector.loadInstance (node_modules/@nestjs/core/injector/injector.js:70:13)
      at TestingInjector.loadProvider (node_modules/@nestjs/core/injector/injector.js:98:9)
      at node_modules/@nestjs/core/injector/instance-loader.js:56:13
          at async Promise.all (index 3)
      at TestingInstanceLoader.createInstancesOfProviders (node_modules/@nestjs/core/injector/instance-loader.js:55:9)
      at node_modules/@nestjs/core/injector/instance-loader.js:40:13
          at async Promise.all (index 1)
      at TestingInstanceLoader.createInstances (node_modules/@nestjs/core/injector/instance-loader.js:39:9)
      at TestingInstanceLoader.createInstancesOfDependencies (node_modules/@nestjs/core/injector/instance-loader.js:22:13)
      at TestingInstanceLoader.createInstancesOfDependencies (node_modules/@nestjs/testing/testing-instance-loader.js:9:9)
      at TestingModuleBuilder.createInstancesOfDependencies (node_modules/@nestjs/testing/testing-module.builder.js:118:9)
      at TestingModuleBuilder.compile (node_modules/@nestjs/testing/testing-module.builder.js:74:9)
      at Object.<anonymous> (src/common/guards/permission.guard.spec.ts:22:35)

  ● PermissionGuard › canActivate › CheckAnyPermission - 多个权限 OR 逻辑 › 应该允许拥有任一权限的用户通过

    Nest can't resolve dependencies of the PermissionGuard (Reflector, UserPermissionService, ?). Please make sure that the argument RedisService at index [2] is available in the RootTestModule context.

    Potential solutions:
    - Is RootTestModule a valid NestJS module?
    - If RedisService is a provider, is it part of the current RootTestModule?
    - If RedisService is exported from a separate @Module, is that module imported within RootTestModule?
      @Module({
        imports: [ /* the Module containing RedisService */ ]
      })

      20 |
      21 |   beforeEach(async () => {
    > 22 |     const module: TestingModule = await Test.createTestingModule({
         |                                   ^
      23 |       providers: [
      24 |         PermissionGuard,
      25 |         {

      at TestingInjector.lookupComponentInParentModules (node_modules/@nestjs/core/injector/injector.js:262:19)
      at TestingInjector.resolveComponentInstance (node_modules/@nestjs/core/injector/injector.js:215:33)
      at TestingInjector.resolveComponentInstance (node_modules/@nestjs/testing/testing-injector.js:19:45)
      at resolveParam (node_modules/@nestjs/core/injector/injector.js:129:38)
          at async Promise.all (index 2)
      at TestingInjector.resolveConstructorParams (node_modules/@nestjs/core/injector/injector.js:144:27)
      at TestingInjector.loadInstance (node_modules/@nestjs/core/injector/injector.js:70:13)
      at TestingInjector.loadProvider (node_modules/@nestjs/core/injector/injector.js:98:9)
      at node_modules/@nestjs/core/injector/instance-loader.js:56:13
          at async Promise.all (index 3)
      at TestingInstanceLoader.createInstancesOfProviders (node_modules/@nestjs/core/injector/instance-loader.js:55:9)
      at node_modules/@nestjs/core/injector/instance-loader.js:40:13
          at async Promise.all (index 1)
      at TestingInstanceLoader.createInstances (node_modules/@nestjs/core/injector/instance-loader.js:39:9)
      at TestingInstanceLoader.createInstancesOfDependencies (node_modules/@nestjs/core/injector/instance-loader.js:22:13)
      at TestingInstanceLoader.createInstancesOfDependencies (node_modules/@nestjs/testing/testing-instance-loader.js:9:9)
      at TestingModuleBuilder.createInstancesOfDependencies (node_modules/@nestjs/testing/testing-module.builder.js:118:9)
      at TestingModuleBuilder.compile (node_modules/@nestjs/testing/testing-module.builder.js:74:9)
      at Object.<anonymous> (src/common/guards/permission.guard.spec.ts:22:35)

  ● PermissionGuard › canActivate › CheckAnyPermission - 多个权限 OR 逻辑 › 应该拒绝没有任何所需权限的用户

    Nest can't resolve dependencies of the PermissionGuard (Reflector, UserPermissionService, ?). Please make sure that the argument RedisService at index [2] is available in the RootTestModule context.

    Potential solutions:
    - Is RootTestModule a valid NestJS module?
    - If RedisService is a provider, is it part of the current RootTestModule?
    - If RedisService is exported from a separate @Module, is that module imported within RootTestModule?
      @Module({
        imports: [ /* the Module containing RedisService */ ]
      })

      20 |
      21 |   beforeEach(async () => {
    > 22 |     const module: TestingModule = await Test.createTestingModule({
         |                                   ^
      23 |       providers: [
      24 |         PermissionGuard,
      25 |         {

      at TestingInjector.lookupComponentInParentModules (node_modules/@nestjs/core/injector/injector.js:262:19)
      at TestingInjector.resolveComponentInstance (node_modules/@nestjs/core/injector/injector.js:215:33)
      at TestingInjector.resolveComponentInstance (node_modules/@nestjs/testing/testing-injector.js:19:45)
      at resolveParam (node_modules/@nestjs/core/injector/injector.js:129:38)
          at async Promise.all (index 2)
      at TestingInjector.resolveConstructorParams (node_modules/@nestjs/core/injector/injector.js:144:27)
      at TestingInjector.loadInstance (node_modules/@nestjs/core/injector/injector.js:70:13)
      at TestingInjector.loadProvider (node_modules/@nestjs/core/injector/injector.js:98:9)
      at node_modules/@nestjs/core/injector/instance-loader.js:56:13
          at async Promise.all (index 3)
      at TestingInstanceLoader.createInstancesOfProviders (node_modules/@nestjs/core/injector/instance-loader.js:55:9)
      at node_modules/@nestjs/core/injector/instance-loader.js:40:13
          at async Promise.all (index 1)
      at TestingInstanceLoader.createInstances (node_modules/@nestjs/core/injector/instance-loader.js:39:9)
      at TestingInstanceLoader.createInstancesOfDependencies (node_modules/@nestjs/core/injector/instance-loader.js:22:13)
      at TestingInstanceLoader.createInstancesOfDependencies (node_modules/@nestjs/testing/testing-instance-loader.js:9:9)
      at TestingModuleBuilder.createInstancesOfDependencies (node_modules/@nestjs/testing/testing-module.builder.js:118:9)
      at TestingModuleBuilder.compile (node_modules/@nestjs/testing/testing-module.builder.js:74:9)
      at Object.<anonymous> (src/common/guards/permission.guard.spec.ts:22:35)

  ● PermissionGuard › canActivate › Resource - 资源级别权限 › 应该验证资源级别权限

    Nest can't resolve dependencies of the PermissionGuard (Reflector, UserPermissionService, ?). Please make sure that the argument RedisService at index [2] is available in the RootTestModule context.

    Potential solutions:
    - Is RootTestModule a valid NestJS module?
    - If RedisService is a provider, is it part of the current RootTestModule?
    - If RedisService is exported from a separate @Module, is that module imported within RootTestModule?
      @Module({
        imports: [ /* the Module containing RedisService */ ]
      })

      20 |
      21 |   beforeEach(async () => {
    > 22 |     const module: TestingModule = await Test.createTestingModule({
         |                                   ^
      23 |       providers: [
      24 |         PermissionGuard,
      25 |         {

      at TestingInjector.lookupComponentInParentModules (node_modules/@nestjs/core/injector/injector.js:262:19)
      at TestingInjector.resolveComponentInstance (node_modules/@nestjs/core/injector/injector.js:215:33)
      at TestingInjector.resolveComponentInstance (node_modules/@nestjs/testing/testing-injector.js:19:45)
      at resolveParam (node_modules/@nestjs/core/injector/injector.js:129:38)
          at async Promise.all (index 2)
      at TestingInjector.resolveConstructorParams (node_modules/@nestjs/core/injector/injector.js:144:27)
      at TestingInjector.loadInstance (node_modules/@nestjs/core/injector/injector.js:70:13)
      at TestingInjector.loadProvider (node_modules/@nestjs/core/injector/injector.js:98:9)
      at node_modules/@nestjs/core/injector/instance-loader.js:56:13
          at async Promise.all (index 3)
      at TestingInstanceLoader.createInstancesOfProviders (node_modules/@nestjs/core/injector/instance-loader.js:55:9)
      at node_modules/@nestjs/core/injector/instance-loader.js:40:13
          at async Promise.all (index 1)
      at TestingInstanceLoader.createInstances (node_modules/@nestjs/core/injector/instance-loader.js:39:9)
      at TestingInstanceLoader.createInstancesOfDependencies (node_modules/@nestjs/core/injector/instance-loader.js:22:13)
      at TestingInstanceLoader.createInstancesOfDependencies (node_modules/@nestjs/testing/testing-instance-loader.js:9:9)
      at TestingModuleBuilder.createInstancesOfDependencies (node_modules/@nestjs/testing/testing-module.builder.js:118:9)
      at TestingModuleBuilder.compile (node_modules/@nestjs/testing/testing-module.builder.js:74:9)
      at Object.<anonymous> (src/common/guards/permission.guard.spec.ts:22:35)

  ● PermissionGuard › canActivate › Resource - 资源级别权限 › 应该拒绝资源 ID 不匹配的请求

    Nest can't resolve dependencies of the PermissionGuard (Reflector, UserPermissionService, ?). Please make sure that the argument RedisService at index [2] is available in the RootTestModule context.

    Potential solutions:
    - Is RootTestModule a valid NestJS module?
    - If RedisService is a provider, is it part of the current RootTestModule?
    - If RedisService is exported from a separate @Module, is that module imported within RootTestModule?
      @Module({
        imports: [ /* the Module containing RedisService */ ]
      })

      20 |
      21 |   beforeEach(async () => {
    > 22 |     const module: TestingModule = await Test.createTestingModule({
         |                                   ^
      23 |       providers: [
      24 |         PermissionGuard,
      25 |         {

      at TestingInjector.lookupComponentInParentModules (node_modules/@nestjs/core/injector/injector.js:262:19)
      at TestingInjector.resolveComponentInstance (node_modules/@nestjs/core/injector/injector.js:215:33)
      at TestingInjector.resolveComponentInstance (node_modules/@nestjs/testing/testing-injector.js:19:45)
      at resolveParam (node_modules/@nestjs/core/injector/injector.js:129:38)
          at async Promise.all (index 2)
      at TestingInjector.resolveConstructorParams (node_modules/@nestjs/core/injector/injector.js:144:27)
      at TestingInjector.loadInstance (node_modules/@nestjs/core/injector/injector.js:70:13)
      at TestingInjector.loadProvider (node_modules/@nestjs/core/injector/injector.js:98:9)
      at node_modules/@nestjs/core/injector/instance-loader.js:56:13
          at async Promise.all (index 3)
      at TestingInstanceLoader.createInstancesOfProviders (node_modules/@nestjs/core/injector/instance-loader.js:55:9)
      at node_modules/@nestjs/core/injector/instance-loader.js:40:13
          at async Promise.all (index 1)
      at TestingInstanceLoader.createInstances (node_modules/@nestjs/core/injector/instance-loader.js:39:9)
      at TestingInstanceLoader.createInstancesOfDependencies (node_modules/@nestjs/core/injector/instance-loader.js:22:13)
      at TestingInstanceLoader.createInstancesOfDependencies (node_modules/@nestjs/testing/testing-instance-loader.js:9:9)
      at TestingModuleBuilder.createInstancesOfDependencies (node_modules/@nestjs/testing/testing-module.builder.js:118:9)
      at TestingModuleBuilder.compile (node_modules/@nestjs/testing/testing-module.builder.js:74:9)
      at Object.<anonymous> (src/common/guards/permission.guard.spec.ts:22:35)

  ● PermissionGuard › canActivate › Resource - 资源级别权限 › 应该允许全局权限（无资源限制）

    Nest can't resolve dependencies of the PermissionGuard (Reflector, UserPermissionService, ?). Please make sure that the argument RedisService at index [2] is available in the RootTestModule context.

    Potential solutions:
    - Is RootTestModule a valid NestJS module?
    - If RedisService is a provider, is it part of the current RootTestModule?
    - If RedisService is exported from a separate @Module, is that module imported within RootTestModule?
      @Module({
        imports: [ /* the Module containing RedisService */ ]
      })

      20 |
      21 |   beforeEach(async () => {
    > 22 |     const module: TestingModule = await Test.createTestingModule({
         |                                   ^
      23 |       providers: [
      24 |         PermissionGuard,
      25 |         {

      at TestingInjector.lookupComponentInParentModules (node_modules/@nestjs/core/injector/injector.js:262:19)
      at TestingInjector.resolveComponentInstance (node_modules/@nestjs/core/injector/injector.js:215:33)
      at TestingInjector.resolveComponentInstance (node_modules/@nestjs/testing/testing-injector.js:19:45)
      at resolveParam (node_modules/@nestjs/core/injector/injector.js:129:38)
          at async Promise.all (index 2)
      at TestingInjector.resolveConstructorParams (node_modules/@nestjs/core/injector/injector.js:144:27)
      at TestingInjector.loadInstance (node_modules/@nestjs/core/injector/injector.js:70:13)
      at TestingInjector.loadProvider (node_modules/@nestjs/core/injector/injector.js:98:9)
      at node_modules/@nestjs/core/injector/instance-loader.js:56:13
          at async Promise.all (index 3)
      at TestingInstanceLoader.createInstancesOfProviders (node_modules/@nestjs/core/injector/instance-loader.js:55:9)
      at node_modules/@nestjs/core/injector/instance-loader.js:40:13
          at async Promise.all (index 1)
      at TestingInstanceLoader.createInstances (node_modules/@nestjs/core/injector/instance-loader.js:39:9)
      at TestingInstanceLoader.createInstancesOfDependencies (node_modules/@nestjs/core/injector/instance-loader.js:22:13)
      at TestingInstanceLoader.createInstancesOfDependencies (node_modules/@nestjs/testing/testing-instance-loader.js:9:9)
      at TestingModuleBuilder.createInstancesOfDependencies (node_modules/@nestjs/testing/testing-module.builder.js:118:9)
      at TestingModuleBuilder.compile (node_modules/@nestjs/testing/testing-module.builder.js:74:9)
      at Object.<anonymous> (src/common/guards/permission.guard.spec.ts:22:35)

FAIL src/modules/workflow/workflow-instance.service.spec.ts
  ● WorkflowInstanceService › create › 应该成功创建工作流实例并自动创建第一步任务

    Nest can't resolve dependencies of the WorkflowInstanceService (PrismaService, ?). Please make sure that the argument NotificationService at index [1] is available in the RootTestModule context.

    Potential solutions:
    - Is RootTestModule a valid NestJS module?
    - If NotificationService is a provider, is it part of the current RootTestModule?
    - If NotificationService is exported from a separate @Module, is that module imported within RootTestModule?
      @Module({
        imports: [ /* the Module containing NotificationService */ ]
      })

      30 |
      31 |   beforeEach(async () => {
    > 32 |     const module: TestingModule = await Test.createTestingModule({
         |                                   ^
      33 |       providers: [
      34 |         WorkflowInstanceService,
      35 |         {

      at TestingInjector.lookupComponentInParentModules (node_modules/@nestjs/core/injector/injector.js:262:19)
      at TestingInjector.resolveComponentInstance (node_modules/@nestjs/core/injector/injector.js:215:33)
      at TestingInjector.resolveComponentInstance (node_modules/@nestjs/testing/testing-injector.js:19:45)
      at resolveParam (node_modules/@nestjs/core/injector/injector.js:129:38)
          at async Promise.all (index 1)
      at TestingInjector.resolveConstructorParams (node_modules/@nestjs/core/injector/injector.js:144:27)
      at TestingInjector.loadInstance (node_modules/@nestjs/core/injector/injector.js:70:13)
      at TestingInjector.loadProvider (node_modules/@nestjs/core/injector/injector.js:98:9)
      at node_modules/@nestjs/core/injector/instance-loader.js:56:13
          at async Promise.all (index 3)
      at TestingInstanceLoader.createInstancesOfProviders (node_modules/@nestjs/core/injector/instance-loader.js:55:9)
      at node_modules/@nestjs/core/injector/instance-loader.js:40:13
          at async Promise.all (index 1)
      at TestingInstanceLoader.createInstances (node_modules/@nestjs/core/injector/instance-loader.js:39:9)
      at TestingInstanceLoader.createInstancesOfDependencies (node_modules/@nestjs/core/injector/instance-loader.js:22:13)
      at TestingInstanceLoader.createInstancesOfDependencies (node_modules/@nestjs/testing/testing-instance-loader.js:9:9)
      at TestingModuleBuilder.createInstancesOfDependencies (node_modules/@nestjs/testing/testing-module.builder.js:118:9)
      at TestingModuleBuilder.compile (node_modules/@nestjs/testing/testing-module.builder.js:74:9)
      at Object.<anonymous> (src/modules/workflow/workflow-instance.service.spec.ts:32:35)

  ● WorkflowInstanceService › create › 应该在模板不存在时抛出 NotFoundException

    Nest can't resolve dependencies of the WorkflowInstanceService (PrismaService, ?). Please make sure that the argument NotificationService at index [1] is available in the RootTestModule context.

    Potential solutions:
    - Is RootTestModule a valid NestJS module?
    - If NotificationService is a provider, is it part of the current RootTestModule?
    - If NotificationService is exported from a separate @Module, is that module imported within RootTestModule?
      @Module({
        imports: [ /* the Module containing NotificationService */ ]
      })

      30 |
      31 |   beforeEach(async () => {
    > 32 |     const module: TestingModule = await Test.createTestingModule({
         |                                   ^
      33 |       providers: [
      34 |         WorkflowInstanceService,
      35 |         {

      at TestingInjector.lookupComponentInParentModules (node_modules/@nestjs/core/injector/injector.js:262:19)
      at TestingInjector.resolveComponentInstance (node_modules/@nestjs/core/injector/injector.js:215:33)
      at TestingInjector.resolveComponentInstance (node_modules/@nestjs/testing/testing-injector.js:19:45)
      at resolveParam (node_modules/@nestjs/core/injector/injector.js:129:38)
          at async Promise.all (index 1)
      at TestingInjector.resolveConstructorParams (node_modules/@nestjs/core/injector/injector.js:144:27)
      at TestingInjector.loadInstance (node_modules/@nestjs/core/injector/injector.js:70:13)
      at TestingInjector.loadProvider (node_modules/@nestjs/core/injector/injector.js:98:9)
      at node_modules/@nestjs/core/injector/instance-loader.js:56:13
          at async Promise.all (index 3)
      at TestingInstanceLoader.createInstancesOfProviders (node_modules/@nestjs/core/injector/instance-loader.js:55:9)
      at node_modules/@nestjs/core/injector/instance-loader.js:40:13
          at async Promise.all (index 1)
      at TestingInstanceLoader.createInstances (node_modules/@nestjs/core/injector/instance-loader.js:39:9)
      at TestingInstanceLoader.createInstancesOfDependencies (node_modules/@nestjs/core/injector/instance-loader.js:22:13)
      at TestingInstanceLoader.createInstancesOfDependencies (node_modules/@nestjs/testing/testing-instance-loader.js:9:9)
      at TestingModuleBuilder.createInstancesOfDependencies (node_modules/@nestjs/testing/testing-module.builder.js:118:9)
      at TestingModuleBuilder.compile (node_modules/@nestjs/testing/testing-module.builder.js:74:9)
      at Object.<anonymous> (src/modules/workflow/workflow-instance.service.spec.ts:32:35)

  ● WorkflowInstanceService › create › 应该在模板已停用时抛出 BadRequestException

    Nest can't resolve dependencies of the WorkflowInstanceService (PrismaService, ?). Please make sure that the argument NotificationService at index [1] is available in the RootTestModule context.

    Potential solutions:
    - Is RootTestModule a valid NestJS module?
    - If NotificationService is a provider, is it part of the current RootTestModule?
    - If NotificationService is exported from a separate @Module, is that module imported within RootTestModule?
      @Module({
        imports: [ /* the Module containing NotificationService */ ]
      })

      30 |
      31 |   beforeEach(async () => {
    > 32 |     const module: TestingModule = await Test.createTestingModule({
         |                                   ^
      33 |       providers: [
      34 |         WorkflowInstanceService,
      35 |         {

      at TestingInjector.lookupComponentInParentModules (node_modules/@nestjs/core/injector/injector.js:262:19)
      at TestingInjector.resolveComponentInstance (node_modules/@nestjs/core/injector/injector.js:215:33)
      at TestingInjector.resolveComponentInstance (node_modules/@nestjs/testing/testing-injector.js:19:45)
      at resolveParam (node_modules/@nestjs/core/injector/injector.js:129:38)
          at async Promise.all (index 1)
      at TestingInjector.resolveConstructorParams (node_modules/@nestjs/core/injector/injector.js:144:27)
      at TestingInjector.loadInstance (node_modules/@nestjs/core/injector/injector.js:70:13)
      at TestingInjector.loadProvider (node_modules/@nestjs/core/injector/injector.js:98:9)
      at node_modules/@nestjs/core/injector/instance-loader.js:56:13
          at async Promise.all (index 3)
      at TestingInstanceLoader.createInstancesOfProviders (node_modules/@nestjs/core/injector/instance-loader.js:55:9)
      at node_modules/@nestjs/core/injector/instance-loader.js:40:13
          at async Promise.all (index 1)
      at TestingInstanceLoader.createInstances (node_modules/@nestjs/core/injector/instance-loader.js:39:9)
      at TestingInstanceLoader.createInstancesOfDependencies (node_modules/@nestjs/core/injector/instance-loader.js:22:13)
      at TestingInstanceLoader.createInstancesOfDependencies (node_modules/@nestjs/testing/testing-instance-loader.js:9:9)
      at TestingModuleBuilder.createInstancesOfDependencies (node_modules/@nestjs/testing/testing-module.builder.js:118:9)
      at TestingModuleBuilder.compile (node_modules/@nestjs/testing/testing-module.builder.js:74:9)
      at Object.<anonymous> (src/modules/workflow/workflow-instance.service.spec.ts:32:35)

  ● WorkflowInstanceService › cancel › 应该成功取消工作流（发起人）

    Nest can't resolve dependencies of the WorkflowInstanceService (PrismaService, ?). Please make sure that the argument NotificationService at index [1] is available in the RootTestModule context.

    Potential solutions:
    - Is RootTestModule a valid NestJS module?
    - If NotificationService is a provider, is it part of the current RootTestModule?
    - If NotificationService is exported from a separate @Module, is that module imported within RootTestModule?
      @Module({
        imports: [ /* the Module containing NotificationService */ ]
      })

      30 |
      31 |   beforeEach(async () => {
    > 32 |     const module: TestingModule = await Test.createTestingModule({
         |                                   ^
      33 |       providers: [
      34 |         WorkflowInstanceService,
      35 |         {

      at TestingInjector.lookupComponentInParentModules (node_modules/@nestjs/core/injector/injector.js:262:19)
      at TestingInjector.resolveComponentInstance (node_modules/@nestjs/core/injector/injector.js:215:33)
      at TestingInjector.resolveComponentInstance (node_modules/@nestjs/testing/testing-injector.js:19:45)
      at resolveParam (node_modules/@nestjs/core/injector/injector.js:129:38)
          at async Promise.all (index 1)
      at TestingInjector.resolveConstructorParams (node_modules/@nestjs/core/injector/injector.js:144:27)
      at TestingInjector.loadInstance (node_modules/@nestjs/core/injector/injector.js:70:13)
      at TestingInjector.loadProvider (node_modules/@nestjs/core/injector/injector.js:98:9)
      at node_modules/@nestjs/core/injector/instance-loader.js:56:13
          at async Promise.all (index 3)
      at TestingInstanceLoader.createInstancesOfProviders (node_modules/@nestjs/core/injector/instance-loader.js:55:9)
      at node_modules/@nestjs/core/injector/instance-loader.js:40:13
          at async Promise.all (index 1)
      at TestingInstanceLoader.createInstances (node_modules/@nestjs/core/injector/instance-loader.js:39:9)
      at TestingInstanceLoader.createInstancesOfDependencies (node_modules/@nestjs/core/injector/instance-loader.js:22:13)
      at TestingInstanceLoader.createInstancesOfDependencies (node_modules/@nestjs/testing/testing-instance-loader.js:9:9)
      at TestingModuleBuilder.createInstancesOfDependencies (node_modules/@nestjs/testing/testing-module.builder.js:118:9)
      at TestingModuleBuilder.compile (node_modules/@nestjs/testing/testing-module.builder.js:74:9)
      at Object.<anonymous> (src/modules/workflow/workflow-instance.service.spec.ts:32:35)

  ● WorkflowInstanceService › cancel › 应该成功取消工作流（管理员）

    Nest can't resolve dependencies of the WorkflowInstanceService (PrismaService, ?). Please make sure that the argument NotificationService at index [1] is available in the RootTestModule context.

    Potential solutions:
    - Is RootTestModule a valid NestJS module?
    - If NotificationService is a provider, is it part of the current RootTestModule?
    - If NotificationService is exported from a separate @Module, is that module imported within RootTestModule?
      @Module({
        imports: [ /* the Module containing NotificationService */ ]
      })

      30 |
      31 |   beforeEach(async () => {
    > 32 |     const module: TestingModule = await Test.createTestingModule({
         |                                   ^
      33 |       providers: [
      34 |         WorkflowInstanceService,
      35 |         {

      at TestingInjector.lookupComponentInParentModules (node_modules/@nestjs/core/injector/injector.js:262:19)
      at TestingInjector.resolveComponentInstance (node_modules/@nestjs/core/injector/injector.js:215:33)
      at TestingInjector.resolveComponentInstance (node_modules/@nestjs/testing/testing-injector.js:19:45)
      at resolveParam (node_modules/@nestjs/core/injector/injector.js:129:38)
          at async Promise.all (index 1)
      at TestingInjector.resolveConstructorParams (node_modules/@nestjs/core/injector/injector.js:144:27)
      at TestingInjector.loadInstance (node_modules/@nestjs/core/injector/injector.js:70:13)
      at TestingInjector.loadProvider (node_modules/@nestjs/core/injector/injector.js:98:9)
      at node_modules/@nestjs/core/injector/instance-loader.js:56:13
          at async Promise.all (index 3)
      at TestingInstanceLoader.createInstancesOfProviders (node_modules/@nestjs/core/injector/instance-loader.js:55:9)
      at node_modules/@nestjs/core/injector/instance-loader.js:40:13
          at async Promise.all (index 1)
      at TestingInstanceLoader.createInstances (node_modules/@nestjs/core/injector/instance-loader.js:39:9)
      at TestingInstanceLoader.createInstancesOfDependencies (node_modules/@nestjs/core/injector/instance-loader.js:22:13)
      at TestingInstanceLoader.createInstancesOfDependencies (node_modules/@nestjs/testing/testing-instance-loader.js:9:9)
      at TestingModuleBuilder.createInstancesOfDependencies (node_modules/@nestjs/testing/testing-module.builder.js:118:9)
      at TestingModuleBuilder.compile (node_modules/@nestjs/testing/testing-module.builder.js:74:9)
      at Object.<anonymous> (src/modules/workflow/workflow-instance.service.spec.ts:32:35)

  ● WorkflowInstanceService › cancel › 应该在非发起人且非管理员时抛出 ForbiddenException

    Nest can't resolve dependencies of the WorkflowInstanceService (PrismaService, ?). Please make sure that the argument NotificationService at index [1] is available in the RootTestModule context.

    Potential solutions:
    - Is RootTestModule a valid NestJS module?
    - If NotificationService is a provider, is it part of the current RootTestModule?
    - If NotificationService is exported from a separate @Module, is that module imported within RootTestModule?
      @Module({
        imports: [ /* the Module containing NotificationService */ ]
      })

      30 |
      31 |   beforeEach(async () => {
    > 32 |     const module: TestingModule = await Test.createTestingModule({
         |                                   ^
      33 |       providers: [
      34 |         WorkflowInstanceService,
      35 |         {

      at TestingInjector.lookupComponentInParentModules (node_modules/@nestjs/core/injector/injector.js:262:19)
      at TestingInjector.resolveComponentInstance (node_modules/@nestjs/core/injector/injector.js:215:33)
      at TestingInjector.resolveComponentInstance (node_modules/@nestjs/testing/testing-injector.js:19:45)
      at resolveParam (node_modules/@nestjs/core/injector/injector.js:129:38)
          at async Promise.all (index 1)
      at TestingInjector.resolveConstructorParams (node_modules/@nestjs/core/injector/injector.js:144:27)
      at TestingInjector.loadInstance (node_modules/@nestjs/core/injector/injector.js:70:13)
      at TestingInjector.loadProvider (node_modules/@nestjs/core/injector/injector.js:98:9)
      at node_modules/@nestjs/core/injector/instance-loader.js:56:13
          at async Promise.all (index 3)
      at TestingInstanceLoader.createInstancesOfProviders (node_modules/@nestjs/core/injector/instance-loader.js:55:9)
      at node_modules/@nestjs/core/injector/instance-loader.js:40:13
          at async Promise.all (index 1)
      at TestingInstanceLoader.createInstances (node_modules/@nestjs/core/injector/instance-loader.js:39:9)
      at TestingInstanceLoader.createInstancesOfDependencies (node_modules/@nestjs/core/injector/instance-loader.js:22:13)
      at TestingInstanceLoader.createInstancesOfDependencies (node_modules/@nestjs/testing/testing-instance-loader.js:9:9)
      at TestingModuleBuilder.createInstancesOfDependencies (node_modules/@nestjs/testing/testing-module.builder.js:118:9)
      at TestingModuleBuilder.compile (node_modules/@nestjs/testing/testing-module.builder.js:74:9)
      at Object.<anonymous> (src/modules/workflow/workflow-instance.service.spec.ts:32:35)

  ● WorkflowInstanceService › cancel › 应该在状态为 completed 时抛出 BadRequestException

    Nest can't resolve dependencies of the WorkflowInstanceService (PrismaService, ?). Please make sure that the argument NotificationService at index [1] is available in the RootTestModule context.

    Potential solutions:
    - Is RootTestModule a valid NestJS module?
    - If NotificationService is a provider, is it part of the current RootTestModule?
    - If NotificationService is exported from a separate @Module, is that module imported within RootTestModule?
      @Module({
        imports: [ /* the Module containing NotificationService */ ]
      })

      30 |
      31 |   beforeEach(async () => {
    > 32 |     const module: TestingModule = await Test.createTestingModule({
         |                                   ^
      33 |       providers: [
      34 |         WorkflowInstanceService,
      35 |         {

      at TestingInjector.lookupComponentInParentModules (node_modules/@nestjs/core/injector/injector.js:262:19)
      at TestingInjector.resolveComponentInstance (node_modules/@nestjs/core/injector/injector.js:215:33)
      at TestingInjector.resolveComponentInstance (node_modules/@nestjs/testing/testing-injector.js:19:45)
      at resolveParam (node_modules/@nestjs/core/injector/injector.js:129:38)
          at async Promise.all (index 1)
      at TestingInjector.resolveConstructorParams (node_modules/@nestjs/core/injector/injector.js:144:27)
      at TestingInjector.loadInstance (node_modules/@nestjs/core/injector/injector.js:70:13)
      at TestingInjector.loadProvider (node_modules/@nestjs/core/injector/injector.js:98:9)
      at node_modules/@nestjs/core/injector/instance-loader.js:56:13
          at async Promise.all (index 3)
      at TestingInstanceLoader.createInstancesOfProviders (node_modules/@nestjs/core/injector/instance-loader.js:55:9)
      at node_modules/@nestjs/core/injector/instance-loader.js:40:13
          at async Promise.all (index 1)
      at TestingInstanceLoader.createInstances (node_modules/@nestjs/core/injector/instance-loader.js:39:9)
      at TestingInstanceLoader.createInstancesOfDependencies (node_modules/@nestjs/core/injector/instance-loader.js:22:13)
      at TestingInstanceLoader.createInstancesOfDependencies (node_modules/@nestjs/testing/testing-instance-loader.js:9:9)
      at TestingModuleBuilder.createInstancesOfDependencies (node_modules/@nestjs/testing/testing-module.builder.js:118:9)
      at TestingModuleBuilder.compile (node_modules/@nestjs/testing/testing-module.builder.js:74:9)
      at Object.<anonymous> (src/modules/workflow/workflow-instance.service.spec.ts:32:35)

  ● WorkflowInstanceService › findOne › 应该返回工作流实例详情

    Nest can't resolve dependencies of the WorkflowInstanceService (PrismaService, ?). Please make sure that the argument NotificationService at index [1] is available in the RootTestModule context.

    Potential solutions:
    - Is RootTestModule a valid NestJS module?
    - If NotificationService is a provider, is it part of the current RootTestModule?
    - If NotificationService is exported from a separate @Module, is that module imported within RootTestModule?
      @Module({
        imports: [ /* the Module containing NotificationService */ ]
      })

      30 |
      31 |   beforeEach(async () => {
    > 32 |     const module: TestingModule = await Test.createTestingModule({
         |                                   ^
      33 |       providers: [
      34 |         WorkflowInstanceService,
      35 |         {

      at TestingInjector.lookupComponentInParentModules (node_modules/@nestjs/core/injector/injector.js:262:19)
      at TestingInjector.resolveComponentInstance (node_modules/@nestjs/core/injector/injector.js:215:33)
      at TestingInjector.resolveComponentInstance (node_modules/@nestjs/testing/testing-injector.js:19:45)
      at resolveParam (node_modules/@nestjs/core/injector/injector.js:129:38)
          at async Promise.all (index 1)
      at TestingInjector.resolveConstructorParams (node_modules/@nestjs/core/injector/injector.js:144:27)
      at TestingInjector.loadInstance (node_modules/@nestjs/core/injector/injector.js:70:13)
      at TestingInjector.loadProvider (node_modules/@nestjs/core/injector/injector.js:98:9)
      at node_modules/@nestjs/core/injector/instance-loader.js:56:13
          at async Promise.all (index 3)
      at TestingInstanceLoader.createInstancesOfProviders (node_modules/@nestjs/core/injector/instance-loader.js:55:9)
      at node_modules/@nestjs/core/injector/instance-loader.js:40:13
          at async Promise.all (index 1)
      at TestingInstanceLoader.createInstances (node_modules/@nestjs/core/injector/instance-loader.js:39:9)
      at TestingInstanceLoader.createInstancesOfDependencies (node_modules/@nestjs/core/injector/instance-loader.js:22:13)
      at TestingInstanceLoader.createInstancesOfDependencies (node_modules/@nestjs/testing/testing-instance-loader.js:9:9)
      at TestingModuleBuilder.createInstancesOfDependencies (node_modules/@nestjs/testing/testing-module.builder.js:118:9)
      at TestingModuleBuilder.compile (node_modules/@nestjs/testing/testing-module.builder.js:74:9)
      at Object.<anonymous> (src/modules/workflow/workflow-instance.service.spec.ts:32:35)

  ● WorkflowInstanceService › findOne › 应该在实例不存在时抛出 NotFoundException

    Nest can't resolve dependencies of the WorkflowInstanceService (PrismaService, ?). Please make sure that the argument NotificationService at index [1] is available in the RootTestModule context.

    Potential solutions:
    - Is RootTestModule a valid NestJS module?
    - If NotificationService is a provider, is it part of the current RootTestModule?
    - If NotificationService is exported from a separate @Module, is that module imported within RootTestModule?
      @Module({
        imports: [ /* the Module containing NotificationService */ ]
      })

      30 |
      31 |   beforeEach(async () => {
    > 32 |     const module: TestingModule = await Test.createTestingModule({
         |                                   ^
      33 |       providers: [
      34 |         WorkflowInstanceService,
      35 |         {

      at TestingInjector.lookupComponentInParentModules (node_modules/@nestjs/core/injector/injector.js:262:19)
      at TestingInjector.resolveComponentInstance (node_modules/@nestjs/core/injector/injector.js:215:33)
      at TestingInjector.resolveComponentInstance (node_modules/@nestjs/testing/testing-injector.js:19:45)
      at resolveParam (node_modules/@nestjs/core/injector/injector.js:129:38)
          at async Promise.all (index 1)
      at TestingInjector.resolveConstructorParams (node_modules/@nestjs/core/injector/injector.js:144:27)
      at TestingInjector.loadInstance (node_modules/@nestjs/core/injector/injector.js:70:13)
      at TestingInjector.loadProvider (node_modules/@nestjs/core/injector/injector.js:98:9)
      at node_modules/@nestjs/core/injector/instance-loader.js:56:13
          at async Promise.all (index 3)
      at TestingInstanceLoader.createInstancesOfProviders (node_modules/@nestjs/core/injector/instance-loader.js:55:9)
      at node_modules/@nestjs/core/injector/instance-loader.js:40:13
          at async Promise.all (index 1)
      at TestingInstanceLoader.createInstances (node_modules/@nestjs/core/injector/instance-loader.js:39:9)
      at TestingInstanceLoader.createInstancesOfDependencies (node_modules/@nestjs/core/injector/instance-loader.js:22:13)
      at TestingInstanceLoader.createInstancesOfDependencies (node_modules/@nestjs/testing/testing-instance-loader.js:9:9)
      at TestingModuleBuilder.createInstancesOfDependencies (node_modules/@nestjs/testing/testing-module.builder.js:118:9)
      at TestingModuleBuilder.compile (node_modules/@nestjs/testing/testing-module.builder.js:74:9)
      at Object.<anonymous> (src/modules/workflow/workflow-instance.service.spec.ts:32:35)

FAIL src/modules/batch-trace/services/traceability.service.spec.ts
  ● TraceabilityService › traceBackward › should trace from finished goods to raw materials

    TypeError: Cannot read properties of undefined (reading 'findMany')

      31 |
      32 |     // TASK-169: 查询关联的动态表单记录
    > 33 |     const relatedRecords = await this.prisma.record.findMany({
         |                                                     ^
      34 |       where: {
      35 |         OR: [
      36 |           { productionBatchId: finishedBatch.productionBatchId },

      at TraceabilityService.traceBackward (src/modules/batch-trace/services/traceability.service.ts:33:53)
      at Object.<anonymous> (src/modules/batch-trace/services/traceability.service.spec.ts:68:22)

  ● TraceabilityService › traceBackward › should return empty materials if no usages found

    TypeError: Cannot read properties of undefined (reading 'findMany')

      31 |
      32 |     // TASK-169: 查询关联的动态表单记录
    > 33 |     const relatedRecords = await this.prisma.record.findMany({
         |                                                     ^
      34 |       where: {
      35 |         OR: [
      36 |           { productionBatchId: finishedBatch.productionBatchId },

      at TraceabilityService.traceBackward (src/modules/batch-trace/services/traceability.service.ts:33:53)
      at Object.<anonymous> (src/modules/batch-trace/services/traceability.service.spec.ts:100:22)

  ● TraceabilityService › traceForward › should trace from raw materials to finished goods

    TypeError: Cannot read properties of undefined (reading 'findMany')

      88 |
      89 |     // TASK-169: 查询关联的动态表单记录
    > 90 |     const relatedRecords = await this.prisma.record.findMany({
         |                                                     ^
      91 |       where: {
      92 |         OR: [
      93 |           { productionBatchId: { in: productionBatchIds } },

      at TraceabilityService.traceForward (src/modules/batch-trace/services/traceability.service.ts:90:53)
      at Object.<anonymous> (src/modules/batch-trace/services/traceability.service.spec.ts:140:22)

  ● TraceabilityService › traceForward › should return empty production batches if no usages found

    TypeError: Cannot read properties of undefined (reading 'findMany')

      88 |
      89 |     // TASK-169: 查询关联的动态表单记录
    > 90 |     const relatedRecords = await this.prisma.record.findMany({
         |                                                     ^
      91 |       where: {
      92 |         OR: [
      93 |           { productionBatchId: { in: productionBatchIds } },

      at TraceabilityService.traceForward (src/modules/batch-trace/services/traceability.service.ts:90:53)
      at Object.<anonymous> (src/modules/batch-trace/services/traceability.service.spec.ts:170:22)

FAIL src/modules/deviation/deviation-report.service.spec.ts
  ● DeviationService - createDeviationReports › 应该创建偏离报告并更新任务记录

    Nest can't resolve dependencies of the DeviationService (PrismaService, ?). Please make sure that the argument ApprovalService at index [1] is available in the RootTestModule context.

    Potential solutions:
    - Is RootTestModule a valid NestJS module?
    - If ApprovalService is a provider, is it part of the current RootTestModule?
    - If ApprovalService is exported from a separate @Module, is that module imported within RootTestModule?
      @Module({
        imports: [ /* the Module containing ApprovalService */ ]
      })

      21 |
      22 |   beforeEach(async () => {
    > 23 |     const module: TestingModule = await Test.createTestingModule({
         |                                   ^
      24 |       providers: [DeviationService, { provide: PrismaService, useValue: mockPrismaService }],
      25 |     }).compile();
      26 |

      at TestingInjector.lookupComponentInParentModules (node_modules/@nestjs/core/injector/injector.js:262:19)
      at TestingInjector.resolveComponentInstance (node_modules/@nestjs/core/injector/injector.js:215:33)
      at TestingInjector.resolveComponentInstance (node_modules/@nestjs/testing/testing-injector.js:19:45)
      at resolveParam (node_modules/@nestjs/core/injector/injector.js:129:38)
          at async Promise.all (index 1)
      at TestingInjector.resolveConstructorParams (node_modules/@nestjs/core/injector/injector.js:144:27)
      at TestingInjector.loadInstance (node_modules/@nestjs/core/injector/injector.js:70:13)
      at TestingInjector.loadProvider (node_modules/@nestjs/core/injector/injector.js:98:9)
      at node_modules/@nestjs/core/injector/instance-loader.js:56:13
          at async Promise.all (index 3)
      at TestingInstanceLoader.createInstancesOfProviders (node_modules/@nestjs/core/injector/instance-loader.js:55:9)
      at node_modules/@nestjs/core/injector/instance-loader.js:40:13
          at async Promise.all (index 1)
      at TestingInstanceLoader.createInstances (node_modules/@nestjs/core/injector/instance-loader.js:39:9)
      at TestingInstanceLoader.createInstancesOfDependencies (node_modules/@nestjs/core/injector/instance-loader.js:22:13)
      at TestingInstanceLoader.createInstancesOfDependencies (node_modules/@nestjs/testing/testing-instance-loader.js:9:9)
      at TestingModuleBuilder.createInstancesOfDependencies (node_modules/@nestjs/testing/testing-module.builder.js:118:9)
      at TestingModuleBuilder.compile (node_modules/@nestjs/testing/testing-module.builder.js:74:9)
      at Object.<anonymous> (src/modules/deviation/deviation-report.service.spec.ts:23:35)

  ● DeviationService - createDeviationReports › 应该在缺少偏离原因时抛出异常

    Nest can't resolve dependencies of the DeviationService (PrismaService, ?). Please make sure that the argument ApprovalService at index [1] is available in the RootTestModule context.

    Potential solutions:
    - Is RootTestModule a valid NestJS module?
    - If ApprovalService is a provider, is it part of the current RootTestModule?
    - If ApprovalService is exported from a separate @Module, is that module imported within RootTestModule?
      @Module({
        imports: [ /* the Module containing ApprovalService */ ]
      })

      21 |
      22 |   beforeEach(async () => {
    > 23 |     const module: TestingModule = await Test.createTestingModule({
         |                                   ^
      24 |       providers: [DeviationService, { provide: PrismaService, useValue: mockPrismaService }],
      25 |     }).compile();
      26 |

      at TestingInjector.lookupComponentInParentModules (node_modules/@nestjs/core/injector/injector.js:262:19)
      at TestingInjector.resolveComponentInstance (node_modules/@nestjs/core/injector/injector.js:215:33)
      at TestingInjector.resolveComponentInstance (node_modules/@nestjs/testing/testing-injector.js:19:45)
      at resolveParam (node_modules/@nestjs/core/injector/injector.js:129:38)
          at async Promise.all (index 1)
      at TestingInjector.resolveConstructorParams (node_modules/@nestjs/core/injector/injector.js:144:27)
      at TestingInjector.loadInstance (node_modules/@nestjs/core/injector/injector.js:70:13)
      at TestingInjector.loadProvider (node_modules/@nestjs/core/injector/injector.js:98:9)
      at node_modules/@nestjs/core/injector/instance-loader.js:56:13
          at async Promise.all (index 3)
      at TestingInstanceLoader.createInstancesOfProviders (node_modules/@nestjs/core/injector/instance-loader.js:55:9)
      at node_modules/@nestjs/core/injector/instance-loader.js:40:13
          at async Promise.all (index 1)
      at TestingInstanceLoader.createInstances (node_modules/@nestjs/core/injector/instance-loader.js:39:9)
      at TestingInstanceLoader.createInstancesOfDependencies (node_modules/@nestjs/core/injector/instance-loader.js:22:13)
      at TestingInstanceLoader.createInstancesOfDependencies (node_modules/@nestjs/testing/testing-instance-loader.js:9:9)
      at TestingModuleBuilder.createInstancesOfDependencies (node_modules/@nestjs/testing/testing-module.builder.js:118:9)
      at TestingModuleBuilder.compile (node_modules/@nestjs/testing/testing-module.builder.js:74:9)
      at Object.<anonymous> (src/modules/deviation/deviation-report.service.spec.ts:23:35)

FAIL src/modules/deviation/deviation-percentage.service.spec.ts
  ● DeviationService - 百分比公差检测 › 应该检测到百分比公差偏离

    Nest can't resolve dependencies of the DeviationService (PrismaService, ?). Please make sure that the argument ApprovalService at index [1] is available in the RootTestModule context.

    Potential solutions:
    - Is RootTestModule a valid NestJS module?
    - If ApprovalService is a provider, is it part of the current RootTestModule?
    - If ApprovalService is exported from a separate @Module, is that module imported within RootTestModule?
      @Module({
        imports: [ /* the Module containing ApprovalService */ ]
      })

      13 |
      14 |   beforeEach(async () => {
    > 15 |     const module: TestingModule = await Test.createTestingModule({
         |                                   ^
      16 |       providers: [DeviationService, { provide: PrismaService, useValue: mockPrismaService }],
      17 |     }).compile();
      18 |

      at TestingInjector.lookupComponentInParentModules (node_modules/@nestjs/core/injector/injector.js:262:19)
      at TestingInjector.resolveComponentInstance (node_modules/@nestjs/core/injector/injector.js:215:33)
      at TestingInjector.resolveComponentInstance (node_modules/@nestjs/testing/testing-injector.js:19:45)
      at resolveParam (node_modules/@nestjs/core/injector/injector.js:129:38)
          at async Promise.all (index 1)
      at TestingInjector.resolveConstructorParams (node_modules/@nestjs/core/injector/injector.js:144:27)
      at TestingInjector.loadInstance (node_modules/@nestjs/core/injector/injector.js:70:13)
      at TestingInjector.loadProvider (node_modules/@nestjs/core/injector/injector.js:98:9)
      at node_modules/@nestjs/core/injector/instance-loader.js:56:13
          at async Promise.all (index 3)
      at TestingInstanceLoader.createInstancesOfProviders (node_modules/@nestjs/core/injector/instance-loader.js:55:9)
      at node_modules/@nestjs/core/injector/instance-loader.js:40:13
          at async Promise.all (index 1)
      at TestingInstanceLoader.createInstances (node_modules/@nestjs/core/injector/instance-loader.js:39:9)
      at TestingInstanceLoader.createInstancesOfDependencies (node_modules/@nestjs/core/injector/instance-loader.js:22:13)
      at TestingInstanceLoader.createInstancesOfDependencies (node_modules/@nestjs/testing/testing-instance-loader.js:9:9)
      at TestingModuleBuilder.createInstancesOfDependencies (node_modules/@nestjs/testing/testing-module.builder.js:118:9)
      at TestingModuleBuilder.compile (node_modules/@nestjs/testing/testing-module.builder.js:74:9)
      at Object.<anonymous> (src/modules/deviation/deviation-percentage.service.spec.ts:15:35)

  ● DeviationService - 百分比公差检测 › 应该跳过没有公差配置的字段

    Nest can't resolve dependencies of the DeviationService (PrismaService, ?). Please make sure that the argument ApprovalService at index [1] is available in the RootTestModule context.

    Potential solutions:
    - Is RootTestModule a valid NestJS module?
    - If ApprovalService is a provider, is it part of the current RootTestModule?
    - If ApprovalService is exported from a separate @Module, is that module imported within RootTestModule?
      @Module({
        imports: [ /* the Module containing ApprovalService */ ]
      })

      13 |
      14 |   beforeEach(async () => {
    > 15 |     const module: TestingModule = await Test.createTestingModule({
         |                                   ^
      16 |       providers: [DeviationService, { provide: PrismaService, useValue: mockPrismaService }],
      17 |     }).compile();
      18 |

      at TestingInjector.lookupComponentInParentModules (node_modules/@nestjs/core/injector/injector.js:262:19)
      at TestingInjector.resolveComponentInstance (node_modules/@nestjs/core/injector/injector.js:215:33)
      at TestingInjector.resolveComponentInstance (node_modules/@nestjs/testing/testing-injector.js:19:45)
      at resolveParam (node_modules/@nestjs/core/injector/injector.js:129:38)
          at async Promise.all (index 1)
      at TestingInjector.resolveConstructorParams (node_modules/@nestjs/core/injector/injector.js:144:27)
      at TestingInjector.loadInstance (node_modules/@nestjs/core/injector/injector.js:70:13)
      at TestingInjector.loadProvider (node_modules/@nestjs/core/injector/injector.js:98:9)
      at node_modules/@nestjs/core/injector/instance-loader.js:56:13
          at async Promise.all (index 3)
      at TestingInstanceLoader.createInstancesOfProviders (node_modules/@nestjs/core/injector/instance-loader.js:55:9)
      at node_modules/@nestjs/core/injector/instance-loader.js:40:13
          at async Promise.all (index 1)
      at TestingInstanceLoader.createInstances (node_modules/@nestjs/core/injector/instance-loader.js:39:9)
      at TestingInstanceLoader.createInstancesOfDependencies (node_modules/@nestjs/core/injector/instance-loader.js:22:13)
      at TestingInstanceLoader.createInstancesOfDependencies (node_modules/@nestjs/testing/testing-instance-loader.js:9:9)
      at TestingModuleBuilder.createInstancesOfDependencies (node_modules/@nestjs/testing/testing-module.builder.js:118:9)
      at TestingModuleBuilder.compile (node_modules/@nestjs/testing/testing-module.builder.js:74:9)
      at Object.<anonymous> (src/modules/deviation/deviation-percentage.service.spec.ts:15:35)

[31m[Nest] 35760  - [39m02/21/2026, 4:21:35 PM [31m  ERROR[39m [38;5;3m[StatisticsController] [39m[31mFailed to export statistics[39m
Error: Invalid export type. Must be: documents, tasks, or approvals
    at StatisticsController.export (/Users/jiashenglin/Desktop/好玩的项目/noidear/server/src/modules/statistics/statistics.controller.ts:113:15)
    at /Users/jiashenglin/Desktop/好玩的项目/noidear/server/node_modules/@nestjs/core/router/router-execution-context.js:38:29
    at processTicksAndRejections (node:internal/process/task_queues:104:5)
FAIL test/export.e2e-spec.ts (9.27 s)
  ● Console

    console.log
      ✓ Created approval1

      at Object.<anonymous> (test/export.e2e-spec.ts:190:15)

    console.log
      ✓ Created approval2

      at Object.<anonymous> (test/export.e2e-spec.ts:200:15)

  ● StatisticsController (e2e) › Redis Cache Behavior › should return consistent results on repeated requests (cache test)

    expect(received).toEqual(expected) // deep equality

    - Expected  - 3
    + Received  + 8

    @@ -3,24 +3,29 @@
          Object {
            "count": 1,
            "departmentId": "e2e-stats-1771662094002-dept",
            "name": "StatsTestDept",
          },
    +     Object {
    +       "count": 1,
    +       "departmentId": "e2e-stats-1771662095023-dept",
    +       "name": "StatsTestDept",
    +     },
        ],
        "byLevel": Array [
          Object {
    -       "count": 1,
    +       "count": 2,
            "level": 1,
            "percentage": 100,
          },
        ],
        "byStatus": Array [
          Object {
    -       "count": 1,
    +       "count": 2,
            "percentage": 100,
            "status": "approved",
          },
        ],
        "growthRate": 0,
    -   "total": 1,
    +   "total": 2,
        "trend": Array [],
      }

      591 |
      592 |       // Results should be identical
    > 593 |       expect(data2).toEqual(data1);
          |                     ^
      594 |     });
      595 |
      596 |     it('should handle task statistics caching', async () => {

      at Object.<anonymous> (test/export.e2e-spec.ts:593:21)

  ● StatisticsController (e2e) › GET /deviations/export › should export deviation reports as Excel

    expected 200 "OK", got 404 "Not Found"

      837 |         .set('Authorization', `Bearer ${adminToken}`)
      838 |         .send({})
    > 839 |         .expect(200);
          |          ^
      840 |
      841 |       expect(response.headers['content-type']).toContain(
      842 |         'application/vnd.openxmlformats-officedocument.spreadsheetml.sheet',

      at Object.<anonymous> (test/export.e2e-spec.ts:839:10)
      ----
      at Test._assertStatus (node_modules/supertest/lib/test.js:309:14)
      at node_modules/supertest/lib/test.js:365:13
      at Test._assertFunction (node_modules/supertest/lib/test.js:342:13)
      at Test.assert (node_modules/supertest/lib/test.js:195:23)
      at localAssert (node_modules/supertest/lib/test.js:138:14)
      at Server.<anonymous> (node_modules/supertest/lib/test.js:152:11)

  ● StatisticsController (e2e) › GET /deviations/export › should reject unauthenticated deviation export

    expected 401 "Unauthorized", got 404 "Not Found"

      848 |       await request(app.getHttpServer())
      849 |         .get('/api/v1/deviations/export')
    > 850 |         .expect(401);
          |          ^
      851 |     });
      852 |   });
      853 |

      at Object.<anonymous> (test/export.e2e-spec.ts:850:10)
      ----
      at Test._assertStatus (node_modules/supertest/lib/test.js:309:14)
      at node_modules/supertest/lib/test.js:365:13
      at Test._assertFunction (node_modules/supertest/lib/test.js:342:13)
      at Test.assert (node_modules/supertest/lib/test.js:195:23)
      at localAssert (node_modules/supertest/lib/test.js:138:14)
      at Server.<anonymous> (node_modules/supertest/lib/test.js:152:11)

PASS test/recycle-bin.e2e-spec.ts
PASS test/statistics.e2e-spec.ts
  ● Console

    console.log
      ✓ Created approval1

      at Object.<anonymous> (test/statistics.e2e-spec.ts:190:15)

    console.log
      ✓ Created approval2

      at Object.<anonymous> (test/statistics.e2e-spec.ts:200:15)

PASS src/modules/export/export.service.spec.ts
PASS test/task-batch-export.e2e-spec.ts
PASS test/document.e2e-spec.ts
PASS src/common/services/excel-parser.service.spec.ts
PASS src/common/services/excel-parser-limits.spec.ts
PASS test/statistics.integration.spec.ts
PASS test/training-service.e2e-spec.ts
PASS src/modules/task/task.service.spec.ts
PASS src/modules/template/template.service.spec.ts
PASS src/modules/fine-grained-permission/fine-grained-permission.service.spec.ts
PASS test/role.service.spec.ts
PASS src/modules/task/task.controller.spec.ts
PASS test/document/permanent-delete.e2e-spec.ts
PASS test/task.service.spec.ts
PASS src/modules/approval/approval.service.spec.ts
PASS src/modules/mobile/sync.controller.spec.ts
PASS src/modules/deviation/deviation-analytics.controller.spec.ts
PASS test/document/withdraw.e2e-spec.ts
PASS test/document-version.service.spec.ts
PASS src/modules/recycle-bin/recycle-bin.service.spec.ts
[31m[Nest] 35765  - [39m02/21/2026, 4:21:38 PM [31m  ERROR[39m [38;5;3m[AuditService] [39m[31mFailed to create login log: Database error[39m
Error: Database error
    at Object.<anonymous> (/Users/jiashenglin/Desktop/好玩的项目/noidear/server/src/modules/audit/audit.service.spec.ts:157:9)
    at Promise.finally.completed (/Users/jiashenglin/Desktop/好玩的项目/noidear/server/node_modules/jest-circus/build/jestAdapterInit.js:1557:28)
    at new Promise (<anonymous>)
    at callAsyncCircusFn (/Users/jiashenglin/Desktop/好玩的项目/noidear/server/node_modules/jest-circus/build/jestAdapterInit.js:1497:10)
    at _callCircusTest (/Users/jiashenglin/Desktop/好玩的项目/noidear/server/node_modules/jest-circus/build/jestAdapterInit.js:1007:40)
    at processTicksAndRejections (node:internal/process/task_queues:104:5)
    at _runTest (/Users/jiashenglin/Desktop/好玩的项目/noidear/server/node_modules/jest-circus/build/jestAdapterInit.js:947:3)
    at /Users/jiashenglin/Desktop/好玩的项目/noidear/server/node_modules/jest-circus/build/jestAdapterInit.js:849:7
    at _runTestsForDescribeBlock (/Users/jiashenglin/Desktop/好玩的项目/noidear/server/node_modules/jest-circus/build/jestAdapterInit.js:862:11)
    at _runTestsForDescribeBlock (/Users/jiashenglin/Desktop/好玩的项目/noidear/server/node_modules/jest-circus/build/jestAdapterInit.js:857:11)
    at _runTestsForDescribeBlock (/Users/jiashenglin/Desktop/好玩的项目/noidear/server/node_modules/jest-circus/build/jestAdapterInit.js:857:11)
    at run (/Users/jiashenglin/Desktop/好玩的项目/noidear/server/node_modules/jest-circus/build/jestAdapterInit.js:761:3)
    at runAndTransformResultsToJestFormat (/Users/jiashenglin/Desktop/好玩的项目/noidear/server/node_modules/jest-circus/build/jestAdapterInit.js:1918:21)
    at jestAdapter (/Users/jiashenglin/Desktop/好玩的项目/noidear/server/node_modules/jest-circus/build/runner.js:101:19)
    at runTestInternal (/Users/jiashenglin/Desktop/好玩的项目/noidear/server/node_modules/jest-runner/build/testWorker.js:275:16)
    at runTest (/Users/jiashenglin/Desktop/好玩的项目/noidear/server/node_modules/jest-runner/build/testWorker.js:343:7)
    at Object.worker (/Users/jiashenglin/Desktop/好玩的项目/noidear/server/node_modules/jest-runner/build/testWorker.js:497:12)
[31m[Nest] 35765  - [39m02/21/2026, 4:21:38 PM [31m  ERROR[39m [38;5;3m[AuditService] [39m[31mFailed to create permission log: Database error[39m
Error: Database error
    at Object.<anonymous> (/Users/jiashenglin/Desktop/好玩的项目/noidear/server/src/modules/audit/audit.service.spec.ts:209:9)
    at Promise.finally.completed (/Users/jiashenglin/Desktop/好玩的项目/noidear/server/node_modules/jest-circus/build/jestAdapterInit.js:1557:28)
    at new Promise (<anonymous>)
    at callAsyncCircusFn (/Users/jiashenglin/Desktop/好玩的项目/noidear/server/node_modules/jest-circus/build/jestAdapterInit.js:1497:10)
    at _callCircusTest (/Users/jiashenglin/Desktop/好玩的项目/noidear/server/node_modules/jest-circus/build/jestAdapterInit.js:1007:40)
    at processTicksAndRejections (node:internal/process/task_queues:104:5)
    at _runTest (/Users/jiashenglin/Desktop/好玩的项目/noidear/server/node_modules/jest-circus/build/jestAdapterInit.js:947:3)
    at /Users/jiashenglin/Desktop/好玩的项目/noidear/server/node_modules/jest-circus/build/jestAdapterInit.js:849:7
    at _runTestsForDescribeBlock (/Users/jiashenglin/Desktop/好玩的项目/noidear/server/node_modules/jest-circus/build/jestAdapterInit.js:862:11)
    at _runTestsForDescribeBlock (/Users/jiashenglin/Desktop/好玩的项目/noidear/server/node_modules/jest-circus/build/jestAdapterInit.js:857:11)
    at _runTestsForDescribeBlock (/Users/jiashenglin/Desktop/好玩的项目/noidear/server/node_modules/jest-circus/build/jestAdapterInit.js:857:11)
    at run (/Users/jiashenglin/Desktop/好玩的项目/noidear/server/node_modules/jest-circus/build/jestAdapterInit.js:761:3)
    at runAndTransformResultsToJestFormat (/Users/jiashenglin/Desktop/好玩的项目/noidear/server/node_modules/jest-circus/build/jestAdapterInit.js:1918:21)
    at jestAdapter (/Users/jiashenglin/Desktop/好玩的项目/noidear/server/node_modules/jest-circus/build/runner.js:101:19)
    at runTestInternal (/Users/jiashenglin/Desktop/好玩的项目/noidear/server/node_modules/jest-runner/build/testWorker.js:275:16)
    at runTest (/Users/jiashenglin/Desktop/好玩的项目/noidear/server/node_modules/jest-runner/build/testWorker.js:343:7)
    at Object.worker (/Users/jiashenglin/Desktop/好玩的项目/noidear/server/node_modules/jest-runner/build/testWorker.js:497:12)
[31m[Nest] 35765  - [39m02/21/2026, 4:21:38 PM [31m  ERROR[39m [38;5;3m[AuditService] [39m[31mFailed to create sensitive log: Database error[39m
Error: Database error
    at Object.<anonymous> (/Users/jiashenglin/Desktop/好玩的项目/noidear/server/src/modules/audit/audit.service.spec.ts:258:9)
    at Promise.finally.completed (/Users/jiashenglin/Desktop/好玩的项目/noidear/server/node_modules/jest-circus/build/jestAdapterInit.js:1557:28)
    at new Promise (<anonymous>)
    at callAsyncCircusFn (/Users/jiashenglin/Desktop/好玩的项目/noidear/server/node_modules/jest-circus/build/jestAdapterInit.js:1497:10)
    at _callCircusTest (/Users/jiashenglin/Desktop/好玩的项目/noidear/server/node_modules/jest-circus/build/jestAdapterInit.js:1007:40)
    at processTicksAndRejections (node:internal/process/task_queues:104:5)
    at _runTest (/Users/jiashenglin/Desktop/好玩的项目/noidear/server/node_modules/jest-circus/build/jestAdapterInit.js:947:3)
    at /Users/jiashenglin/Desktop/好玩的项目/noidear/server/node_modules/jest-circus/build/jestAdapterInit.js:849:7
    at _runTestsForDescribeBlock (/Users/jiashenglin/Desktop/好玩的项目/noidear/server/node_modules/jest-circus/build/jestAdapterInit.js:862:11)
    at _runTestsForDescribeBlock (/Users/jiashenglin/Desktop/好玩的项目/noidear/server/node_modules/jest-circus/build/jestAdapterInit.js:857:11)
    at _runTestsForDescribeBlock (/Users/jiashenglin/Desktop/好玩的项目/noidear/server/node_modules/jest-circus/build/jestAdapterInit.js:857:11)
    at run (/Users/jiashenglin/Desktop/好玩的项目/noidear/server/node_modules/jest-circus/build/jestAdapterInit.js:761:3)
    at runAndTransformResultsToJestFormat (/Users/jiashenglin/Desktop/好玩的项目/noidear/server/node_modules/jest-circus/build/jestAdapterInit.js:1918:21)
    at jestAdapter (/Users/jiashenglin/Desktop/好玩的项目/noidear/server/node_modules/jest-circus/build/runner.js:101:19)
    at runTestInternal (/Users/jiashenglin/Desktop/好玩的项目/noidear/server/node_modules/jest-runner/build/testWorker.js:275:16)
    at runTest (/Users/jiashenglin/Desktop/好玩的项目/noidear/server/node_modules/jest-runner/build/testWorker.js:343:7)
    at Object.worker (/Users/jiashenglin/Desktop/好玩的项目/noidear/server/node_modules/jest-runner/build/testWorker.js:497:12)
PASS src/modules/audit/audit.service.spec.ts
PASS src/modules/warehouse/services/scrap.service.spec.ts
PASS src/modules/template/template.tolerance.spec.ts
PASS src/modules/warehouse/requisition.service.spec.ts
PASS src/modules/document/dto/approve-document.dto.spec.ts
PASS src/modules/recycle-bin/recycle-bin.controller.spec.ts
PASS src/modules/task/task.deviation.spec.ts
[31m[Nest] 35760  - [39m02/21/2026, 4:21:38 PM [31m  ERROR[39m [38;5;3m[AlertService] [39m[31mFailed to update alert rule: Alert rule with ID 999 not found[39m
NotFoundException: Alert rule with ID 999 not found
    at AlertService.updateAlertRule (/Users/jiashenglin/Desktop/好玩的项目/noidear/server/src/modules/alert/alert.service.ts:54:15)
    at processTicksAndRejections (node:internal/process/task_queues:104:5)
    at Object.<anonymous> (/Users/jiashenglin/Desktop/好玩的项目/noidear/server/src/modules/alert/alert.service.spec.ts:89:7)
PASS src/modules/alert/alert.service.spec.ts
PASS test/task.e2e-spec.ts
PASS src/modules/record/services/dynamic-form-batch.service.spec.ts
PASS src/modules/mobile/mobile.service.spec.ts
PASS src/modules/template/dto/template-field.spec.ts
PASS src/modules/workflow/workflow-template.service.spec.ts
PASS src/modules/document/services/file-preview.service.spec.ts
PASS src/modules/wechat/wechat.controller.spec.ts
PASS src/modules/batch-trace/services/trace.service.spec.ts
PASS src/modules/batch-trace/services/material-usage.service.spec.ts
PASS src/modules/user/user.service.spec.ts
[31m[Nest] 35765  - [39m02/21/2026, 4:21:38 PM [31m  ERROR[39m [38;5;3m[TaskCronService] [39m[31mFailed to process overdue tasks: Database connection lost[39m
[31m[Nest] 35765  - [39m02/21/2026, 4:21:38 PM [31m  ERROR[39m [38;5;3m[TaskCronService] [39m[31mFailed to process overdue tasks: Database connection lost[39m
[31m[Nest] 35765  - [39m02/21/2026, 4:21:38 PM [31m  ERROR[39m [38;5;3m[TaskCronService] [39m[31mFailed to process overdue tasks: string error[39m
PASS src/modules/task/task-cron.service.spec.ts
[31m[Nest] 35760  - [39m02/21/2026, 4:21:38 PM [31m  ERROR[39m [38;5;3m[MonitoringService] [39m[31mFailed to record metric: Database error[39m
Error: Database error
    at Object.<anonymous> (/Users/jiashenglin/Desktop/好玩的项目/noidear/server/src/modules/monitoring/monitoring.service.spec.ts:68:67)
    at Promise.finally.completed (/Users/jiashenglin/Desktop/好玩的项目/noidear/server/node_modules/jest-circus/build/jestAdapterInit.js:1557:28)
    at new Promise (<anonymous>)
    at callAsyncCircusFn (/Users/jiashenglin/Desktop/好玩的项目/noidear/server/node_modules/jest-circus/build/jestAdapterInit.js:1497:10)
    at _callCircusTest (/Users/jiashenglin/Desktop/好玩的项目/noidear/server/node_modules/jest-circus/build/jestAdapterInit.js:1007:40)
    at processTicksAndRejections (node:internal/process/task_queues:104:5)
    at _runTest (/Users/jiashenglin/Desktop/好玩的项目/noidear/server/node_modules/jest-circus/build/jestAdapterInit.js:947:3)
    at /Users/jiashenglin/Desktop/好玩的项目/noidear/server/node_modules/jest-circus/build/jestAdapterInit.js:849:7
    at _runTestsForDescribeBlock (/Users/jiashenglin/Desktop/好玩的项目/noidear/server/node_modules/jest-circus/build/jestAdapterInit.js:862:11)
    at _runTestsForDescribeBlock (/Users/jiashenglin/Desktop/好玩的项目/noidear/server/node_modules/jest-circus/build/jestAdapterInit.js:857:11)
    at _runTestsForDescribeBlock (/Users/jiashenglin/Desktop/好玩的项目/noidear/server/node_modules/jest-circus/build/jestAdapterInit.js:857:11)
    at run (/Users/jiashenglin/Desktop/好玩的项目/noidear/server/node_modules/jest-circus/build/jestAdapterInit.js:761:3)
    at runAndTransformResultsToJestFormat (/Users/jiashenglin/Desktop/好玩的项目/noidear/server/node_modules/jest-circus/build/jestAdapterInit.js:1918:21)
    at jestAdapter (/Users/jiashenglin/Desktop/好玩的项目/noidear/server/node_modules/jest-circus/build/runner.js:101:19)
    at runTestInternal (/Users/jiashenglin/Desktop/好玩的项目/noidear/server/node_modules/jest-runner/build/testWorker.js:275:16)
    at runTest (/Users/jiashenglin/Desktop/好玩的项目/noidear/server/node_modules/jest-runner/build/testWorker.js:343:7)
    at Object.worker (/Users/jiashenglin/Desktop/好玩的项目/noidear/server/node_modules/jest-runner/build/testWorker.js:497:12)
PASS test/statistics.service.spec.ts
PASS src/modules/monitoring/monitoring.service.spec.ts
PASS src/modules/warehouse/material-balance.service.spec.ts
PASS src/modules/warehouse/batch.service.spec.ts
PASS src/modules/template/dto/update-tolerance.dto.spec.ts
PASS src/modules/equipment/record.service.spec.ts
PASS src/modules/warehouse/material.service.spec.ts
[31m[Nest] 35760  - [39m02/21/2026, 4:21:38 PM [31m  ERROR[39m [38;5;3m[TrainingScheduleService] [39m[31m[Training Schedule] Failed to auto-generate archives: Database error[39m
Error: Database error
    at Object.<anonymous> (/Users/jiashenglin/Desktop/好玩的项目/noidear/server/src/modules/training/training.schedule.spec.ts:123:9)
    at Promise.finally.completed (/Users/jiashenglin/Desktop/好玩的项目/noidear/server/node_modules/jest-circus/build/jestAdapterInit.js:1557:28)
    at new Promise (<anonymous>)
    at callAsyncCircusFn (/Users/jiashenglin/Desktop/好玩的项目/noidear/server/node_modules/jest-circus/build/jestAdapterInit.js:1497:10)
    at _callCircusTest (/Users/jiashenglin/Desktop/好玩的项目/noidear/server/node_modules/jest-circus/build/jestAdapterInit.js:1007:40)
    at processTicksAndRejections (node:internal/process/task_queues:104:5)
    at _runTest (/Users/jiashenglin/Desktop/好玩的项目/noidear/server/node_modules/jest-circus/build/jestAdapterInit.js:947:3)
    at /Users/jiashenglin/Desktop/好玩的项目/noidear/server/node_modules/jest-circus/build/jestAdapterInit.js:849:7
    at _runTestsForDescribeBlock (/Users/jiashenglin/Desktop/好玩的项目/noidear/server/node_modules/jest-circus/build/jestAdapterInit.js:862:11)
    at _runTestsForDescribeBlock (/Users/jiashenglin/Desktop/好玩的项目/noidear/server/node_modules/jest-circus/build/jestAdapterInit.js:857:11)
    at _runTestsForDescribeBlock (/Users/jiashenglin/Desktop/好玩的项目/noidear/server/node_modules/jest-circus/build/jestAdapterInit.js:857:11)
    at run (/Users/jiashenglin/Desktop/好玩的项目/noidear/server/node_modules/jest-circus/build/jestAdapterInit.js:761:3)
    at runAndTransformResultsToJestFormat (/Users/jiashenglin/Desktop/好玩的项目/noidear/server/node_modules/jest-circus/build/jestAdapterInit.js:1918:21)
    at jestAdapter (/Users/jiashenglin/Desktop/好玩的项目/noidear/server/node_modules/jest-circus/build/runner.js:101:19)
    at runTestInternal (/Users/jiashenglin/Desktop/好玩的项目/noidear/server/node_modules/jest-runner/build/testWorker.js:275:16)
    at runTest (/Users/jiashenglin/Desktop/好玩的项目/noidear/server/node_modules/jest-runner/build/testWorker.js:343:7)
    at Object.worker (/Users/jiashenglin/Desktop/好玩的项目/noidear/server/node_modules/jest-runner/build/testWorker.js:497:12)
PASS src/modules/approval/approval.controller.spec.ts
PASS src/modules/training/training.schedule.spec.ts
PASS test/minio.service.spec.ts
PASS src/modules/record/controllers/dynamic-form-batch.controller.spec.ts
PASS src/modules/equipment/fault.service.spec.ts
PASS src/modules/batch-trace/services/batch-number-generator.service.spec.ts
PASS src/modules/training/training.service.spec.ts
PASS src/modules/warehouse/supplier.service.spec.ts
PASS src/modules/mobile/mobile.controller.spec.ts
PASS src/modules/warehouse/staging-area.service.spec.ts
PASS src/modules/equipment/plan.service.spec.ts
PASS src/modules/mobile/sync.service.spec.ts
PASS src/modules/warehouse/services/return.service.spec.ts
PASS src/modules/record/record.service.spec.ts
PASS src/modules/deviation/deviation-analytics.service.spec.ts
PASS src/modules/auth/auth.service.spec.ts
PASS src/modules/batch-trace/services/production-batch.service.spec.ts
[31m[Nest] 35765  - [39m02/21/2026, 4:21:39 PM [31m  ERROR[39m [38;5;3m[TodoScheduleService] [39m[31m[Todo Schedule] Failed to send overdue reminders: Database error[39m
Error: Database error
    at Object.<anonymous> (/Users/jiashenglin/Desktop/好玩的项目/noidear/server/src/modules/todo/todo.schedule.spec.ts:122:9)
    at Promise.finally.completed (/Users/jiashenglin/Desktop/好玩的项目/noidear/server/node_modules/jest-circus/build/jestAdapterInit.js:1557:28)
    at new Promise (<anonymous>)
    at callAsyncCircusFn (/Users/jiashenglin/Desktop/好玩的项目/noidear/server/node_modules/jest-circus/build/jestAdapterInit.js:1497:10)
    at _callCircusTest (/Users/jiashenglin/Desktop/好玩的项目/noidear/server/node_modules/jest-circus/build/jestAdapterInit.js:1007:40)
    at processTicksAndRejections (node:internal/process/task_queues:104:5)
    at _runTest (/Users/jiashenglin/Desktop/好玩的项目/noidear/server/node_modules/jest-circus/build/jestAdapterInit.js:947:3)
    at /Users/jiashenglin/Desktop/好玩的项目/noidear/server/node_modules/jest-circus/build/jestAdapterInit.js:849:7
    at _runTestsForDescribeBlock (/Users/jiashenglin/Desktop/好玩的项目/noidear/server/node_modules/jest-circus/build/jestAdapterInit.js:862:11)
    at _runTestsForDescribeBlock (/Users/jiashenglin/Desktop/好玩的项目/noidear/server/node_modules/jest-circus/build/jestAdapterInit.js:857:11)
    at _runTestsForDescribeBlock (/Users/jiashenglin/Desktop/好玩的项目/noidear/server/node_modules/jest-circus/build/jestAdapterInit.js:857:11)
    at run (/Users/jiashenglin/Desktop/好玩的项目/noidear/server/node_modules/jest-circus/build/jestAdapterInit.js:761:3)
    at runAndTransformResultsToJestFormat (/Users/jiashenglin/Desktop/好玩的项目/noidear/server/node_modules/jest-circus/build/jestAdapterInit.js:1918:21)
    at jestAdapter (/Users/jiashenglin/Desktop/好玩的项目/noidear/server/node_modules/jest-circus/build/runner.js:101:19)
    at runTestInternal (/Users/jiashenglin/Desktop/好玩的项目/noidear/server/node_modules/jest-runner/build/testWorker.js:275:16)
    at runTest (/Users/jiashenglin/Desktop/好玩的项目/noidear/server/node_modules/jest-runner/build/testWorker.js:343:7)
    at Object.worker (/Users/jiashenglin/Desktop/好玩的项目/noidear/server/node_modules/jest-runner/build/testWorker.js:497:12)
PASS src/modules/todo/todo.schedule.spec.ts
PASS src/modules/record-template/record-template.service.spec.ts
PASS src/modules/batch-trace/services/batch-material-usage.service.spec.ts
PASS src/common/guards/roles.guard.spec.ts
PASS src/modules/department-permission/department-permission.service.spec.ts
PASS src/modules/equipment/equipment.service.spec.ts
PASS test/permission.e2e-spec.ts
PASS test/permission.service.spec.ts
PASS src/common/utils/bigint.util.spec.ts
PASS src/common/decorators/roles.decorator.spec.ts
PASS src/modules/batch-trace/services/material-batch.service.spec.ts
PASS test/redis.e2e-spec.ts
PASS test/snowflake.test.ts
PASS src/modules/warehouse/inbound.service.spec.ts
PASS src/modules/wechat/wechat.service.spec.ts
FAIL .backup/orphaned-tests/batch-trace-pdf.service.spec.ts
  ● Test suite failed to run

    [96m.backup/orphaned-tests/batch-trace-pdf.service.spec.ts[0m:[93m2[0m:[93m38[0m - [91merror[0m[90m TS2307: [0mCannot find module './batch-trace-pdf.service' or its corresponding type declarations.

    [7m2[0m import { BatchTracePdfService } from './batch-trace-pdf.service';
    [7m [0m [91m                                     ~~~~~~~~~~~~~~~~~~~~~~~~~~~[0m
    [96m.backup/orphaned-tests/batch-trace-pdf.service.spec.ts[0m:[93m3[0m:[93m37[0m - [91merror[0m[90m TS2307: [0mCannot find module './traceability.service' or its corresponding type declarations.

    [7m3[0m import { TraceabilityService } from './traceability.service';
    [7m [0m [91m                                    ~~~~~~~~~~~~~~~~~~~~~~~~[0m

FAIL src/modules/batch-trace/services/trace-export.service.spec.ts (35.024 s)
  ● TraceExportService › exportPDF › should generate PDF from trace data

    thrown: "Exceeded timeout of 5000 ms for a test.
    Add a timeout value to this test to increase the timeout, if this is a long-running test. See https://jestjs.io/docs/api#testname-fn-timeout."

      30 |
      31 |   describe('exportPDF', () => {
    > 32 |     it('should generate PDF from trace data', async () => {
         |     ^
      33 |       const mockTraceData = {
      34 |         finishedGoodsBatch: {
      35 |           id: 'fg-001',

      at src/modules/batch-trace/services/trace-export.service.spec.ts:32:5
      at src/modules/batch-trace/services/trace-export.service.spec.ts:31:3
      at Object.<anonymous> (src/modules/batch-trace/services/trace-export.service.spec.ts:5:1)

  ● TraceExportService › exportPDF › should include all trace chain data in PDF

    thrown: "Exceeded timeout of 5000 ms for a test.
    Add a timeout value to this test to increase the timeout, if this is a long-running test. See https://jestjs.io/docs/api#testname-fn-timeout."

      63 |     });
      64 |
    > 65 |     it('should include all trace chain data in PDF', async () => {
         |     ^
      66 |       const mockTraceData = {
      67 |         finishedGoodsBatch: {
      68 |           batchNumber: 'FG-001',

      at src/modules/batch-trace/services/trace-export.service.spec.ts:65:5
      at src/modules/batch-trace/services/trace-export.service.spec.ts:31:3
      at Object.<anonymous> (src/modules/batch-trace/services/trace-export.service.spec.ts:5:1)

  ● TraceExportService › exportPDF › should complete PDF generation within 3 seconds

    thrown: "Exceeded timeout of 5000 ms for a test.
    Add a timeout value to this test to increase the timeout, if this is a long-running test. See https://jestjs.io/docs/api#testname-fn-timeout."

      86 |     });
      87 |
    > 88 |     it('should complete PDF generation within 3 seconds', async () => {
         |     ^
      89 |       const mockTraceData = {
      90 |         finishedGoodsBatch: { batchNumber: 'FG-001' },
      91 |         productionBatch: { batchNumber: 'PROD-001' },

      at src/modules/batch-trace/services/trace-export.service.spec.ts:88:5
      at src/modules/batch-trace/services/trace-export.service.spec.ts:31:3
      at Object.<anonymous> (src/modules/batch-trace/services/trace-export.service.spec.ts:5:1)

  ● TraceExportService › exportForwardPDF › should generate forward trace PDF

    thrown: "Exceeded timeout of 5000 ms for a test.
    Add a timeout value to this test to increase the timeout, if this is a long-running test. See https://jestjs.io/docs/api#testname-fn-timeout."

      107 |
      108 |   describe('exportForwardPDF', () => {
    > 109 |     it('should generate forward trace PDF', async () => {
          |     ^
      110 |       const mockTraceData = {
      111 |         materialBatch: {
      112 |           id: 'mat-001',

      at src/modules/batch-trace/services/trace-export.service.spec.ts:109:5
      at src/modules/batch-trace/services/trace-export.service.spec.ts:108:3
      at Object.<anonymous> (src/modules/batch-trace/services/trace-export.service.spec.ts:5:1)

  ● TraceExportService › exportForwardPDF › should handle empty production batches

    thrown: "Exceeded timeout of 5000 ms for a test.
    Add a timeout value to this test to increase the timeout, if this is a long-running test. See https://jestjs.io/docs/api#testname-fn-timeout."

      144 |     });
      145 |
    > 146 |     it('should handle empty production batches', async () => {
          |     ^
      147 |       const mockTraceData = {
      148 |         materialBatch: {
      149 |           batchNumber: 'MAT-001',

      at src/modules/batch-trace/services/trace-export.service.spec.ts:146:5
      at src/modules/batch-trace/services/trace-export.service.spec.ts:108:3
      at Object.<anonymous> (src/modules/batch-trace/services/trace-export.service.spec.ts:5:1)

  ● TraceExportService › exportForwardPDF › should include BR-248 compliance statement

    thrown: "Exceeded timeout of 5000 ms for a test.
    Add a timeout value to this test to increase the timeout, if this is a long-running test. See https://jestjs.io/docs/api#testname-fn-timeout."

      161 |     });
      162 |
    > 163 |     it('should include BR-248 compliance statement', async () => {
          |     ^
      164 |       const mockTraceData = {
      165 |         materialBatch: {
      166 |           batchNumber: 'MAT-001',

      at src/modules/batch-trace/services/trace-export.service.spec.ts:163:5
      at src/modules/batch-trace/services/trace-export.service.spec.ts:108:3
      at Object.<anonymous> (src/modules/batch-trace/services/trace-export.service.spec.ts:5:1)

Summary of all failing tests
FAIL test/document.service.spec.ts (5.628 s)
  ● DocumentService › restore › 应该成功恢复归档文档（管理员）

    expect(jest.fn()).toHaveBeenCalledWith(...expected)

    - Expected
    + Received

    @@ -1,7 +1,13 @@
      Object {
        "data": Object {
    +     "archiveReason": null,
    +     "archivedAt": null,
    +     "archivedBy": null,
    +     "obsoleteReason": null,
    +     "obsoletedAt": null,
    +     "obsoletedBy": null,
          "status": "approved",
        },
        "where": Object {
          "id": "doc1",
        },,

    Number of calls: 1

      464 |       await service.restore('doc1', '归档误操作，需恢复使用', 'admin', 'admin');
      465 |
    > 466 |       expect(mockPrismaService.document.update).toHaveBeenCalledWith({
          |                                                 ^
      467 |         where: { id: 'doc1' },
      468 |         data: {
      469 |           status: 'approved',

      at Object.<anonymous> (test/document.service.spec.ts:466:49)

FAIL src/modules/deviation/deviation-analytics.integration.spec.ts (5.835 s)
  ● DeviationAnalyticsController (Integration) › GET /deviation-analytics/trend › 应该返回 400 当缺少必需参数

    Nest can't resolve dependencies of the StatisticsService (PrismaService, ?). Please make sure that the argument RedisService at index [1] is available in the StatisticsModule context.

    Potential solutions:
    - Is StatisticsModule a valid NestJS module?
    - If RedisService is a provider, is it part of the current StatisticsModule?
    - If RedisService is exported from a separate @Module, is that module imported within StatisticsModule?
      @Module({
        imports: [ /* the Module containing RedisService */ ]
      })

      12 |
      13 |   beforeAll(async () => {
    > 14 |     const moduleFixture: TestingModule = await Test.createTestingModule({
         |                                          ^
      15 |       imports: [DeviationModule, PrismaModule],
      16 |     })
      17 |       .overrideGuard(JwtAuthGuard)

      at TestingInjector.lookupComponentInParentModules (node_modules/@nestjs/core/injector/injector.js:262:19)
      at TestingInjector.resolveComponentInstance (node_modules/@nestjs/core/injector/injector.js:215:33)
      at TestingInjector.resolveComponentInstance (node_modules/@nestjs/testing/testing-injector.js:19:45)
      at resolveParam (node_modules/@nestjs/core/injector/injector.js:129:38)
          at async Promise.all (index 1)
      at TestingInjector.resolveConstructorParams (node_modules/@nestjs/core/injector/injector.js:144:27)
      at TestingInjector.loadInstance (node_modules/@nestjs/core/injector/injector.js:70:13)
      at TestingInjector.loadProvider (node_modules/@nestjs/core/injector/injector.js:98:9)
      at node_modules/@nestjs/core/injector/instance-loader.js:56:13
          at async Promise.all (index 3)
      at TestingInstanceLoader.createInstancesOfProviders (node_modules/@nestjs/core/injector/instance-loader.js:55:9)
      at node_modules/@nestjs/core/injector/instance-loader.js:40:13
          at async Promise.all (index 7)
      at TestingInstanceLoader.createInstances (node_modules/@nestjs/core/injector/instance-loader.js:39:9)
      at TestingInstanceLoader.createInstancesOfDependencies (node_modules/@nestjs/core/injector/instance-loader.js:22:13)
      at TestingInstanceLoader.createInstancesOfDependencies (node_modules/@nestjs/testing/testing-instance-loader.js:9:9)
      at TestingModuleBuilder.createInstancesOfDependencies (node_modules/@nestjs/testing/testing-module.builder.js:118:9)
      at TestingModuleBuilder.compile (node_modules/@nestjs/testing/testing-module.builder.js:74:9)
      at Object.<anonymous> (src/modules/deviation/deviation-analytics.integration.spec.ts:14:42)

  ● DeviationAnalyticsController (Integration) › GET /deviation-analytics/trend › 应该返回趋势数据

    Nest can't resolve dependencies of the StatisticsService (PrismaService, ?). Please make sure that the argument RedisService at index [1] is available in the StatisticsModule context.

    Potential solutions:
    - Is StatisticsModule a valid NestJS module?
    - If RedisService is a provider, is it part of the current StatisticsModule?
    - If RedisService is exported from a separate @Module, is that module imported within StatisticsModule?
      @Module({
        imports: [ /* the Module containing RedisService */ ]
      })

      12 |
      13 |   beforeAll(async () => {
    > 14 |     const moduleFixture: TestingModule = await Test.createTestingModule({
         |                                          ^
      15 |       imports: [DeviationModule, PrismaModule],
      16 |     })
      17 |       .overrideGuard(JwtAuthGuard)

      at TestingInjector.lookupComponentInParentModules (node_modules/@nestjs/core/injector/injector.js:262:19)
      at TestingInjector.resolveComponentInstance (node_modules/@nestjs/core/injector/injector.js:215:33)
      at TestingInjector.resolveComponentInstance (node_modules/@nestjs/testing/testing-injector.js:19:45)
      at resolveParam (node_modules/@nestjs/core/injector/injector.js:129:38)
          at async Promise.all (index 1)
      at TestingInjector.resolveConstructorParams (node_modules/@nestjs/core/injector/injector.js:144:27)
      at TestingInjector.loadInstance (node_modules/@nestjs/core/injector/injector.js:70:13)
      at TestingInjector.loadProvider (node_modules/@nestjs/core/injector/injector.js:98:9)
      at node_modules/@nestjs/core/injector/instance-loader.js:56:13
          at async Promise.all (index 3)
      at TestingInstanceLoader.createInstancesOfProviders (node_modules/@nestjs/core/injector/instance-loader.js:55:9)
      at node_modules/@nestjs/core/injector/instance-loader.js:40:13
          at async Promise.all (index 7)
      at TestingInstanceLoader.createInstances (node_modules/@nestjs/core/injector/instance-loader.js:39:9)
      at TestingInstanceLoader.createInstancesOfDependencies (node_modules/@nestjs/core/injector/instance-loader.js:22:13)
      at TestingInstanceLoader.createInstancesOfDependencies (node_modules/@nestjs/testing/testing-instance-loader.js:9:9)
      at TestingModuleBuilder.createInstancesOfDependencies (node_modules/@nestjs/testing/testing-module.builder.js:118:9)
      at TestingModuleBuilder.compile (node_modules/@nestjs/testing/testing-module.builder.js:74:9)
      at Object.<anonymous> (src/modules/deviation/deviation-analytics.integration.spec.ts:14:42)

  ● DeviationAnalyticsController (Integration) › GET /deviation-analytics/field-distribution › 应该返回字段分布数据

    Nest can't resolve dependencies of the StatisticsService (PrismaService, ?). Please make sure that the argument RedisService at index [1] is available in the StatisticsModule context.

    Potential solutions:
    - Is StatisticsModule a valid NestJS module?
    - If RedisService is a provider, is it part of the current StatisticsModule?
    - If RedisService is exported from a separate @Module, is that module imported within StatisticsModule?
      @Module({
        imports: [ /* the Module containing RedisService */ ]
      })

      12 |
      13 |   beforeAll(async () => {
    > 14 |     const moduleFixture: TestingModule = await Test.createTestingModule({
         |                                          ^
      15 |       imports: [DeviationModule, PrismaModule],
      16 |     })
      17 |       .overrideGuard(JwtAuthGuard)

      at TestingInjector.lookupComponentInParentModules (node_modules/@nestjs/core/injector/injector.js:262:19)
      at TestingInjector.resolveComponentInstance (node_modules/@nestjs/core/injector/injector.js:215:33)
      at TestingInjector.resolveComponentInstance (node_modules/@nestjs/testing/testing-injector.js:19:45)
      at resolveParam (node_modules/@nestjs/core/injector/injector.js:129:38)
          at async Promise.all (index 1)
      at TestingInjector.resolveConstructorParams (node_modules/@nestjs/core/injector/injector.js:144:27)
      at TestingInjector.loadInstance (node_modules/@nestjs/core/injector/injector.js:70:13)
      at TestingInjector.loadProvider (node_modules/@nestjs/core/injector/injector.js:98:9)
      at node_modules/@nestjs/core/injector/instance-loader.js:56:13
          at async Promise.all (index 3)
      at TestingInstanceLoader.createInstancesOfProviders (node_modules/@nestjs/core/injector/instance-loader.js:55:9)
      at node_modules/@nestjs/core/injector/instance-loader.js:40:13
          at async Promise.all (index 7)
      at TestingInstanceLoader.createInstances (node_modules/@nestjs/core/injector/instance-loader.js:39:9)
      at TestingInstanceLoader.createInstancesOfDependencies (node_modules/@nestjs/core/injector/instance-loader.js:22:13)
      at TestingInstanceLoader.createInstancesOfDependencies (node_modules/@nestjs/testing/testing-instance-loader.js:9:9)
      at TestingModuleBuilder.createInstancesOfDependencies (node_modules/@nestjs/testing/testing-module.builder.js:118:9)
      at TestingModuleBuilder.compile (node_modules/@nestjs/testing/testing-module.builder.js:74:9)
      at Object.<anonymous> (src/modules/deviation/deviation-analytics.integration.spec.ts:14:42)

  ● DeviationAnalyticsController (Integration) › GET /deviation-analytics/field-distribution › 应该支持日期范围筛选

    Nest can't resolve dependencies of the StatisticsService (PrismaService, ?). Please make sure that the argument RedisService at index [1] is available in the StatisticsModule context.

    Potential solutions:
    - Is StatisticsModule a valid NestJS module?
    - If RedisService is a provider, is it part of the current StatisticsModule?
    - If RedisService is exported from a separate @Module, is that module imported within StatisticsModule?
      @Module({
        imports: [ /* the Module containing RedisService */ ]
      })

      12 |
      13 |   beforeAll(async () => {
    > 14 |     const moduleFixture: TestingModule = await Test.createTestingModule({
         |                                          ^
      15 |       imports: [DeviationModule, PrismaModule],
      16 |     })
      17 |       .overrideGuard(JwtAuthGuard)

      at TestingInjector.lookupComponentInParentModules (node_modules/@nestjs/core/injector/injector.js:262:19)
      at TestingInjector.resolveComponentInstance (node_modules/@nestjs/core/injector/injector.js:215:33)
      at TestingInjector.resolveComponentInstance (node_modules/@nestjs/testing/testing-injector.js:19:45)
      at resolveParam (node_modules/@nestjs/core/injector/injector.js:129:38)
          at async Promise.all (index 1)
      at TestingInjector.resolveConstructorParams (node_modules/@nestjs/core/injector/injector.js:144:27)
      at TestingInjector.loadInstance (node_modules/@nestjs/core/injector/injector.js:70:13)
      at TestingInjector.loadProvider (node_modules/@nestjs/core/injector/injector.js:98:9)
      at node_modules/@nestjs/core/injector/instance-loader.js:56:13
          at async Promise.all (index 3)
      at TestingInstanceLoader.createInstancesOfProviders (node_modules/@nestjs/core/injector/instance-loader.js:55:9)
      at node_modules/@nestjs/core/injector/instance-loader.js:40:13
          at async Promise.all (index 7)
      at TestingInstanceLoader.createInstances (node_modules/@nestjs/core/injector/instance-loader.js:39:9)
      at TestingInstanceLoader.createInstancesOfDependencies (node_modules/@nestjs/core/injector/instance-loader.js:22:13)
      at TestingInstanceLoader.createInstancesOfDependencies (node_modules/@nestjs/testing/testing-instance-loader.js:9:9)
      at TestingModuleBuilder.createInstancesOfDependencies (node_modules/@nestjs/testing/testing-module.builder.js:118:9)
      at TestingModuleBuilder.compile (node_modules/@nestjs/testing/testing-module.builder.js:74:9)
      at Object.<anonymous> (src/modules/deviation/deviation-analytics.integration.spec.ts:14:42)

  ● DeviationAnalyticsController (Integration) › GET /deviation-analytics/rate-by-department › 应该返回部门偏离率数据

    Nest can't resolve dependencies of the StatisticsService (PrismaService, ?). Please make sure that the argument RedisService at index [1] is available in the StatisticsModule context.

    Potential solutions:
    - Is StatisticsModule a valid NestJS module?
    - If RedisService is a provider, is it part of the current StatisticsModule?
    - If RedisService is exported from a separate @Module, is that module imported within StatisticsModule?
      @Module({
        imports: [ /* the Module containing RedisService */ ]
      })

      12 |
      13 |   beforeAll(async () => {
    > 14 |     const moduleFixture: TestingModule = await Test.createTestingModule({
         |                                          ^
      15 |       imports: [DeviationModule, PrismaModule],
      16 |     })
      17 |       .overrideGuard(JwtAuthGuard)

      at TestingInjector.lookupComponentInParentModules (node_modules/@nestjs/core/injector/injector.js:262:19)
      at TestingInjector.resolveComponentInstance (node_modules/@nestjs/core/injector/injector.js:215:33)
      at TestingInjector.resolveComponentInstance (node_modules/@nestjs/testing/testing-injector.js:19:45)
      at resolveParam (node_modules/@nestjs/core/injector/injector.js:129:38)
          at async Promise.all (index 1)
      at TestingInjector.resolveConstructorParams (node_modules/@nestjs/core/injector/injector.js:144:27)
      at TestingInjector.loadInstance (node_modules/@nestjs/core/injector/injector.js:70:13)
      at TestingInjector.loadProvider (node_modules/@nestjs/core/injector/injector.js:98:9)
      at node_modules/@nestjs/core/injector/instance-loader.js:56:13
          at async Promise.all (index 3)
      at TestingInstanceLoader.createInstancesOfProviders (node_modules/@nestjs/core/injector/instance-loader.js:55:9)
      at node_modules/@nestjs/core/injector/instance-loader.js:40:13
          at async Promise.all (index 7)
      at TestingInstanceLoader.createInstances (node_modules/@nestjs/core/injector/instance-loader.js:39:9)
      at TestingInstanceLoader.createInstancesOfDependencies (node_modules/@nestjs/core/injector/instance-loader.js:22:13)
      at TestingInstanceLoader.createInstancesOfDependencies (node_modules/@nestjs/testing/testing-instance-loader.js:9:9)
      at TestingModuleBuilder.createInstancesOfDependencies (node_modules/@nestjs/testing/testing-module.builder.js:118:9)
      at TestingModuleBuilder.compile (node_modules/@nestjs/testing/testing-module.builder.js:74:9)
      at Object.<anonymous> (src/modules/deviation/deviation-analytics.integration.spec.ts:14:42)

  ● DeviationAnalyticsController (Integration) › GET /deviation-analytics/rate-by-template › 应该返回模板偏离率数据

    Nest can't resolve dependencies of the StatisticsService (PrismaService, ?). Please make sure that the argument RedisService at index [1] is available in the StatisticsModule context.

    Potential solutions:
    - Is StatisticsModule a valid NestJS module?
    - If RedisService is a provider, is it part of the current StatisticsModule?
    - If RedisService is exported from a separate @Module, is that module imported within StatisticsModule?
      @Module({
        imports: [ /* the Module containing RedisService */ ]
      })

      12 |
      13 |   beforeAll(async () => {
    > 14 |     const moduleFixture: TestingModule = await Test.createTestingModule({
         |                                          ^
      15 |       imports: [DeviationModule, PrismaModule],
      16 |     })
      17 |       .overrideGuard(JwtAuthGuard)

      at TestingInjector.lookupComponentInParentModules (node_modules/@nestjs/core/injector/injector.js:262:19)
      at TestingInjector.resolveComponentInstance (node_modules/@nestjs/core/injector/injector.js:215:33)
      at TestingInjector.resolveComponentInstance (node_modules/@nestjs/testing/testing-injector.js:19:45)
      at resolveParam (node_modules/@nestjs/core/injector/injector.js:129:38)
          at async Promise.all (index 1)
      at TestingInjector.resolveConstructorParams (node_modules/@nestjs/core/injector/injector.js:144:27)
      at TestingInjector.loadInstance (node_modules/@nestjs/core/injector/injector.js:70:13)
      at TestingInjector.loadProvider (node_modules/@nestjs/core/injector/injector.js:98:9)
      at node_modules/@nestjs/core/injector/instance-loader.js:56:13
          at async Promise.all (index 3)
      at TestingInstanceLoader.createInstancesOfProviders (node_modules/@nestjs/core/injector/instance-loader.js:55:9)
      at node_modules/@nestjs/core/injector/instance-loader.js:40:13
          at async Promise.all (index 7)
      at TestingInstanceLoader.createInstances (node_modules/@nestjs/core/injector/instance-loader.js:39:9)
      at TestingInstanceLoader.createInstancesOfDependencies (node_modules/@nestjs/core/injector/instance-loader.js:22:13)
      at TestingInstanceLoader.createInstancesOfDependencies (node_modules/@nestjs/testing/testing-instance-loader.js:9:9)
      at TestingModuleBuilder.createInstancesOfDependencies (node_modules/@nestjs/testing/testing-module.builder.js:118:9)
      at TestingModuleBuilder.compile (node_modules/@nestjs/testing/testing-module.builder.js:74:9)
      at Object.<anonymous> (src/modules/deviation/deviation-analytics.integration.spec.ts:14:42)

  ● DeviationAnalyticsController (Integration) › GET /deviation-analytics/reason-wordcloud › 应该返回词云数据

    Nest can't resolve dependencies of the StatisticsService (PrismaService, ?). Please make sure that the argument RedisService at index [1] is available in the StatisticsModule context.

    Potential solutions:
    - Is StatisticsModule a valid NestJS module?
    - If RedisService is a provider, is it part of the current StatisticsModule?
    - If RedisService is exported from a separate @Module, is that module imported within StatisticsModule?
      @Module({
        imports: [ /* the Module containing RedisService */ ]
      })

      12 |
      13 |   beforeAll(async () => {
    > 14 |     const moduleFixture: TestingModule = await Test.createTestingModule({
         |                                          ^
      15 |       imports: [DeviationModule, PrismaModule],
      16 |     })
      17 |       .overrideGuard(JwtAuthGuard)

      at TestingInjector.lookupComponentInParentModules (node_modules/@nestjs/core/injector/injector.js:262:19)
      at TestingInjector.resolveComponentInstance (node_modules/@nestjs/core/injector/injector.js:215:33)
      at TestingInjector.resolveComponentInstance (node_modules/@nestjs/testing/testing-injector.js:19:45)
      at resolveParam (node_modules/@nestjs/core/injector/injector.js:129:38)
          at async Promise.all (index 1)
      at TestingInjector.resolveConstructorParams (node_modules/@nestjs/core/injector/injector.js:144:27)
      at TestingInjector.loadInstance (node_modules/@nestjs/core/injector/injector.js:70:13)
      at TestingInjector.loadProvider (node_modules/@nestjs/core/injector/injector.js:98:9)
      at node_modules/@nestjs/core/injector/instance-loader.js:56:13
          at async Promise.all (index 3)
      at TestingInstanceLoader.createInstancesOfProviders (node_modules/@nestjs/core/injector/instance-loader.js:55:9)
      at node_modules/@nestjs/core/injector/instance-loader.js:40:13
          at async Promise.all (index 7)
      at TestingInstanceLoader.createInstances (node_modules/@nestjs/core/injector/instance-loader.js:39:9)
      at TestingInstanceLoader.createInstancesOfDependencies (node_modules/@nestjs/core/injector/instance-loader.js:22:13)
      at TestingInstanceLoader.createInstancesOfDependencies (node_modules/@nestjs/testing/testing-instance-loader.js:9:9)
      at TestingModuleBuilder.createInstancesOfDependencies (node_modules/@nestjs/testing/testing-module.builder.js:118:9)
      at TestingModuleBuilder.compile (node_modules/@nestjs/testing/testing-module.builder.js:74:9)
      at Object.<anonymous> (src/modules/deviation/deviation-analytics.integration.spec.ts:14:42)


  ● Test suite failed to run

    TypeError: Cannot read properties of undefined (reading 'close')

      27 |
      28 |   afterAll(async () => {
    > 29 |     await app.close();
         |               ^
      30 |   });
      31 |
      32 |   describe('GET /deviation-analytics/trend', () => {

      at Object.<anonymous> (src/modules/deviation/deviation-analytics.integration.spec.ts:29:15)

FAIL src/modules/approval/approval.integration.spec.ts (5.871 s)
  ● Approval Integration Tests › 正常任务一级审批流程 › 应该完成创建审批链→主管审批通过→任务归档的完整流程

    Nest can't resolve dependencies of the StatisticsService (PrismaService, ?). Please make sure that the argument RedisService at index [1] is available in the StatisticsModule context.

    Potential solutions:
    - Is StatisticsModule a valid NestJS module?
    - If RedisService is a provider, is it part of the current StatisticsModule?
    - If RedisService is exported from a separate @Module, is that module imported within StatisticsModule?
      @Module({
        imports: [ /* the Module containing RedisService */ ]
      })

      33 |
      34 |   beforeAll(async () => {
    > 35 |     const moduleRef: TestingModule = await Test.createTestingModule({
         |                                      ^
      36 |       imports: [ApprovalModule],
      37 |     })
      38 |       .overrideProvider(PrismaService)

      at TestingInjector.lookupComponentInParentModules (node_modules/@nestjs/core/injector/injector.js:262:19)
      at TestingInjector.resolveComponentInstance (node_modules/@nestjs/core/injector/injector.js:215:33)
      at TestingInjector.resolveComponentInstance (node_modules/@nestjs/testing/testing-injector.js:19:45)
      at resolveParam (node_modules/@nestjs/core/injector/injector.js:129:38)
          at async Promise.all (index 1)
      at TestingInjector.resolveConstructorParams (node_modules/@nestjs/core/injector/injector.js:144:27)
      at TestingInjector.loadInstance (node_modules/@nestjs/core/injector/injector.js:70:13)
      at TestingInjector.loadProvider (node_modules/@nestjs/core/injector/injector.js:98:9)
      at node_modules/@nestjs/core/injector/instance-loader.js:56:13
          at async Promise.all (index 3)
      at TestingInstanceLoader.createInstancesOfProviders (node_modules/@nestjs/core/injector/instance-loader.js:55:9)
      at node_modules/@nestjs/core/injector/instance-loader.js:40:13
          at async Promise.all (index 5)
      at TestingInstanceLoader.createInstances (node_modules/@nestjs/core/injector/instance-loader.js:39:9)
      at TestingInstanceLoader.createInstancesOfDependencies (node_modules/@nestjs/core/injector/instance-loader.js:22:13)
      at TestingInstanceLoader.createInstancesOfDependencies (node_modules/@nestjs/testing/testing-instance-loader.js:9:9)
      at TestingModuleBuilder.createInstancesOfDependencies (node_modules/@nestjs/testing/testing-module.builder.js:118:9)
      at TestingModuleBuilder.compile (node_modules/@nestjs/testing/testing-module.builder.js:74:9)
      at Object.<anonymous> (src/modules/approval/approval.integration.spec.ts:35:38)

  ● Approval Integration Tests › 偏离任务二级审批流程（通过） › 应该完成创建审批链→主管通过→经理通过→任务归档的完整流程

    Nest can't resolve dependencies of the StatisticsService (PrismaService, ?). Please make sure that the argument RedisService at index [1] is available in the StatisticsModule context.

    Potential solutions:
    - Is StatisticsModule a valid NestJS module?
    - If RedisService is a provider, is it part of the current StatisticsModule?
    - If RedisService is exported from a separate @Module, is that module imported within StatisticsModule?
      @Module({
        imports: [ /* the Module containing RedisService */ ]
      })

      33 |
      34 |   beforeAll(async () => {
    > 35 |     const moduleRef: TestingModule = await Test.createTestingModule({
         |                                      ^
      36 |       imports: [ApprovalModule],
      37 |     })
      38 |       .overrideProvider(PrismaService)

      at TestingInjector.lookupComponentInParentModules (node_modules/@nestjs/core/injector/injector.js:262:19)
      at TestingInjector.resolveComponentInstance (node_modules/@nestjs/core/injector/injector.js:215:33)
      at TestingInjector.resolveComponentInstance (node_modules/@nestjs/testing/testing-injector.js:19:45)
      at resolveParam (node_modules/@nestjs/core/injector/injector.js:129:38)
          at async Promise.all (index 1)
      at TestingInjector.resolveConstructorParams (node_modules/@nestjs/core/injector/injector.js:144:27)
      at TestingInjector.loadInstance (node_modules/@nestjs/core/injector/injector.js:70:13)
      at TestingInjector.loadProvider (node_modules/@nestjs/core/injector/injector.js:98:9)
      at node_modules/@nestjs/core/injector/instance-loader.js:56:13
          at async Promise.all (index 3)
      at TestingInstanceLoader.createInstancesOfProviders (node_modules/@nestjs/core/injector/instance-loader.js:55:9)
      at node_modules/@nestjs/core/injector/instance-loader.js:40:13
          at async Promise.all (index 5)
      at TestingInstanceLoader.createInstances (node_modules/@nestjs/core/injector/instance-loader.js:39:9)
      at TestingInstanceLoader.createInstancesOfDependencies (node_modules/@nestjs/core/injector/instance-loader.js:22:13)
      at TestingInstanceLoader.createInstancesOfDependencies (node_modules/@nestjs/testing/testing-instance-loader.js:9:9)
      at TestingModuleBuilder.createInstancesOfDependencies (node_modules/@nestjs/testing/testing-module.builder.js:118:9)
      at TestingModuleBuilder.compile (node_modules/@nestjs/testing/testing-module.builder.js:74:9)
      at Object.<anonymous> (src/modules/approval/approval.integration.spec.ts:35:38)

  ● Approval Integration Tests › 一级驳回场景 › 应该在主管驳回后，任务记录回到草稿状态

    Nest can't resolve dependencies of the StatisticsService (PrismaService, ?). Please make sure that the argument RedisService at index [1] is available in the StatisticsModule context.

    Potential solutions:
    - Is StatisticsModule a valid NestJS module?
    - If RedisService is a provider, is it part of the current StatisticsModule?
    - If RedisService is exported from a separate @Module, is that module imported within StatisticsModule?
      @Module({
        imports: [ /* the Module containing RedisService */ ]
      })

      33 |
      34 |   beforeAll(async () => {
    > 35 |     const moduleRef: TestingModule = await Test.createTestingModule({
         |                                      ^
      36 |       imports: [ApprovalModule],
      37 |     })
      38 |       .overrideProvider(PrismaService)

      at TestingInjector.lookupComponentInParentModules (node_modules/@nestjs/core/injector/injector.js:262:19)
      at TestingInjector.resolveComponentInstance (node_modules/@nestjs/core/injector/injector.js:215:33)
      at TestingInjector.resolveComponentInstance (node_modules/@nestjs/testing/testing-injector.js:19:45)
      at resolveParam (node_modules/@nestjs/core/injector/injector.js:129:38)
          at async Promise.all (index 1)
      at TestingInjector.resolveConstructorParams (node_modules/@nestjs/core/injector/injector.js:144:27)
      at TestingInjector.loadInstance (node_modules/@nestjs/core/injector/injector.js:70:13)
      at TestingInjector.loadProvider (node_modules/@nestjs/core/injector/injector.js:98:9)
      at node_modules/@nestjs/core/injector/instance-loader.js:56:13
          at async Promise.all (index 3)
      at TestingInstanceLoader.createInstancesOfProviders (node_modules/@nestjs/core/injector/instance-loader.js:55:9)
      at node_modules/@nestjs/core/injector/instance-loader.js:40:13
          at async Promise.all (index 5)
      at TestingInstanceLoader.createInstances (node_modules/@nestjs/core/injector/instance-loader.js:39:9)
      at TestingInstanceLoader.createInstancesOfDependencies (node_modules/@nestjs/core/injector/instance-loader.js:22:13)
      at TestingInstanceLoader.createInstancesOfDependencies (node_modules/@nestjs/testing/testing-instance-loader.js:9:9)
      at TestingModuleBuilder.createInstancesOfDependencies (node_modules/@nestjs/testing/testing-module.builder.js:118:9)
      at TestingModuleBuilder.compile (node_modules/@nestjs/testing/testing-module.builder.js:74:9)
      at Object.<anonymous> (src/modules/approval/approval.integration.spec.ts:35:38)

  ● Approval Integration Tests › 二级驳回场景 › 应该在经理驳回后，任务记录回到草稿状态

    Nest can't resolve dependencies of the StatisticsService (PrismaService, ?). Please make sure that the argument RedisService at index [1] is available in the StatisticsModule context.

    Potential solutions:
    - Is StatisticsModule a valid NestJS module?
    - If RedisService is a provider, is it part of the current StatisticsModule?
    - If RedisService is exported from a separate @Module, is that module imported within StatisticsModule?
      @Module({
        imports: [ /* the Module containing RedisService */ ]
      })

      33 |
      34 |   beforeAll(async () => {
    > 35 |     const moduleRef: TestingModule = await Test.createTestingModule({
         |                                      ^
      36 |       imports: [ApprovalModule],
      37 |     })
      38 |       .overrideProvider(PrismaService)

      at TestingInjector.lookupComponentInParentModules (node_modules/@nestjs/core/injector/injector.js:262:19)
      at TestingInjector.resolveComponentInstance (node_modules/@nestjs/core/injector/injector.js:215:33)
      at TestingInjector.resolveComponentInstance (node_modules/@nestjs/testing/testing-injector.js:19:45)
      at resolveParam (node_modules/@nestjs/core/injector/injector.js:129:38)
          at async Promise.all (index 1)
      at TestingInjector.resolveConstructorParams (node_modules/@nestjs/core/injector/injector.js:144:27)
      at TestingInjector.loadInstance (node_modules/@nestjs/core/injector/injector.js:70:13)
      at TestingInjector.loadProvider (node_modules/@nestjs/core/injector/injector.js:98:9)
      at node_modules/@nestjs/core/injector/instance-loader.js:56:13
          at async Promise.all (index 3)
      at TestingInstanceLoader.createInstancesOfProviders (node_modules/@nestjs/core/injector/instance-loader.js:55:9)
      at node_modules/@nestjs/core/injector/instance-loader.js:40:13
          at async Promise.all (index 5)
      at TestingInstanceLoader.createInstances (node_modules/@nestjs/core/injector/instance-loader.js:39:9)
      at TestingInstanceLoader.createInstancesOfDependencies (node_modules/@nestjs/core/injector/instance-loader.js:22:13)
      at TestingInstanceLoader.createInstancesOfDependencies (node_modules/@nestjs/testing/testing-instance-loader.js:9:9)
      at TestingModuleBuilder.createInstancesOfDependencies (node_modules/@nestjs/testing/testing-module.builder.js:118:9)
      at TestingModuleBuilder.compile (node_modules/@nestjs/testing/testing-module.builder.js:74:9)
      at Object.<anonymous> (src/modules/approval/approval.integration.spec.ts:35:38)

  ● Approval Integration Tests › 通知发送验证 › 应该在一级审批创建时发送通知给主管

    Nest can't resolve dependencies of the StatisticsService (PrismaService, ?). Please make sure that the argument RedisService at index [1] is available in the StatisticsModule context.

    Potential solutions:
    - Is StatisticsModule a valid NestJS module?
    - If RedisService is a provider, is it part of the current StatisticsModule?
    - If RedisService is exported from a separate @Module, is that module imported within StatisticsModule?
      @Module({
        imports: [ /* the Module containing RedisService */ ]
      })

      33 |
      34 |   beforeAll(async () => {
    > 35 |     const moduleRef: TestingModule = await Test.createTestingModule({
         |                                      ^
      36 |       imports: [ApprovalModule],
      37 |     })
      38 |       .overrideProvider(PrismaService)

      at TestingInjector.lookupComponentInParentModules (node_modules/@nestjs/core/injector/injector.js:262:19)
      at TestingInjector.resolveComponentInstance (node_modules/@nestjs/core/injector/injector.js:215:33)
      at TestingInjector.resolveComponentInstance (node_modules/@nestjs/testing/testing-injector.js:19:45)
      at resolveParam (node_modules/@nestjs/core/injector/injector.js:129:38)
          at async Promise.all (index 1)
      at TestingInjector.resolveConstructorParams (node_modules/@nestjs/core/injector/injector.js:144:27)
      at TestingInjector.loadInstance (node_modules/@nestjs/core/injector/injector.js:70:13)
      at TestingInjector.loadProvider (node_modules/@nestjs/core/injector/injector.js:98:9)
      at node_modules/@nestjs/core/injector/instance-loader.js:56:13
          at async Promise.all (index 3)
      at TestingInstanceLoader.createInstancesOfProviders (node_modules/@nestjs/core/injector/instance-loader.js:55:9)
      at node_modules/@nestjs/core/injector/instance-loader.js:40:13
          at async Promise.all (index 5)
      at TestingInstanceLoader.createInstances (node_modules/@nestjs/core/injector/instance-loader.js:39:9)
      at TestingInstanceLoader.createInstancesOfDependencies (node_modules/@nestjs/core/injector/instance-loader.js:22:13)
      at TestingInstanceLoader.createInstancesOfDependencies (node_modules/@nestjs/testing/testing-instance-loader.js:9:9)
      at TestingModuleBuilder.createInstancesOfDependencies (node_modules/@nestjs/testing/testing-module.builder.js:118:9)
      at TestingModuleBuilder.compile (node_modules/@nestjs/testing/testing-module.builder.js:74:9)
      at Object.<anonymous> (src/modules/approval/approval.integration.spec.ts:35:38)

  ● Approval Integration Tests › 审批链查询验证 › 应该返回完整的审批链信息（包含审批人姓名）

    Nest can't resolve dependencies of the StatisticsService (PrismaService, ?). Please make sure that the argument RedisService at index [1] is available in the StatisticsModule context.

    Potential solutions:
    - Is StatisticsModule a valid NestJS module?
    - If RedisService is a provider, is it part of the current StatisticsModule?
    - If RedisService is exported from a separate @Module, is that module imported within StatisticsModule?
      @Module({
        imports: [ /* the Module containing RedisService */ ]
      })

      33 |
      34 |   beforeAll(async () => {
    > 35 |     const moduleRef: TestingModule = await Test.createTestingModule({
         |                                      ^
      36 |       imports: [ApprovalModule],
      37 |     })
      38 |       .overrideProvider(PrismaService)

      at TestingInjector.lookupComponentInParentModules (node_modules/@nestjs/core/injector/injector.js:262:19)
      at TestingInjector.resolveComponentInstance (node_modules/@nestjs/core/injector/injector.js:215:33)
      at TestingInjector.resolveComponentInstance (node_modules/@nestjs/testing/testing-injector.js:19:45)
      at resolveParam (node_modules/@nestjs/core/injector/injector.js:129:38)
          at async Promise.all (index 1)
      at TestingInjector.resolveConstructorParams (node_modules/@nestjs/core/injector/injector.js:144:27)
      at TestingInjector.loadInstance (node_modules/@nestjs/core/injector/injector.js:70:13)
      at TestingInjector.loadProvider (node_modules/@nestjs/core/injector/injector.js:98:9)
      at node_modules/@nestjs/core/injector/instance-loader.js:56:13
          at async Promise.all (index 3)
      at TestingInstanceLoader.createInstancesOfProviders (node_modules/@nestjs/core/injector/instance-loader.js:55:9)
      at node_modules/@nestjs/core/injector/instance-loader.js:40:13
          at async Promise.all (index 5)
      at TestingInstanceLoader.createInstances (node_modules/@nestjs/core/injector/instance-loader.js:39:9)
      at TestingInstanceLoader.createInstancesOfDependencies (node_modules/@nestjs/core/injector/instance-loader.js:22:13)
      at TestingInstanceLoader.createInstancesOfDependencies (node_modules/@nestjs/testing/testing-instance-loader.js:9:9)
      at TestingModuleBuilder.createInstancesOfDependencies (node_modules/@nestjs/testing/testing-module.builder.js:118:9)
      at TestingModuleBuilder.compile (node_modules/@nestjs/testing/testing-module.builder.js:74:9)
      at Object.<anonymous> (src/modules/approval/approval.integration.spec.ts:35:38)

  ● Approval Integration Tests › 事务回滚验证 › 应该在二级审批创建失败时回滚整个事务

    Nest can't resolve dependencies of the StatisticsService (PrismaService, ?). Please make sure that the argument RedisService at index [1] is available in the StatisticsModule context.

    Potential solutions:
    - Is StatisticsModule a valid NestJS module?
    - If RedisService is a provider, is it part of the current StatisticsModule?
    - If RedisService is exported from a separate @Module, is that module imported within StatisticsModule?
      @Module({
        imports: [ /* the Module containing RedisService */ ]
      })

      33 |
      34 |   beforeAll(async () => {
    > 35 |     const moduleRef: TestingModule = await Test.createTestingModule({
         |                                      ^
      36 |       imports: [ApprovalModule],
      37 |     })
      38 |       .overrideProvider(PrismaService)

      at TestingInjector.lookupComponentInParentModules (node_modules/@nestjs/core/injector/injector.js:262:19)
      at TestingInjector.resolveComponentInstance (node_modules/@nestjs/core/injector/injector.js:215:33)
      at TestingInjector.resolveComponentInstance (node_modules/@nestjs/testing/testing-injector.js:19:45)
      at resolveParam (node_modules/@nestjs/core/injector/injector.js:129:38)
          at async Promise.all (index 1)
      at TestingInjector.resolveConstructorParams (node_modules/@nestjs/core/injector/injector.js:144:27)
      at TestingInjector.loadInstance (node_modules/@nestjs/core/injector/injector.js:70:13)
      at TestingInjector.loadProvider (node_modules/@nestjs/core/injector/injector.js:98:9)
      at node_modules/@nestjs/core/injector/instance-loader.js:56:13
          at async Promise.all (index 3)
      at TestingInstanceLoader.createInstancesOfProviders (node_modules/@nestjs/core/injector/instance-loader.js:55:9)
      at node_modules/@nestjs/core/injector/instance-loader.js:40:13
          at async Promise.all (index 5)
      at TestingInstanceLoader.createInstances (node_modules/@nestjs/core/injector/instance-loader.js:39:9)
      at TestingInstanceLoader.createInstancesOfDependencies (node_modules/@nestjs/core/injector/instance-loader.js:22:13)
      at TestingInstanceLoader.createInstancesOfDependencies (node_modules/@nestjs/testing/testing-instance-loader.js:9:9)
      at TestingModuleBuilder.createInstancesOfDependencies (node_modules/@nestjs/testing/testing-module.builder.js:118:9)
      at TestingModuleBuilder.compile (node_modules/@nestjs/testing/testing-module.builder.js:74:9)
      at Object.<anonymous> (src/modules/approval/approval.integration.spec.ts:35:38)

  ● Approval Integration Tests › 待审批列表查询 › 应该返回当前用户的所有待审批记录

    Nest can't resolve dependencies of the StatisticsService (PrismaService, ?). Please make sure that the argument RedisService at index [1] is available in the StatisticsModule context.

    Potential solutions:
    - Is StatisticsModule a valid NestJS module?
    - If RedisService is a provider, is it part of the current StatisticsModule?
    - If RedisService is exported from a separate @Module, is that module imported within StatisticsModule?
      @Module({
        imports: [ /* the Module containing RedisService */ ]
      })

      33 |
      34 |   beforeAll(async () => {
    > 35 |     const moduleRef: TestingModule = await Test.createTestingModule({
         |                                      ^
      36 |       imports: [ApprovalModule],
      37 |     })
      38 |       .overrideProvider(PrismaService)

      at TestingInjector.lookupComponentInParentModules (node_modules/@nestjs/core/injector/injector.js:262:19)
      at TestingInjector.resolveComponentInstance (node_modules/@nestjs/core/injector/injector.js:215:33)
      at TestingInjector.resolveComponentInstance (node_modules/@nestjs/testing/testing-injector.js:19:45)
      at resolveParam (node_modules/@nestjs/core/injector/injector.js:129:38)
          at async Promise.all (index 1)
      at TestingInjector.resolveConstructorParams (node_modules/@nestjs/core/injector/injector.js:144:27)
      at TestingInjector.loadInstance (node_modules/@nestjs/core/injector/injector.js:70:13)
      at TestingInjector.loadProvider (node_modules/@nestjs/core/injector/injector.js:98:9)
      at node_modules/@nestjs/core/injector/instance-loader.js:56:13
          at async Promise.all (index 3)
      at TestingInstanceLoader.createInstancesOfProviders (node_modules/@nestjs/core/injector/instance-loader.js:55:9)
      at node_modules/@nestjs/core/injector/instance-loader.js:40:13
          at async Promise.all (index 5)
      at TestingInstanceLoader.createInstances (node_modules/@nestjs/core/injector/instance-loader.js:39:9)
      at TestingInstanceLoader.createInstancesOfDependencies (node_modules/@nestjs/core/injector/instance-loader.js:22:13)
      at TestingInstanceLoader.createInstancesOfDependencies (node_modules/@nestjs/testing/testing-instance-loader.js:9:9)
      at TestingModuleBuilder.createInstancesOfDependencies (node_modules/@nestjs/testing/testing-module.builder.js:118:9)
      at TestingModuleBuilder.compile (node_modules/@nestjs/testing/testing-module.builder.js:74:9)
      at Object.<anonymous> (src/modules/approval/approval.integration.spec.ts:35:38)

  ● Approval Integration Tests › 审批详情查询 › 应该返回完整的审批详情

    Nest can't resolve dependencies of the StatisticsService (PrismaService, ?). Please make sure that the argument RedisService at index [1] is available in the StatisticsModule context.

    Potential solutions:
    - Is StatisticsModule a valid NestJS module?
    - If RedisService is a provider, is it part of the current StatisticsModule?
    - If RedisService is exported from a separate @Module, is that module imported within StatisticsModule?
      @Module({
        imports: [ /* the Module containing RedisService */ ]
      })

      33 |
      34 |   beforeAll(async () => {
    > 35 |     const moduleRef: TestingModule = await Test.createTestingModule({
         |                                      ^
      36 |       imports: [ApprovalModule],
      37 |     })
      38 |       .overrideProvider(PrismaService)

      at TestingInjector.lookupComponentInParentModules (node_modules/@nestjs/core/injector/injector.js:262:19)
      at TestingInjector.resolveComponentInstance (node_modules/@nestjs/core/injector/injector.js:215:33)
      at TestingInjector.resolveComponentInstance (node_modules/@nestjs/testing/testing-injector.js:19:45)
      at resolveParam (node_modules/@nestjs/core/injector/injector.js:129:38)
          at async Promise.all (index 1)
      at TestingInjector.resolveConstructorParams (node_modules/@nestjs/core/injector/injector.js:144:27)
      at TestingInjector.loadInstance (node_modules/@nestjs/core/injector/injector.js:70:13)
      at TestingInjector.loadProvider (node_modules/@nestjs/core/injector/injector.js:98:9)
      at node_modules/@nestjs/core/injector/instance-loader.js:56:13
          at async Promise.all (index 3)
      at TestingInstanceLoader.createInstancesOfProviders (node_modules/@nestjs/core/injector/instance-loader.js:55:9)
      at node_modules/@nestjs/core/injector/instance-loader.js:40:13
          at async Promise.all (index 5)
      at TestingInstanceLoader.createInstances (node_modules/@nestjs/core/injector/instance-loader.js:39:9)
      at TestingInstanceLoader.createInstancesOfDependencies (node_modules/@nestjs/core/injector/instance-loader.js:22:13)
      at TestingInstanceLoader.createInstancesOfDependencies (node_modules/@nestjs/testing/testing-instance-loader.js:9:9)
      at TestingModuleBuilder.createInstancesOfDependencies (node_modules/@nestjs/testing/testing-module.builder.js:118:9)
      at TestingModuleBuilder.compile (node_modules/@nestjs/testing/testing-module.builder.js:74:9)
      at Object.<anonymous> (src/modules/approval/approval.integration.spec.ts:35:38)

  ● Approval Integration Tests › 审批详情查询 › 应该在审批记录不存在时抛出异常

    Nest can't resolve dependencies of the StatisticsService (PrismaService, ?). Please make sure that the argument RedisService at index [1] is available in the StatisticsModule context.

    Potential solutions:
    - Is StatisticsModule a valid NestJS module?
    - If RedisService is a provider, is it part of the current StatisticsModule?
    - If RedisService is exported from a separate @Module, is that module imported within StatisticsModule?
      @Module({
        imports: [ /* the Module containing RedisService */ ]
      })

      33 |
      34 |   beforeAll(async () => {
    > 35 |     const moduleRef: TestingModule = await Test.createTestingModule({
         |                                      ^
      36 |       imports: [ApprovalModule],
      37 |     })
      38 |       .overrideProvider(PrismaService)

      at TestingInjector.lookupComponentInParentModules (node_modules/@nestjs/core/injector/injector.js:262:19)
      at TestingInjector.resolveComponentInstance (node_modules/@nestjs/core/injector/injector.js:215:33)
      at TestingInjector.resolveComponentInstance (node_modules/@nestjs/testing/testing-injector.js:19:45)
      at resolveParam (node_modules/@nestjs/core/injector/injector.js:129:38)
          at async Promise.all (index 1)
      at TestingInjector.resolveConstructorParams (node_modules/@nestjs/core/injector/injector.js:144:27)
      at TestingInjector.loadInstance (node_modules/@nestjs/core/injector/injector.js:70:13)
      at TestingInjector.loadProvider (node_modules/@nestjs/core/injector/injector.js:98:9)
      at node_modules/@nestjs/core/injector/instance-loader.js:56:13
          at async Promise.all (index 3)
      at TestingInstanceLoader.createInstancesOfProviders (node_modules/@nestjs/core/injector/instance-loader.js:55:9)
      at node_modules/@nestjs/core/injector/instance-loader.js:40:13
          at async Promise.all (index 5)
      at TestingInstanceLoader.createInstances (node_modules/@nestjs/core/injector/instance-loader.js:39:9)
      at TestingInstanceLoader.createInstancesOfDependencies (node_modules/@nestjs/core/injector/instance-loader.js:22:13)
      at TestingInstanceLoader.createInstancesOfDependencies (node_modules/@nestjs/testing/testing-instance-loader.js:9:9)
      at TestingModuleBuilder.createInstancesOfDependencies (node_modules/@nestjs/testing/testing-module.builder.js:118:9)
      at TestingModuleBuilder.compile (node_modules/@nestjs/testing/testing-module.builder.js:74:9)
      at Object.<anonymous> (src/modules/approval/approval.integration.spec.ts:35:38)

  ● Approval Integration Tests › 审批历史查询 › 应该返回分页的审批历史

    Nest can't resolve dependencies of the StatisticsService (PrismaService, ?). Please make sure that the argument RedisService at index [1] is available in the StatisticsModule context.

    Potential solutions:
    - Is StatisticsModule a valid NestJS module?
    - If RedisService is a provider, is it part of the current StatisticsModule?
    - If RedisService is exported from a separate @Module, is that module imported within StatisticsModule?
      @Module({
        imports: [ /* the Module containing RedisService */ ]
      })

      33 |
      34 |   beforeAll(async () => {
    > 35 |     const moduleRef: TestingModule = await Test.createTestingModule({
         |                                      ^
      36 |       imports: [ApprovalModule],
      37 |     })
      38 |       .overrideProvider(PrismaService)

      at TestingInjector.lookupComponentInParentModules (node_modules/@nestjs/core/injector/injector.js:262:19)
      at TestingInjector.resolveComponentInstance (node_modules/@nestjs/core/injector/injector.js:215:33)
      at TestingInjector.resolveComponentInstance (node_modules/@nestjs/testing/testing-injector.js:19:45)
      at resolveParam (node_modules/@nestjs/core/injector/injector.js:129:38)
          at async Promise.all (index 1)
      at TestingInjector.resolveConstructorParams (node_modules/@nestjs/core/injector/injector.js:144:27)
      at TestingInjector.loadInstance (node_modules/@nestjs/core/injector/injector.js:70:13)
      at TestingInjector.loadProvider (node_modules/@nestjs/core/injector/injector.js:98:9)
      at node_modules/@nestjs/core/injector/instance-loader.js:56:13
          at async Promise.all (index 3)
      at TestingInstanceLoader.createInstancesOfProviders (node_modules/@nestjs/core/injector/instance-loader.js:55:9)
      at node_modules/@nestjs/core/injector/instance-loader.js:40:13
          at async Promise.all (index 5)
      at TestingInstanceLoader.createInstances (node_modules/@nestjs/core/injector/instance-loader.js:39:9)
      at TestingInstanceLoader.createInstancesOfDependencies (node_modules/@nestjs/core/injector/instance-loader.js:22:13)
      at TestingInstanceLoader.createInstancesOfDependencies (node_modules/@nestjs/testing/testing-instance-loader.js:9:9)
      at TestingModuleBuilder.createInstancesOfDependencies (node_modules/@nestjs/testing/testing-module.builder.js:118:9)
      at TestingModuleBuilder.compile (node_modules/@nestjs/testing/testing-module.builder.js:74:9)
      at Object.<anonymous> (src/modules/approval/approval.integration.spec.ts:35:38)

  ● Approval Integration Tests › 统一审批接口 › 应该通过统一接口处理一级审批通过

    Nest can't resolve dependencies of the StatisticsService (PrismaService, ?). Please make sure that the argument RedisService at index [1] is available in the StatisticsModule context.

    Potential solutions:
    - Is StatisticsModule a valid NestJS module?
    - If RedisService is a provider, is it part of the current StatisticsModule?
    - If RedisService is exported from a separate @Module, is that module imported within StatisticsModule?
      @Module({
        imports: [ /* the Module containing RedisService */ ]
      })

      33 |
      34 |   beforeAll(async () => {
    > 35 |     const moduleRef: TestingModule = await Test.createTestingModule({
         |                                      ^
      36 |       imports: [ApprovalModule],
      37 |     })
      38 |       .overrideProvider(PrismaService)

      at TestingInjector.lookupComponentInParentModules (node_modules/@nestjs/core/injector/injector.js:262:19)
      at TestingInjector.resolveComponentInstance (node_modules/@nestjs/core/injector/injector.js:215:33)
      at TestingInjector.resolveComponentInstance (node_modules/@nestjs/testing/testing-injector.js:19:45)
      at resolveParam (node_modules/@nestjs/core/injector/injector.js:129:38)
          at async Promise.all (index 1)
      at TestingInjector.resolveConstructorParams (node_modules/@nestjs/core/injector/injector.js:144:27)
      at TestingInjector.loadInstance (node_modules/@nestjs/core/injector/injector.js:70:13)
      at TestingInjector.loadProvider (node_modules/@nestjs/core/injector/injector.js:98:9)
      at node_modules/@nestjs/core/injector/instance-loader.js:56:13
          at async Promise.all (index 3)
      at TestingInstanceLoader.createInstancesOfProviders (node_modules/@nestjs/core/injector/instance-loader.js:55:9)
      at node_modules/@nestjs/core/injector/instance-loader.js:40:13
          at async Promise.all (index 5)
      at TestingInstanceLoader.createInstances (node_modules/@nestjs/core/injector/instance-loader.js:39:9)
      at TestingInstanceLoader.createInstancesOfDependencies (node_modules/@nestjs/core/injector/instance-loader.js:22:13)
      at TestingInstanceLoader.createInstancesOfDependencies (node_modules/@nestjs/testing/testing-instance-loader.js:9:9)
      at TestingModuleBuilder.createInstancesOfDependencies (node_modules/@nestjs/testing/testing-module.builder.js:118:9)
      at TestingModuleBuilder.compile (node_modules/@nestjs/testing/testing-module.builder.js:74:9)
      at Object.<anonymous> (src/modules/approval/approval.integration.spec.ts:35:38)

  ● Approval Integration Tests › 会签集成流程 › 应该创建会签审批并处理审批

    Nest can't resolve dependencies of the StatisticsService (PrismaService, ?). Please make sure that the argument RedisService at index [1] is available in the StatisticsModule context.

    Potential solutions:
    - Is StatisticsModule a valid NestJS module?
    - If RedisService is a provider, is it part of the current StatisticsModule?
    - If RedisService is exported from a separate @Module, is that module imported within StatisticsModule?
      @Module({
        imports: [ /* the Module containing RedisService */ ]
      })

      33 |
      34 |   beforeAll(async () => {
    > 35 |     const moduleRef: TestingModule = await Test.createTestingModule({
         |                                      ^
      36 |       imports: [ApprovalModule],
      37 |     })
      38 |       .overrideProvider(PrismaService)

      at TestingInjector.lookupComponentInParentModules (node_modules/@nestjs/core/injector/injector.js:262:19)
      at TestingInjector.resolveComponentInstance (node_modules/@nestjs/core/injector/injector.js:215:33)
      at TestingInjector.resolveComponentInstance (node_modules/@nestjs/testing/testing-injector.js:19:45)
      at resolveParam (node_modules/@nestjs/core/injector/injector.js:129:38)
          at async Promise.all (index 1)
      at TestingInjector.resolveConstructorParams (node_modules/@nestjs/core/injector/injector.js:144:27)
      at TestingInjector.loadInstance (node_modules/@nestjs/core/injector/injector.js:70:13)
      at TestingInjector.loadProvider (node_modules/@nestjs/core/injector/injector.js:98:9)
      at node_modules/@nestjs/core/injector/instance-loader.js:56:13
          at async Promise.all (index 3)
      at TestingInstanceLoader.createInstancesOfProviders (node_modules/@nestjs/core/injector/instance-loader.js:55:9)
      at node_modules/@nestjs/core/injector/instance-loader.js:40:13
          at async Promise.all (index 5)
      at TestingInstanceLoader.createInstances (node_modules/@nestjs/core/injector/instance-loader.js:39:9)
      at TestingInstanceLoader.createInstancesOfDependencies (node_modules/@nestjs/core/injector/instance-loader.js:22:13)
      at TestingInstanceLoader.createInstancesOfDependencies (node_modules/@nestjs/testing/testing-instance-loader.js:9:9)
      at TestingModuleBuilder.createInstancesOfDependencies (node_modules/@nestjs/testing/testing-module.builder.js:118:9)
      at TestingModuleBuilder.compile (node_modules/@nestjs/testing/testing-module.builder.js:74:9)
      at Object.<anonymous> (src/modules/approval/approval.integration.spec.ts:35:38)

  ● Approval Integration Tests › 顺签集成流程 › 应该创建顺签审批并按顺序处理

    Nest can't resolve dependencies of the StatisticsService (PrismaService, ?). Please make sure that the argument RedisService at index [1] is available in the StatisticsModule context.

    Potential solutions:
    - Is StatisticsModule a valid NestJS module?
    - If RedisService is a provider, is it part of the current StatisticsModule?
    - If RedisService is exported from a separate @Module, is that module imported within StatisticsModule?
      @Module({
        imports: [ /* the Module containing RedisService */ ]
      })

      33 |
      34 |   beforeAll(async () => {
    > 35 |     const moduleRef: TestingModule = await Test.createTestingModule({
         |                                      ^
      36 |       imports: [ApprovalModule],
      37 |     })
      38 |       .overrideProvider(PrismaService)

      at TestingInjector.lookupComponentInParentModules (node_modules/@nestjs/core/injector/injector.js:262:19)
      at TestingInjector.resolveComponentInstance (node_modules/@nestjs/core/injector/injector.js:215:33)
      at TestingInjector.resolveComponentInstance (node_modules/@nestjs/testing/testing-injector.js:19:45)
      at resolveParam (node_modules/@nestjs/core/injector/injector.js:129:38)
          at async Promise.all (index 1)
      at TestingInjector.resolveConstructorParams (node_modules/@nestjs/core/injector/injector.js:144:27)
      at TestingInjector.loadInstance (node_modules/@nestjs/core/injector/injector.js:70:13)
      at TestingInjector.loadProvider (node_modules/@nestjs/core/injector/injector.js:98:9)
      at node_modules/@nestjs/core/injector/instance-loader.js:56:13
          at async Promise.all (index 3)
      at TestingInstanceLoader.createInstancesOfProviders (node_modules/@nestjs/core/injector/instance-loader.js:55:9)
      at node_modules/@nestjs/core/injector/instance-loader.js:40:13
          at async Promise.all (index 5)
      at TestingInstanceLoader.createInstances (node_modules/@nestjs/core/injector/instance-loader.js:39:9)
      at TestingInstanceLoader.createInstancesOfDependencies (node_modules/@nestjs/core/injector/instance-loader.js:22:13)
      at TestingInstanceLoader.createInstancesOfDependencies (node_modules/@nestjs/testing/testing-instance-loader.js:9:9)
      at TestingModuleBuilder.createInstancesOfDependencies (node_modules/@nestjs/testing/testing-module.builder.js:118:9)
      at TestingModuleBuilder.compile (node_modules/@nestjs/testing/testing-module.builder.js:74:9)
      at Object.<anonymous> (src/modules/approval/approval.integration.spec.ts:35:38)


  ● Test suite failed to run

    TypeError: Cannot read properties of undefined (reading 'close')

      51 |
      52 |   afterAll(async () => {
    > 53 |     await app.close();
         |               ^
      54 |   });
      55 |
      56 |   beforeEach(() => {

      at Object.<anonymous> (src/modules/approval/approval.integration.spec.ts:53:15)

FAIL test/monitoring.e2e-spec.ts
  ● Monitoring API (e2e) › GET /api/v1/monitoring/metrics › should get Prometheus format metrics

    TypeError: Cannot read properties of undefined (reading 'token')

      29 |       });
      30 |
    > 31 |     authToken = loginResponse.body.data.token;
         |                                         ^
      32 |   });
      33 |
      34 |   afterAll(async () => {

      at Object.<anonymous> (test/monitoring.e2e-spec.ts:31:41)

  ● Monitoring API (e2e) › POST /api/v1/monitoring/metrics › should record a metric successfully

    TypeError: Cannot read properties of undefined (reading 'token')

      29 |       });
      30 |
    > 31 |     authToken = loginResponse.body.data.token;
         |                                         ^
      32 |   });
      33 |
      34 |   afterAll(async () => {

      at Object.<anonymous> (test/monitoring.e2e-spec.ts:31:41)

  ● Monitoring API (e2e) › POST /api/v1/monitoring/metrics › should fail without authentication

    TypeError: Cannot read properties of undefined (reading 'token')

      29 |       });
      30 |
    > 31 |     authToken = loginResponse.body.data.token;
         |                                         ^
      32 |   });
      33 |
      34 |   afterAll(async () => {

      at Object.<anonymous> (test/monitoring.e2e-spec.ts:31:41)

  ● Monitoring API (e2e) › POST /api/v1/monitoring/metrics › should fail with invalid metric type

    TypeError: Cannot read properties of undefined (reading 'token')

      29 |       });
      30 |
    > 31 |     authToken = loginResponse.body.data.token;
         |                                         ^
      32 |   });
      33 |
      34 |   afterAll(async () => {

      at Object.<anonymous> (test/monitoring.e2e-spec.ts:31:41)

  ● Monitoring API (e2e) › POST /api/v1/monitoring/metrics › should fail without required fields

    TypeError: Cannot read properties of undefined (reading 'token')

      29 |       });
      30 |
    > 31 |     authToken = loginResponse.body.data.token;
         |                                         ^
      32 |   });
      33 |
      34 |   afterAll(async () => {

      at Object.<anonymous> (test/monitoring.e2e-spec.ts:31:41)

  ● Monitoring API (e2e) › POST /api/v1/monitoring/metrics/query › should query metrics with pagination

    TypeError: Cannot read properties of undefined (reading 'token')

      29 |       });
      30 |
    > 31 |     authToken = loginResponse.body.data.token;
         |                                         ^
      32 |   });
      33 |
      34 |   afterAll(async () => {

      at Object.<anonymous> (test/monitoring.e2e-spec.ts:31:41)

  ● Monitoring API (e2e) › POST /api/v1/monitoring/metrics/query › should filter metrics by metricName

    TypeError: Cannot read properties of undefined (reading 'token')

      29 |       });
      30 |
    > 31 |     authToken = loginResponse.body.data.token;
         |                                         ^
      32 |   });
      33 |
      34 |   afterAll(async () => {

      at Object.<anonymous> (test/monitoring.e2e-spec.ts:31:41)

  ● Monitoring API (e2e) › POST /api/v1/monitoring/metrics/query › should filter metrics by metricType

    TypeError: Cannot read properties of undefined (reading 'token')

      29 |       });
      30 |
    > 31 |     authToken = loginResponse.body.data.token;
         |                                         ^
      32 |   });
      33 |
      34 |   afterAll(async () => {

      at Object.<anonymous> (test/monitoring.e2e-spec.ts:31:41)

  ● Monitoring API (e2e) › POST /api/v1/monitoring/metrics/query › should filter metrics by date range

    TypeError: Cannot read properties of undefined (reading 'token')

      29 |       });
      30 |
    > 31 |     authToken = loginResponse.body.data.token;
         |                                         ^
      32 |   });
      33 |
      34 |   afterAll(async () => {

      at Object.<anonymous> (test/monitoring.e2e-spec.ts:31:41)

  ● Monitoring API (e2e) › GET /api/v1/monitoring/metrics/stats › should get metric statistics

    TypeError: Cannot read properties of undefined (reading 'token')

      29 |       });
      30 |
    > 31 |     authToken = loginResponse.body.data.token;
         |                                         ^
      32 |   });
      33 |
      34 |   afterAll(async () => {

      at Object.<anonymous> (test/monitoring.e2e-spec.ts:31:41)

  ● Monitoring API (e2e) › POST /api/v1/monitoring/metrics/cleanup › should cleanup old metrics

    TypeError: Cannot read properties of undefined (reading 'token')

      29 |       });
      30 |
    > 31 |     authToken = loginResponse.body.data.token;
         |                                         ^
      32 |   });
      33 |
      34 |   afterAll(async () => {

      at Object.<anonymous> (test/monitoring.e2e-spec.ts:31:41)

FAIL test/training-plan.e2e-spec.ts
  ● Training Plan API (e2e) › TASK-304: 培训计划 CRUD API › POST /api/v1/training/plans - 创建培训计划 › BR-091: 应该成功创建培训计划

    TypeError: Cannot read properties of undefined (reading 'id')

      33 |
      34 |     authToken = loginRes.body.token;
    > 35 |     userId = loginRes.body.user.id;
         |                                 ^
      36 |   });
      37 |
      38 |   afterAll(async () => {

      at Object.<anonymous> (test/training-plan.e2e-spec.ts:35:33)

  ● Training Plan API (e2e) › TASK-304: 培训计划 CRUD API › POST /api/v1/training/plans - 创建培训计划 › BR-091: 年度唯一性 - 重复年度应该失败

    TypeError: Cannot read properties of undefined (reading 'id')

      33 |
      34 |     authToken = loginRes.body.token;
    > 35 |     userId = loginRes.body.user.id;
         |                                 ^
      36 |   });
      37 |
      38 |   afterAll(async () => {

      at Object.<anonymous> (test/training-plan.e2e-spec.ts:35:33)

  ● Training Plan API (e2e) › TASK-304: 培训计划 CRUD API › POST /api/v1/training/plans - 创建培训计划 › 应该验证必填字段

    TypeError: Cannot read properties of undefined (reading 'id')

      33 |
      34 |     authToken = loginRes.body.token;
    > 35 |     userId = loginRes.body.user.id;
         |                                 ^
      36 |   });
      37 |
      38 |   afterAll(async () => {

      at Object.<anonymous> (test/training-plan.e2e-spec.ts:35:33)

  ● Training Plan API (e2e) › TASK-304: 培训计划 CRUD API › POST /api/v1/training/plans - 创建培训计划 › 应该要求登录

    TypeError: Cannot read properties of undefined (reading 'id')

      33 |
      34 |     authToken = loginRes.body.token;
    > 35 |     userId = loginRes.body.user.id;
         |                                 ^
      36 |   });
      37 |
      38 |   afterAll(async () => {

      at Object.<anonymous> (test/training-plan.e2e-spec.ts:35:33)

  ● Training Plan API (e2e) › TASK-304: 培训计划 CRUD API › GET /api/v1/training/plans - 查询培训计划列表 › 应该返回培训计划列表

    TypeError: Cannot read properties of undefined (reading 'id')

      33 |
      34 |     authToken = loginRes.body.token;
    > 35 |     userId = loginRes.body.user.id;
         |                                 ^
      36 |   });
      37 |
      38 |   afterAll(async () => {

      at Object.<anonymous> (test/training-plan.e2e-spec.ts:35:33)

  ● Training Plan API (e2e) › TASK-304: 培训计划 CRUD API › GET /api/v1/training/plans - 查询培训计划列表 › 应该支持年度筛选

    TypeError: Cannot read properties of undefined (reading 'id')

      33 |
      34 |     authToken = loginRes.body.token;
    > 35 |     userId = loginRes.body.user.id;
         |                                 ^
      36 |   });
      37 |
      38 |   afterAll(async () => {

      at Object.<anonymous> (test/training-plan.e2e-spec.ts:35:33)

  ● Training Plan API (e2e) › TASK-304: 培训计划 CRUD API › GET /api/v1/training/plans - 查询培训计划列表 › 应该支持状态筛选

    TypeError: Cannot read properties of undefined (reading 'id')

      33 |
      34 |     authToken = loginRes.body.token;
    > 35 |     userId = loginRes.body.user.id;
         |                                 ^
      36 |   });
      37 |
      38 |   afterAll(async () => {

      at Object.<anonymous> (test/training-plan.e2e-spec.ts:35:33)

  ● Training Plan API (e2e) › TASK-304: 培训计划 CRUD API › GET /api/v1/training/plans/:id - 查询计划详情 › 应该返回计划详情

    TypeError: Cannot read properties of undefined (reading 'id')

      33 |
      34 |     authToken = loginRes.body.token;
    > 35 |     userId = loginRes.body.user.id;
         |                                 ^
      36 |   });
      37 |
      38 |   afterAll(async () => {

      at Object.<anonymous> (test/training-plan.e2e-spec.ts:35:33)

  ● Training Plan API (e2e) › TASK-304: 培训计划 CRUD API › GET /api/v1/training/plans/:id - 查询计划详情 › 计划不存在应该返回 404

    TypeError: Cannot read properties of undefined (reading 'id')

      33 |
      34 |     authToken = loginRes.body.token;
    > 35 |     userId = loginRes.body.user.id;
         |                                 ^
      36 |   });
      37 |
      38 |   afterAll(async () => {

      at Object.<anonymous> (test/training-plan.e2e-spec.ts:35:33)

  ● Training Plan API (e2e) › TASK-304: 培训计划 CRUD API › PUT /api/v1/training/plans/:id - 更新培训计划 › BR-093: 应该成功更新草稿状态的计划

    TypeError: Cannot read properties of undefined (reading 'id')

      33 |
      34 |     authToken = loginRes.body.token;
    > 35 |     userId = loginRes.body.user.id;
         |                                 ^
      36 |   });
      37 |
      38 |   afterAll(async () => {

      at Object.<anonymous> (test/training-plan.e2e-spec.ts:35:33)

  ● Training Plan API (e2e) › TASK-304: 培训计划 CRUD API › PUT /api/v1/training/plans/:id - 更新培训计划 › BR-093: 非草稿状态不能修改

    TypeError: Cannot read properties of undefined (reading 'id')

      33 |
      34 |     authToken = loginRes.body.token;
    > 35 |     userId = loginRes.body.user.id;
         |                                 ^
      36 |   });
      37 |
      38 |   afterAll(async () => {

      at Object.<anonymous> (test/training-plan.e2e-spec.ts:35:33)

  ● Training Plan API (e2e) › TASK-304: 培训计划 CRUD API › POST /api/v1/training/plans/:id/submit - 提交审批 › BR-092: 应该成功提交审批

    TypeError: Cannot read properties of undefined (reading 'id')

      33 |
      34 |     authToken = loginRes.body.token;
    > 35 |     userId = loginRes.body.user.id;
         |                                 ^
      36 |   });
      37 |
      38 |   afterAll(async () => {

      at Object.<anonymous> (test/training-plan.e2e-spec.ts:35:33)

  ● Training Plan API (e2e) › TASK-304: 培训计划 CRUD API › POST /api/v1/training/plans/:id/submit - 提交审批 › 非草稿状态不能提交审批

    TypeError: Cannot read properties of undefined (reading 'id')

      33 |
      34 |     authToken = loginRes.body.token;
    > 35 |     userId = loginRes.body.user.id;
         |                                 ^
      36 |   });
      37 |
      38 |   afterAll(async () => {

      at Object.<anonymous> (test/training-plan.e2e-spec.ts:35:33)

  ● Training Plan API (e2e) › TASK-304: 培训计划 CRUD API › DELETE /api/v1/training/plans/:id - 删除培训计划 › BR-093: 有项目的计划不能删除

    TypeError: Cannot read properties of undefined (reading 'id')

      33 |
      34 |     authToken = loginRes.body.token;
    > 35 |     userId = loginRes.body.user.id;
         |                                 ^
      36 |   });
      37 |
      38 |   afterAll(async () => {

      at Object.<anonymous> (test/training-plan.e2e-spec.ts:35:33)

  ● Training Plan API (e2e) › TASK-304: 培训计划 CRUD API › DELETE /api/v1/training/plans/:id - 删除培训计划 › BR-093: 应该成功删除草稿状态的空计划

    TypeError: Cannot read properties of undefined (reading 'id')

      33 |
      34 |     authToken = loginRes.body.token;
    > 35 |     userId = loginRes.body.user.id;
         |                                 ^
      36 |   });
      37 |
      38 |   afterAll(async () => {

      at Object.<anonymous> (test/training-plan.e2e-spec.ts:35:33)

  ● Training Plan API (e2e) › TASK-304: 培训计划 CRUD API › DELETE /api/v1/training/plans/:id - 删除培训计划 › BR-093: 非草稿状态不能删除

    TypeError: Cannot read properties of undefined (reading 'id')

      33 |
      34 |     authToken = loginRes.body.token;
    > 35 |     userId = loginRes.body.user.id;
         |                                 ^
      36 |   });
      37 |
      38 |   afterAll(async () => {

      at Object.<anonymous> (test/training-plan.e2e-spec.ts:35:33)

FAIL test/audit.e2e-spec.ts
  ● Audit API (e2e) › POST /api/v1/audit/login-logs › should create a login log

    TypeError: Cannot read properties of undefined (reading 'token')

      29 |       });
      30 |
    > 31 |     authToken = loginResponse.body.data.token;
         |                                         ^
      32 |   });
      33 |
      34 |   afterAll(async () => {

      at Object.<anonymous> (test/audit.e2e-spec.ts:31:41)

  ● Audit API (e2e) › POST /api/v1/audit/login-logs › should create a failed login log

    TypeError: Cannot read properties of undefined (reading 'token')

      29 |       });
      30 |
    > 31 |     authToken = loginResponse.body.data.token;
         |                                         ^
      32 |   });
      33 |
      34 |   afterAll(async () => {

      at Object.<anonymous> (test/audit.e2e-spec.ts:31:41)

  ● Audit API (e2e) › POST /api/v1/audit/login-logs › should create a logout log

    TypeError: Cannot read properties of undefined (reading 'token')

      29 |       });
      30 |
    > 31 |     authToken = loginResponse.body.data.token;
         |                                         ^
      32 |   });
      33 |
      34 |   afterAll(async () => {

      at Object.<anonymous> (test/audit.e2e-spec.ts:31:41)

  ● Audit API (e2e) › POST /api/v1/audit/login-logs › should fail without authentication

    TypeError: Cannot read properties of undefined (reading 'token')

      29 |       });
      30 |
    > 31 |     authToken = loginResponse.body.data.token;
         |                                         ^
      32 |   });
      33 |
      34 |   afterAll(async () => {

      at Object.<anonymous> (test/audit.e2e-spec.ts:31:41)

  ● Audit API (e2e) › POST /api/v1/audit/login-logs › should fail with invalid action

    TypeError: Cannot read properties of undefined (reading 'token')

      29 |       });
      30 |
    > 31 |     authToken = loginResponse.body.data.token;
         |                                         ^
      32 |   });
      33 |
      34 |   afterAll(async () => {

      at Object.<anonymous> (test/audit.e2e-spec.ts:31:41)

  ● Audit API (e2e) › POST /api/v1/audit/login-logs › should fail without required fields

    TypeError: Cannot read properties of undefined (reading 'token')

      29 |       });
      30 |
    > 31 |     authToken = loginResponse.body.data.token;
         |                                         ^
      32 |   });
      33 |
      34 |   afterAll(async () => {

      at Object.<anonymous> (test/audit.e2e-spec.ts:31:41)

  ● Audit API (e2e) › POST /api/v1/audit/permission-logs › should create a permission log

    TypeError: Cannot read properties of undefined (reading 'token')

      29 |       });
      30 |
    > 31 |     authToken = loginResponse.body.data.token;
         |                                         ^
      32 |   });
      33 |
      34 |   afterAll(async () => {

      at Object.<anonymous> (test/audit.e2e-spec.ts:31:41)

  ● Audit API (e2e) › POST /api/v1/audit/permission-logs › should fail without authentication

    TypeError: Cannot read properties of undefined (reading 'token')

      29 |       });
      30 |
    > 31 |     authToken = loginResponse.body.data.token;
         |                                         ^
      32 |   });
      33 |
      34 |   afterAll(async () => {

      at Object.<anonymous> (test/audit.e2e-spec.ts:31:41)

  ● Audit API (e2e) › POST /api/v1/audit/permission-logs › should fail with invalid action

    TypeError: Cannot read properties of undefined (reading 'token')

      29 |       });
      30 |
    > 31 |     authToken = loginResponse.body.data.token;
         |                                         ^
      32 |   });
      33 |
      34 |   afterAll(async () => {

      at Object.<anonymous> (test/audit.e2e-spec.ts:31:41)

  ● Audit API (e2e) › POST /api/v1/audit/sensitive-logs › should create a sensitive log

    TypeError: Cannot read properties of undefined (reading 'token')

      29 |       });
      30 |
    > 31 |     authToken = loginResponse.body.data.token;
         |                                         ^
      32 |   });
      33 |
      34 |   afterAll(async () => {

      at Object.<anonymous> (test/audit.e2e-spec.ts:31:41)

  ● Audit API (e2e) › POST /api/v1/audit/sensitive-logs › should create a sensitive log for export

    TypeError: Cannot read properties of undefined (reading 'token')

      29 |       });
      30 |
    > 31 |     authToken = loginResponse.body.data.token;
         |                                         ^
      32 |   });
      33 |
      34 |   afterAll(async () => {

      at Object.<anonymous> (test/audit.e2e-spec.ts:31:41)

  ● Audit API (e2e) › POST /api/v1/audit/sensitive-logs › should fail without authentication

    TypeError: Cannot read properties of undefined (reading 'token')

      29 |       });
      30 |
    > 31 |     authToken = loginResponse.body.data.token;
         |                                         ^
      32 |   });
      33 |
      34 |   afterAll(async () => {

      at Object.<anonymous> (test/audit.e2e-spec.ts:31:41)

  ● Audit API (e2e) › POST /api/v1/audit/sensitive-logs › should fail with invalid action

    TypeError: Cannot read properties of undefined (reading 'token')

      29 |       });
      30 |
    > 31 |     authToken = loginResponse.body.data.token;
         |                                         ^
      32 |   });
      33 |
      34 |   afterAll(async () => {

      at Object.<anonymous> (test/audit.e2e-spec.ts:31:41)

  ● Audit API (e2e) › POST /api/v1/audit/login-logs/query › should query login logs with pagination

    TypeError: Cannot read properties of undefined (reading 'token')

      29 |       });
      30 |
    > 31 |     authToken = loginResponse.body.data.token;
         |                                         ^
      32 |   });
      33 |
      34 |   afterAll(async () => {

      at Object.<anonymous> (test/audit.e2e-spec.ts:31:41)

  ● Audit API (e2e) › POST /api/v1/audit/login-logs/query › should filter login logs by userId

    TypeError: Cannot read properties of undefined (reading 'token')

      29 |       });
      30 |
    > 31 |     authToken = loginResponse.body.data.token;
         |                                         ^
      32 |   });
      33 |
      34 |   afterAll(async () => {

      at Object.<anonymous> (test/audit.e2e-spec.ts:31:41)

  ● Audit API (e2e) › POST /api/v1/audit/login-logs/query › should filter login logs by action

    TypeError: Cannot read properties of undefined (reading 'token')

      29 |       });
      30 |
    > 31 |     authToken = loginResponse.body.data.token;
         |                                         ^
      32 |   });
      33 |
      34 |   afterAll(async () => {

      at Object.<anonymous> (test/audit.e2e-spec.ts:31:41)

  ● Audit API (e2e) › POST /api/v1/audit/permission-logs/query › should query permission logs with pagination

    TypeError: Cannot read properties of undefined (reading 'token')

      29 |       });
      30 |
    > 31 |     authToken = loginResponse.body.data.token;
         |                                         ^
      32 |   });
      33 |
      34 |   afterAll(async () => {

      at Object.<anonymous> (test/audit.e2e-spec.ts:31:41)

  ● Audit API (e2e) › POST /api/v1/audit/sensitive-logs/query › should query sensitive logs with pagination

    TypeError: Cannot read properties of undefined (reading 'token')

      29 |       });
      30 |
    > 31 |     authToken = loginResponse.body.data.token;
         |                                         ^
      32 |   });
      33 |
      34 |   afterAll(async () => {

      at Object.<anonymous> (test/audit.e2e-spec.ts:31:41)

  ● Audit API (e2e) › POST /api/v1/audit/sensitive-logs/query › should filter sensitive logs by resourceType

    TypeError: Cannot read properties of undefined (reading 'token')

      29 |       });
      30 |
    > 31 |     authToken = loginResponse.body.data.token;
         |                                         ^
      32 |   });
      33 |
      34 |   afterAll(async () => {

      at Object.<anonymous> (test/audit.e2e-spec.ts:31:41)

  ● Audit API (e2e) › GET /api/v1/audit/login-logs/export › should export login logs to Excel

    TypeError: Cannot read properties of undefined (reading 'token')

      29 |       });
      30 |
    > 31 |     authToken = loginResponse.body.data.token;
         |                                         ^
      32 |   });
      33 |
      34 |   afterAll(async () => {

      at Object.<anonymous> (test/audit.e2e-spec.ts:31:41)

  ● Audit API (e2e) › GET /api/v1/audit/dashboard › should get audit dashboard data

    TypeError: Cannot read properties of undefined (reading 'token')

      29 |       });
      30 |
    > 31 |     authToken = loginResponse.body.data.token;
         |                                         ^
      32 |   });
      33 |
      34 |   afterAll(async () => {

      at Object.<anonymous> (test/audit.e2e-spec.ts:31:41)

  ● Audit API (e2e) › GET /api/v1/audit/brcgs-report › should generate BRCGS compliance report

    TypeError: Cannot read properties of undefined (reading 'token')

      29 |       });
      30 |
    > 31 |     authToken = loginResponse.body.data.token;
         |                                         ^
      32 |   });
      33 |
      34 |   afterAll(async () => {

      at Object.<anonymous> (test/audit.e2e-spec.ts:31:41)

FAIL test/deviation.e2e-spec.ts (7.974 s)
  ● DeviationController (e2e) › GET /api/v1/deviation-reports › should return deviation reports list

    expected 200 "OK", got 401 "Unauthorized"

       99 |         .set('Authorization', `Bearer ${adminToken}`)
      100 |         .query({ page: 1, limit: 10 })
    > 101 |         .expect(200);
          |          ^
      102 |
      103 |       expect(response.body.success).toBe(true);
      104 |       expect(response.body.data).toBeDefined();

      at Object.<anonymous> (test/deviation.e2e-spec.ts:101:10)
      ----
      at Test._assertStatus (node_modules/supertest/lib/test.js:309:14)
      at node_modules/supertest/lib/test.js:365:13
      at Test._assertFunction (node_modules/supertest/lib/test.js:342:13)
      at Test.assert (node_modules/supertest/lib/test.js:195:23)
      at localAssert (node_modules/supertest/lib/test.js:138:14)
      at Server.<anonymous> (node_modules/supertest/lib/test.js:152:11)

  ● DeviationController (e2e) › GET /api/v1/deviation-reports › should filter by taskId

    expected 200 "OK", got 401 "Unauthorized"

      113 |         .set('Authorization', `Bearer ${adminToken}`)
      114 |         .query({ taskId: ids.task })
    > 115 |         .expect(200);
          |          ^
      116 |
      117 |       expect(response.body.success).toBe(true);
      118 |     });

      at Object.<anonymous> (test/deviation.e2e-spec.ts:115:10)
      ----
      at Test._assertStatus (node_modules/supertest/lib/test.js:309:14)
      at node_modules/supertest/lib/test.js:365:13
      at Test._assertFunction (node_modules/supertest/lib/test.js:342:13)
      at Test.assert (node_modules/supertest/lib/test.js:195:23)
      at localAssert (node_modules/supertest/lib/test.js:138:14)
      at Server.<anonymous> (node_modules/supertest/lib/test.js:152:11)

  ● DeviationController (e2e) › GET /api/v1/deviation-reports › should filter by status

    expected 200 "OK", got 401 "Unauthorized"

      123 |         .set('Authorization', `Bearer ${adminToken}`)
      124 |         .query({ status: 'pending' })
    > 125 |         .expect(200);
          |          ^
      126 |
      127 |       expect(response.body.success).toBe(true);
      128 |     });

      at Object.<anonymous> (test/deviation.e2e-spec.ts:125:10)
      ----
      at Test._assertStatus (node_modules/supertest/lib/test.js:309:14)
      at node_modules/supertest/lib/test.js:365:13
      at Test._assertFunction (node_modules/supertest/lib/test.js:342:13)
      at Test.assert (node_modules/supertest/lib/test.js:195:23)
      at localAssert (node_modules/supertest/lib/test.js:138:14)
      at Server.<anonymous> (node_modules/supertest/lib/test.js:152:11)

  ● DeviationController (e2e) › POST /api/v1/deviation-reports/:id/approve › should approve deviation report

    expected 201 "Created", got 401 "Unauthorized"

      168 |         .set('Authorization', `Bearer ${adminToken}`)
      169 |         .send({ status: 'approved', comment: '审批通过' })
    > 170 |         .expect(201);
          |          ^
      171 |
      172 |       expect(response.body.success).toBe(true);
      173 |

      at Object.<anonymous> (test/deviation.e2e-spec.ts:170:10)
      ----
      at Test._assertStatus (node_modules/supertest/lib/test.js:309:14)
      at node_modules/supertest/lib/test.js:365:13
      at Test._assertFunction (node_modules/supertest/lib/test.js:342:13)
      at Test.assert (node_modules/supertest/lib/test.js:195:23)
      at localAssert (node_modules/supertest/lib/test.js:138:14)
      at Server.<anonymous> (node_modules/supertest/lib/test.js:152:11)

  ● DeviationController (e2e) › POST /api/v1/deviation-reports/:id/approve › should reject deviation report with reason

    expected 201 "Created", got 401 "Unauthorized"

      184 |         .set('Authorization', `Bearer ${adminToken}`)
      185 |         .send({ status: 'rejected', comment: '数据不准确，需重新提交' })
    > 186 |         .expect(201);
          |          ^
      187 |
      188 |       expect(response.body.success).toBe(true);
      189 |

      at Object.<anonymous> (test/deviation.e2e-spec.ts:186:10)
      ----
      at Test._assertStatus (node_modules/supertest/lib/test.js:309:14)
      at node_modules/supertest/lib/test.js:365:13
      at Test._assertFunction (node_modules/supertest/lib/test.js:342:13)
      at Test.assert (node_modules/supertest/lib/test.js:195:23)
      at localAssert (node_modules/supertest/lib/test.js:138:14)
      at Server.<anonymous> (node_modules/supertest/lib/test.js:152:11)

  ● DeviationController (e2e) › POST /api/v1/deviation-reports/:id/approve › should return 404 for non-existent report

    expected 404 "Not Found", got 401 "Unauthorized"

      200 |         .set('Authorization', `Bearer ${adminToken}`)
      201 |         .send({ status: 'approved' })
    > 202 |         .expect(404);
          |          ^
      203 |     });
      204 |
      205 |     it('should require authentication', async () => {

      at Object.<anonymous> (test/deviation.e2e-spec.ts:202:10)
      ----
      at Test._assertStatus (node_modules/supertest/lib/test.js:309:14)
      at node_modules/supertest/lib/test.js:365:13
      at Test._assertFunction (node_modules/supertest/lib/test.js:342:13)
      at Test.assert (node_modules/supertest/lib/test.js:195:23)
      at localAssert (node_modules/supertest/lib/test.js:138:14)
      at Server.<anonymous> (node_modules/supertest/lib/test.js:152:11)

  ● DeviationController (e2e) › GET /api/v1/deviation-reports/export › should export deviation reports as Excel

    expected 200 "OK", got 401 "Unauthorized"

      218 |         .get('/api/v1/deviation-reports/export')
      219 |         .set('Authorization', `Bearer ${adminToken}`)
    > 220 |         .expect(200);
          |          ^
      221 |
      222 |       expect(response.headers['content-type']).toContain(
      223 |         'application/vnd.openxmlformats-officedocument.spreadsheetml.sheet',

      at Object.<anonymous> (test/deviation.e2e-spec.ts:220:10)
      ----
      at Test._assertStatus (node_modules/supertest/lib/test.js:309:14)
      at node_modules/supertest/lib/test.js:365:13
      at Test._assertFunction (node_modules/supertest/lib/test.js:342:13)
      at Test.assert (node_modules/supertest/lib/test.js:195:23)
      at localAssert (node_modules/supertest/lib/test.js:138:14)
      at Server.<anonymous> (node_modules/supertest/lib/test.js:152:11)

FAIL test/training.e2e-spec.ts (8.193 s)
  ● Training System (e2e) › Training Plan API › BR-091: should create plan with unique year

    expect(received).toBe(expected) // Object.is equality

    Expected: 201
    Received: 404

      80 |     it('BR-091: should create plan with unique year', async () => {
      81 |       const { response, data } = await apiCreatePlan(app, adminToken, 2025, '2025计划');
    > 82 |       expect(response.status).toBe(201);
         |                               ^
      83 |       expect(data.year).toBe(2025);
      84 |       expect(data.status).toBe('draft');
      85 |     });

      at Object.<anonymous> (test/training.e2e-spec.ts:82:31)

  ● Training System (e2e) › Training Plan API › BR-091: should reject duplicate year

    expect(received).toBe(expected) // Object.is equality

    Expected: 409
    Received: 404

      87 |     it('BR-091: should reject duplicate year', async () => {
      88 |       const { response } = await apiCreatePlan(app, adminToken, 2025, '重复');
    > 89 |       expect(response.status).toBe(409);
         |                               ^
      90 |     });
      91 |
      92 |     it('should list plans with pagination', async () => {

      at Object.<anonymous> (test/training.e2e-spec.ts:89:31)

  ● Training System (e2e) › Training Plan API › should list plans with pagination

    expected 200 "OK", got 404 "Not Found"

       95 |         .set('Authorization', `Bearer ${adminToken}`)
       96 |         .query({ page: 1, limit: 10 })
    >  97 |         .expect(200);
          |          ^
       98 |       expect(getData(res.body).items).toBeDefined();
       99 |     });
      100 |   });

      at Object.<anonymous> (test/training.e2e-spec.ts:97:10)
      ----
      at Test._assertStatus (node_modules/supertest/lib/test.js:309:14)
      at node_modules/supertest/lib/test.js:365:13
      at Test._assertFunction (node_modules/supertest/lib/test.js:342:13)
      at Test.assert (node_modules/supertest/lib/test.js:195:23)
      at localAssert (node_modules/supertest/lib/test.js:138:14)
      at Server.<anonymous> (node_modules/supertest/lib/test.js:152:11)

  ● Training System (e2e) › Training Project API › should create project

    expect(received).toBe(expected) // Object.is equality

    Expected: 201
    Received: 404

      110 |     it('should create project', async () => {
      111 |       const { response, data } = await apiCreateProject(app, adminToken, planId);
    > 112 |       expect(response.status).toBe(201);
          |                               ^
      113 |       expect(data.planId).toBe(planId);
      114 |       expect(data.status).toBe('planned');
      115 |     });

      at Object.<anonymous> (test/training.e2e-spec.ts:112:31)

  ● Training System (e2e) › Training Project API › BR-108: should auto-create todo tasks

    expect(received).toBeGreaterThan(expected)

    Expected: > 0
    Received:   0

      120 |         where: { relatedId: project.id },
      121 |       });
    > 122 |       expect(todos.length).toBeGreaterThan(0);
          |                            ^
      123 |       expect(todos.some(t => t.type === 'training_attend')).toBe(true);
      124 |     });
      125 |

      at Object.<anonymous> (test/training.e2e-spec.ts:122:28)

  ● Training System (e2e) › Training Project API › BR-108: should auto-create learning records

    expect(received).toBe(expected) // Object.is equality

    Expected: 2
    Received: 0

      129 |         where: { projectId: project.id },
      130 |       });
    > 131 |       expect(records.length).toBe(2);
          |                              ^
      132 |     });
      133 |   });
      134 |

      at Object.<anonymous> (test/training.e2e-spec.ts:131:30)

  ● Training System (e2e) › Exam Workflow › should start exam

    expected 200 "OK", got 404 "Not Found"

      163 |         .set('Authorization', `Bearer ${trainee1Token}`)
      164 |         .send({ projectId })
    > 165 |         .expect(200);
          |          ^
      166 |       expect(res.body.questions).toHaveLength(2);
      167 |       expect(res.body.questions[0].correctAnswer).toBeUndefined();
      168 |     });

      at Object.<anonymous> (test/training.e2e-spec.ts:165:10)
      ----
      at Test._assertStatus (node_modules/supertest/lib/test.js:309:14)
      at node_modules/supertest/lib/test.js:365:13
      at Test._assertFunction (node_modules/supertest/lib/test.js:342:13)
      at Test.assert (node_modules/supertest/lib/test.js:195:23)
      at localAssert (node_modules/supertest/lib/test.js:138:14)
      at Server.<anonymous> (node_modules/supertest/lib/test.js:152:11)

  ● Training System (e2e) › Exam Workflow › BR-106: should auto-grade exam

    expected 200 "OK", got 404 "Not Found"

      179 |           },
      180 |         })
    > 181 |         .expect(200);
          |          ^
      182 |       expect(res.body.score).toBe(100);
      183 |       expect(res.body.passed).toBe(true);
      184 |     });

      at Object.<anonymous> (test/training.e2e-spec.ts:181:10)
      ----
      at Test._assertStatus (node_modules/supertest/lib/test.js:309:14)
      at node_modules/supertest/lib/test.js:365:13
      at Test._assertFunction (node_modules/supertest/lib/test.js:342:13)
      at Test.assert (node_modules/supertest/lib/test.js:195:23)
      at localAssert (node_modules/supertest/lib/test.js:138:14)
      at Server.<anonymous> (node_modules/supertest/lib/test.js:152:11)

  ● Training System (e2e) › Exam Workflow › BR-106: should auto-complete todo

    TypeError: Cannot read properties of undefined (reading 'status')

      192 |         },
      193 |       });
    > 194 |       expect(todos[0].status).toBe('completed');
          |                       ^
      195 |     });
      196 |
      197 |     it('BR-105: should enforce max attempts', async () => {

      at Object.<anonymous> (test/training.e2e-spec.ts:194:23)

  ● Training System (e2e) › Exam Workflow › BR-105: should enforce max attempts

    expected 400 "Bad Request", got 404 "Not Found"

      200 |         .set('Authorization', `Bearer ${trainee1Token}`)
      201 |         .send({ projectId })
    > 202 |         .expect(400);
          |          ^
      203 |     });
      204 |   });
      205 |

      at Object.<anonymous> (test/training.e2e-spec.ts:202:10)
      ----
      at Test._assertStatus (node_modules/supertest/lib/test.js:309:14)
      at node_modules/supertest/lib/test.js:365:13
      at Test._assertFunction (node_modules/supertest/lib/test.js:342:13)
      at Test.assert (node_modules/supertest/lib/test.js:195:23)
      at localAssert (node_modules/supertest/lib/test.js:138:14)
      at Server.<anonymous> (node_modules/supertest/lib/test.js:152:11)

  ● Training System (e2e) › Question Management API › should create question

    expect(received).toBe(expected) // Object.is equality

    Expected: "考试题目1"
    Received: undefined

      222 |       });
      223 |       questionId = data.id;
    > 224 |       expect(data.content).toBe('考试题目1');
          |                            ^
      225 |       expect(data.points).toBe(50);
      226 |     });
      227 |

      at Object.<anonymous> (test/training.e2e-spec.ts:224:28)

  ● Training System (e2e) › Question Management API › should list questions

    expected 200 "OK", got 404 "Not Found"

      231 |         .query({ projectId })
      232 |         .set('Authorization', `Bearer ${adminToken}`)
    > 233 |         .expect(200);
          |          ^
      234 |       expect(Array.isArray(res.body)).toBe(true);
      235 |       expect(res.body.length).toBeGreaterThan(0);
      236 |     });

      at Object.<anonymous> (test/training.e2e-spec.ts:233:10)
      ----
      at Test._assertStatus (node_modules/supertest/lib/test.js:309:14)
      at node_modules/supertest/lib/test.js:365:13
      at Test._assertFunction (node_modules/supertest/lib/test.js:342:13)
      at Test.assert (node_modules/supertest/lib/test.js:195:23)
      at localAssert (node_modules/supertest/lib/test.js:138:14)
      at Server.<anonymous> (node_modules/supertest/lib/test.js:152:11)

  ● Training System (e2e) › Question Management API › should update question order

    expected 200 "OK", got 404 "Not Found"

      244 |           questionOrders: [{ id: questionId, order: 2 }],
      245 |         })
    > 246 |         .expect(200);
          |          ^
      247 |     });
      248 |
      249 |     it('should batch import questions', async () => {

      at Object.<anonymous> (test/training.e2e-spec.ts:246:10)
      ----
      at Test._assertStatus (node_modules/supertest/lib/test.js:309:14)
      at node_modules/supertest/lib/test.js:365:13
      at Test._assertFunction (node_modules/supertest/lib/test.js:342:13)
      at Test.assert (node_modules/supertest/lib/test.js:195:23)
      at localAssert (node_modules/supertest/lib/test.js:138:14)
      at Server.<anonymous> (node_modules/supertest/lib/test.js:152:11)

  ● Training System (e2e) › Question Management API › should batch import questions

    expected 201 "Created", got 404 "Not Found"

      272 |           ],
      273 |         })
    > 274 |         .expect(201);
          |          ^
      275 |       expect(res.body.count).toBe(2);
      276 |     });
      277 |   });

      at Object.<anonymous> (test/training.e2e-spec.ts:274:10)
      ----
      at Test._assertStatus (node_modules/supertest/lib/test.js:309:14)
      at node_modules/supertest/lib/test.js:365:13
      at Test._assertFunction (node_modules/supertest/lib/test.js:342:13)
      at Test.assert (node_modules/supertest/lib/test.js:195:23)
      at localAssert (node_modules/supertest/lib/test.js:138:14)
      at Server.<anonymous> (node_modules/supertest/lib/test.js:152:11)

  ● Training System (e2e) › Archive Generation API › BR-112: should generate archive after project completed

    expected 200 "OK", got 404 "Not Found"

      302 |         .set('Authorization', `Bearer ${adminToken}`)
      303 |         .send({ status: 'ongoing' })
    > 304 |         .expect(200);
          |          ^
      305 |
      306 |       await request(app.getHttpServer())
      307 |         .put(`/api/v1/training/projects/${projectId}/status`)

      at Object.<anonymous> (test/training.e2e-spec.ts:304:10)
      ----
      at Test._assertStatus (node_modules/supertest/lib/test.js:309:14)
      at node_modules/supertest/lib/test.js:365:13
      at Test._assertFunction (node_modules/supertest/lib/test.js:342:13)
      at Test.assert (node_modules/supertest/lib/test.js:195:23)
      at localAssert (node_modules/supertest/lib/test.js:138:14)
      at Server.<anonymous> (node_modules/supertest/lib/test.js:152:11)

  ● Training System (e2e) › Archive Generation API › BR-114: should reject duplicate archive

    expected 409 "Conflict", got 404 "Not Found"

      323 |         .post(`/api/v1/training/archive/${projectId}`)
      324 |         .set('Authorization', `Bearer ${adminToken}`)
    > 325 |         .expect(409);
          |          ^
      326 |     });
      327 |
      328 |     it('should list archives', async () => {

      at Object.<anonymous> (test/training.e2e-spec.ts:325:10)
      ----
      at Test._assertStatus (node_modules/supertest/lib/test.js:309:14)
      at node_modules/supertest/lib/test.js:365:13
      at Test._assertFunction (node_modules/supertest/lib/test.js:342:13)
      at Test.assert (node_modules/supertest/lib/test.js:195:23)
      at localAssert (node_modules/supertest/lib/test.js:138:14)
      at Server.<anonymous> (node_modules/supertest/lib/test.js:152:11)

  ● Training System (e2e) › Archive Generation API › should list archives

    expected 200 "OK", got 404 "Not Found"

      330 |         .get('/api/v1/training/archive')
      331 |         .set('Authorization', `Bearer ${adminToken}`)
    > 332 |         .expect(200);
          |          ^
      333 |       expect(Array.isArray(res.body)).toBe(true);
      334 |     });
      335 |   });

      at Object.<anonymous> (test/training.e2e-spec.ts:332:10)
      ----
      at Test._assertStatus (node_modules/supertest/lib/test.js:309:14)
      at node_modules/supertest/lib/test.js:365:13
      at Test._assertFunction (node_modules/supertest/lib/test.js:342:13)
      at Test.assert (node_modules/supertest/lib/test.js:195:23)
      at localAssert (node_modules/supertest/lib/test.js:138:14)
      at Server.<anonymous> (node_modules/supertest/lib/test.js:152:11)

  ● Training System (e2e) › Todo Task API › should list user todos

    expected 200 "OK", got 404 "Not Found"

      340 |         .get('/api/v1/todos')
      341 |         .set('Authorization', `Bearer ${trainee1Token}`)
    > 342 |         .expect(200);
          |          ^
      343 |       expect(Array.isArray(res.body)).toBe(true);
      344 |     });
      345 |

      at Object.<anonymous> (test/training.e2e-spec.ts:342:10)
      ----
      at Test._assertStatus (node_modules/supertest/lib/test.js:309:14)
      at node_modules/supertest/lib/test.js:365:13
      at Test._assertFunction (node_modules/supertest/lib/test.js:342:13)
      at Test.assert (node_modules/supertest/lib/test.js:195:23)
      at localAssert (node_modules/supertest/lib/test.js:138:14)
      at Server.<anonymous> (node_modules/supertest/lib/test.js:152:11)

  ● Training System (e2e) › Todo Task API › BR-111: should get todo statistics

    expected 200 "OK", got 404 "Not Found"

      348 |         .get('/api/v1/todos/statistics')
      349 |         .set('Authorization', `Bearer ${trainee1Token}`)
    > 350 |         .expect(200);
          |          ^
      351 |       expect(res.body.total).toBeDefined();
      352 |       expect(res.body.byType).toBeDefined();
      353 |     });

      at Object.<anonymous> (test/training.e2e-spec.ts:350:10)
      ----
      at Test._assertStatus (node_modules/supertest/lib/test.js:309:14)
      at node_modules/supertest/lib/test.js:365:13
      at Test._assertFunction (node_modules/supertest/lib/test.js:342:13)
      at Test.assert (node_modules/supertest/lib/test.js:195:23)
      at localAssert (node_modules/supertest/lib/test.js:138:14)
      at Server.<anonymous> (node_modules/supertest/lib/test.js:152:11)

FAIL src/modules/user-permission/user-permission.service.spec.ts
  ● UserPermissionService › grantPermission › should grant permission to user

    Nest can't resolve dependencies of the UserPermissionService (PrismaService, ?). Please make sure that the argument NotificationService at index [1] is available in the RootTestModule context.

    Potential solutions:
    - Is RootTestModule a valid NestJS module?
    - If NotificationService is a provider, is it part of the current RootTestModule?
    - If NotificationService is exported from a separate @Module, is that module imported within RootTestModule?
      @Module({
        imports: [ /* the Module containing NotificationService */ ]
      })

      30 |
      31 |   beforeEach(async () => {
    > 32 |     const module: TestingModule = await Test.createTestingModule({
         |                                   ^
      33 |       providers: [
      34 |         UserPermissionService,
      35 |         {

      at TestingInjector.lookupComponentInParentModules (node_modules/@nestjs/core/injector/injector.js:262:19)
      at TestingInjector.resolveComponentInstance (node_modules/@nestjs/core/injector/injector.js:215:33)
      at TestingInjector.resolveComponentInstance (node_modules/@nestjs/testing/testing-injector.js:19:45)
      at resolveParam (node_modules/@nestjs/core/injector/injector.js:129:38)
          at async Promise.all (index 1)
      at TestingInjector.resolveConstructorParams (node_modules/@nestjs/core/injector/injector.js:144:27)
      at TestingInjector.loadInstance (node_modules/@nestjs/core/injector/injector.js:70:13)
      at TestingInjector.loadProvider (node_modules/@nestjs/core/injector/injector.js:98:9)
      at node_modules/@nestjs/core/injector/instance-loader.js:56:13
          at async Promise.all (index 3)
      at TestingInstanceLoader.createInstancesOfProviders (node_modules/@nestjs/core/injector/instance-loader.js:55:9)
      at node_modules/@nestjs/core/injector/instance-loader.js:40:13
          at async Promise.all (index 1)
      at TestingInstanceLoader.createInstances (node_modules/@nestjs/core/injector/instance-loader.js:39:9)
      at TestingInstanceLoader.createInstancesOfDependencies (node_modules/@nestjs/core/injector/instance-loader.js:22:13)
      at TestingInstanceLoader.createInstancesOfDependencies (node_modules/@nestjs/testing/testing-instance-loader.js:9:9)
      at TestingModuleBuilder.createInstancesOfDependencies (node_modules/@nestjs/testing/testing-module.builder.js:118:9)
      at TestingModuleBuilder.compile (node_modules/@nestjs/testing/testing-module.builder.js:74:9)
      at Object.<anonymous> (src/modules/user-permission/user-permission.service.spec.ts:32:35)

  ● UserPermissionService › grantPermission › should throw error if user not found

    Nest can't resolve dependencies of the UserPermissionService (PrismaService, ?). Please make sure that the argument NotificationService at index [1] is available in the RootTestModule context.

    Potential solutions:
    - Is RootTestModule a valid NestJS module?
    - If NotificationService is a provider, is it part of the current RootTestModule?
    - If NotificationService is exported from a separate @Module, is that module imported within RootTestModule?
      @Module({
        imports: [ /* the Module containing NotificationService */ ]
      })

      30 |
      31 |   beforeEach(async () => {
    > 32 |     const module: TestingModule = await Test.createTestingModule({
         |                                   ^
      33 |       providers: [
      34 |         UserPermissionService,
      35 |         {

      at TestingInjector.lookupComponentInParentModules (node_modules/@nestjs/core/injector/injector.js:262:19)
      at TestingInjector.resolveComponentInstance (node_modules/@nestjs/core/injector/injector.js:215:33)
      at TestingInjector.resolveComponentInstance (node_modules/@nestjs/testing/testing-injector.js:19:45)
      at resolveParam (node_modules/@nestjs/core/injector/injector.js:129:38)
          at async Promise.all (index 1)
      at TestingInjector.resolveConstructorParams (node_modules/@nestjs/core/injector/injector.js:144:27)
      at TestingInjector.loadInstance (node_modules/@nestjs/core/injector/injector.js:70:13)
      at TestingInjector.loadProvider (node_modules/@nestjs/core/injector/injector.js:98:9)
      at node_modules/@nestjs/core/injector/instance-loader.js:56:13
          at async Promise.all (index 3)
      at TestingInstanceLoader.createInstancesOfProviders (node_modules/@nestjs/core/injector/instance-loader.js:55:9)
      at node_modules/@nestjs/core/injector/instance-loader.js:40:13
          at async Promise.all (index 1)
      at TestingInstanceLoader.createInstances (node_modules/@nestjs/core/injector/instance-loader.js:39:9)
      at TestingInstanceLoader.createInstancesOfDependencies (node_modules/@nestjs/core/injector/instance-loader.js:22:13)
      at TestingInstanceLoader.createInstancesOfDependencies (node_modules/@nestjs/testing/testing-instance-loader.js:9:9)
      at TestingModuleBuilder.createInstancesOfDependencies (node_modules/@nestjs/testing/testing-module.builder.js:118:9)
      at TestingModuleBuilder.compile (node_modules/@nestjs/testing/testing-module.builder.js:74:9)
      at Object.<anonymous> (src/modules/user-permission/user-permission.service.spec.ts:32:35)

  ● UserPermissionService › grantPermission › should throw error if permission not found

    Nest can't resolve dependencies of the UserPermissionService (PrismaService, ?). Please make sure that the argument NotificationService at index [1] is available in the RootTestModule context.

    Potential solutions:
    - Is RootTestModule a valid NestJS module?
    - If NotificationService is a provider, is it part of the current RootTestModule?
    - If NotificationService is exported from a separate @Module, is that module imported within RootTestModule?
      @Module({
        imports: [ /* the Module containing NotificationService */ ]
      })

      30 |
      31 |   beforeEach(async () => {
    > 32 |     const module: TestingModule = await Test.createTestingModule({
         |                                   ^
      33 |       providers: [
      34 |         UserPermissionService,
      35 |         {

      at TestingInjector.lookupComponentInParentModules (node_modules/@nestjs/core/injector/injector.js:262:19)
      at TestingInjector.resolveComponentInstance (node_modules/@nestjs/core/injector/injector.js:215:33)
      at TestingInjector.resolveComponentInstance (node_modules/@nestjs/testing/testing-injector.js:19:45)
      at resolveParam (node_modules/@nestjs/core/injector/injector.js:129:38)
          at async Promise.all (index 1)
      at TestingInjector.resolveConstructorParams (node_modules/@nestjs/core/injector/injector.js:144:27)
      at TestingInjector.loadInstance (node_modules/@nestjs/core/injector/injector.js:70:13)
      at TestingInjector.loadProvider (node_modules/@nestjs/core/injector/injector.js:98:9)
      at node_modules/@nestjs/core/injector/instance-loader.js:56:13
          at async Promise.all (index 3)
      at TestingInstanceLoader.createInstancesOfProviders (node_modules/@nestjs/core/injector/instance-loader.js:55:9)
      at node_modules/@nestjs/core/injector/instance-loader.js:40:13
          at async Promise.all (index 1)
      at TestingInstanceLoader.createInstances (node_modules/@nestjs/core/injector/instance-loader.js:39:9)
      at TestingInstanceLoader.createInstancesOfDependencies (node_modules/@nestjs/core/injector/instance-loader.js:22:13)
      at TestingInstanceLoader.createInstancesOfDependencies (node_modules/@nestjs/testing/testing-instance-loader.js:9:9)
      at TestingModuleBuilder.createInstancesOfDependencies (node_modules/@nestjs/testing/testing-module.builder.js:118:9)
      at TestingModuleBuilder.compile (node_modules/@nestjs/testing/testing-module.builder.js:74:9)
      at Object.<anonymous> (src/modules/user-permission/user-permission.service.spec.ts:32:35)

  ● UserPermissionService › grantPermission › should throw error if permission already granted

    Nest can't resolve dependencies of the UserPermissionService (PrismaService, ?). Please make sure that the argument NotificationService at index [1] is available in the RootTestModule context.

    Potential solutions:
    - Is RootTestModule a valid NestJS module?
    - If NotificationService is a provider, is it part of the current RootTestModule?
    - If NotificationService is exported from a separate @Module, is that module imported within RootTestModule?
      @Module({
        imports: [ /* the Module containing NotificationService */ ]
      })

      30 |
      31 |   beforeEach(async () => {
    > 32 |     const module: TestingModule = await Test.createTestingModule({
         |                                   ^
      33 |       providers: [
      34 |         UserPermissionService,
      35 |         {

      at TestingInjector.lookupComponentInParentModules (node_modules/@nestjs/core/injector/injector.js:262:19)
      at TestingInjector.resolveComponentInstance (node_modules/@nestjs/core/injector/injector.js:215:33)
      at TestingInjector.resolveComponentInstance (node_modules/@nestjs/testing/testing-injector.js:19:45)
      at resolveParam (node_modules/@nestjs/core/injector/injector.js:129:38)
          at async Promise.all (index 1)
      at TestingInjector.resolveConstructorParams (node_modules/@nestjs/core/injector/injector.js:144:27)
      at TestingInjector.loadInstance (node_modules/@nestjs/core/injector/injector.js:70:13)
      at TestingInjector.loadProvider (node_modules/@nestjs/core/injector/injector.js:98:9)
      at node_modules/@nestjs/core/injector/instance-loader.js:56:13
          at async Promise.all (index 3)
      at TestingInstanceLoader.createInstancesOfProviders (node_modules/@nestjs/core/injector/instance-loader.js:55:9)
      at node_modules/@nestjs/core/injector/instance-loader.js:40:13
          at async Promise.all (index 1)
      at TestingInstanceLoader.createInstances (node_modules/@nestjs/core/injector/instance-loader.js:39:9)
      at TestingInstanceLoader.createInstancesOfDependencies (node_modules/@nestjs/core/injector/instance-loader.js:22:13)
      at TestingInstanceLoader.createInstancesOfDependencies (node_modules/@nestjs/testing/testing-instance-loader.js:9:9)
      at TestingModuleBuilder.createInstancesOfDependencies (node_modules/@nestjs/testing/testing-module.builder.js:118:9)
      at TestingModuleBuilder.compile (node_modules/@nestjs/testing/testing-module.builder.js:74:9)
      at Object.<anonymous> (src/modules/user-permission/user-permission.service.spec.ts:32:35)

  ● UserPermissionService › revokePermission › should revoke permission

    Nest can't resolve dependencies of the UserPermissionService (PrismaService, ?). Please make sure that the argument NotificationService at index [1] is available in the RootTestModule context.

    Potential solutions:
    - Is RootTestModule a valid NestJS module?
    - If NotificationService is a provider, is it part of the current RootTestModule?
    - If NotificationService is exported from a separate @Module, is that module imported within RootTestModule?
      @Module({
        imports: [ /* the Module containing NotificationService */ ]
      })

      30 |
      31 |   beforeEach(async () => {
    > 32 |     const module: TestingModule = await Test.createTestingModule({
         |                                   ^
      33 |       providers: [
      34 |         UserPermissionService,
      35 |         {

      at TestingInjector.lookupComponentInParentModules (node_modules/@nestjs/core/injector/injector.js:262:19)
      at TestingInjector.resolveComponentInstance (node_modules/@nestjs/core/injector/injector.js:215:33)
      at TestingInjector.resolveComponentInstance (node_modules/@nestjs/testing/testing-injector.js:19:45)
      at resolveParam (node_modules/@nestjs/core/injector/injector.js:129:38)
          at async Promise.all (index 1)
      at TestingInjector.resolveConstructorParams (node_modules/@nestjs/core/injector/injector.js:144:27)
      at TestingInjector.loadInstance (node_modules/@nestjs/core/injector/injector.js:70:13)
      at TestingInjector.loadProvider (node_modules/@nestjs/core/injector/injector.js:98:9)
      at node_modules/@nestjs/core/injector/instance-loader.js:56:13
          at async Promise.all (index 3)
      at TestingInstanceLoader.createInstancesOfProviders (node_modules/@nestjs/core/injector/instance-loader.js:55:9)
      at node_modules/@nestjs/core/injector/instance-loader.js:40:13
          at async Promise.all (index 1)
      at TestingInstanceLoader.createInstances (node_modules/@nestjs/core/injector/instance-loader.js:39:9)
      at TestingInstanceLoader.createInstancesOfDependencies (node_modules/@nestjs/core/injector/instance-loader.js:22:13)
      at TestingInstanceLoader.createInstancesOfDependencies (node_modules/@nestjs/testing/testing-instance-loader.js:9:9)
      at TestingModuleBuilder.createInstancesOfDependencies (node_modules/@nestjs/testing/testing-module.builder.js:118:9)
      at TestingModuleBuilder.compile (node_modules/@nestjs/testing/testing-module.builder.js:74:9)
      at Object.<anonymous> (src/modules/user-permission/user-permission.service.spec.ts:32:35)

  ● UserPermissionService › revokePermission › should throw error if permission not found

    Nest can't resolve dependencies of the UserPermissionService (PrismaService, ?). Please make sure that the argument NotificationService at index [1] is available in the RootTestModule context.

    Potential solutions:
    - Is RootTestModule a valid NestJS module?
    - If NotificationService is a provider, is it part of the current RootTestModule?
    - If NotificationService is exported from a separate @Module, is that module imported within RootTestModule?
      @Module({
        imports: [ /* the Module containing NotificationService */ ]
      })

      30 |
      31 |   beforeEach(async () => {
    > 32 |     const module: TestingModule = await Test.createTestingModule({
         |                                   ^
      33 |       providers: [
      34 |         UserPermissionService,
      35 |         {

      at TestingInjector.lookupComponentInParentModules (node_modules/@nestjs/core/injector/injector.js:262:19)
      at TestingInjector.resolveComponentInstance (node_modules/@nestjs/core/injector/injector.js:215:33)
      at TestingInjector.resolveComponentInstance (node_modules/@nestjs/testing/testing-injector.js:19:45)
      at resolveParam (node_modules/@nestjs/core/injector/injector.js:129:38)
          at async Promise.all (index 1)
      at TestingInjector.resolveConstructorParams (node_modules/@nestjs/core/injector/injector.js:144:27)
      at TestingInjector.loadInstance (node_modules/@nestjs/core/injector/injector.js:70:13)
      at TestingInjector.loadProvider (node_modules/@nestjs/core/injector/injector.js:98:9)
      at node_modules/@nestjs/core/injector/instance-loader.js:56:13
          at async Promise.all (index 3)
      at TestingInstanceLoader.createInstancesOfProviders (node_modules/@nestjs/core/injector/instance-loader.js:55:9)
      at node_modules/@nestjs/core/injector/instance-loader.js:40:13
          at async Promise.all (index 1)
      at TestingInstanceLoader.createInstances (node_modules/@nestjs/core/injector/instance-loader.js:39:9)
      at TestingInstanceLoader.createInstancesOfDependencies (node_modules/@nestjs/core/injector/instance-loader.js:22:13)
      at TestingInstanceLoader.createInstancesOfDependencies (node_modules/@nestjs/testing/testing-instance-loader.js:9:9)
      at TestingModuleBuilder.createInstancesOfDependencies (node_modules/@nestjs/testing/testing-module.builder.js:118:9)
      at TestingModuleBuilder.compile (node_modules/@nestjs/testing/testing-module.builder.js:74:9)
      at Object.<anonymous> (src/modules/user-permission/user-permission.service.spec.ts:32:35)

  ● UserPermissionService › batchGrantPermissions › should grant multiple permissions to user

    Nest can't resolve dependencies of the UserPermissionService (PrismaService, ?). Please make sure that the argument NotificationService at index [1] is available in the RootTestModule context.

    Potential solutions:
    - Is RootTestModule a valid NestJS module?
    - If NotificationService is a provider, is it part of the current RootTestModule?
    - If NotificationService is exported from a separate @Module, is that module imported within RootTestModule?
      @Module({
        imports: [ /* the Module containing NotificationService */ ]
      })

      30 |
      31 |   beforeEach(async () => {
    > 32 |     const module: TestingModule = await Test.createTestingModule({
         |                                   ^
      33 |       providers: [
      34 |         UserPermissionService,
      35 |         {

      at TestingInjector.lookupComponentInParentModules (node_modules/@nestjs/core/injector/injector.js:262:19)
      at TestingInjector.resolveComponentInstance (node_modules/@nestjs/core/injector/injector.js:215:33)
      at TestingInjector.resolveComponentInstance (node_modules/@nestjs/testing/testing-injector.js:19:45)
      at resolveParam (node_modules/@nestjs/core/injector/injector.js:129:38)
          at async Promise.all (index 1)
      at TestingInjector.resolveConstructorParams (node_modules/@nestjs/core/injector/injector.js:144:27)
      at TestingInjector.loadInstance (node_modules/@nestjs/core/injector/injector.js:70:13)
      at TestingInjector.loadProvider (node_modules/@nestjs/core/injector/injector.js:98:9)
      at node_modules/@nestjs/core/injector/instance-loader.js:56:13
          at async Promise.all (index 3)
      at TestingInstanceLoader.createInstancesOfProviders (node_modules/@nestjs/core/injector/instance-loader.js:55:9)
      at node_modules/@nestjs/core/injector/instance-loader.js:40:13
          at async Promise.all (index 1)
      at TestingInstanceLoader.createInstances (node_modules/@nestjs/core/injector/instance-loader.js:39:9)
      at TestingInstanceLoader.createInstancesOfDependencies (node_modules/@nestjs/core/injector/instance-loader.js:22:13)
      at TestingInstanceLoader.createInstancesOfDependencies (node_modules/@nestjs/testing/testing-instance-loader.js:9:9)
      at TestingModuleBuilder.createInstancesOfDependencies (node_modules/@nestjs/testing/testing-module.builder.js:118:9)
      at TestingModuleBuilder.compile (node_modules/@nestjs/testing/testing-module.builder.js:74:9)
      at Object.<anonymous> (src/modules/user-permission/user-permission.service.spec.ts:32:35)

  ● UserPermissionService › batchGrantPermissions › should throw error if any permission not found

    Nest can't resolve dependencies of the UserPermissionService (PrismaService, ?). Please make sure that the argument NotificationService at index [1] is available in the RootTestModule context.

    Potential solutions:
    - Is RootTestModule a valid NestJS module?
    - If NotificationService is a provider, is it part of the current RootTestModule?
    - If NotificationService is exported from a separate @Module, is that module imported within RootTestModule?
      @Module({
        imports: [ /* the Module containing NotificationService */ ]
      })

      30 |
      31 |   beforeEach(async () => {
    > 32 |     const module: TestingModule = await Test.createTestingModule({
         |                                   ^
      33 |       providers: [
      34 |         UserPermissionService,
      35 |         {

      at TestingInjector.lookupComponentInParentModules (node_modules/@nestjs/core/injector/injector.js:262:19)
      at TestingInjector.resolveComponentInstance (node_modules/@nestjs/core/injector/injector.js:215:33)
      at TestingInjector.resolveComponentInstance (node_modules/@nestjs/testing/testing-injector.js:19:45)
      at resolveParam (node_modules/@nestjs/core/injector/injector.js:129:38)
          at async Promise.all (index 1)
      at TestingInjector.resolveConstructorParams (node_modules/@nestjs/core/injector/injector.js:144:27)
      at TestingInjector.loadInstance (node_modules/@nestjs/core/injector/injector.js:70:13)
      at TestingInjector.loadProvider (node_modules/@nestjs/core/injector/injector.js:98:9)
      at node_modules/@nestjs/core/injector/instance-loader.js:56:13
          at async Promise.all (index 3)
      at TestingInstanceLoader.createInstancesOfProviders (node_modules/@nestjs/core/injector/instance-loader.js:55:9)
      at node_modules/@nestjs/core/injector/instance-loader.js:40:13
          at async Promise.all (index 1)
      at TestingInstanceLoader.createInstances (node_modules/@nestjs/core/injector/instance-loader.js:39:9)
      at TestingInstanceLoader.createInstancesOfDependencies (node_modules/@nestjs/core/injector/instance-loader.js:22:13)
      at TestingInstanceLoader.createInstancesOfDependencies (node_modules/@nestjs/testing/testing-instance-loader.js:9:9)
      at TestingModuleBuilder.createInstancesOfDependencies (node_modules/@nestjs/testing/testing-module.builder.js:118:9)
      at TestingModuleBuilder.compile (node_modules/@nestjs/testing/testing-module.builder.js:74:9)
      at Object.<anonymous> (src/modules/user-permission/user-permission.service.spec.ts:32:35)

  ● UserPermissionService › findUserPermissions › should return paginated user permissions

    Nest can't resolve dependencies of the UserPermissionService (PrismaService, ?). Please make sure that the argument NotificationService at index [1] is available in the RootTestModule context.

    Potential solutions:
    - Is RootTestModule a valid NestJS module?
    - If NotificationService is a provider, is it part of the current RootTestModule?
    - If NotificationService is exported from a separate @Module, is that module imported within RootTestModule?
      @Module({
        imports: [ /* the Module containing NotificationService */ ]
      })

      30 |
      31 |   beforeEach(async () => {
    > 32 |     const module: TestingModule = await Test.createTestingModule({
         |                                   ^
      33 |       providers: [
      34 |         UserPermissionService,
      35 |         {

      at TestingInjector.lookupComponentInParentModules (node_modules/@nestjs/core/injector/injector.js:262:19)
      at TestingInjector.resolveComponentInstance (node_modules/@nestjs/core/injector/injector.js:215:33)
      at TestingInjector.resolveComponentInstance (node_modules/@nestjs/testing/testing-injector.js:19:45)
      at resolveParam (node_modules/@nestjs/core/injector/injector.js:129:38)
          at async Promise.all (index 1)
      at TestingInjector.resolveConstructorParams (node_modules/@nestjs/core/injector/injector.js:144:27)
      at TestingInjector.loadInstance (node_modules/@nestjs/core/injector/injector.js:70:13)
      at TestingInjector.loadProvider (node_modules/@nestjs/core/injector/injector.js:98:9)
      at node_modules/@nestjs/core/injector/instance-loader.js:56:13
          at async Promise.all (index 3)
      at TestingInstanceLoader.createInstancesOfProviders (node_modules/@nestjs/core/injector/instance-loader.js:55:9)
      at node_modules/@nestjs/core/injector/instance-loader.js:40:13
          at async Promise.all (index 1)
      at TestingInstanceLoader.createInstances (node_modules/@nestjs/core/injector/instance-loader.js:39:9)
      at TestingInstanceLoader.createInstancesOfDependencies (node_modules/@nestjs/core/injector/instance-loader.js:22:13)
      at TestingInstanceLoader.createInstancesOfDependencies (node_modules/@nestjs/testing/testing-instance-loader.js:9:9)
      at TestingModuleBuilder.createInstancesOfDependencies (node_modules/@nestjs/testing/testing-module.builder.js:118:9)
      at TestingModuleBuilder.compile (node_modules/@nestjs/testing/testing-module.builder.js:74:9)
      at Object.<anonymous> (src/modules/user-permission/user-permission.service.spec.ts:32:35)

  ● UserPermissionService › checkExpiration › should remove expired permissions

    Nest can't resolve dependencies of the UserPermissionService (PrismaService, ?). Please make sure that the argument NotificationService at index [1] is available in the RootTestModule context.

    Potential solutions:
    - Is RootTestModule a valid NestJS module?
    - If NotificationService is a provider, is it part of the current RootTestModule?
    - If NotificationService is exported from a separate @Module, is that module imported within RootTestModule?
      @Module({
        imports: [ /* the Module containing NotificationService */ ]
      })

      30 |
      31 |   beforeEach(async () => {
    > 32 |     const module: TestingModule = await Test.createTestingModule({
         |                                   ^
      33 |       providers: [
      34 |         UserPermissionService,
      35 |         {

      at TestingInjector.lookupComponentInParentModules (node_modules/@nestjs/core/injector/injector.js:262:19)
      at TestingInjector.resolveComponentInstance (node_modules/@nestjs/core/injector/injector.js:215:33)
      at TestingInjector.resolveComponentInstance (node_modules/@nestjs/testing/testing-injector.js:19:45)
      at resolveParam (node_modules/@nestjs/core/injector/injector.js:129:38)
          at async Promise.all (index 1)
      at TestingInjector.resolveConstructorParams (node_modules/@nestjs/core/injector/injector.js:144:27)
      at TestingInjector.loadInstance (node_modules/@nestjs/core/injector/injector.js:70:13)
      at TestingInjector.loadProvider (node_modules/@nestjs/core/injector/injector.js:98:9)
      at node_modules/@nestjs/core/injector/instance-loader.js:56:13
          at async Promise.all (index 3)
      at TestingInstanceLoader.createInstancesOfProviders (node_modules/@nestjs/core/injector/instance-loader.js:55:9)
      at node_modules/@nestjs/core/injector/instance-loader.js:40:13
          at async Promise.all (index 1)
      at TestingInstanceLoader.createInstances (node_modules/@nestjs/core/injector/instance-loader.js:39:9)
      at TestingInstanceLoader.createInstancesOfDependencies (node_modules/@nestjs/core/injector/instance-loader.js:22:13)
      at TestingInstanceLoader.createInstancesOfDependencies (node_modules/@nestjs/testing/testing-instance-loader.js:9:9)
      at TestingModuleBuilder.createInstancesOfDependencies (node_modules/@nestjs/testing/testing-module.builder.js:118:9)
      at TestingModuleBuilder.compile (node_modules/@nestjs/testing/testing-module.builder.js:74:9)
      at Object.<anonymous> (src/modules/user-permission/user-permission.service.spec.ts:32:35)

  ● UserPermissionService › getEffectivePermissions › 应该返回用户的直接权限（无角色）

    Nest can't resolve dependencies of the UserPermissionService (PrismaService, ?). Please make sure that the argument NotificationService at index [1] is available in the RootTestModule context.

    Potential solutions:
    - Is RootTestModule a valid NestJS module?
    - If NotificationService is a provider, is it part of the current RootTestModule?
    - If NotificationService is exported from a separate @Module, is that module imported within RootTestModule?
      @Module({
        imports: [ /* the Module containing NotificationService */ ]
      })

      30 |
      31 |   beforeEach(async () => {
    > 32 |     const module: TestingModule = await Test.createTestingModule({
         |                                   ^
      33 |       providers: [
      34 |         UserPermissionService,
      35 |         {

      at TestingInjector.lookupComponentInParentModules (node_modules/@nestjs/core/injector/injector.js:262:19)
      at TestingInjector.resolveComponentInstance (node_modules/@nestjs/core/injector/injector.js:215:33)
      at TestingInjector.resolveComponentInstance (node_modules/@nestjs/testing/testing-injector.js:19:45)
      at resolveParam (node_modules/@nestjs/core/injector/injector.js:129:38)
          at async Promise.all (index 1)
      at TestingInjector.resolveConstructorParams (node_modules/@nestjs/core/injector/injector.js:144:27)
      at TestingInjector.loadInstance (node_modules/@nestjs/core/injector/injector.js:70:13)
      at TestingInjector.loadProvider (node_modules/@nestjs/core/injector/injector.js:98:9)
      at node_modules/@nestjs/core/injector/instance-loader.js:56:13
          at async Promise.all (index 3)
      at TestingInstanceLoader.createInstancesOfProviders (node_modules/@nestjs/core/injector/instance-loader.js:55:9)
      at node_modules/@nestjs/core/injector/instance-loader.js:40:13
          at async Promise.all (index 1)
      at TestingInstanceLoader.createInstances (node_modules/@nestjs/core/injector/instance-loader.js:39:9)
      at TestingInstanceLoader.createInstancesOfDependencies (node_modules/@nestjs/core/injector/instance-loader.js:22:13)
      at TestingInstanceLoader.createInstancesOfDependencies (node_modules/@nestjs/testing/testing-instance-loader.js:9:9)
      at TestingModuleBuilder.createInstancesOfDependencies (node_modules/@nestjs/testing/testing-module.builder.js:118:9)
      at TestingModuleBuilder.compile (node_modules/@nestjs/testing/testing-module.builder.js:74:9)
      at Object.<anonymous> (src/modules/user-permission/user-permission.service.spec.ts:32:35)

  ● UserPermissionService › getEffectivePermissions › 应该返回空数组（角色继承暂未实现）

    Nest can't resolve dependencies of the UserPermissionService (PrismaService, ?). Please make sure that the argument NotificationService at index [1] is available in the RootTestModule context.

    Potential solutions:
    - Is RootTestModule a valid NestJS module?
    - If NotificationService is a provider, is it part of the current RootTestModule?
    - If NotificationService is exported from a separate @Module, is that module imported within RootTestModule?
      @Module({
        imports: [ /* the Module containing NotificationService */ ]
      })

      30 |
      31 |   beforeEach(async () => {
    > 32 |     const module: TestingModule = await Test.createTestingModule({
         |                                   ^
      33 |       providers: [
      34 |         UserPermissionService,
      35 |         {

      at TestingInjector.lookupComponentInParentModules (node_modules/@nestjs/core/injector/injector.js:262:19)
      at TestingInjector.resolveComponentInstance (node_modules/@nestjs/core/injector/injector.js:215:33)
      at TestingInjector.resolveComponentInstance (node_modules/@nestjs/testing/testing-injector.js:19:45)
      at resolveParam (node_modules/@nestjs/core/injector/injector.js:129:38)
          at async Promise.all (index 1)
      at TestingInjector.resolveConstructorParams (node_modules/@nestjs/core/injector/injector.js:144:27)
      at TestingInjector.loadInstance (node_modules/@nestjs/core/injector/injector.js:70:13)
      at TestingInjector.loadProvider (node_modules/@nestjs/core/injector/injector.js:98:9)
      at node_modules/@nestjs/core/injector/instance-loader.js:56:13
          at async Promise.all (index 3)
      at TestingInstanceLoader.createInstancesOfProviders (node_modules/@nestjs/core/injector/instance-loader.js:55:9)
      at node_modules/@nestjs/core/injector/instance-loader.js:40:13
          at async Promise.all (index 1)
      at TestingInstanceLoader.createInstances (node_modules/@nestjs/core/injector/instance-loader.js:39:9)
      at TestingInstanceLoader.createInstancesOfDependencies (node_modules/@nestjs/core/injector/instance-loader.js:22:13)
      at TestingInstanceLoader.createInstancesOfDependencies (node_modules/@nestjs/testing/testing-instance-loader.js:9:9)
      at TestingModuleBuilder.createInstancesOfDependencies (node_modules/@nestjs/testing/testing-module.builder.js:118:9)
      at TestingModuleBuilder.compile (node_modules/@nestjs/testing/testing-module.builder.js:74:9)
      at Object.<anonymous> (src/modules/user-permission/user-permission.service.spec.ts:32:35)

  ● UserPermissionService › getEffectivePermissions › 应该对重复的直接权限去重

    Nest can't resolve dependencies of the UserPermissionService (PrismaService, ?). Please make sure that the argument NotificationService at index [1] is available in the RootTestModule context.

    Potential solutions:
    - Is RootTestModule a valid NestJS module?
    - If NotificationService is a provider, is it part of the current RootTestModule?
    - If NotificationService is exported from a separate @Module, is that module imported within RootTestModule?
      @Module({
        imports: [ /* the Module containing NotificationService */ ]
      })

      30 |
      31 |   beforeEach(async () => {
    > 32 |     const module: TestingModule = await Test.createTestingModule({
         |                                   ^
      33 |       providers: [
      34 |         UserPermissionService,
      35 |         {

      at TestingInjector.lookupComponentInParentModules (node_modules/@nestjs/core/injector/injector.js:262:19)
      at TestingInjector.resolveComponentInstance (node_modules/@nestjs/core/injector/injector.js:215:33)
      at TestingInjector.resolveComponentInstance (node_modules/@nestjs/testing/testing-injector.js:19:45)
      at resolveParam (node_modules/@nestjs/core/injector/injector.js:129:38)
          at async Promise.all (index 1)
      at TestingInjector.resolveConstructorParams (node_modules/@nestjs/core/injector/injector.js:144:27)
      at TestingInjector.loadInstance (node_modules/@nestjs/core/injector/injector.js:70:13)
      at TestingInjector.loadProvider (node_modules/@nestjs/core/injector/injector.js:98:9)
      at node_modules/@nestjs/core/injector/instance-loader.js:56:13
          at async Promise.all (index 3)
      at TestingInstanceLoader.createInstancesOfProviders (node_modules/@nestjs/core/injector/instance-loader.js:55:9)
      at node_modules/@nestjs/core/injector/instance-loader.js:40:13
          at async Promise.all (index 1)
      at TestingInstanceLoader.createInstances (node_modules/@nestjs/core/injector/instance-loader.js:39:9)
      at TestingInstanceLoader.createInstancesOfDependencies (node_modules/@nestjs/core/injector/instance-loader.js:22:13)
      at TestingInstanceLoader.createInstancesOfDependencies (node_modules/@nestjs/testing/testing-instance-loader.js:9:9)
      at TestingModuleBuilder.createInstancesOfDependencies (node_modules/@nestjs/testing/testing-module.builder.js:118:9)
      at TestingModuleBuilder.compile (node_modules/@nestjs/testing/testing-module.builder.js:74:9)
      at Object.<anonymous> (src/modules/user-permission/user-permission.service.spec.ts:32:35)

  ● UserPermissionService › getEffectivePermissions › 应该过滤掉过期的直接权限

    Nest can't resolve dependencies of the UserPermissionService (PrismaService, ?). Please make sure that the argument NotificationService at index [1] is available in the RootTestModule context.

    Potential solutions:
    - Is RootTestModule a valid NestJS module?
    - If NotificationService is a provider, is it part of the current RootTestModule?
    - If NotificationService is exported from a separate @Module, is that module imported within RootTestModule?
      @Module({
        imports: [ /* the Module containing NotificationService */ ]
      })

      30 |
      31 |   beforeEach(async () => {
    > 32 |     const module: TestingModule = await Test.createTestingModule({
         |                                   ^
      33 |       providers: [
      34 |         UserPermissionService,
      35 |         {

      at TestingInjector.lookupComponentInParentModules (node_modules/@nestjs/core/injector/injector.js:262:19)
      at TestingInjector.resolveComponentInstance (node_modules/@nestjs/core/injector/injector.js:215:33)
      at TestingInjector.resolveComponentInstance (node_modules/@nestjs/testing/testing-injector.js:19:45)
      at resolveParam (node_modules/@nestjs/core/injector/injector.js:129:38)
          at async Promise.all (index 1)
      at TestingInjector.resolveConstructorParams (node_modules/@nestjs/core/injector/injector.js:144:27)
      at TestingInjector.loadInstance (node_modules/@nestjs/core/injector/injector.js:70:13)
      at TestingInjector.loadProvider (node_modules/@nestjs/core/injector/injector.js:98:9)
      at node_modules/@nestjs/core/injector/instance-loader.js:56:13
          at async Promise.all (index 3)
      at TestingInstanceLoader.createInstancesOfProviders (node_modules/@nestjs/core/injector/instance-loader.js:55:9)
      at node_modules/@nestjs/core/injector/instance-loader.js:40:13
          at async Promise.all (index 1)
      at TestingInstanceLoader.createInstances (node_modules/@nestjs/core/injector/instance-loader.js:39:9)
      at TestingInstanceLoader.createInstancesOfDependencies (node_modules/@nestjs/core/injector/instance-loader.js:22:13)
      at TestingInstanceLoader.createInstancesOfDependencies (node_modules/@nestjs/testing/testing-instance-loader.js:9:9)
      at TestingModuleBuilder.createInstancesOfDependencies (node_modules/@nestjs/testing/testing-module.builder.js:118:9)
      at TestingModuleBuilder.compile (node_modules/@nestjs/testing/testing-module.builder.js:74:9)
      at Object.<anonymous> (src/modules/user-permission/user-permission.service.spec.ts:32:35)

  ● UserPermissionService › getEffectivePermissions › 应该返回空数组如果用户不存在

    Nest can't resolve dependencies of the UserPermissionService (PrismaService, ?). Please make sure that the argument NotificationService at index [1] is available in the RootTestModule context.

    Potential solutions:
    - Is RootTestModule a valid NestJS module?
    - If NotificationService is a provider, is it part of the current RootTestModule?
    - If NotificationService is exported from a separate @Module, is that module imported within RootTestModule?
      @Module({
        imports: [ /* the Module containing NotificationService */ ]
      })

      30 |
      31 |   beforeEach(async () => {
    > 32 |     const module: TestingModule = await Test.createTestingModule({
         |                                   ^
      33 |       providers: [
      34 |         UserPermissionService,
      35 |         {

      at TestingInjector.lookupComponentInParentModules (node_modules/@nestjs/core/injector/injector.js:262:19)
      at TestingInjector.resolveComponentInstance (node_modules/@nestjs/core/injector/injector.js:215:33)
      at TestingInjector.resolveComponentInstance (node_modules/@nestjs/testing/testing-injector.js:19:45)
      at resolveParam (node_modules/@nestjs/core/injector/injector.js:129:38)
          at async Promise.all (index 1)
      at TestingInjector.resolveConstructorParams (node_modules/@nestjs/core/injector/injector.js:144:27)
      at TestingInjector.loadInstance (node_modules/@nestjs/core/injector/injector.js:70:13)
      at TestingInjector.loadProvider (node_modules/@nestjs/core/injector/injector.js:98:9)
      at node_modules/@nestjs/core/injector/instance-loader.js:56:13
          at async Promise.all (index 3)
      at TestingInstanceLoader.createInstancesOfProviders (node_modules/@nestjs/core/injector/instance-loader.js:55:9)
      at node_modules/@nestjs/core/injector/instance-loader.js:40:13
          at async Promise.all (index 1)
      at TestingInstanceLoader.createInstances (node_modules/@nestjs/core/injector/instance-loader.js:39:9)
      at TestingInstanceLoader.createInstancesOfDependencies (node_modules/@nestjs/core/injector/instance-loader.js:22:13)
      at TestingInstanceLoader.createInstancesOfDependencies (node_modules/@nestjs/testing/testing-instance-loader.js:9:9)
      at TestingModuleBuilder.createInstancesOfDependencies (node_modules/@nestjs/testing/testing-module.builder.js:118:9)
      at TestingModuleBuilder.compile (node_modules/@nestjs/testing/testing-module.builder.js:74:9)
      at Object.<anonymous> (src/modules/user-permission/user-permission.service.spec.ts:32:35)

  ● UserPermissionService › hasPermission › 应该返回 true 如果用户有直接权限

    Nest can't resolve dependencies of the UserPermissionService (PrismaService, ?). Please make sure that the argument NotificationService at index [1] is available in the RootTestModule context.

    Potential solutions:
    - Is RootTestModule a valid NestJS module?
    - If NotificationService is a provider, is it part of the current RootTestModule?
    - If NotificationService is exported from a separate @Module, is that module imported within RootTestModule?
      @Module({
        imports: [ /* the Module containing NotificationService */ ]
      })

      30 |
      31 |   beforeEach(async () => {
    > 32 |     const module: TestingModule = await Test.createTestingModule({
         |                                   ^
      33 |       providers: [
      34 |         UserPermissionService,
      35 |         {

      at TestingInjector.lookupComponentInParentModules (node_modules/@nestjs/core/injector/injector.js:262:19)
      at TestingInjector.resolveComponentInstance (node_modules/@nestjs/core/injector/injector.js:215:33)
      at TestingInjector.resolveComponentInstance (node_modules/@nestjs/testing/testing-injector.js:19:45)
      at resolveParam (node_modules/@nestjs/core/injector/injector.js:129:38)
          at async Promise.all (index 1)
      at TestingInjector.resolveConstructorParams (node_modules/@nestjs/core/injector/injector.js:144:27)
      at TestingInjector.loadInstance (node_modules/@nestjs/core/injector/injector.js:70:13)
      at TestingInjector.loadProvider (node_modules/@nestjs/core/injector/injector.js:98:9)
      at node_modules/@nestjs/core/injector/instance-loader.js:56:13
          at async Promise.all (index 3)
      at TestingInstanceLoader.createInstancesOfProviders (node_modules/@nestjs/core/injector/instance-loader.js:55:9)
      at node_modules/@nestjs/core/injector/instance-loader.js:40:13
          at async Promise.all (index 1)
      at TestingInstanceLoader.createInstances (node_modules/@nestjs/core/injector/instance-loader.js:39:9)
      at TestingInstanceLoader.createInstancesOfDependencies (node_modules/@nestjs/core/injector/instance-loader.js:22:13)
      at TestingInstanceLoader.createInstancesOfDependencies (node_modules/@nestjs/testing/testing-instance-loader.js:9:9)
      at TestingModuleBuilder.createInstancesOfDependencies (node_modules/@nestjs/testing/testing-module.builder.js:118:9)
      at TestingModuleBuilder.compile (node_modules/@nestjs/testing/testing-module.builder.js:74:9)
      at Object.<anonymous> (src/modules/user-permission/user-permission.service.spec.ts:32:35)

  ● UserPermissionService › hasPermission › 应该返回 false 如果用户无直接权限（角色继承未实现）

    Nest can't resolve dependencies of the UserPermissionService (PrismaService, ?). Please make sure that the argument NotificationService at index [1] is available in the RootTestModule context.

    Potential solutions:
    - Is RootTestModule a valid NestJS module?
    - If NotificationService is a provider, is it part of the current RootTestModule?
    - If NotificationService is exported from a separate @Module, is that module imported within RootTestModule?
      @Module({
        imports: [ /* the Module containing NotificationService */ ]
      })

      30 |
      31 |   beforeEach(async () => {
    > 32 |     const module: TestingModule = await Test.createTestingModule({
         |                                   ^
      33 |       providers: [
      34 |         UserPermissionService,
      35 |         {

      at TestingInjector.lookupComponentInParentModules (node_modules/@nestjs/core/injector/injector.js:262:19)
      at TestingInjector.resolveComponentInstance (node_modules/@nestjs/core/injector/injector.js:215:33)
      at TestingInjector.resolveComponentInstance (node_modules/@nestjs/testing/testing-injector.js:19:45)
      at resolveParam (node_modules/@nestjs/core/injector/injector.js:129:38)
          at async Promise.all (index 1)
      at TestingInjector.resolveConstructorParams (node_modules/@nestjs/core/injector/injector.js:144:27)
      at TestingInjector.loadInstance (node_modules/@nestjs/core/injector/injector.js:70:13)
      at TestingInjector.loadProvider (node_modules/@nestjs/core/injector/injector.js:98:9)
      at node_modules/@nestjs/core/injector/instance-loader.js:56:13
          at async Promise.all (index 3)
      at TestingInstanceLoader.createInstancesOfProviders (node_modules/@nestjs/core/injector/instance-loader.js:55:9)
      at node_modules/@nestjs/core/injector/instance-loader.js:40:13
          at async Promise.all (index 1)
      at TestingInstanceLoader.createInstances (node_modules/@nestjs/core/injector/instance-loader.js:39:9)
      at TestingInstanceLoader.createInstancesOfDependencies (node_modules/@nestjs/core/injector/instance-loader.js:22:13)
      at TestingInstanceLoader.createInstancesOfDependencies (node_modules/@nestjs/testing/testing-instance-loader.js:9:9)
      at TestingModuleBuilder.createInstancesOfDependencies (node_modules/@nestjs/testing/testing-module.builder.js:118:9)
      at TestingModuleBuilder.compile (node_modules/@nestjs/testing/testing-module.builder.js:74:9)
      at Object.<anonymous> (src/modules/user-permission/user-permission.service.spec.ts:32:35)

  ● UserPermissionService › hasPermission › 应该返回 false 如果用户没有该权限

    Nest can't resolve dependencies of the UserPermissionService (PrismaService, ?). Please make sure that the argument NotificationService at index [1] is available in the RootTestModule context.

    Potential solutions:
    - Is RootTestModule a valid NestJS module?
    - If NotificationService is a provider, is it part of the current RootTestModule?
    - If NotificationService is exported from a separate @Module, is that module imported within RootTestModule?
      @Module({
        imports: [ /* the Module containing NotificationService */ ]
      })

      30 |
      31 |   beforeEach(async () => {
    > 32 |     const module: TestingModule = await Test.createTestingModule({
         |                                   ^
      33 |       providers: [
      34 |         UserPermissionService,
      35 |         {

      at TestingInjector.lookupComponentInParentModules (node_modules/@nestjs/core/injector/injector.js:262:19)
      at TestingInjector.resolveComponentInstance (node_modules/@nestjs/core/injector/injector.js:215:33)
      at TestingInjector.resolveComponentInstance (node_modules/@nestjs/testing/testing-injector.js:19:45)
      at resolveParam (node_modules/@nestjs/core/injector/injector.js:129:38)
          at async Promise.all (index 1)
      at TestingInjector.resolveConstructorParams (node_modules/@nestjs/core/injector/injector.js:144:27)
      at TestingInjector.loadInstance (node_modules/@nestjs/core/injector/injector.js:70:13)
      at TestingInjector.loadProvider (node_modules/@nestjs/core/injector/injector.js:98:9)
      at node_modules/@nestjs/core/injector/instance-loader.js:56:13
          at async Promise.all (index 3)
      at TestingInstanceLoader.createInstancesOfProviders (node_modules/@nestjs/core/injector/instance-loader.js:55:9)
      at node_modules/@nestjs/core/injector/instance-loader.js:40:13
          at async Promise.all (index 1)
      at TestingInstanceLoader.createInstances (node_modules/@nestjs/core/injector/instance-loader.js:39:9)
      at TestingInstanceLoader.createInstancesOfDependencies (node_modules/@nestjs/core/injector/instance-loader.js:22:13)
      at TestingInstanceLoader.createInstancesOfDependencies (node_modules/@nestjs/testing/testing-instance-loader.js:9:9)
      at TestingModuleBuilder.createInstancesOfDependencies (node_modules/@nestjs/testing/testing-module.builder.js:118:9)
      at TestingModuleBuilder.compile (node_modules/@nestjs/testing/testing-module.builder.js:74:9)
      at Object.<anonymous> (src/modules/user-permission/user-permission.service.spec.ts:32:35)

  ● UserPermissionService › hasPermission › 应该返回 false 如果用户不存在

    Nest can't resolve dependencies of the UserPermissionService (PrismaService, ?). Please make sure that the argument NotificationService at index [1] is available in the RootTestModule context.

    Potential solutions:
    - Is RootTestModule a valid NestJS module?
    - If NotificationService is a provider, is it part of the current RootTestModule?
    - If NotificationService is exported from a separate @Module, is that module imported within RootTestModule?
      @Module({
        imports: [ /* the Module containing NotificationService */ ]
      })

      30 |
      31 |   beforeEach(async () => {
    > 32 |     const module: TestingModule = await Test.createTestingModule({
         |                                   ^
      33 |       providers: [
      34 |         UserPermissionService,
      35 |         {

      at TestingInjector.lookupComponentInParentModules (node_modules/@nestjs/core/injector/injector.js:262:19)
      at TestingInjector.resolveComponentInstance (node_modules/@nestjs/core/injector/injector.js:215:33)
      at TestingInjector.resolveComponentInstance (node_modules/@nestjs/testing/testing-injector.js:19:45)
      at resolveParam (node_modules/@nestjs/core/injector/injector.js:129:38)
          at async Promise.all (index 1)
      at TestingInjector.resolveConstructorParams (node_modules/@nestjs/core/injector/injector.js:144:27)
      at TestingInjector.loadInstance (node_modules/@nestjs/core/injector/injector.js:70:13)
      at TestingInjector.loadProvider (node_modules/@nestjs/core/injector/injector.js:98:9)
      at node_modules/@nestjs/core/injector/instance-loader.js:56:13
          at async Promise.all (index 3)
      at TestingInstanceLoader.createInstancesOfProviders (node_modules/@nestjs/core/injector/instance-loader.js:55:9)
      at node_modules/@nestjs/core/injector/instance-loader.js:40:13
          at async Promise.all (index 1)
      at TestingInstanceLoader.createInstances (node_modules/@nestjs/core/injector/instance-loader.js:39:9)
      at TestingInstanceLoader.createInstancesOfDependencies (node_modules/@nestjs/core/injector/instance-loader.js:22:13)
      at TestingInstanceLoader.createInstancesOfDependencies (node_modules/@nestjs/testing/testing-instance-loader.js:9:9)
      at TestingModuleBuilder.createInstancesOfDependencies (node_modules/@nestjs/testing/testing-module.builder.js:118:9)
      at TestingModuleBuilder.compile (node_modules/@nestjs/testing/testing-module.builder.js:74:9)
      at Object.<anonymous> (src/modules/user-permission/user-permission.service.spec.ts:32:35)

  ● UserPermissionService › getInheritedPermissions › 应该返回空数组（角色继承暂未实现）

    Nest can't resolve dependencies of the UserPermissionService (PrismaService, ?). Please make sure that the argument NotificationService at index [1] is available in the RootTestModule context.

    Potential solutions:
    - Is RootTestModule a valid NestJS module?
    - If NotificationService is a provider, is it part of the current RootTestModule?
    - If NotificationService is exported from a separate @Module, is that module imported within RootTestModule?
      @Module({
        imports: [ /* the Module containing NotificationService */ ]
      })

      30 |
      31 |   beforeEach(async () => {
    > 32 |     const module: TestingModule = await Test.createTestingModule({
         |                                   ^
      33 |       providers: [
      34 |         UserPermissionService,
      35 |         {

      at TestingInjector.lookupComponentInParentModules (node_modules/@nestjs/core/injector/injector.js:262:19)
      at TestingInjector.resolveComponentInstance (node_modules/@nestjs/core/injector/injector.js:215:33)
      at TestingInjector.resolveComponentInstance (node_modules/@nestjs/testing/testing-injector.js:19:45)
      at resolveParam (node_modules/@nestjs/core/injector/injector.js:129:38)
          at async Promise.all (index 1)
      at TestingInjector.resolveConstructorParams (node_modules/@nestjs/core/injector/injector.js:144:27)
      at TestingInjector.loadInstance (node_modules/@nestjs/core/injector/injector.js:70:13)
      at TestingInjector.loadProvider (node_modules/@nestjs/core/injector/injector.js:98:9)
      at node_modules/@nestjs/core/injector/instance-loader.js:56:13
          at async Promise.all (index 3)
      at TestingInstanceLoader.createInstancesOfProviders (node_modules/@nestjs/core/injector/instance-loader.js:55:9)
      at node_modules/@nestjs/core/injector/instance-loader.js:40:13
          at async Promise.all (index 1)
      at TestingInstanceLoader.createInstances (node_modules/@nestjs/core/injector/instance-loader.js:39:9)
      at TestingInstanceLoader.createInstancesOfDependencies (node_modules/@nestjs/core/injector/instance-loader.js:22:13)
      at TestingInstanceLoader.createInstancesOfDependencies (node_modules/@nestjs/testing/testing-instance-loader.js:9:9)
      at TestingModuleBuilder.createInstancesOfDependencies (node_modules/@nestjs/testing/testing-module.builder.js:118:9)
      at TestingModuleBuilder.compile (node_modules/@nestjs/testing/testing-module.builder.js:74:9)
      at Object.<anonymous> (src/modules/user-permission/user-permission.service.spec.ts:32:35)

  ● UserPermissionService › getInheritedPermissions › 应该返回空数组如果用户无角色

    Nest can't resolve dependencies of the UserPermissionService (PrismaService, ?). Please make sure that the argument NotificationService at index [1] is available in the RootTestModule context.

    Potential solutions:
    - Is RootTestModule a valid NestJS module?
    - If NotificationService is a provider, is it part of the current RootTestModule?
    - If NotificationService is exported from a separate @Module, is that module imported within RootTestModule?
      @Module({
        imports: [ /* the Module containing NotificationService */ ]
      })

      30 |
      31 |   beforeEach(async () => {
    > 32 |     const module: TestingModule = await Test.createTestingModule({
         |                                   ^
      33 |       providers: [
      34 |         UserPermissionService,
      35 |         {

      at TestingInjector.lookupComponentInParentModules (node_modules/@nestjs/core/injector/injector.js:262:19)
      at TestingInjector.resolveComponentInstance (node_modules/@nestjs/core/injector/injector.js:215:33)
      at TestingInjector.resolveComponentInstance (node_modules/@nestjs/testing/testing-injector.js:19:45)
      at resolveParam (node_modules/@nestjs/core/injector/injector.js:129:38)
          at async Promise.all (index 1)
      at TestingInjector.resolveConstructorParams (node_modules/@nestjs/core/injector/injector.js:144:27)
      at TestingInjector.loadInstance (node_modules/@nestjs/core/injector/injector.js:70:13)
      at TestingInjector.loadProvider (node_modules/@nestjs/core/injector/injector.js:98:9)
      at node_modules/@nestjs/core/injector/instance-loader.js:56:13
          at async Promise.all (index 3)
      at TestingInstanceLoader.createInstancesOfProviders (node_modules/@nestjs/core/injector/instance-loader.js:55:9)
      at node_modules/@nestjs/core/injector/instance-loader.js:40:13
          at async Promise.all (index 1)
      at TestingInstanceLoader.createInstances (node_modules/@nestjs/core/injector/instance-loader.js:39:9)
      at TestingInstanceLoader.createInstancesOfDependencies (node_modules/@nestjs/core/injector/instance-loader.js:22:13)
      at TestingInstanceLoader.createInstancesOfDependencies (node_modules/@nestjs/testing/testing-instance-loader.js:9:9)
      at TestingModuleBuilder.createInstancesOfDependencies (node_modules/@nestjs/testing/testing-module.builder.js:118:9)
      at TestingModuleBuilder.compile (node_modules/@nestjs/testing/testing-module.builder.js:74:9)
      at Object.<anonymous> (src/modules/user-permission/user-permission.service.spec.ts:32:35)

  ● UserPermissionService › getInheritedPermissions › 应该返回空数组如果用户不存在

    Nest can't resolve dependencies of the UserPermissionService (PrismaService, ?). Please make sure that the argument NotificationService at index [1] is available in the RootTestModule context.

    Potential solutions:
    - Is RootTestModule a valid NestJS module?
    - If NotificationService is a provider, is it part of the current RootTestModule?
    - If NotificationService is exported from a separate @Module, is that module imported within RootTestModule?
      @Module({
        imports: [ /* the Module containing NotificationService */ ]
      })

      30 |
      31 |   beforeEach(async () => {
    > 32 |     const module: TestingModule = await Test.createTestingModule({
         |                                   ^
      33 |       providers: [
      34 |         UserPermissionService,
      35 |         {

      at TestingInjector.lookupComponentInParentModules (node_modules/@nestjs/core/injector/injector.js:262:19)
      at TestingInjector.resolveComponentInstance (node_modules/@nestjs/core/injector/injector.js:215:33)
      at TestingInjector.resolveComponentInstance (node_modules/@nestjs/testing/testing-injector.js:19:45)
      at resolveParam (node_modules/@nestjs/core/injector/injector.js:129:38)
          at async Promise.all (index 1)
      at TestingInjector.resolveConstructorParams (node_modules/@nestjs/core/injector/injector.js:144:27)
      at TestingInjector.loadInstance (node_modules/@nestjs/core/injector/injector.js:70:13)
      at TestingInjector.loadProvider (node_modules/@nestjs/core/injector/injector.js:98:9)
      at node_modules/@nestjs/core/injector/instance-loader.js:56:13
          at async Promise.all (index 3)
      at TestingInstanceLoader.createInstancesOfProviders (node_modules/@nestjs/core/injector/instance-loader.js:55:9)
      at node_modules/@nestjs/core/injector/instance-loader.js:40:13
          at async Promise.all (index 1)
      at TestingInstanceLoader.createInstances (node_modules/@nestjs/core/injector/instance-loader.js:39:9)
      at TestingInstanceLoader.createInstancesOfDependencies (node_modules/@nestjs/core/injector/instance-loader.js:22:13)
      at TestingInstanceLoader.createInstancesOfDependencies (node_modules/@nestjs/testing/testing-instance-loader.js:9:9)
      at TestingModuleBuilder.createInstancesOfDependencies (node_modules/@nestjs/testing/testing-module.builder.js:118:9)
      at TestingModuleBuilder.compile (node_modules/@nestjs/testing/testing-module.builder.js:74:9)
      at Object.<anonymous> (src/modules/user-permission/user-permission.service.spec.ts:32:35)

  ● UserPermissionService › batchGrantMultipleUsers › 应该批量授予多个用户多个权限

    Nest can't resolve dependencies of the UserPermissionService (PrismaService, ?). Please make sure that the argument NotificationService at index [1] is available in the RootTestModule context.

    Potential solutions:
    - Is RootTestModule a valid NestJS module?
    - If NotificationService is a provider, is it part of the current RootTestModule?
    - If NotificationService is exported from a separate @Module, is that module imported within RootTestModule?
      @Module({
        imports: [ /* the Module containing NotificationService */ ]
      })

      30 |
      31 |   beforeEach(async () => {
    > 32 |     const module: TestingModule = await Test.createTestingModule({
         |                                   ^
      33 |       providers: [
      34 |         UserPermissionService,
      35 |         {

      at TestingInjector.lookupComponentInParentModules (node_modules/@nestjs/core/injector/injector.js:262:19)
      at TestingInjector.resolveComponentInstance (node_modules/@nestjs/core/injector/injector.js:215:33)
      at TestingInjector.resolveComponentInstance (node_modules/@nestjs/testing/testing-injector.js:19:45)
      at resolveParam (node_modules/@nestjs/core/injector/injector.js:129:38)
          at async Promise.all (index 1)
      at TestingInjector.resolveConstructorParams (node_modules/@nestjs/core/injector/injector.js:144:27)
      at TestingInjector.loadInstance (node_modules/@nestjs/core/injector/injector.js:70:13)
      at TestingInjector.loadProvider (node_modules/@nestjs/core/injector/injector.js:98:9)
      at node_modules/@nestjs/core/injector/instance-loader.js:56:13
          at async Promise.all (index 3)
      at TestingInstanceLoader.createInstancesOfProviders (node_modules/@nestjs/core/injector/instance-loader.js:55:9)
      at node_modules/@nestjs/core/injector/instance-loader.js:40:13
          at async Promise.all (index 1)
      at TestingInstanceLoader.createInstances (node_modules/@nestjs/core/injector/instance-loader.js:39:9)
      at TestingInstanceLoader.createInstancesOfDependencies (node_modules/@nestjs/core/injector/instance-loader.js:22:13)
      at TestingInstanceLoader.createInstancesOfDependencies (node_modules/@nestjs/testing/testing-instance-loader.js:9:9)
      at TestingModuleBuilder.createInstancesOfDependencies (node_modules/@nestjs/testing/testing-module.builder.js:118:9)
      at TestingModuleBuilder.compile (node_modules/@nestjs/testing/testing-module.builder.js:74:9)
      at Object.<anonymous> (src/modules/user-permission/user-permission.service.spec.ts:32:35)

  ● UserPermissionService › batchGrantMultipleUsers › 应该处理部分用户不存在的情况

    Nest can't resolve dependencies of the UserPermissionService (PrismaService, ?). Please make sure that the argument NotificationService at index [1] is available in the RootTestModule context.

    Potential solutions:
    - Is RootTestModule a valid NestJS module?
    - If NotificationService is a provider, is it part of the current RootTestModule?
    - If NotificationService is exported from a separate @Module, is that module imported within RootTestModule?
      @Module({
        imports: [ /* the Module containing NotificationService */ ]
      })

      30 |
      31 |   beforeEach(async () => {
    > 32 |     const module: TestingModule = await Test.createTestingModule({
         |                                   ^
      33 |       providers: [
      34 |         UserPermissionService,
      35 |         {

      at TestingInjector.lookupComponentInParentModules (node_modules/@nestjs/core/injector/injector.js:262:19)
      at TestingInjector.resolveComponentInstance (node_modules/@nestjs/core/injector/injector.js:215:33)
      at TestingInjector.resolveComponentInstance (node_modules/@nestjs/testing/testing-injector.js:19:45)
      at resolveParam (node_modules/@nestjs/core/injector/injector.js:129:38)
          at async Promise.all (index 1)
      at TestingInjector.resolveConstructorParams (node_modules/@nestjs/core/injector/injector.js:144:27)
      at TestingInjector.loadInstance (node_modules/@nestjs/core/injector/injector.js:70:13)
      at TestingInjector.loadProvider (node_modules/@nestjs/core/injector/injector.js:98:9)
      at node_modules/@nestjs/core/injector/instance-loader.js:56:13
          at async Promise.all (index 3)
      at TestingInstanceLoader.createInstancesOfProviders (node_modules/@nestjs/core/injector/instance-loader.js:55:9)
      at node_modules/@nestjs/core/injector/instance-loader.js:40:13
          at async Promise.all (index 1)
      at TestingInstanceLoader.createInstances (node_modules/@nestjs/core/injector/instance-loader.js:39:9)
      at TestingInstanceLoader.createInstancesOfDependencies (node_modules/@nestjs/core/injector/instance-loader.js:22:13)
      at TestingInstanceLoader.createInstancesOfDependencies (node_modules/@nestjs/testing/testing-instance-loader.js:9:9)
      at TestingModuleBuilder.createInstancesOfDependencies (node_modules/@nestjs/testing/testing-module.builder.js:118:9)
      at TestingModuleBuilder.compile (node_modules/@nestjs/testing/testing-module.builder.js:74:9)
      at Object.<anonymous> (src/modules/user-permission/user-permission.service.spec.ts:32:35)

  ● UserPermissionService › batchGrantMultipleUsers › 应该处理部分权限不存在的情况

    Nest can't resolve dependencies of the UserPermissionService (PrismaService, ?). Please make sure that the argument NotificationService at index [1] is available in the RootTestModule context.

    Potential solutions:
    - Is RootTestModule a valid NestJS module?
    - If NotificationService is a provider, is it part of the current RootTestModule?
    - If NotificationService is exported from a separate @Module, is that module imported within RootTestModule?
      @Module({
        imports: [ /* the Module containing NotificationService */ ]
      })

      30 |
      31 |   beforeEach(async () => {
    > 32 |     const module: TestingModule = await Test.createTestingModule({
         |                                   ^
      33 |       providers: [
      34 |         UserPermissionService,
      35 |         {

      at TestingInjector.lookupComponentInParentModules (node_modules/@nestjs/core/injector/injector.js:262:19)
      at TestingInjector.resolveComponentInstance (node_modules/@nestjs/core/injector/injector.js:215:33)
      at TestingInjector.resolveComponentInstance (node_modules/@nestjs/testing/testing-injector.js:19:45)
      at resolveParam (node_modules/@nestjs/core/injector/injector.js:129:38)
          at async Promise.all (index 1)
      at TestingInjector.resolveConstructorParams (node_modules/@nestjs/core/injector/injector.js:144:27)
      at TestingInjector.loadInstance (node_modules/@nestjs/core/injector/injector.js:70:13)
      at TestingInjector.loadProvider (node_modules/@nestjs/core/injector/injector.js:98:9)
      at node_modules/@nestjs/core/injector/instance-loader.js:56:13
          at async Promise.all (index 3)
      at TestingInstanceLoader.createInstancesOfProviders (node_modules/@nestjs/core/injector/instance-loader.js:55:9)
      at node_modules/@nestjs/core/injector/instance-loader.js:40:13
          at async Promise.all (index 1)
      at TestingInstanceLoader.createInstances (node_modules/@nestjs/core/injector/instance-loader.js:39:9)
      at TestingInstanceLoader.createInstancesOfDependencies (node_modules/@nestjs/core/injector/instance-loader.js:22:13)
      at TestingInstanceLoader.createInstancesOfDependencies (node_modules/@nestjs/testing/testing-instance-loader.js:9:9)
      at TestingModuleBuilder.createInstancesOfDependencies (node_modules/@nestjs/testing/testing-module.builder.js:118:9)
      at TestingModuleBuilder.compile (node_modules/@nestjs/testing/testing-module.builder.js:74:9)
      at Object.<anonymous> (src/modules/user-permission/user-permission.service.spec.ts:32:35)

  ● UserPermissionService › batchRevokePermissions › 应该批量撤销权限

    Nest can't resolve dependencies of the UserPermissionService (PrismaService, ?). Please make sure that the argument NotificationService at index [1] is available in the RootTestModule context.

    Potential solutions:
    - Is RootTestModule a valid NestJS module?
    - If NotificationService is a provider, is it part of the current RootTestModule?
    - If NotificationService is exported from a separate @Module, is that module imported within RootTestModule?
      @Module({
        imports: [ /* the Module containing NotificationService */ ]
      })

      30 |
      31 |   beforeEach(async () => {
    > 32 |     const module: TestingModule = await Test.createTestingModule({
         |                                   ^
      33 |       providers: [
      34 |         UserPermissionService,
      35 |         {

      at TestingInjector.lookupComponentInParentModules (node_modules/@nestjs/core/injector/injector.js:262:19)
      at TestingInjector.resolveComponentInstance (node_modules/@nestjs/core/injector/injector.js:215:33)
      at TestingInjector.resolveComponentInstance (node_modules/@nestjs/testing/testing-injector.js:19:45)
      at resolveParam (node_modules/@nestjs/core/injector/injector.js:129:38)
          at async Promise.all (index 1)
      at TestingInjector.resolveConstructorParams (node_modules/@nestjs/core/injector/injector.js:144:27)
      at TestingInjector.loadInstance (node_modules/@nestjs/core/injector/injector.js:70:13)
      at TestingInjector.loadProvider (node_modules/@nestjs/core/injector/injector.js:98:9)
      at node_modules/@nestjs/core/injector/instance-loader.js:56:13
          at async Promise.all (index 3)
      at TestingInstanceLoader.createInstancesOfProviders (node_modules/@nestjs/core/injector/instance-loader.js:55:9)
      at node_modules/@nestjs/core/injector/instance-loader.js:40:13
          at async Promise.all (index 1)
      at TestingInstanceLoader.createInstances (node_modules/@nestjs/core/injector/instance-loader.js:39:9)
      at TestingInstanceLoader.createInstancesOfDependencies (node_modules/@nestjs/core/injector/instance-loader.js:22:13)
      at TestingInstanceLoader.createInstancesOfDependencies (node_modules/@nestjs/testing/testing-instance-loader.js:9:9)
      at TestingModuleBuilder.createInstancesOfDependencies (node_modules/@nestjs/testing/testing-module.builder.js:118:9)
      at TestingModuleBuilder.compile (node_modules/@nestjs/testing/testing-module.builder.js:74:9)
      at Object.<anonymous> (src/modules/user-permission/user-permission.service.spec.ts:32:35)

  ● UserPermissionService › batchRevokePermissions › 应该处理部分权限不存在的情况

    Nest can't resolve dependencies of the UserPermissionService (PrismaService, ?). Please make sure that the argument NotificationService at index [1] is available in the RootTestModule context.

    Potential solutions:
    - Is RootTestModule a valid NestJS module?
    - If NotificationService is a provider, is it part of the current RootTestModule?
    - If NotificationService is exported from a separate @Module, is that module imported within RootTestModule?
      @Module({
        imports: [ /* the Module containing NotificationService */ ]
      })

      30 |
      31 |   beforeEach(async () => {
    > 32 |     const module: TestingModule = await Test.createTestingModule({
         |                                   ^
      33 |       providers: [
      34 |         UserPermissionService,
      35 |         {

      at TestingInjector.lookupComponentInParentModules (node_modules/@nestjs/core/injector/injector.js:262:19)
      at TestingInjector.resolveComponentInstance (node_modules/@nestjs/core/injector/injector.js:215:33)
      at TestingInjector.resolveComponentInstance (node_modules/@nestjs/testing/testing-injector.js:19:45)
      at resolveParam (node_modules/@nestjs/core/injector/injector.js:129:38)
          at async Promise.all (index 1)
      at TestingInjector.resolveConstructorParams (node_modules/@nestjs/core/injector/injector.js:144:27)
      at TestingInjector.loadInstance (node_modules/@nestjs/core/injector/injector.js:70:13)
      at TestingInjector.loadProvider (node_modules/@nestjs/core/injector/injector.js:98:9)
      at node_modules/@nestjs/core/injector/instance-loader.js:56:13
          at async Promise.all (index 3)
      at TestingInstanceLoader.createInstancesOfProviders (node_modules/@nestjs/core/injector/instance-loader.js:55:9)
      at node_modules/@nestjs/core/injector/instance-loader.js:40:13
          at async Promise.all (index 1)
      at TestingInstanceLoader.createInstances (node_modules/@nestjs/core/injector/instance-loader.js:39:9)
      at TestingInstanceLoader.createInstancesOfDependencies (node_modules/@nestjs/core/injector/instance-loader.js:22:13)
      at TestingInstanceLoader.createInstancesOfDependencies (node_modules/@nestjs/testing/testing-instance-loader.js:9:9)
      at TestingModuleBuilder.createInstancesOfDependencies (node_modules/@nestjs/testing/testing-module.builder.js:118:9)
      at TestingModuleBuilder.compile (node_modules/@nestjs/testing/testing-module.builder.js:74:9)
      at Object.<anonymous> (src/modules/user-permission/user-permission.service.spec.ts:32:35)

FAIL test/role.e2e-spec.ts
  ● Role Management (e2e) › User表roleId外键 › 应该允许User关联Role

    TypeError: Cannot read properties of null (reading 'id')

      269 |         const updated = await prisma.user.update({
      270 |           where: { id: user.id },
    > 271 |           data: { roleId: role!.id }
          |                                 ^
      272 |         });
      273 |
      274 |         expect(updated.roleId).toBe(role!.id);

      at Object.<anonymous> (test/role.e2e-spec.ts:271:33)

FAIL src/modules/deviation/deviation.service.spec.ts
  ● DeviationService - detectDeviations › 应该检测到范围公差偏离（高于最大值）

    Nest can't resolve dependencies of the DeviationService (PrismaService, ?). Please make sure that the argument ApprovalService at index [1] is available in the RootTestModule context.

    Potential solutions:
    - Is RootTestModule a valid NestJS module?
    - If ApprovalService is a provider, is it part of the current RootTestModule?
    - If ApprovalService is exported from a separate @Module, is that module imported within RootTestModule?
      @Module({
        imports: [ /* the Module containing ApprovalService */ ]
      })

      13 |
      14 |   beforeEach(async () => {
    > 15 |     const module: TestingModule = await Test.createTestingModule({
         |                                   ^
      16 |       providers: [DeviationService, { provide: PrismaService, useValue: mockPrismaService }],
      17 |     }).compile();
      18 |

      at TestingInjector.lookupComponentInParentModules (node_modules/@nestjs/core/injector/injector.js:262:19)
      at TestingInjector.resolveComponentInstance (node_modules/@nestjs/core/injector/injector.js:215:33)
      at TestingInjector.resolveComponentInstance (node_modules/@nestjs/testing/testing-injector.js:19:45)
      at resolveParam (node_modules/@nestjs/core/injector/injector.js:129:38)
          at async Promise.all (index 1)
      at TestingInjector.resolveConstructorParams (node_modules/@nestjs/core/injector/injector.js:144:27)
      at TestingInjector.loadInstance (node_modules/@nestjs/core/injector/injector.js:70:13)
      at TestingInjector.loadProvider (node_modules/@nestjs/core/injector/injector.js:98:9)
      at node_modules/@nestjs/core/injector/instance-loader.js:56:13
          at async Promise.all (index 3)
      at TestingInstanceLoader.createInstancesOfProviders (node_modules/@nestjs/core/injector/instance-loader.js:55:9)
      at node_modules/@nestjs/core/injector/instance-loader.js:40:13
          at async Promise.all (index 1)
      at TestingInstanceLoader.createInstances (node_modules/@nestjs/core/injector/instance-loader.js:39:9)
      at TestingInstanceLoader.createInstancesOfDependencies (node_modules/@nestjs/core/injector/instance-loader.js:22:13)
      at TestingInstanceLoader.createInstancesOfDependencies (node_modules/@nestjs/testing/testing-instance-loader.js:9:9)
      at TestingModuleBuilder.createInstancesOfDependencies (node_modules/@nestjs/testing/testing-module.builder.js:118:9)
      at TestingModuleBuilder.compile (node_modules/@nestjs/testing/testing-module.builder.js:74:9)
      at Object.<anonymous> (src/modules/deviation/deviation.service.spec.ts:15:35)

  ● DeviationService - detectDeviations › 应该检测到范围公差偏离（低于最小值）

    Nest can't resolve dependencies of the DeviationService (PrismaService, ?). Please make sure that the argument ApprovalService at index [1] is available in the RootTestModule context.

    Potential solutions:
    - Is RootTestModule a valid NestJS module?
    - If ApprovalService is a provider, is it part of the current RootTestModule?
    - If ApprovalService is exported from a separate @Module, is that module imported within RootTestModule?
      @Module({
        imports: [ /* the Module containing ApprovalService */ ]
      })

      13 |
      14 |   beforeEach(async () => {
    > 15 |     const module: TestingModule = await Test.createTestingModule({
         |                                   ^
      16 |       providers: [DeviationService, { provide: PrismaService, useValue: mockPrismaService }],
      17 |     }).compile();
      18 |

      at TestingInjector.lookupComponentInParentModules (node_modules/@nestjs/core/injector/injector.js:262:19)
      at TestingInjector.resolveComponentInstance (node_modules/@nestjs/core/injector/injector.js:215:33)
      at TestingInjector.resolveComponentInstance (node_modules/@nestjs/testing/testing-injector.js:19:45)
      at resolveParam (node_modules/@nestjs/core/injector/injector.js:129:38)
          at async Promise.all (index 1)
      at TestingInjector.resolveConstructorParams (node_modules/@nestjs/core/injector/injector.js:144:27)
      at TestingInjector.loadInstance (node_modules/@nestjs/core/injector/injector.js:70:13)
      at TestingInjector.loadProvider (node_modules/@nestjs/core/injector/injector.js:98:9)
      at node_modules/@nestjs/core/injector/instance-loader.js:56:13
          at async Promise.all (index 3)
      at TestingInstanceLoader.createInstancesOfProviders (node_modules/@nestjs/core/injector/instance-loader.js:55:9)
      at node_modules/@nestjs/core/injector/instance-loader.js:40:13
          at async Promise.all (index 1)
      at TestingInstanceLoader.createInstances (node_modules/@nestjs/core/injector/instance-loader.js:39:9)
      at TestingInstanceLoader.createInstancesOfDependencies (node_modules/@nestjs/core/injector/instance-loader.js:22:13)
      at TestingInstanceLoader.createInstancesOfDependencies (node_modules/@nestjs/testing/testing-instance-loader.js:9:9)
      at TestingModuleBuilder.createInstancesOfDependencies (node_modules/@nestjs/testing/testing-module.builder.js:118:9)
      at TestingModuleBuilder.compile (node_modules/@nestjs/testing/testing-module.builder.js:74:9)
      at Object.<anonymous> (src/modules/deviation/deviation.service.spec.ts:15:35)

  ● DeviationService - detectDeviations › 应该在正常范围内不检测偏离

    Nest can't resolve dependencies of the DeviationService (PrismaService, ?). Please make sure that the argument ApprovalService at index [1] is available in the RootTestModule context.

    Potential solutions:
    - Is RootTestModule a valid NestJS module?
    - If ApprovalService is a provider, is it part of the current RootTestModule?
    - If ApprovalService is exported from a separate @Module, is that module imported within RootTestModule?
      @Module({
        imports: [ /* the Module containing ApprovalService */ ]
      })

      13 |
      14 |   beforeEach(async () => {
    > 15 |     const module: TestingModule = await Test.createTestingModule({
         |                                   ^
      16 |       providers: [DeviationService, { provide: PrismaService, useValue: mockPrismaService }],
      17 |     }).compile();
      18 |

      at TestingInjector.lookupComponentInParentModules (node_modules/@nestjs/core/injector/injector.js:262:19)
      at TestingInjector.resolveComponentInstance (node_modules/@nestjs/core/injector/injector.js:215:33)
      at TestingInjector.resolveComponentInstance (node_modules/@nestjs/testing/testing-injector.js:19:45)
      at resolveParam (node_modules/@nestjs/core/injector/injector.js:129:38)
          at async Promise.all (index 1)
      at TestingInjector.resolveConstructorParams (node_modules/@nestjs/core/injector/injector.js:144:27)
      at TestingInjector.loadInstance (node_modules/@nestjs/core/injector/injector.js:70:13)
      at TestingInjector.loadProvider (node_modules/@nestjs/core/injector/injector.js:98:9)
      at node_modules/@nestjs/core/injector/instance-loader.js:56:13
          at async Promise.all (index 3)
      at TestingInstanceLoader.createInstancesOfProviders (node_modules/@nestjs/core/injector/instance-loader.js:55:9)
      at node_modules/@nestjs/core/injector/instance-loader.js:40:13
          at async Promise.all (index 1)
      at TestingInstanceLoader.createInstances (node_modules/@nestjs/core/injector/instance-loader.js:39:9)
      at TestingInstanceLoader.createInstancesOfDependencies (node_modules/@nestjs/core/injector/instance-loader.js:22:13)
      at TestingInstanceLoader.createInstancesOfDependencies (node_modules/@nestjs/testing/testing-instance-loader.js:9:9)
      at TestingModuleBuilder.createInstancesOfDependencies (node_modules/@nestjs/testing/testing-module.builder.js:118:9)
      at TestingModuleBuilder.compile (node_modules/@nestjs/testing/testing-module.builder.js:74:9)
      at Object.<anonymous> (src/modules/deviation/deviation.service.spec.ts:15:35)

  ● DeviationService - detectDeviations › 应该检测到百分比公差偏离

    Nest can't resolve dependencies of the DeviationService (PrismaService, ?). Please make sure that the argument ApprovalService at index [1] is available in the RootTestModule context.

    Potential solutions:
    - Is RootTestModule a valid NestJS module?
    - If ApprovalService is a provider, is it part of the current RootTestModule?
    - If ApprovalService is exported from a separate @Module, is that module imported within RootTestModule?
      @Module({
        imports: [ /* the Module containing ApprovalService */ ]
      })

      13 |
      14 |   beforeEach(async () => {
    > 15 |     const module: TestingModule = await Test.createTestingModule({
         |                                   ^
      16 |       providers: [DeviationService, { provide: PrismaService, useValue: mockPrismaService }],
      17 |     }).compile();
      18 |

      at TestingInjector.lookupComponentInParentModules (node_modules/@nestjs/core/injector/injector.js:262:19)
      at TestingInjector.resolveComponentInstance (node_modules/@nestjs/core/injector/injector.js:215:33)
      at TestingInjector.resolveComponentInstance (node_modules/@nestjs/testing/testing-injector.js:19:45)
      at resolveParam (node_modules/@nestjs/core/injector/injector.js:129:38)
          at async Promise.all (index 1)
      at TestingInjector.resolveConstructorParams (node_modules/@nestjs/core/injector/injector.js:144:27)
      at TestingInjector.loadInstance (node_modules/@nestjs/core/injector/injector.js:70:13)
      at TestingInjector.loadProvider (node_modules/@nestjs/core/injector/injector.js:98:9)
      at node_modules/@nestjs/core/injector/instance-loader.js:56:13
          at async Promise.all (index 3)
      at TestingInstanceLoader.createInstancesOfProviders (node_modules/@nestjs/core/injector/instance-loader.js:55:9)
      at node_modules/@nestjs/core/injector/instance-loader.js:40:13
          at async Promise.all (index 1)
      at TestingInstanceLoader.createInstances (node_modules/@nestjs/core/injector/instance-loader.js:39:9)
      at TestingInstanceLoader.createInstancesOfDependencies (node_modules/@nestjs/core/injector/instance-loader.js:22:13)
      at TestingInstanceLoader.createInstancesOfDependencies (node_modules/@nestjs/testing/testing-instance-loader.js:9:9)
      at TestingModuleBuilder.createInstancesOfDependencies (node_modules/@nestjs/testing/testing-module.builder.js:118:9)
      at TestingModuleBuilder.compile (node_modules/@nestjs/testing/testing-module.builder.js:74:9)
      at Object.<anonymous> (src/modules/deviation/deviation.service.spec.ts:15:35)

  ● DeviationService - detectDeviations › 应该跳过非数字字段

    Nest can't resolve dependencies of the DeviationService (PrismaService, ?). Please make sure that the argument ApprovalService at index [1] is available in the RootTestModule context.

    Potential solutions:
    - Is RootTestModule a valid NestJS module?
    - If ApprovalService is a provider, is it part of the current RootTestModule?
    - If ApprovalService is exported from a separate @Module, is that module imported within RootTestModule?
      @Module({
        imports: [ /* the Module containing ApprovalService */ ]
      })

      13 |
      14 |   beforeEach(async () => {
    > 15 |     const module: TestingModule = await Test.createTestingModule({
         |                                   ^
      16 |       providers: [DeviationService, { provide: PrismaService, useValue: mockPrismaService }],
      17 |     }).compile();
      18 |

      at TestingInjector.lookupComponentInParentModules (node_modules/@nestjs/core/injector/injector.js:262:19)
      at TestingInjector.resolveComponentInstance (node_modules/@nestjs/core/injector/injector.js:215:33)
      at TestingInjector.resolveComponentInstance (node_modules/@nestjs/testing/testing-injector.js:19:45)
      at resolveParam (node_modules/@nestjs/core/injector/injector.js:129:38)
          at async Promise.all (index 1)
      at TestingInjector.resolveConstructorParams (node_modules/@nestjs/core/injector/injector.js:144:27)
      at TestingInjector.loadInstance (node_modules/@nestjs/core/injector/injector.js:70:13)
      at TestingInjector.loadProvider (node_modules/@nestjs/core/injector/injector.js:98:9)
      at node_modules/@nestjs/core/injector/instance-loader.js:56:13
          at async Promise.all (index 3)
      at TestingInstanceLoader.createInstancesOfProviders (node_modules/@nestjs/core/injector/instance-loader.js:55:9)
      at node_modules/@nestjs/core/injector/instance-loader.js:40:13
          at async Promise.all (index 1)
      at TestingInstanceLoader.createInstances (node_modules/@nestjs/core/injector/instance-loader.js:39:9)
      at TestingInstanceLoader.createInstancesOfDependencies (node_modules/@nestjs/core/injector/instance-loader.js:22:13)
      at TestingInstanceLoader.createInstancesOfDependencies (node_modules/@nestjs/testing/testing-instance-loader.js:9:9)
      at TestingModuleBuilder.createInstancesOfDependencies (node_modules/@nestjs/testing/testing-module.builder.js:118:9)
      at TestingModuleBuilder.compile (node_modules/@nestjs/testing/testing-module.builder.js:74:9)
      at Object.<anonymous> (src/modules/deviation/deviation.service.spec.ts:15:35)

  ● DeviationService - detectDeviations › 应该跳过没有公差的数字字段

    Nest can't resolve dependencies of the DeviationService (PrismaService, ?). Please make sure that the argument ApprovalService at index [1] is available in the RootTestModule context.

    Potential solutions:
    - Is RootTestModule a valid NestJS module?
    - If ApprovalService is a provider, is it part of the current RootTestModule?
    - If ApprovalService is exported from a separate @Module, is that module imported within RootTestModule?
      @Module({
        imports: [ /* the Module containing ApprovalService */ ]
      })

      13 |
      14 |   beforeEach(async () => {
    > 15 |     const module: TestingModule = await Test.createTestingModule({
         |                                   ^
      16 |       providers: [DeviationService, { provide: PrismaService, useValue: mockPrismaService }],
      17 |     }).compile();
      18 |

      at TestingInjector.lookupComponentInParentModules (node_modules/@nestjs/core/injector/injector.js:262:19)
      at TestingInjector.resolveComponentInstance (node_modules/@nestjs/core/injector/injector.js:215:33)
      at TestingInjector.resolveComponentInstance (node_modules/@nestjs/testing/testing-injector.js:19:45)
      at resolveParam (node_modules/@nestjs/core/injector/injector.js:129:38)
          at async Promise.all (index 1)
      at TestingInjector.resolveConstructorParams (node_modules/@nestjs/core/injector/injector.js:144:27)
      at TestingInjector.loadInstance (node_modules/@nestjs/core/injector/injector.js:70:13)
      at TestingInjector.loadProvider (node_modules/@nestjs/core/injector/injector.js:98:9)
      at node_modules/@nestjs/core/injector/instance-loader.js:56:13
          at async Promise.all (index 3)
      at TestingInstanceLoader.createInstancesOfProviders (node_modules/@nestjs/core/injector/instance-loader.js:55:9)
      at node_modules/@nestjs/core/injector/instance-loader.js:40:13
          at async Promise.all (index 1)
      at TestingInstanceLoader.createInstances (node_modules/@nestjs/core/injector/instance-loader.js:39:9)
      at TestingInstanceLoader.createInstancesOfDependencies (node_modules/@nestjs/core/injector/instance-loader.js:22:13)
      at TestingInstanceLoader.createInstancesOfDependencies (node_modules/@nestjs/testing/testing-instance-loader.js:9:9)
      at TestingModuleBuilder.createInstancesOfDependencies (node_modules/@nestjs/testing/testing-module.builder.js:118:9)
      at TestingModuleBuilder.compile (node_modules/@nestjs/testing/testing-module.builder.js:74:9)
      at Object.<anonymous> (src/modules/deviation/deviation.service.spec.ts:15:35)

  ● DeviationService - detectDeviations › 应该跳过 undefined 或 null 的值

    Nest can't resolve dependencies of the DeviationService (PrismaService, ?). Please make sure that the argument ApprovalService at index [1] is available in the RootTestModule context.

    Potential solutions:
    - Is RootTestModule a valid NestJS module?
    - If ApprovalService is a provider, is it part of the current RootTestModule?
    - If ApprovalService is exported from a separate @Module, is that module imported within RootTestModule?
      @Module({
        imports: [ /* the Module containing ApprovalService */ ]
      })

      13 |
      14 |   beforeEach(async () => {
    > 15 |     const module: TestingModule = await Test.createTestingModule({
         |                                   ^
      16 |       providers: [DeviationService, { provide: PrismaService, useValue: mockPrismaService }],
      17 |     }).compile();
      18 |

      at TestingInjector.lookupComponentInParentModules (node_modules/@nestjs/core/injector/injector.js:262:19)
      at TestingInjector.resolveComponentInstance (node_modules/@nestjs/core/injector/injector.js:215:33)
      at TestingInjector.resolveComponentInstance (node_modules/@nestjs/testing/testing-injector.js:19:45)
      at resolveParam (node_modules/@nestjs/core/injector/injector.js:129:38)
          at async Promise.all (index 1)
      at TestingInjector.resolveConstructorParams (node_modules/@nestjs/core/injector/injector.js:144:27)
      at TestingInjector.loadInstance (node_modules/@nestjs/core/injector/injector.js:70:13)
      at TestingInjector.loadProvider (node_modules/@nestjs/core/injector/injector.js:98:9)
      at node_modules/@nestjs/core/injector/instance-loader.js:56:13
          at async Promise.all (index 3)
      at TestingInstanceLoader.createInstancesOfProviders (node_modules/@nestjs/core/injector/instance-loader.js:55:9)
      at node_modules/@nestjs/core/injector/instance-loader.js:40:13
          at async Promise.all (index 1)
      at TestingInstanceLoader.createInstances (node_modules/@nestjs/core/injector/instance-loader.js:39:9)
      at TestingInstanceLoader.createInstancesOfDependencies (node_modules/@nestjs/core/injector/instance-loader.js:22:13)
      at TestingInstanceLoader.createInstancesOfDependencies (node_modules/@nestjs/testing/testing-instance-loader.js:9:9)
      at TestingModuleBuilder.createInstancesOfDependencies (node_modules/@nestjs/testing/testing-module.builder.js:118:9)
      at TestingModuleBuilder.compile (node_modules/@nestjs/testing/testing-module.builder.js:74:9)
      at Object.<anonymous> (src/modules/deviation/deviation.service.spec.ts:15:35)

  ● DeviationService - detectDeviations › calculateDeviationRate 应该在期望值为0时返回0

    Nest can't resolve dependencies of the DeviationService (PrismaService, ?). Please make sure that the argument ApprovalService at index [1] is available in the RootTestModule context.

    Potential solutions:
    - Is RootTestModule a valid NestJS module?
    - If ApprovalService is a provider, is it part of the current RootTestModule?
    - If ApprovalService is exported from a separate @Module, is that module imported within RootTestModule?
      @Module({
        imports: [ /* the Module containing ApprovalService */ ]
      })

      13 |
      14 |   beforeEach(async () => {
    > 15 |     const module: TestingModule = await Test.createTestingModule({
         |                                   ^
      16 |       providers: [DeviationService, { provide: PrismaService, useValue: mockPrismaService }],
      17 |     }).compile();
      18 |

      at TestingInjector.lookupComponentInParentModules (node_modules/@nestjs/core/injector/injector.js:262:19)
      at TestingInjector.resolveComponentInstance (node_modules/@nestjs/core/injector/injector.js:215:33)
      at TestingInjector.resolveComponentInstance (node_modules/@nestjs/testing/testing-injector.js:19:45)
      at resolveParam (node_modules/@nestjs/core/injector/injector.js:129:38)
          at async Promise.all (index 1)
      at TestingInjector.resolveConstructorParams (node_modules/@nestjs/core/injector/injector.js:144:27)
      at TestingInjector.loadInstance (node_modules/@nestjs/core/injector/injector.js:70:13)
      at TestingInjector.loadProvider (node_modules/@nestjs/core/injector/injector.js:98:9)
      at node_modules/@nestjs/core/injector/instance-loader.js:56:13
          at async Promise.all (index 3)
      at TestingInstanceLoader.createInstancesOfProviders (node_modules/@nestjs/core/injector/instance-loader.js:55:9)
      at node_modules/@nestjs/core/injector/instance-loader.js:40:13
          at async Promise.all (index 1)
      at TestingInstanceLoader.createInstances (node_modules/@nestjs/core/injector/instance-loader.js:39:9)
      at TestingInstanceLoader.createInstancesOfDependencies (node_modules/@nestjs/core/injector/instance-loader.js:22:13)
      at TestingInstanceLoader.createInstancesOfDependencies (node_modules/@nestjs/testing/testing-instance-loader.js:9:9)
      at TestingModuleBuilder.createInstancesOfDependencies (node_modules/@nestjs/testing/testing-module.builder.js:118:9)
      at TestingModuleBuilder.compile (node_modules/@nestjs/testing/testing-module.builder.js:74:9)
      at Object.<anonymous> (src/modules/deviation/deviation.service.spec.ts:15:35)

  ● DeviationService - detectDeviations › calculateDeviationRate 应该正确计算偏离率

    Nest can't resolve dependencies of the DeviationService (PrismaService, ?). Please make sure that the argument ApprovalService at index [1] is available in the RootTestModule context.

    Potential solutions:
    - Is RootTestModule a valid NestJS module?
    - If ApprovalService is a provider, is it part of the current RootTestModule?
    - If ApprovalService is exported from a separate @Module, is that module imported within RootTestModule?
      @Module({
        imports: [ /* the Module containing ApprovalService */ ]
      })

      13 |
      14 |   beforeEach(async () => {
    > 15 |     const module: TestingModule = await Test.createTestingModule({
         |                                   ^
      16 |       providers: [DeviationService, { provide: PrismaService, useValue: mockPrismaService }],
      17 |     }).compile();
      18 |

      at TestingInjector.lookupComponentInParentModules (node_modules/@nestjs/core/injector/injector.js:262:19)
      at TestingInjector.resolveComponentInstance (node_modules/@nestjs/core/injector/injector.js:215:33)
      at TestingInjector.resolveComponentInstance (node_modules/@nestjs/testing/testing-injector.js:19:45)
      at resolveParam (node_modules/@nestjs/core/injector/injector.js:129:38)
          at async Promise.all (index 1)
      at TestingInjector.resolveConstructorParams (node_modules/@nestjs/core/injector/injector.js:144:27)
      at TestingInjector.loadInstance (node_modules/@nestjs/core/injector/injector.js:70:13)
      at TestingInjector.loadProvider (node_modules/@nestjs/core/injector/injector.js:98:9)
      at node_modules/@nestjs/core/injector/instance-loader.js:56:13
          at async Promise.all (index 3)
      at TestingInstanceLoader.createInstancesOfProviders (node_modules/@nestjs/core/injector/instance-loader.js:55:9)
      at node_modules/@nestjs/core/injector/instance-loader.js:40:13
          at async Promise.all (index 1)
      at TestingInstanceLoader.createInstances (node_modules/@nestjs/core/injector/instance-loader.js:39:9)
      at TestingInstanceLoader.createInstancesOfDependencies (node_modules/@nestjs/core/injector/instance-loader.js:22:13)
      at TestingInstanceLoader.createInstancesOfDependencies (node_modules/@nestjs/testing/testing-instance-loader.js:9:9)
      at TestingModuleBuilder.createInstancesOfDependencies (node_modules/@nestjs/testing/testing-module.builder.js:118:9)
      at TestingModuleBuilder.compile (node_modules/@nestjs/testing/testing-module.builder.js:74:9)
      at Object.<anonymous> (src/modules/deviation/deviation.service.spec.ts:15:35)

  ● DeviationService - createDeviationReports › 应该成功创建偏离报告

    Nest can't resolve dependencies of the DeviationService (PrismaService, ?). Please make sure that the argument ApprovalService at index [1] is available in the RootTestModule context.

    Potential solutions:
    - Is RootTestModule a valid NestJS module?
    - If ApprovalService is a provider, is it part of the current RootTestModule?
    - If ApprovalService is exported from a separate @Module, is that module imported within RootTestModule?
      @Module({
        imports: [ /* the Module containing ApprovalService */ ]
      })

      169 |
      170 |   beforeEach(async () => {
    > 171 |     const module: TestingModule = await Test.createTestingModule({
          |                                   ^
      172 |       providers: [DeviationService, { provide: PrismaService, useValue: mockPrismaService }],
      173 |     }).compile();
      174 |

      at TestingInjector.lookupComponentInParentModules (node_modules/@nestjs/core/injector/injector.js:262:19)
      at TestingInjector.resolveComponentInstance (node_modules/@nestjs/core/injector/injector.js:215:33)
      at TestingInjector.resolveComponentInstance (node_modules/@nestjs/testing/testing-injector.js:19:45)
      at resolveParam (node_modules/@nestjs/core/injector/injector.js:129:38)
          at async Promise.all (index 1)
      at TestingInjector.resolveConstructorParams (node_modules/@nestjs/core/injector/injector.js:144:27)
      at TestingInjector.loadInstance (node_modules/@nestjs/core/injector/injector.js:70:13)
      at TestingInjector.loadProvider (node_modules/@nestjs/core/injector/injector.js:98:9)
      at node_modules/@nestjs/core/injector/instance-loader.js:56:13
          at async Promise.all (index 3)
      at TestingInstanceLoader.createInstancesOfProviders (node_modules/@nestjs/core/injector/instance-loader.js:55:9)
      at node_modules/@nestjs/core/injector/instance-loader.js:40:13
          at async Promise.all (index 1)
      at TestingInstanceLoader.createInstances (node_modules/@nestjs/core/injector/instance-loader.js:39:9)
      at TestingInstanceLoader.createInstancesOfDependencies (node_modules/@nestjs/core/injector/instance-loader.js:22:13)
      at TestingInstanceLoader.createInstancesOfDependencies (node_modules/@nestjs/testing/testing-instance-loader.js:9:9)
      at TestingModuleBuilder.createInstancesOfDependencies (node_modules/@nestjs/testing/testing-module.builder.js:118:9)
      at TestingModuleBuilder.compile (node_modules/@nestjs/testing/testing-module.builder.js:74:9)
      at Object.<anonymous> (src/modules/deviation/deviation.service.spec.ts:171:35)

  ● DeviationService - createDeviationReports › 应该在缺少偏离原因时抛出异常

    Nest can't resolve dependencies of the DeviationService (PrismaService, ?). Please make sure that the argument ApprovalService at index [1] is available in the RootTestModule context.

    Potential solutions:
    - Is RootTestModule a valid NestJS module?
    - If ApprovalService is a provider, is it part of the current RootTestModule?
    - If ApprovalService is exported from a separate @Module, is that module imported within RootTestModule?
      @Module({
        imports: [ /* the Module containing ApprovalService */ ]
      })

      169 |
      170 |   beforeEach(async () => {
    > 171 |     const module: TestingModule = await Test.createTestingModule({
          |                                   ^
      172 |       providers: [DeviationService, { provide: PrismaService, useValue: mockPrismaService }],
      173 |     }).compile();
      174 |

      at TestingInjector.lookupComponentInParentModules (node_modules/@nestjs/core/injector/injector.js:262:19)
      at TestingInjector.resolveComponentInstance (node_modules/@nestjs/core/injector/injector.js:215:33)
      at TestingInjector.resolveComponentInstance (node_modules/@nestjs/testing/testing-injector.js:19:45)
      at resolveParam (node_modules/@nestjs/core/injector/injector.js:129:38)
          at async Promise.all (index 1)
      at TestingInjector.resolveConstructorParams (node_modules/@nestjs/core/injector/injector.js:144:27)
      at TestingInjector.loadInstance (node_modules/@nestjs/core/injector/injector.js:70:13)
      at TestingInjector.loadProvider (node_modules/@nestjs/core/injector/injector.js:98:9)
      at node_modules/@nestjs/core/injector/instance-loader.js:56:13
          at async Promise.all (index 3)
      at TestingInstanceLoader.createInstancesOfProviders (node_modules/@nestjs/core/injector/instance-loader.js:55:9)
      at node_modules/@nestjs/core/injector/instance-loader.js:40:13
          at async Promise.all (index 1)
      at TestingInstanceLoader.createInstances (node_modules/@nestjs/core/injector/instance-loader.js:39:9)
      at TestingInstanceLoader.createInstancesOfDependencies (node_modules/@nestjs/core/injector/instance-loader.js:22:13)
      at TestingInstanceLoader.createInstancesOfDependencies (node_modules/@nestjs/testing/testing-instance-loader.js:9:9)
      at TestingModuleBuilder.createInstancesOfDependencies (node_modules/@nestjs/testing/testing-module.builder.js:118:9)
      at TestingModuleBuilder.compile (node_modules/@nestjs/testing/testing-module.builder.js:74:9)
      at Object.<anonymous> (src/modules/deviation/deviation.service.spec.ts:171:35)

  ● DeviationService - createDeviationReports › 应该在偏离原因过短时抛出异常

    Nest can't resolve dependencies of the DeviationService (PrismaService, ?). Please make sure that the argument ApprovalService at index [1] is available in the RootTestModule context.

    Potential solutions:
    - Is RootTestModule a valid NestJS module?
    - If ApprovalService is a provider, is it part of the current RootTestModule?
    - If ApprovalService is exported from a separate @Module, is that module imported within RootTestModule?
      @Module({
        imports: [ /* the Module containing ApprovalService */ ]
      })

      169 |
      170 |   beforeEach(async () => {
    > 171 |     const module: TestingModule = await Test.createTestingModule({
          |                                   ^
      172 |       providers: [DeviationService, { provide: PrismaService, useValue: mockPrismaService }],
      173 |     }).compile();
      174 |

      at TestingInjector.lookupComponentInParentModules (node_modules/@nestjs/core/injector/injector.js:262:19)
      at TestingInjector.resolveComponentInstance (node_modules/@nestjs/core/injector/injector.js:215:33)
      at TestingInjector.resolveComponentInstance (node_modules/@nestjs/testing/testing-injector.js:19:45)
      at resolveParam (node_modules/@nestjs/core/injector/injector.js:129:38)
          at async Promise.all (index 1)
      at TestingInjector.resolveConstructorParams (node_modules/@nestjs/core/injector/injector.js:144:27)
      at TestingInjector.loadInstance (node_modules/@nestjs/core/injector/injector.js:70:13)
      at TestingInjector.loadProvider (node_modules/@nestjs/core/injector/injector.js:98:9)
      at node_modules/@nestjs/core/injector/instance-loader.js:56:13
          at async Promise.all (index 3)
      at TestingInstanceLoader.createInstancesOfProviders (node_modules/@nestjs/core/injector/instance-loader.js:55:9)
      at node_modules/@nestjs/core/injector/instance-loader.js:40:13
          at async Promise.all (index 1)
      at TestingInstanceLoader.createInstances (node_modules/@nestjs/core/injector/instance-loader.js:39:9)
      at TestingInstanceLoader.createInstancesOfDependencies (node_modules/@nestjs/core/injector/instance-loader.js:22:13)
      at TestingInstanceLoader.createInstancesOfDependencies (node_modules/@nestjs/testing/testing-instance-loader.js:9:9)
      at TestingModuleBuilder.createInstancesOfDependencies (node_modules/@nestjs/testing/testing-module.builder.js:118:9)
      at TestingModuleBuilder.compile (node_modules/@nestjs/testing/testing-module.builder.js:74:9)
      at Object.<anonymous> (src/modules/deviation/deviation.service.spec.ts:171:35)

  ● DeviationService - createDeviationReports › 应该在偏离原因过长时抛出异常

    Nest can't resolve dependencies of the DeviationService (PrismaService, ?). Please make sure that the argument ApprovalService at index [1] is available in the RootTestModule context.

    Potential solutions:
    - Is RootTestModule a valid NestJS module?
    - If ApprovalService is a provider, is it part of the current RootTestModule?
    - If ApprovalService is exported from a separate @Module, is that module imported within RootTestModule?
      @Module({
        imports: [ /* the Module containing ApprovalService */ ]
      })

      169 |
      170 |   beforeEach(async () => {
    > 171 |     const module: TestingModule = await Test.createTestingModule({
          |                                   ^
      172 |       providers: [DeviationService, { provide: PrismaService, useValue: mockPrismaService }],
      173 |     }).compile();
      174 |

      at TestingInjector.lookupComponentInParentModules (node_modules/@nestjs/core/injector/injector.js:262:19)
      at TestingInjector.resolveComponentInstance (node_modules/@nestjs/core/injector/injector.js:215:33)
      at TestingInjector.resolveComponentInstance (node_modules/@nestjs/testing/testing-injector.js:19:45)
      at resolveParam (node_modules/@nestjs/core/injector/injector.js:129:38)
          at async Promise.all (index 1)
      at TestingInjector.resolveConstructorParams (node_modules/@nestjs/core/injector/injector.js:144:27)
      at TestingInjector.loadInstance (node_modules/@nestjs/core/injector/injector.js:70:13)
      at TestingInjector.loadProvider (node_modules/@nestjs/core/injector/injector.js:98:9)
      at node_modules/@nestjs/core/injector/instance-loader.js:56:13
          at async Promise.all (index 3)
      at TestingInstanceLoader.createInstancesOfProviders (node_modules/@nestjs/core/injector/instance-loader.js:55:9)
      at node_modules/@nestjs/core/injector/instance-loader.js:40:13
          at async Promise.all (index 1)
      at TestingInstanceLoader.createInstances (node_modules/@nestjs/core/injector/instance-loader.js:39:9)
      at TestingInstanceLoader.createInstancesOfDependencies (node_modules/@nestjs/core/injector/instance-loader.js:22:13)
      at TestingInstanceLoader.createInstancesOfDependencies (node_modules/@nestjs/testing/testing-instance-loader.js:9:9)
      at TestingModuleBuilder.createInstancesOfDependencies (node_modules/@nestjs/testing/testing-module.builder.js:118:9)
      at TestingModuleBuilder.compile (node_modules/@nestjs/testing/testing-module.builder.js:74:9)
      at Object.<anonymous> (src/modules/deviation/deviation.service.spec.ts:171:35)

  ● DeviationService - findDeviationReports › 应该成功查询偏离报告列表

    Nest can't resolve dependencies of the DeviationService (PrismaService, ?). Please make sure that the argument ApprovalService at index [1] is available in the RootTestModule context.

    Potential solutions:
    - Is RootTestModule a valid NestJS module?
    - If ApprovalService is a provider, is it part of the current RootTestModule?
    - If ApprovalService is exported from a separate @Module, is that module imported within RootTestModule?
      @Module({
        imports: [ /* the Module containing ApprovalService */ ]
      })

      297 |
      298 |   beforeEach(async () => {
    > 299 |     const module: TestingModule = await Test.createTestingModule({
          |                                   ^
      300 |       providers: [DeviationService, { provide: PrismaService, useValue: mockPrismaService }],
      301 |     }).compile();
      302 |

      at TestingInjector.lookupComponentInParentModules (node_modules/@nestjs/core/injector/injector.js:262:19)
      at TestingInjector.resolveComponentInstance (node_modules/@nestjs/core/injector/injector.js:215:33)
      at TestingInjector.resolveComponentInstance (node_modules/@nestjs/testing/testing-injector.js:19:45)
      at resolveParam (node_modules/@nestjs/core/injector/injector.js:129:38)
          at async Promise.all (index 1)
      at TestingInjector.resolveConstructorParams (node_modules/@nestjs/core/injector/injector.js:144:27)
      at TestingInjector.loadInstance (node_modules/@nestjs/core/injector/injector.js:70:13)
      at TestingInjector.loadProvider (node_modules/@nestjs/core/injector/injector.js:98:9)
      at node_modules/@nestjs/core/injector/instance-loader.js:56:13
          at async Promise.all (index 3)
      at TestingInstanceLoader.createInstancesOfProviders (node_modules/@nestjs/core/injector/instance-loader.js:55:9)
      at node_modules/@nestjs/core/injector/instance-loader.js:40:13
          at async Promise.all (index 1)
      at TestingInstanceLoader.createInstances (node_modules/@nestjs/core/injector/instance-loader.js:39:9)
      at TestingInstanceLoader.createInstancesOfDependencies (node_modules/@nestjs/core/injector/instance-loader.js:22:13)
      at TestingInstanceLoader.createInstancesOfDependencies (node_modules/@nestjs/testing/testing-instance-loader.js:9:9)
      at TestingModuleBuilder.createInstancesOfDependencies (node_modules/@nestjs/testing/testing-module.builder.js:118:9)
      at TestingModuleBuilder.compile (node_modules/@nestjs/testing/testing-module.builder.js:74:9)
      at Object.<anonymous> (src/modules/deviation/deviation.service.spec.ts:299:35)

  ● DeviationService - findDeviationReports › 应该支持按模板ID筛选

    Nest can't resolve dependencies of the DeviationService (PrismaService, ?). Please make sure that the argument ApprovalService at index [1] is available in the RootTestModule context.

    Potential solutions:
    - Is RootTestModule a valid NestJS module?
    - If ApprovalService is a provider, is it part of the current RootTestModule?
    - If ApprovalService is exported from a separate @Module, is that module imported within RootTestModule?
      @Module({
        imports: [ /* the Module containing ApprovalService */ ]
      })

      297 |
      298 |   beforeEach(async () => {
    > 299 |     const module: TestingModule = await Test.createTestingModule({
          |                                   ^
      300 |       providers: [DeviationService, { provide: PrismaService, useValue: mockPrismaService }],
      301 |     }).compile();
      302 |

      at TestingInjector.lookupComponentInParentModules (node_modules/@nestjs/core/injector/injector.js:262:19)
      at TestingInjector.resolveComponentInstance (node_modules/@nestjs/core/injector/injector.js:215:33)
      at TestingInjector.resolveComponentInstance (node_modules/@nestjs/testing/testing-injector.js:19:45)
      at resolveParam (node_modules/@nestjs/core/injector/injector.js:129:38)
          at async Promise.all (index 1)
      at TestingInjector.resolveConstructorParams (node_modules/@nestjs/core/injector/injector.js:144:27)
      at TestingInjector.loadInstance (node_modules/@nestjs/core/injector/injector.js:70:13)
      at TestingInjector.loadProvider (node_modules/@nestjs/core/injector/injector.js:98:9)
      at node_modules/@nestjs/core/injector/instance-loader.js:56:13
          at async Promise.all (index 3)
      at TestingInstanceLoader.createInstancesOfProviders (node_modules/@nestjs/core/injector/instance-loader.js:55:9)
      at node_modules/@nestjs/core/injector/instance-loader.js:40:13
          at async Promise.all (index 1)
      at TestingInstanceLoader.createInstances (node_modules/@nestjs/core/injector/instance-loader.js:39:9)
      at TestingInstanceLoader.createInstancesOfDependencies (node_modules/@nestjs/core/injector/instance-loader.js:22:13)
      at TestingInstanceLoader.createInstancesOfDependencies (node_modules/@nestjs/testing/testing-instance-loader.js:9:9)
      at TestingModuleBuilder.createInstancesOfDependencies (node_modules/@nestjs/testing/testing-module.builder.js:118:9)
      at TestingModuleBuilder.compile (node_modules/@nestjs/testing/testing-module.builder.js:74:9)
      at Object.<anonymous> (src/modules/deviation/deviation.service.spec.ts:299:35)

  ● DeviationService - findDeviationReports › 应该支持按记录ID筛选

    Nest can't resolve dependencies of the DeviationService (PrismaService, ?). Please make sure that the argument ApprovalService at index [1] is available in the RootTestModule context.

    Potential solutions:
    - Is RootTestModule a valid NestJS module?
    - If ApprovalService is a provider, is it part of the current RootTestModule?
    - If ApprovalService is exported from a separate @Module, is that module imported within RootTestModule?
      @Module({
        imports: [ /* the Module containing ApprovalService */ ]
      })

      297 |
      298 |   beforeEach(async () => {
    > 299 |     const module: TestingModule = await Test.createTestingModule({
          |                                   ^
      300 |       providers: [DeviationService, { provide: PrismaService, useValue: mockPrismaService }],
      301 |     }).compile();
      302 |

      at TestingInjector.lookupComponentInParentModules (node_modules/@nestjs/core/injector/injector.js:262:19)
      at TestingInjector.resolveComponentInstance (node_modules/@nestjs/core/injector/injector.js:215:33)
      at TestingInjector.resolveComponentInstance (node_modules/@nestjs/testing/testing-injector.js:19:45)
      at resolveParam (node_modules/@nestjs/core/injector/injector.js:129:38)
          at async Promise.all (index 1)
      at TestingInjector.resolveConstructorParams (node_modules/@nestjs/core/injector/injector.js:144:27)
      at TestingInjector.loadInstance (node_modules/@nestjs/core/injector/injector.js:70:13)
      at TestingInjector.loadProvider (node_modules/@nestjs/core/injector/injector.js:98:9)
      at node_modules/@nestjs/core/injector/instance-loader.js:56:13
          at async Promise.all (index 3)
      at TestingInstanceLoader.createInstancesOfProviders (node_modules/@nestjs/core/injector/instance-loader.js:55:9)
      at node_modules/@nestjs/core/injector/instance-loader.js:40:13
          at async Promise.all (index 1)
      at TestingInstanceLoader.createInstances (node_modules/@nestjs/core/injector/instance-loader.js:39:9)
      at TestingInstanceLoader.createInstancesOfDependencies (node_modules/@nestjs/core/injector/instance-loader.js:22:13)
      at TestingInstanceLoader.createInstancesOfDependencies (node_modules/@nestjs/testing/testing-instance-loader.js:9:9)
      at TestingModuleBuilder.createInstancesOfDependencies (node_modules/@nestjs/testing/testing-module.builder.js:118:9)
      at TestingModuleBuilder.compile (node_modules/@nestjs/testing/testing-module.builder.js:74:9)
      at Object.<anonymous> (src/modules/deviation/deviation.service.spec.ts:299:35)

  ● DeviationService - findDeviationReports › 应该支持按状态筛选

    Nest can't resolve dependencies of the DeviationService (PrismaService, ?). Please make sure that the argument ApprovalService at index [1] is available in the RootTestModule context.

    Potential solutions:
    - Is RootTestModule a valid NestJS module?
    - If ApprovalService is a provider, is it part of the current RootTestModule?
    - If ApprovalService is exported from a separate @Module, is that module imported within RootTestModule?
      @Module({
        imports: [ /* the Module containing ApprovalService */ ]
      })

      297 |
      298 |   beforeEach(async () => {
    > 299 |     const module: TestingModule = await Test.createTestingModule({
          |                                   ^
      300 |       providers: [DeviationService, { provide: PrismaService, useValue: mockPrismaService }],
      301 |     }).compile();
      302 |

      at TestingInjector.lookupComponentInParentModules (node_modules/@nestjs/core/injector/injector.js:262:19)
      at TestingInjector.resolveComponentInstance (node_modules/@nestjs/core/injector/injector.js:215:33)
      at TestingInjector.resolveComponentInstance (node_modules/@nestjs/testing/testing-injector.js:19:45)
      at resolveParam (node_modules/@nestjs/core/injector/injector.js:129:38)
          at async Promise.all (index 1)
      at TestingInjector.resolveConstructorParams (node_modules/@nestjs/core/injector/injector.js:144:27)
      at TestingInjector.loadInstance (node_modules/@nestjs/core/injector/injector.js:70:13)
      at TestingInjector.loadProvider (node_modules/@nestjs/core/injector/injector.js:98:9)
      at node_modules/@nestjs/core/injector/instance-loader.js:56:13
          at async Promise.all (index 3)
      at TestingInstanceLoader.createInstancesOfProviders (node_modules/@nestjs/core/injector/instance-loader.js:55:9)
      at node_modules/@nestjs/core/injector/instance-loader.js:40:13
          at async Promise.all (index 1)
      at TestingInstanceLoader.createInstances (node_modules/@nestjs/core/injector/instance-loader.js:39:9)
      at TestingInstanceLoader.createInstancesOfDependencies (node_modules/@nestjs/core/injector/instance-loader.js:22:13)
      at TestingInstanceLoader.createInstancesOfDependencies (node_modules/@nestjs/testing/testing-instance-loader.js:9:9)
      at TestingModuleBuilder.createInstancesOfDependencies (node_modules/@nestjs/testing/testing-module.builder.js:118:9)
      at TestingModuleBuilder.compile (node_modules/@nestjs/testing/testing-module.builder.js:74:9)
      at Object.<anonymous> (src/modules/deviation/deviation.service.spec.ts:299:35)

  ● DeviationService - findDeviationReports › 应该支持按日期范围筛选

    Nest can't resolve dependencies of the DeviationService (PrismaService, ?). Please make sure that the argument ApprovalService at index [1] is available in the RootTestModule context.

    Potential solutions:
    - Is RootTestModule a valid NestJS module?
    - If ApprovalService is a provider, is it part of the current RootTestModule?
    - If ApprovalService is exported from a separate @Module, is that module imported within RootTestModule?
      @Module({
        imports: [ /* the Module containing ApprovalService */ ]
      })

      297 |
      298 |   beforeEach(async () => {
    > 299 |     const module: TestingModule = await Test.createTestingModule({
          |                                   ^
      300 |       providers: [DeviationService, { provide: PrismaService, useValue: mockPrismaService }],
      301 |     }).compile();
      302 |

      at TestingInjector.lookupComponentInParentModules (node_modules/@nestjs/core/injector/injector.js:262:19)
      at TestingInjector.resolveComponentInstance (node_modules/@nestjs/core/injector/injector.js:215:33)
      at TestingInjector.resolveComponentInstance (node_modules/@nestjs/testing/testing-injector.js:19:45)
      at resolveParam (node_modules/@nestjs/core/injector/injector.js:129:38)
          at async Promise.all (index 1)
      at TestingInjector.resolveConstructorParams (node_modules/@nestjs/core/injector/injector.js:144:27)
      at TestingInjector.loadInstance (node_modules/@nestjs/core/injector/injector.js:70:13)
      at TestingInjector.loadProvider (node_modules/@nestjs/core/injector/injector.js:98:9)
      at node_modules/@nestjs/core/injector/instance-loader.js:56:13
          at async Promise.all (index 3)
      at TestingInstanceLoader.createInstancesOfProviders (node_modules/@nestjs/core/injector/instance-loader.js:55:9)
      at node_modules/@nestjs/core/injector/instance-loader.js:40:13
          at async Promise.all (index 1)
      at TestingInstanceLoader.createInstances (node_modules/@nestjs/core/injector/instance-loader.js:39:9)
      at TestingInstanceLoader.createInstancesOfDependencies (node_modules/@nestjs/core/injector/instance-loader.js:22:13)
      at TestingInstanceLoader.createInstancesOfDependencies (node_modules/@nestjs/testing/testing-instance-loader.js:9:9)
      at TestingModuleBuilder.createInstancesOfDependencies (node_modules/@nestjs/testing/testing-module.builder.js:118:9)
      at TestingModuleBuilder.compile (node_modules/@nestjs/testing/testing-module.builder.js:74:9)
      at Object.<anonymous> (src/modules/deviation/deviation.service.spec.ts:299:35)

  ● DeviationService - approveDeviationReport › 应该成功审批偏离报告

    Nest can't resolve dependencies of the DeviationService (PrismaService, ?). Please make sure that the argument ApprovalService at index [1] is available in the RootTestModule context.

    Potential solutions:
    - Is RootTestModule a valid NestJS module?
    - If ApprovalService is a provider, is it part of the current RootTestModule?
    - If ApprovalService is exported from a separate @Module, is that module imported within RootTestModule?
      @Module({
        imports: [ /* the Module containing ApprovalService */ ]
      })

      406 |
      407 |   beforeEach(async () => {
    > 408 |     const module: TestingModule = await Test.createTestingModule({
          |                                   ^
      409 |       providers: [DeviationService, { provide: PrismaService, useValue: mockPrismaService }],
      410 |     }).compile();
      411 |

      at TestingInjector.lookupComponentInParentModules (node_modules/@nestjs/core/injector/injector.js:262:19)
      at TestingInjector.resolveComponentInstance (node_modules/@nestjs/core/injector/injector.js:215:33)
      at TestingInjector.resolveComponentInstance (node_modules/@nestjs/testing/testing-injector.js:19:45)
      at resolveParam (node_modules/@nestjs/core/injector/injector.js:129:38)
          at async Promise.all (index 1)
      at TestingInjector.resolveConstructorParams (node_modules/@nestjs/core/injector/injector.js:144:27)
      at TestingInjector.loadInstance (node_modules/@nestjs/core/injector/injector.js:70:13)
      at TestingInjector.loadProvider (node_modules/@nestjs/core/injector/injector.js:98:9)
      at node_modules/@nestjs/core/injector/instance-loader.js:56:13
          at async Promise.all (index 3)
      at TestingInstanceLoader.createInstancesOfProviders (node_modules/@nestjs/core/injector/instance-loader.js:55:9)
      at node_modules/@nestjs/core/injector/instance-loader.js:40:13
          at async Promise.all (index 1)
      at TestingInstanceLoader.createInstances (node_modules/@nestjs/core/injector/instance-loader.js:39:9)
      at TestingInstanceLoader.createInstancesOfDependencies (node_modules/@nestjs/core/injector/instance-loader.js:22:13)
      at TestingInstanceLoader.createInstancesOfDependencies (node_modules/@nestjs/testing/testing-instance-loader.js:9:9)
      at TestingModuleBuilder.createInstancesOfDependencies (node_modules/@nestjs/testing/testing-module.builder.js:118:9)
      at TestingModuleBuilder.compile (node_modules/@nestjs/testing/testing-module.builder.js:74:9)
      at Object.<anonymous> (src/modules/deviation/deviation.service.spec.ts:408:35)

  ● DeviationService - approveDeviationReport › 应该在报告不存在时抛出异常

    Nest can't resolve dependencies of the DeviationService (PrismaService, ?). Please make sure that the argument ApprovalService at index [1] is available in the RootTestModule context.

    Potential solutions:
    - Is RootTestModule a valid NestJS module?
    - If ApprovalService is a provider, is it part of the current RootTestModule?
    - If ApprovalService is exported from a separate @Module, is that module imported within RootTestModule?
      @Module({
        imports: [ /* the Module containing ApprovalService */ ]
      })

      406 |
      407 |   beforeEach(async () => {
    > 408 |     const module: TestingModule = await Test.createTestingModule({
          |                                   ^
      409 |       providers: [DeviationService, { provide: PrismaService, useValue: mockPrismaService }],
      410 |     }).compile();
      411 |

      at TestingInjector.lookupComponentInParentModules (node_modules/@nestjs/core/injector/injector.js:262:19)
      at TestingInjector.resolveComponentInstance (node_modules/@nestjs/core/injector/injector.js:215:33)
      at TestingInjector.resolveComponentInstance (node_modules/@nestjs/testing/testing-injector.js:19:45)
      at resolveParam (node_modules/@nestjs/core/injector/injector.js:129:38)
          at async Promise.all (index 1)
      at TestingInjector.resolveConstructorParams (node_modules/@nestjs/core/injector/injector.js:144:27)
      at TestingInjector.loadInstance (node_modules/@nestjs/core/injector/injector.js:70:13)
      at TestingInjector.loadProvider (node_modules/@nestjs/core/injector/injector.js:98:9)
      at node_modules/@nestjs/core/injector/instance-loader.js:56:13
          at async Promise.all (index 3)
      at TestingInstanceLoader.createInstancesOfProviders (node_modules/@nestjs/core/injector/instance-loader.js:55:9)
      at node_modules/@nestjs/core/injector/instance-loader.js:40:13
          at async Promise.all (index 1)
      at TestingInstanceLoader.createInstances (node_modules/@nestjs/core/injector/instance-loader.js:39:9)
      at TestingInstanceLoader.createInstancesOfDependencies (node_modules/@nestjs/core/injector/instance-loader.js:22:13)
      at TestingInstanceLoader.createInstancesOfDependencies (node_modules/@nestjs/testing/testing-instance-loader.js:9:9)
      at TestingModuleBuilder.createInstancesOfDependencies (node_modules/@nestjs/testing/testing-module.builder.js:118:9)
      at TestingModuleBuilder.compile (node_modules/@nestjs/testing/testing-module.builder.js:74:9)
      at Object.<anonymous> (src/modules/deviation/deviation.service.spec.ts:408:35)

  ● DeviationService - approveDeviationReport › 应该在报告已审批时抛出异常

    Nest can't resolve dependencies of the DeviationService (PrismaService, ?). Please make sure that the argument ApprovalService at index [1] is available in the RootTestModule context.

    Potential solutions:
    - Is RootTestModule a valid NestJS module?
    - If ApprovalService is a provider, is it part of the current RootTestModule?
    - If ApprovalService is exported from a separate @Module, is that module imported within RootTestModule?
      @Module({
        imports: [ /* the Module containing ApprovalService */ ]
      })

      406 |
      407 |   beforeEach(async () => {
    > 408 |     const module: TestingModule = await Test.createTestingModule({
          |                                   ^
      409 |       providers: [DeviationService, { provide: PrismaService, useValue: mockPrismaService }],
      410 |     }).compile();
      411 |

      at TestingInjector.lookupComponentInParentModules (node_modules/@nestjs/core/injector/injector.js:262:19)
      at TestingInjector.resolveComponentInstance (node_modules/@nestjs/core/injector/injector.js:215:33)
      at TestingInjector.resolveComponentInstance (node_modules/@nestjs/testing/testing-injector.js:19:45)
      at resolveParam (node_modules/@nestjs/core/injector/injector.js:129:38)
          at async Promise.all (index 1)
      at TestingInjector.resolveConstructorParams (node_modules/@nestjs/core/injector/injector.js:144:27)
      at TestingInjector.loadInstance (node_modules/@nestjs/core/injector/injector.js:70:13)
      at TestingInjector.loadProvider (node_modules/@nestjs/core/injector/injector.js:98:9)
      at node_modules/@nestjs/core/injector/instance-loader.js:56:13
          at async Promise.all (index 3)
      at TestingInstanceLoader.createInstancesOfProviders (node_modules/@nestjs/core/injector/instance-loader.js:55:9)
      at node_modules/@nestjs/core/injector/instance-loader.js:40:13
          at async Promise.all (index 1)
      at TestingInstanceLoader.createInstances (node_modules/@nestjs/core/injector/instance-loader.js:39:9)
      at TestingInstanceLoader.createInstancesOfDependencies (node_modules/@nestjs/core/injector/instance-loader.js:22:13)
      at TestingInstanceLoader.createInstancesOfDependencies (node_modules/@nestjs/testing/testing-instance-loader.js:9:9)
      at TestingModuleBuilder.createInstancesOfDependencies (node_modules/@nestjs/testing/testing-module.builder.js:118:9)
      at TestingModuleBuilder.compile (node_modules/@nestjs/testing/testing-module.builder.js:74:9)
      at Object.<anonymous> (src/modules/deviation/deviation.service.spec.ts:408:35)

FAIL src/modules/workflow/workflow-task.service.spec.ts
  ● WorkflowTaskService › approve › 应该成功审批通过并创建下一步任务

    Nest can't resolve dependencies of the WorkflowTaskService (PrismaService, ?). Please make sure that the argument NotificationService at index [1] is available in the RootTestModule context.

    Potential solutions:
    - Is RootTestModule a valid NestJS module?
    - If NotificationService is a provider, is it part of the current RootTestModule?
    - If NotificationService is exported from a separate @Module, is that module imported within RootTestModule?
      @Module({
        imports: [ /* the Module containing NotificationService */ ]
      })

      27 |
      28 |   beforeEach(async () => {
    > 29 |     const module: TestingModule = await Test.createTestingModule({
         |                                   ^
      30 |       providers: [
      31 |         WorkflowTaskService,
      32 |         {

      at TestingInjector.lookupComponentInParentModules (node_modules/@nestjs/core/injector/injector.js:262:19)
      at TestingInjector.resolveComponentInstance (node_modules/@nestjs/core/injector/injector.js:215:33)
      at TestingInjector.resolveComponentInstance (node_modules/@nestjs/testing/testing-injector.js:19:45)
      at resolveParam (node_modules/@nestjs/core/injector/injector.js:129:38)
          at async Promise.all (index 1)
      at TestingInjector.resolveConstructorParams (node_modules/@nestjs/core/injector/injector.js:144:27)
      at TestingInjector.loadInstance (node_modules/@nestjs/core/injector/injector.js:70:13)
      at TestingInjector.loadProvider (node_modules/@nestjs/core/injector/injector.js:98:9)
      at node_modules/@nestjs/core/injector/instance-loader.js:56:13
          at async Promise.all (index 3)
      at TestingInstanceLoader.createInstancesOfProviders (node_modules/@nestjs/core/injector/instance-loader.js:55:9)
      at node_modules/@nestjs/core/injector/instance-loader.js:40:13
          at async Promise.all (index 1)
      at TestingInstanceLoader.createInstances (node_modules/@nestjs/core/injector/instance-loader.js:39:9)
      at TestingInstanceLoader.createInstancesOfDependencies (node_modules/@nestjs/core/injector/instance-loader.js:22:13)
      at TestingInstanceLoader.createInstancesOfDependencies (node_modules/@nestjs/testing/testing-instance-loader.js:9:9)
      at TestingModuleBuilder.createInstancesOfDependencies (node_modules/@nestjs/testing/testing-module.builder.js:118:9)
      at TestingModuleBuilder.compile (node_modules/@nestjs/testing/testing-module.builder.js:74:9)
      at Object.<anonymous> (src/modules/workflow/workflow-task.service.spec.ts:29:35)

  ● WorkflowTaskService › approve › 应该在最后一步审批后完成工作流

    Nest can't resolve dependencies of the WorkflowTaskService (PrismaService, ?). Please make sure that the argument NotificationService at index [1] is available in the RootTestModule context.

    Potential solutions:
    - Is RootTestModule a valid NestJS module?
    - If NotificationService is a provider, is it part of the current RootTestModule?
    - If NotificationService is exported from a separate @Module, is that module imported within RootTestModule?
      @Module({
        imports: [ /* the Module containing NotificationService */ ]
      })

      27 |
      28 |   beforeEach(async () => {
    > 29 |     const module: TestingModule = await Test.createTestingModule({
         |                                   ^
      30 |       providers: [
      31 |         WorkflowTaskService,
      32 |         {

      at TestingInjector.lookupComponentInParentModules (node_modules/@nestjs/core/injector/injector.js:262:19)
      at TestingInjector.resolveComponentInstance (node_modules/@nestjs/core/injector/injector.js:215:33)
      at TestingInjector.resolveComponentInstance (node_modules/@nestjs/testing/testing-injector.js:19:45)
      at resolveParam (node_modules/@nestjs/core/injector/injector.js:129:38)
          at async Promise.all (index 1)
      at TestingInjector.resolveConstructorParams (node_modules/@nestjs/core/injector/injector.js:144:27)
      at TestingInjector.loadInstance (node_modules/@nestjs/core/injector/injector.js:70:13)
      at TestingInjector.loadProvider (node_modules/@nestjs/core/injector/injector.js:98:9)
      at node_modules/@nestjs/core/injector/instance-loader.js:56:13
          at async Promise.all (index 3)
      at TestingInstanceLoader.createInstancesOfProviders (node_modules/@nestjs/core/injector/instance-loader.js:55:9)
      at node_modules/@nestjs/core/injector/instance-loader.js:40:13
          at async Promise.all (index 1)
      at TestingInstanceLoader.createInstances (node_modules/@nestjs/core/injector/instance-loader.js:39:9)
      at TestingInstanceLoader.createInstancesOfDependencies (node_modules/@nestjs/core/injector/instance-loader.js:22:13)
      at TestingInstanceLoader.createInstancesOfDependencies (node_modules/@nestjs/testing/testing-instance-loader.js:9:9)
      at TestingModuleBuilder.createInstancesOfDependencies (node_modules/@nestjs/testing/testing-module.builder.js:118:9)
      at TestingModuleBuilder.compile (node_modules/@nestjs/testing/testing-module.builder.js:74:9)
      at Object.<anonymous> (src/modules/workflow/workflow-task.service.spec.ts:29:35)

  ● WorkflowTaskService › approve › 应该在非指派人审批时抛出 ForbiddenException

    Nest can't resolve dependencies of the WorkflowTaskService (PrismaService, ?). Please make sure that the argument NotificationService at index [1] is available in the RootTestModule context.

    Potential solutions:
    - Is RootTestModule a valid NestJS module?
    - If NotificationService is a provider, is it part of the current RootTestModule?
    - If NotificationService is exported from a separate @Module, is that module imported within RootTestModule?
      @Module({
        imports: [ /* the Module containing NotificationService */ ]
      })

      27 |
      28 |   beforeEach(async () => {
    > 29 |     const module: TestingModule = await Test.createTestingModule({
         |                                   ^
      30 |       providers: [
      31 |         WorkflowTaskService,
      32 |         {

      at TestingInjector.lookupComponentInParentModules (node_modules/@nestjs/core/injector/injector.js:262:19)
      at TestingInjector.resolveComponentInstance (node_modules/@nestjs/core/injector/injector.js:215:33)
      at TestingInjector.resolveComponentInstance (node_modules/@nestjs/testing/testing-injector.js:19:45)
      at resolveParam (node_modules/@nestjs/core/injector/injector.js:129:38)
          at async Promise.all (index 1)
      at TestingInjector.resolveConstructorParams (node_modules/@nestjs/core/injector/injector.js:144:27)
      at TestingInjector.loadInstance (node_modules/@nestjs/core/injector/injector.js:70:13)
      at TestingInjector.loadProvider (node_modules/@nestjs/core/injector/injector.js:98:9)
      at node_modules/@nestjs/core/injector/instance-loader.js:56:13
          at async Promise.all (index 3)
      at TestingInstanceLoader.createInstancesOfProviders (node_modules/@nestjs/core/injector/instance-loader.js:55:9)
      at node_modules/@nestjs/core/injector/instance-loader.js:40:13
          at async Promise.all (index 1)
      at TestingInstanceLoader.createInstances (node_modules/@nestjs/core/injector/instance-loader.js:39:9)
      at TestingInstanceLoader.createInstancesOfDependencies (node_modules/@nestjs/core/injector/instance-loader.js:22:13)
      at TestingInstanceLoader.createInstancesOfDependencies (node_modules/@nestjs/testing/testing-instance-loader.js:9:9)
      at TestingModuleBuilder.createInstancesOfDependencies (node_modules/@nestjs/testing/testing-module.builder.js:118:9)
      at TestingModuleBuilder.compile (node_modules/@nestjs/testing/testing-module.builder.js:74:9)
      at Object.<anonymous> (src/modules/workflow/workflow-task.service.spec.ts:29:35)

  ● WorkflowTaskService › approve › 应该在任务非 pending 状态时抛出 BadRequestException

    Nest can't resolve dependencies of the WorkflowTaskService (PrismaService, ?). Please make sure that the argument NotificationService at index [1] is available in the RootTestModule context.

    Potential solutions:
    - Is RootTestModule a valid NestJS module?
    - If NotificationService is a provider, is it part of the current RootTestModule?
    - If NotificationService is exported from a separate @Module, is that module imported within RootTestModule?
      @Module({
        imports: [ /* the Module containing NotificationService */ ]
      })

      27 |
      28 |   beforeEach(async () => {
    > 29 |     const module: TestingModule = await Test.createTestingModule({
         |                                   ^
      30 |       providers: [
      31 |         WorkflowTaskService,
      32 |         {

      at TestingInjector.lookupComponentInParentModules (node_modules/@nestjs/core/injector/injector.js:262:19)
      at TestingInjector.resolveComponentInstance (node_modules/@nestjs/core/injector/injector.js:215:33)
      at TestingInjector.resolveComponentInstance (node_modules/@nestjs/testing/testing-injector.js:19:45)
      at resolveParam (node_modules/@nestjs/core/injector/injector.js:129:38)
          at async Promise.all (index 1)
      at TestingInjector.resolveConstructorParams (node_modules/@nestjs/core/injector/injector.js:144:27)
      at TestingInjector.loadInstance (node_modules/@nestjs/core/injector/injector.js:70:13)
      at TestingInjector.loadProvider (node_modules/@nestjs/core/injector/injector.js:98:9)
      at node_modules/@nestjs/core/injector/instance-loader.js:56:13
          at async Promise.all (index 3)
      at TestingInstanceLoader.createInstancesOfProviders (node_modules/@nestjs/core/injector/instance-loader.js:55:9)
      at node_modules/@nestjs/core/injector/instance-loader.js:40:13
          at async Promise.all (index 1)
      at TestingInstanceLoader.createInstances (node_modules/@nestjs/core/injector/instance-loader.js:39:9)
      at TestingInstanceLoader.createInstancesOfDependencies (node_modules/@nestjs/core/injector/instance-loader.js:22:13)
      at TestingInstanceLoader.createInstancesOfDependencies (node_modules/@nestjs/testing/testing-instance-loader.js:9:9)
      at TestingModuleBuilder.createInstancesOfDependencies (node_modules/@nestjs/testing/testing-module.builder.js:118:9)
      at TestingModuleBuilder.compile (node_modules/@nestjs/testing/testing-module.builder.js:74:9)
      at Object.<anonymous> (src/modules/workflow/workflow-task.service.spec.ts:29:35)

  ● WorkflowTaskService › reject › 应该成功驳回任务并更新工作流状态

    Nest can't resolve dependencies of the WorkflowTaskService (PrismaService, ?). Please make sure that the argument NotificationService at index [1] is available in the RootTestModule context.

    Potential solutions:
    - Is RootTestModule a valid NestJS module?
    - If NotificationService is a provider, is it part of the current RootTestModule?
    - If NotificationService is exported from a separate @Module, is that module imported within RootTestModule?
      @Module({
        imports: [ /* the Module containing NotificationService */ ]
      })

      27 |
      28 |   beforeEach(async () => {
    > 29 |     const module: TestingModule = await Test.createTestingModule({
         |                                   ^
      30 |       providers: [
      31 |         WorkflowTaskService,
      32 |         {

      at TestingInjector.lookupComponentInParentModules (node_modules/@nestjs/core/injector/injector.js:262:19)
      at TestingInjector.resolveComponentInstance (node_modules/@nestjs/core/injector/injector.js:215:33)
      at TestingInjector.resolveComponentInstance (node_modules/@nestjs/testing/testing-injector.js:19:45)
      at resolveParam (node_modules/@nestjs/core/injector/injector.js:129:38)
          at async Promise.all (index 1)
      at TestingInjector.resolveConstructorParams (node_modules/@nestjs/core/injector/injector.js:144:27)
      at TestingInjector.loadInstance (node_modules/@nestjs/core/injector/injector.js:70:13)
      at TestingInjector.loadProvider (node_modules/@nestjs/core/injector/injector.js:98:9)
      at node_modules/@nestjs/core/injector/instance-loader.js:56:13
          at async Promise.all (index 3)
      at TestingInstanceLoader.createInstancesOfProviders (node_modules/@nestjs/core/injector/instance-loader.js:55:9)
      at node_modules/@nestjs/core/injector/instance-loader.js:40:13
          at async Promise.all (index 1)
      at TestingInstanceLoader.createInstances (node_modules/@nestjs/core/injector/instance-loader.js:39:9)
      at TestingInstanceLoader.createInstancesOfDependencies (node_modules/@nestjs/core/injector/instance-loader.js:22:13)
      at TestingInstanceLoader.createInstancesOfDependencies (node_modules/@nestjs/testing/testing-instance-loader.js:9:9)
      at TestingModuleBuilder.createInstancesOfDependencies (node_modules/@nestjs/testing/testing-module.builder.js:118:9)
      at TestingModuleBuilder.compile (node_modules/@nestjs/testing/testing-module.builder.js:74:9)
      at Object.<anonymous> (src/modules/workflow/workflow-task.service.spec.ts:29:35)

  ● WorkflowTaskService › findMyTasks › 应该返回我的待审批任务列表

    Nest can't resolve dependencies of the WorkflowTaskService (PrismaService, ?). Please make sure that the argument NotificationService at index [1] is available in the RootTestModule context.

    Potential solutions:
    - Is RootTestModule a valid NestJS module?
    - If NotificationService is a provider, is it part of the current RootTestModule?
    - If NotificationService is exported from a separate @Module, is that module imported within RootTestModule?
      @Module({
        imports: [ /* the Module containing NotificationService */ ]
      })

      27 |
      28 |   beforeEach(async () => {
    > 29 |     const module: TestingModule = await Test.createTestingModule({
         |                                   ^
      30 |       providers: [
      31 |         WorkflowTaskService,
      32 |         {

      at TestingInjector.lookupComponentInParentModules (node_modules/@nestjs/core/injector/injector.js:262:19)
      at TestingInjector.resolveComponentInstance (node_modules/@nestjs/core/injector/injector.js:215:33)
      at TestingInjector.resolveComponentInstance (node_modules/@nestjs/testing/testing-injector.js:19:45)
      at resolveParam (node_modules/@nestjs/core/injector/injector.js:129:38)
          at async Promise.all (index 1)
      at TestingInjector.resolveConstructorParams (node_modules/@nestjs/core/injector/injector.js:144:27)
      at TestingInjector.loadInstance (node_modules/@nestjs/core/injector/injector.js:70:13)
      at TestingInjector.loadProvider (node_modules/@nestjs/core/injector/injector.js:98:9)
      at node_modules/@nestjs/core/injector/instance-loader.js:56:13
          at async Promise.all (index 3)
      at TestingInstanceLoader.createInstancesOfProviders (node_modules/@nestjs/core/injector/instance-loader.js:55:9)
      at node_modules/@nestjs/core/injector/instance-loader.js:40:13
          at async Promise.all (index 1)
      at TestingInstanceLoader.createInstances (node_modules/@nestjs/core/injector/instance-loader.js:39:9)
      at TestingInstanceLoader.createInstancesOfDependencies (node_modules/@nestjs/core/injector/instance-loader.js:22:13)
      at TestingInstanceLoader.createInstancesOfDependencies (node_modules/@nestjs/testing/testing-instance-loader.js:9:9)
      at TestingModuleBuilder.createInstancesOfDependencies (node_modules/@nestjs/testing/testing-module.builder.js:118:9)
      at TestingModuleBuilder.compile (node_modules/@nestjs/testing/testing-module.builder.js:74:9)
      at Object.<anonymous> (src/modules/workflow/workflow-task.service.spec.ts:29:35)

  ● WorkflowTaskService › findMyTasks › 应该支持按资源类型筛选

    Nest can't resolve dependencies of the WorkflowTaskService (PrismaService, ?). Please make sure that the argument NotificationService at index [1] is available in the RootTestModule context.

    Potential solutions:
    - Is RootTestModule a valid NestJS module?
    - If NotificationService is a provider, is it part of the current RootTestModule?
    - If NotificationService is exported from a separate @Module, is that module imported within RootTestModule?
      @Module({
        imports: [ /* the Module containing NotificationService */ ]
      })

      27 |
      28 |   beforeEach(async () => {
    > 29 |     const module: TestingModule = await Test.createTestingModule({
         |                                   ^
      30 |       providers: [
      31 |         WorkflowTaskService,
      32 |         {

      at TestingInjector.lookupComponentInParentModules (node_modules/@nestjs/core/injector/injector.js:262:19)
      at TestingInjector.resolveComponentInstance (node_modules/@nestjs/core/injector/injector.js:215:33)
      at TestingInjector.resolveComponentInstance (node_modules/@nestjs/testing/testing-injector.js:19:45)
      at resolveParam (node_modules/@nestjs/core/injector/injector.js:129:38)
          at async Promise.all (index 1)
      at TestingInjector.resolveConstructorParams (node_modules/@nestjs/core/injector/injector.js:144:27)
      at TestingInjector.loadInstance (node_modules/@nestjs/core/injector/injector.js:70:13)
      at TestingInjector.loadProvider (node_modules/@nestjs/core/injector/injector.js:98:9)
      at node_modules/@nestjs/core/injector/instance-loader.js:56:13
          at async Promise.all (index 3)
      at TestingInstanceLoader.createInstancesOfProviders (node_modules/@nestjs/core/injector/instance-loader.js:55:9)
      at node_modules/@nestjs/core/injector/instance-loader.js:40:13
          at async Promise.all (index 1)
      at TestingInstanceLoader.createInstances (node_modules/@nestjs/core/injector/instance-loader.js:39:9)
      at TestingInstanceLoader.createInstancesOfDependencies (node_modules/@nestjs/core/injector/instance-loader.js:22:13)
      at TestingInstanceLoader.createInstancesOfDependencies (node_modules/@nestjs/testing/testing-instance-loader.js:9:9)
      at TestingModuleBuilder.createInstancesOfDependencies (node_modules/@nestjs/testing/testing-module.builder.js:118:9)
      at TestingModuleBuilder.compile (node_modules/@nestjs/testing/testing-module.builder.js:74:9)
      at Object.<anonymous> (src/modules/workflow/workflow-task.service.spec.ts:29:35)

FAIL test/alert.e2e-spec.ts
  ● Alert API (e2e) › POST /api/v1/alerts/rules › should create an alert rule

    TypeError: Cannot read properties of undefined (reading 'token')

      29 |       });
      30 |
    > 31 |     authToken = loginResponse.body.data.token;
         |                                         ^
      32 |   });
      33 |
      34 |   afterAll(async () => {

      at Object.<anonymous> (test/alert.e2e-spec.ts:31:41)

  ● Alert API (e2e) › GET /api/v1/alerts/rules › should get all alert rules

    TypeError: Cannot read properties of undefined (reading 'token')

      29 |       });
      30 |
    > 31 |     authToken = loginResponse.body.data.token;
         |                                         ^
      32 |   });
      33 |
      34 |   afterAll(async () => {

      at Object.<anonymous> (test/alert.e2e-spec.ts:31:41)

  ● Alert API (e2e) › POST /api/v1/alerts/rules/:id/toggle › should toggle alert rule status

    TypeError: Cannot read properties of undefined (reading 'token')

      29 |       });
      30 |
    > 31 |     authToken = loginResponse.body.data.token;
         |                                         ^
      32 |   });
      33 |
      34 |   afterAll(async () => {

      at Object.<anonymous> (test/alert.e2e-spec.ts:31:41)

  ● Alert API (e2e) › POST /api/v1/alerts/history/query › should query alert history

    TypeError: Cannot read properties of undefined (reading 'token')

      29 |       });
      30 |
    > 31 |     authToken = loginResponse.body.data.token;
         |                                         ^
      32 |   });
      33 |
      34 |   afterAll(async () => {

      at Object.<anonymous> (test/alert.e2e-spec.ts:31:41)

FAIL src/common/guards/permission.guard.spec.ts
  ● PermissionGuard › canActivate › 应该允许没有权限装饰器的请求通过

    Nest can't resolve dependencies of the PermissionGuard (Reflector, UserPermissionService, ?). Please make sure that the argument RedisService at index [2] is available in the RootTestModule context.

    Potential solutions:
    - Is RootTestModule a valid NestJS module?
    - If RedisService is a provider, is it part of the current RootTestModule?
    - If RedisService is exported from a separate @Module, is that module imported within RootTestModule?
      @Module({
        imports: [ /* the Module containing RedisService */ ]
      })

      20 |
      21 |   beforeEach(async () => {
    > 22 |     const module: TestingModule = await Test.createTestingModule({
         |                                   ^
      23 |       providers: [
      24 |         PermissionGuard,
      25 |         {

      at TestingInjector.lookupComponentInParentModules (node_modules/@nestjs/core/injector/injector.js:262:19)
      at TestingInjector.resolveComponentInstance (node_modules/@nestjs/core/injector/injector.js:215:33)
      at TestingInjector.resolveComponentInstance (node_modules/@nestjs/testing/testing-injector.js:19:45)
      at resolveParam (node_modules/@nestjs/core/injector/injector.js:129:38)
          at async Promise.all (index 2)
      at TestingInjector.resolveConstructorParams (node_modules/@nestjs/core/injector/injector.js:144:27)
      at TestingInjector.loadInstance (node_modules/@nestjs/core/injector/injector.js:70:13)
      at TestingInjector.loadProvider (node_modules/@nestjs/core/injector/injector.js:98:9)
      at node_modules/@nestjs/core/injector/instance-loader.js:56:13
          at async Promise.all (index 3)
      at TestingInstanceLoader.createInstancesOfProviders (node_modules/@nestjs/core/injector/instance-loader.js:55:9)
      at node_modules/@nestjs/core/injector/instance-loader.js:40:13
          at async Promise.all (index 1)
      at TestingInstanceLoader.createInstances (node_modules/@nestjs/core/injector/instance-loader.js:39:9)
      at TestingInstanceLoader.createInstancesOfDependencies (node_modules/@nestjs/core/injector/instance-loader.js:22:13)
      at TestingInstanceLoader.createInstancesOfDependencies (node_modules/@nestjs/testing/testing-instance-loader.js:9:9)
      at TestingModuleBuilder.createInstancesOfDependencies (node_modules/@nestjs/testing/testing-module.builder.js:118:9)
      at TestingModuleBuilder.compile (node_modules/@nestjs/testing/testing-module.builder.js:74:9)
      at Object.<anonymous> (src/common/guards/permission.guard.spec.ts:22:35)

  ● PermissionGuard › canActivate › 应该允许管理员跳过权限检查

    Nest can't resolve dependencies of the PermissionGuard (Reflector, UserPermissionService, ?). Please make sure that the argument RedisService at index [2] is available in the RootTestModule context.

    Potential solutions:
    - Is RootTestModule a valid NestJS module?
    - If RedisService is a provider, is it part of the current RootTestModule?
    - If RedisService is exported from a separate @Module, is that module imported within RootTestModule?
      @Module({
        imports: [ /* the Module containing RedisService */ ]
      })

      20 |
      21 |   beforeEach(async () => {
    > 22 |     const module: TestingModule = await Test.createTestingModule({
         |                                   ^
      23 |       providers: [
      24 |         PermissionGuard,
      25 |         {

      at TestingInjector.lookupComponentInParentModules (node_modules/@nestjs/core/injector/injector.js:262:19)
      at TestingInjector.resolveComponentInstance (node_modules/@nestjs/core/injector/injector.js:215:33)
      at TestingInjector.resolveComponentInstance (node_modules/@nestjs/testing/testing-injector.js:19:45)
      at resolveParam (node_modules/@nestjs/core/injector/injector.js:129:38)
          at async Promise.all (index 2)
      at TestingInjector.resolveConstructorParams (node_modules/@nestjs/core/injector/injector.js:144:27)
      at TestingInjector.loadInstance (node_modules/@nestjs/core/injector/injector.js:70:13)
      at TestingInjector.loadProvider (node_modules/@nestjs/core/injector/injector.js:98:9)
      at node_modules/@nestjs/core/injector/instance-loader.js:56:13
          at async Promise.all (index 3)
      at TestingInstanceLoader.createInstancesOfProviders (node_modules/@nestjs/core/injector/instance-loader.js:55:9)
      at node_modules/@nestjs/core/injector/instance-loader.js:40:13
          at async Promise.all (index 1)
      at TestingInstanceLoader.createInstances (node_modules/@nestjs/core/injector/instance-loader.js:39:9)
      at TestingInstanceLoader.createInstancesOfDependencies (node_modules/@nestjs/core/injector/instance-loader.js:22:13)
      at TestingInstanceLoader.createInstancesOfDependencies (node_modules/@nestjs/testing/testing-instance-loader.js:9:9)
      at TestingModuleBuilder.createInstancesOfDependencies (node_modules/@nestjs/testing/testing-module.builder.js:118:9)
      at TestingModuleBuilder.compile (node_modules/@nestjs/testing/testing-module.builder.js:74:9)
      at Object.<anonymous> (src/common/guards/permission.guard.spec.ts:22:35)

  ● PermissionGuard › canActivate › 应该拒绝未登录的请求

    Nest can't resolve dependencies of the PermissionGuard (Reflector, UserPermissionService, ?). Please make sure that the argument RedisService at index [2] is available in the RootTestModule context.

    Potential solutions:
    - Is RootTestModule a valid NestJS module?
    - If RedisService is a provider, is it part of the current RootTestModule?
    - If RedisService is exported from a separate @Module, is that module imported within RootTestModule?
      @Module({
        imports: [ /* the Module containing RedisService */ ]
      })

      20 |
      21 |   beforeEach(async () => {
    > 22 |     const module: TestingModule = await Test.createTestingModule({
         |                                   ^
      23 |       providers: [
      24 |         PermissionGuard,
      25 |         {

      at TestingInjector.lookupComponentInParentModules (node_modules/@nestjs/core/injector/injector.js:262:19)
      at TestingInjector.resolveComponentInstance (node_modules/@nestjs/core/injector/injector.js:215:33)
      at TestingInjector.resolveComponentInstance (node_modules/@nestjs/testing/testing-injector.js:19:45)
      at resolveParam (node_modules/@nestjs/core/injector/injector.js:129:38)
          at async Promise.all (index 2)
      at TestingInjector.resolveConstructorParams (node_modules/@nestjs/core/injector/injector.js:144:27)
      at TestingInjector.loadInstance (node_modules/@nestjs/core/injector/injector.js:70:13)
      at TestingInjector.loadProvider (node_modules/@nestjs/core/injector/injector.js:98:9)
      at node_modules/@nestjs/core/injector/instance-loader.js:56:13
          at async Promise.all (index 3)
      at TestingInstanceLoader.createInstancesOfProviders (node_modules/@nestjs/core/injector/instance-loader.js:55:9)
      at node_modules/@nestjs/core/injector/instance-loader.js:40:13
          at async Promise.all (index 1)
      at TestingInstanceLoader.createInstances (node_modules/@nestjs/core/injector/instance-loader.js:39:9)
      at TestingInstanceLoader.createInstancesOfDependencies (node_modules/@nestjs/core/injector/instance-loader.js:22:13)
      at TestingInstanceLoader.createInstancesOfDependencies (node_modules/@nestjs/testing/testing-instance-loader.js:9:9)
      at TestingModuleBuilder.createInstancesOfDependencies (node_modules/@nestjs/testing/testing-module.builder.js:118:9)
      at TestingModuleBuilder.compile (node_modules/@nestjs/testing/testing-module.builder.js:74:9)
      at Object.<anonymous> (src/common/guards/permission.guard.spec.ts:22:35)

  ● PermissionGuard › canActivate › CheckPermission - 单个权限检查 › 应该允许拥有所需权限的用户通过

    Nest can't resolve dependencies of the PermissionGuard (Reflector, UserPermissionService, ?). Please make sure that the argument RedisService at index [2] is available in the RootTestModule context.

    Potential solutions:
    - Is RootTestModule a valid NestJS module?
    - If RedisService is a provider, is it part of the current RootTestModule?
    - If RedisService is exported from a separate @Module, is that module imported within RootTestModule?
      @Module({
        imports: [ /* the Module containing RedisService */ ]
      })

      20 |
      21 |   beforeEach(async () => {
    > 22 |     const module: TestingModule = await Test.createTestingModule({
         |                                   ^
      23 |       providers: [
      24 |         PermissionGuard,
      25 |         {

      at TestingInjector.lookupComponentInParentModules (node_modules/@nestjs/core/injector/injector.js:262:19)
      at TestingInjector.resolveComponentInstance (node_modules/@nestjs/core/injector/injector.js:215:33)
      at TestingInjector.resolveComponentInstance (node_modules/@nestjs/testing/testing-injector.js:19:45)
      at resolveParam (node_modules/@nestjs/core/injector/injector.js:129:38)
          at async Promise.all (index 2)
      at TestingInjector.resolveConstructorParams (node_modules/@nestjs/core/injector/injector.js:144:27)
      at TestingInjector.loadInstance (node_modules/@nestjs/core/injector/injector.js:70:13)
      at TestingInjector.loadProvider (node_modules/@nestjs/core/injector/injector.js:98:9)
      at node_modules/@nestjs/core/injector/instance-loader.js:56:13
          at async Promise.all (index 3)
      at TestingInstanceLoader.createInstancesOfProviders (node_modules/@nestjs/core/injector/instance-loader.js:55:9)
      at node_modules/@nestjs/core/injector/instance-loader.js:40:13
          at async Promise.all (index 1)
      at TestingInstanceLoader.createInstances (node_modules/@nestjs/core/injector/instance-loader.js:39:9)
      at TestingInstanceLoader.createInstancesOfDependencies (node_modules/@nestjs/core/injector/instance-loader.js:22:13)
      at TestingInstanceLoader.createInstancesOfDependencies (node_modules/@nestjs/testing/testing-instance-loader.js:9:9)
      at TestingModuleBuilder.createInstancesOfDependencies (node_modules/@nestjs/testing/testing-module.builder.js:118:9)
      at TestingModuleBuilder.compile (node_modules/@nestjs/testing/testing-module.builder.js:74:9)
      at Object.<anonymous> (src/common/guards/permission.guard.spec.ts:22:35)

  ● PermissionGuard › canActivate › CheckPermission - 单个权限检查 › 应该拒绝没有所需权限的用户

    Nest can't resolve dependencies of the PermissionGuard (Reflector, UserPermissionService, ?). Please make sure that the argument RedisService at index [2] is available in the RootTestModule context.

    Potential solutions:
    - Is RootTestModule a valid NestJS module?
    - If RedisService is a provider, is it part of the current RootTestModule?
    - If RedisService is exported from a separate @Module, is that module imported within RootTestModule?
      @Module({
        imports: [ /* the Module containing RedisService */ ]
      })

      20 |
      21 |   beforeEach(async () => {
    > 22 |     const module: TestingModule = await Test.createTestingModule({
         |                                   ^
      23 |       providers: [
      24 |         PermissionGuard,
      25 |         {

      at TestingInjector.lookupComponentInParentModules (node_modules/@nestjs/core/injector/injector.js:262:19)
      at TestingInjector.resolveComponentInstance (node_modules/@nestjs/core/injector/injector.js:215:33)
      at TestingInjector.resolveComponentInstance (node_modules/@nestjs/testing/testing-injector.js:19:45)
      at resolveParam (node_modules/@nestjs/core/injector/injector.js:129:38)
          at async Promise.all (index 2)
      at TestingInjector.resolveConstructorParams (node_modules/@nestjs/core/injector/injector.js:144:27)
      at TestingInjector.loadInstance (node_modules/@nestjs/core/injector/injector.js:70:13)
      at TestingInjector.loadProvider (node_modules/@nestjs/core/injector/injector.js:98:9)
      at node_modules/@nestjs/core/injector/instance-loader.js:56:13
          at async Promise.all (index 3)
      at TestingInstanceLoader.createInstancesOfProviders (node_modules/@nestjs/core/injector/instance-loader.js:55:9)
      at node_modules/@nestjs/core/injector/instance-loader.js:40:13
          at async Promise.all (index 1)
      at TestingInstanceLoader.createInstances (node_modules/@nestjs/core/injector/instance-loader.js:39:9)
      at TestingInstanceLoader.createInstancesOfDependencies (node_modules/@nestjs/core/injector/instance-loader.js:22:13)
      at TestingInstanceLoader.createInstancesOfDependencies (node_modules/@nestjs/testing/testing-instance-loader.js:9:9)
      at TestingModuleBuilder.createInstancesOfDependencies (node_modules/@nestjs/testing/testing-module.builder.js:118:9)
      at TestingModuleBuilder.compile (node_modules/@nestjs/testing/testing-module.builder.js:74:9)
      at Object.<anonymous> (src/common/guards/permission.guard.spec.ts:22:35)

  ● PermissionGuard › canActivate › CheckPermission - 单个权限检查 › 应该拒绝权限已过期的用户

    Nest can't resolve dependencies of the PermissionGuard (Reflector, UserPermissionService, ?). Please make sure that the argument RedisService at index [2] is available in the RootTestModule context.

    Potential solutions:
    - Is RootTestModule a valid NestJS module?
    - If RedisService is a provider, is it part of the current RootTestModule?
    - If RedisService is exported from a separate @Module, is that module imported within RootTestModule?
      @Module({
        imports: [ /* the Module containing RedisService */ ]
      })

      20 |
      21 |   beforeEach(async () => {
    > 22 |     const module: TestingModule = await Test.createTestingModule({
         |                                   ^
      23 |       providers: [
      24 |         PermissionGuard,
      25 |         {

      at TestingInjector.lookupComponentInParentModules (node_modules/@nestjs/core/injector/injector.js:262:19)
      at TestingInjector.resolveComponentInstance (node_modules/@nestjs/core/injector/injector.js:215:33)
      at TestingInjector.resolveComponentInstance (node_modules/@nestjs/testing/testing-injector.js:19:45)
      at resolveParam (node_modules/@nestjs/core/injector/injector.js:129:38)
          at async Promise.all (index 2)
      at TestingInjector.resolveConstructorParams (node_modules/@nestjs/core/injector/injector.js:144:27)
      at TestingInjector.loadInstance (node_modules/@nestjs/core/injector/injector.js:70:13)
      at TestingInjector.loadProvider (node_modules/@nestjs/core/injector/injector.js:98:9)
      at node_modules/@nestjs/core/injector/instance-loader.js:56:13
          at async Promise.all (index 3)
      at TestingInstanceLoader.createInstancesOfProviders (node_modules/@nestjs/core/injector/instance-loader.js:55:9)
      at node_modules/@nestjs/core/injector/instance-loader.js:40:13
          at async Promise.all (index 1)
      at TestingInstanceLoader.createInstances (node_modules/@nestjs/core/injector/instance-loader.js:39:9)
      at TestingInstanceLoader.createInstancesOfDependencies (node_modules/@nestjs/core/injector/instance-loader.js:22:13)
      at TestingInstanceLoader.createInstancesOfDependencies (node_modules/@nestjs/testing/testing-instance-loader.js:9:9)
      at TestingModuleBuilder.createInstancesOfDependencies (node_modules/@nestjs/testing/testing-module.builder.js:118:9)
      at TestingModuleBuilder.compile (node_modules/@nestjs/testing/testing-module.builder.js:74:9)
      at Object.<anonymous> (src/common/guards/permission.guard.spec.ts:22:35)

  ● PermissionGuard › canActivate › CheckPermissions - 多个权限 AND 逻辑 › 应该允许拥有所有权限的用户通过

    Nest can't resolve dependencies of the PermissionGuard (Reflector, UserPermissionService, ?). Please make sure that the argument RedisService at index [2] is available in the RootTestModule context.

    Potential solutions:
    - Is RootTestModule a valid NestJS module?
    - If RedisService is a provider, is it part of the current RootTestModule?
    - If RedisService is exported from a separate @Module, is that module imported within RootTestModule?
      @Module({
        imports: [ /* the Module containing RedisService */ ]
      })

      20 |
      21 |   beforeEach(async () => {
    > 22 |     const module: TestingModule = await Test.createTestingModule({
         |                                   ^
      23 |       providers: [
      24 |         PermissionGuard,
      25 |         {

      at TestingInjector.lookupComponentInParentModules (node_modules/@nestjs/core/injector/injector.js:262:19)
      at TestingInjector.resolveComponentInstance (node_modules/@nestjs/core/injector/injector.js:215:33)
      at TestingInjector.resolveComponentInstance (node_modules/@nestjs/testing/testing-injector.js:19:45)
      at resolveParam (node_modules/@nestjs/core/injector/injector.js:129:38)
          at async Promise.all (index 2)
      at TestingInjector.resolveConstructorParams (node_modules/@nestjs/core/injector/injector.js:144:27)
      at TestingInjector.loadInstance (node_modules/@nestjs/core/injector/injector.js:70:13)
      at TestingInjector.loadProvider (node_modules/@nestjs/core/injector/injector.js:98:9)
      at node_modules/@nestjs/core/injector/instance-loader.js:56:13
          at async Promise.all (index 3)
      at TestingInstanceLoader.createInstancesOfProviders (node_modules/@nestjs/core/injector/instance-loader.js:55:9)
      at node_modules/@nestjs/core/injector/instance-loader.js:40:13
          at async Promise.all (index 1)
      at TestingInstanceLoader.createInstances (node_modules/@nestjs/core/injector/instance-loader.js:39:9)
      at TestingInstanceLoader.createInstancesOfDependencies (node_modules/@nestjs/core/injector/instance-loader.js:22:13)
      at TestingInstanceLoader.createInstancesOfDependencies (node_modules/@nestjs/testing/testing-instance-loader.js:9:9)
      at TestingModuleBuilder.createInstancesOfDependencies (node_modules/@nestjs/testing/testing-module.builder.js:118:9)
      at TestingModuleBuilder.compile (node_modules/@nestjs/testing/testing-module.builder.js:74:9)
      at Object.<anonymous> (src/common/guards/permission.guard.spec.ts:22:35)

  ● PermissionGuard › canActivate › CheckPermissions - 多个权限 AND 逻辑 › 应该拒绝只拥有部分权限的用户

    Nest can't resolve dependencies of the PermissionGuard (Reflector, UserPermissionService, ?). Please make sure that the argument RedisService at index [2] is available in the RootTestModule context.

    Potential solutions:
    - Is RootTestModule a valid NestJS module?
    - If RedisService is a provider, is it part of the current RootTestModule?
    - If RedisService is exported from a separate @Module, is that module imported within RootTestModule?
      @Module({
        imports: [ /* the Module containing RedisService */ ]
      })

      20 |
      21 |   beforeEach(async () => {
    > 22 |     const module: TestingModule = await Test.createTestingModule({
         |                                   ^
      23 |       providers: [
      24 |         PermissionGuard,
      25 |         {

      at TestingInjector.lookupComponentInParentModules (node_modules/@nestjs/core/injector/injector.js:262:19)
      at TestingInjector.resolveComponentInstance (node_modules/@nestjs/core/injector/injector.js:215:33)
      at TestingInjector.resolveComponentInstance (node_modules/@nestjs/testing/testing-injector.js:19:45)
      at resolveParam (node_modules/@nestjs/core/injector/injector.js:129:38)
          at async Promise.all (index 2)
      at TestingInjector.resolveConstructorParams (node_modules/@nestjs/core/injector/injector.js:144:27)
      at TestingInjector.loadInstance (node_modules/@nestjs/core/injector/injector.js:70:13)
      at TestingInjector.loadProvider (node_modules/@nestjs/core/injector/injector.js:98:9)
      at node_modules/@nestjs/core/injector/instance-loader.js:56:13
          at async Promise.all (index 3)
      at TestingInstanceLoader.createInstancesOfProviders (node_modules/@nestjs/core/injector/instance-loader.js:55:9)
      at node_modules/@nestjs/core/injector/instance-loader.js:40:13
          at async Promise.all (index 1)
      at TestingInstanceLoader.createInstances (node_modules/@nestjs/core/injector/instance-loader.js:39:9)
      at TestingInstanceLoader.createInstancesOfDependencies (node_modules/@nestjs/core/injector/instance-loader.js:22:13)
      at TestingInstanceLoader.createInstancesOfDependencies (node_modules/@nestjs/testing/testing-instance-loader.js:9:9)
      at TestingModuleBuilder.createInstancesOfDependencies (node_modules/@nestjs/testing/testing-module.builder.js:118:9)
      at TestingModuleBuilder.compile (node_modules/@nestjs/testing/testing-module.builder.js:74:9)
      at Object.<anonymous> (src/common/guards/permission.guard.spec.ts:22:35)

  ● PermissionGuard › canActivate › CheckAnyPermission - 多个权限 OR 逻辑 › 应该允许拥有任一权限的用户通过

    Nest can't resolve dependencies of the PermissionGuard (Reflector, UserPermissionService, ?). Please make sure that the argument RedisService at index [2] is available in the RootTestModule context.

    Potential solutions:
    - Is RootTestModule a valid NestJS module?
    - If RedisService is a provider, is it part of the current RootTestModule?
    - If RedisService is exported from a separate @Module, is that module imported within RootTestModule?
      @Module({
        imports: [ /* the Module containing RedisService */ ]
      })

      20 |
      21 |   beforeEach(async () => {
    > 22 |     const module: TestingModule = await Test.createTestingModule({
         |                                   ^
      23 |       providers: [
      24 |         PermissionGuard,
      25 |         {

      at TestingInjector.lookupComponentInParentModules (node_modules/@nestjs/core/injector/injector.js:262:19)
      at TestingInjector.resolveComponentInstance (node_modules/@nestjs/core/injector/injector.js:215:33)
      at TestingInjector.resolveComponentInstance (node_modules/@nestjs/testing/testing-injector.js:19:45)
      at resolveParam (node_modules/@nestjs/core/injector/injector.js:129:38)
          at async Promise.all (index 2)
      at TestingInjector.resolveConstructorParams (node_modules/@nestjs/core/injector/injector.js:144:27)
      at TestingInjector.loadInstance (node_modules/@nestjs/core/injector/injector.js:70:13)
      at TestingInjector.loadProvider (node_modules/@nestjs/core/injector/injector.js:98:9)
      at node_modules/@nestjs/core/injector/instance-loader.js:56:13
          at async Promise.all (index 3)
      at TestingInstanceLoader.createInstancesOfProviders (node_modules/@nestjs/core/injector/instance-loader.js:55:9)
      at node_modules/@nestjs/core/injector/instance-loader.js:40:13
          at async Promise.all (index 1)
      at TestingInstanceLoader.createInstances (node_modules/@nestjs/core/injector/instance-loader.js:39:9)
      at TestingInstanceLoader.createInstancesOfDependencies (node_modules/@nestjs/core/injector/instance-loader.js:22:13)
      at TestingInstanceLoader.createInstancesOfDependencies (node_modules/@nestjs/testing/testing-instance-loader.js:9:9)
      at TestingModuleBuilder.createInstancesOfDependencies (node_modules/@nestjs/testing/testing-module.builder.js:118:9)
      at TestingModuleBuilder.compile (node_modules/@nestjs/testing/testing-module.builder.js:74:9)
      at Object.<anonymous> (src/common/guards/permission.guard.spec.ts:22:35)

  ● PermissionGuard › canActivate › CheckAnyPermission - 多个权限 OR 逻辑 › 应该拒绝没有任何所需权限的用户

    Nest can't resolve dependencies of the PermissionGuard (Reflector, UserPermissionService, ?). Please make sure that the argument RedisService at index [2] is available in the RootTestModule context.

    Potential solutions:
    - Is RootTestModule a valid NestJS module?
    - If RedisService is a provider, is it part of the current RootTestModule?
    - If RedisService is exported from a separate @Module, is that module imported within RootTestModule?
      @Module({
        imports: [ /* the Module containing RedisService */ ]
      })

      20 |
      21 |   beforeEach(async () => {
    > 22 |     const module: TestingModule = await Test.createTestingModule({
         |                                   ^
      23 |       providers: [
      24 |         PermissionGuard,
      25 |         {

      at TestingInjector.lookupComponentInParentModules (node_modules/@nestjs/core/injector/injector.js:262:19)
      at TestingInjector.resolveComponentInstance (node_modules/@nestjs/core/injector/injector.js:215:33)
      at TestingInjector.resolveComponentInstance (node_modules/@nestjs/testing/testing-injector.js:19:45)
      at resolveParam (node_modules/@nestjs/core/injector/injector.js:129:38)
          at async Promise.all (index 2)
      at TestingInjector.resolveConstructorParams (node_modules/@nestjs/core/injector/injector.js:144:27)
      at TestingInjector.loadInstance (node_modules/@nestjs/core/injector/injector.js:70:13)
      at TestingInjector.loadProvider (node_modules/@nestjs/core/injector/injector.js:98:9)
      at node_modules/@nestjs/core/injector/instance-loader.js:56:13
          at async Promise.all (index 3)
      at TestingInstanceLoader.createInstancesOfProviders (node_modules/@nestjs/core/injector/instance-loader.js:55:9)
      at node_modules/@nestjs/core/injector/instance-loader.js:40:13
          at async Promise.all (index 1)
      at TestingInstanceLoader.createInstances (node_modules/@nestjs/core/injector/instance-loader.js:39:9)
      at TestingInstanceLoader.createInstancesOfDependencies (node_modules/@nestjs/core/injector/instance-loader.js:22:13)
      at TestingInstanceLoader.createInstancesOfDependencies (node_modules/@nestjs/testing/testing-instance-loader.js:9:9)
      at TestingModuleBuilder.createInstancesOfDependencies (node_modules/@nestjs/testing/testing-module.builder.js:118:9)
      at TestingModuleBuilder.compile (node_modules/@nestjs/testing/testing-module.builder.js:74:9)
      at Object.<anonymous> (src/common/guards/permission.guard.spec.ts:22:35)

  ● PermissionGuard › canActivate › Resource - 资源级别权限 › 应该验证资源级别权限

    Nest can't resolve dependencies of the PermissionGuard (Reflector, UserPermissionService, ?). Please make sure that the argument RedisService at index [2] is available in the RootTestModule context.

    Potential solutions:
    - Is RootTestModule a valid NestJS module?
    - If RedisService is a provider, is it part of the current RootTestModule?
    - If RedisService is exported from a separate @Module, is that module imported within RootTestModule?
      @Module({
        imports: [ /* the Module containing RedisService */ ]
      })

      20 |
      21 |   beforeEach(async () => {
    > 22 |     const module: TestingModule = await Test.createTestingModule({
         |                                   ^
      23 |       providers: [
      24 |         PermissionGuard,
      25 |         {

      at TestingInjector.lookupComponentInParentModules (node_modules/@nestjs/core/injector/injector.js:262:19)
      at TestingInjector.resolveComponentInstance (node_modules/@nestjs/core/injector/injector.js:215:33)
      at TestingInjector.resolveComponentInstance (node_modules/@nestjs/testing/testing-injector.js:19:45)
      at resolveParam (node_modules/@nestjs/core/injector/injector.js:129:38)
          at async Promise.all (index 2)
      at TestingInjector.resolveConstructorParams (node_modules/@nestjs/core/injector/injector.js:144:27)
      at TestingInjector.loadInstance (node_modules/@nestjs/core/injector/injector.js:70:13)
      at TestingInjector.loadProvider (node_modules/@nestjs/core/injector/injector.js:98:9)
      at node_modules/@nestjs/core/injector/instance-loader.js:56:13
          at async Promise.all (index 3)
      at TestingInstanceLoader.createInstancesOfProviders (node_modules/@nestjs/core/injector/instance-loader.js:55:9)
      at node_modules/@nestjs/core/injector/instance-loader.js:40:13
          at async Promise.all (index 1)
      at TestingInstanceLoader.createInstances (node_modules/@nestjs/core/injector/instance-loader.js:39:9)
      at TestingInstanceLoader.createInstancesOfDependencies (node_modules/@nestjs/core/injector/instance-loader.js:22:13)
      at TestingInstanceLoader.createInstancesOfDependencies (node_modules/@nestjs/testing/testing-instance-loader.js:9:9)
      at TestingModuleBuilder.createInstancesOfDependencies (node_modules/@nestjs/testing/testing-module.builder.js:118:9)
      at TestingModuleBuilder.compile (node_modules/@nestjs/testing/testing-module.builder.js:74:9)
      at Object.<anonymous> (src/common/guards/permission.guard.spec.ts:22:35)

  ● PermissionGuard › canActivate › Resource - 资源级别权限 › 应该拒绝资源 ID 不匹配的请求

    Nest can't resolve dependencies of the PermissionGuard (Reflector, UserPermissionService, ?). Please make sure that the argument RedisService at index [2] is available in the RootTestModule context.

    Potential solutions:
    - Is RootTestModule a valid NestJS module?
    - If RedisService is a provider, is it part of the current RootTestModule?
    - If RedisService is exported from a separate @Module, is that module imported within RootTestModule?
      @Module({
        imports: [ /* the Module containing RedisService */ ]
      })

      20 |
      21 |   beforeEach(async () => {
    > 22 |     const module: TestingModule = await Test.createTestingModule({
         |                                   ^
      23 |       providers: [
      24 |         PermissionGuard,
      25 |         {

      at TestingInjector.lookupComponentInParentModules (node_modules/@nestjs/core/injector/injector.js:262:19)
      at TestingInjector.resolveComponentInstance (node_modules/@nestjs/core/injector/injector.js:215:33)
      at TestingInjector.resolveComponentInstance (node_modules/@nestjs/testing/testing-injector.js:19:45)
      at resolveParam (node_modules/@nestjs/core/injector/injector.js:129:38)
          at async Promise.all (index 2)
      at TestingInjector.resolveConstructorParams (node_modules/@nestjs/core/injector/injector.js:144:27)
      at TestingInjector.loadInstance (node_modules/@nestjs/core/injector/injector.js:70:13)
      at TestingInjector.loadProvider (node_modules/@nestjs/core/injector/injector.js:98:9)
      at node_modules/@nestjs/core/injector/instance-loader.js:56:13
          at async Promise.all (index 3)
      at TestingInstanceLoader.createInstancesOfProviders (node_modules/@nestjs/core/injector/instance-loader.js:55:9)
      at node_modules/@nestjs/core/injector/instance-loader.js:40:13
          at async Promise.all (index 1)
      at TestingInstanceLoader.createInstances (node_modules/@nestjs/core/injector/instance-loader.js:39:9)
      at TestingInstanceLoader.createInstancesOfDependencies (node_modules/@nestjs/core/injector/instance-loader.js:22:13)
      at TestingInstanceLoader.createInstancesOfDependencies (node_modules/@nestjs/testing/testing-instance-loader.js:9:9)
      at TestingModuleBuilder.createInstancesOfDependencies (node_modules/@nestjs/testing/testing-module.builder.js:118:9)
      at TestingModuleBuilder.compile (node_modules/@nestjs/testing/testing-module.builder.js:74:9)
      at Object.<anonymous> (src/common/guards/permission.guard.spec.ts:22:35)

  ● PermissionGuard › canActivate › Resource - 资源级别权限 › 应该允许全局权限（无资源限制）

    Nest can't resolve dependencies of the PermissionGuard (Reflector, UserPermissionService, ?). Please make sure that the argument RedisService at index [2] is available in the RootTestModule context.

    Potential solutions:
    - Is RootTestModule a valid NestJS module?
    - If RedisService is a provider, is it part of the current RootTestModule?
    - If RedisService is exported from a separate @Module, is that module imported within RootTestModule?
      @Module({
        imports: [ /* the Module containing RedisService */ ]
      })

      20 |
      21 |   beforeEach(async () => {
    > 22 |     const module: TestingModule = await Test.createTestingModule({
         |                                   ^
      23 |       providers: [
      24 |         PermissionGuard,
      25 |         {

      at TestingInjector.lookupComponentInParentModules (node_modules/@nestjs/core/injector/injector.js:262:19)
      at TestingInjector.resolveComponentInstance (node_modules/@nestjs/core/injector/injector.js:215:33)
      at TestingInjector.resolveComponentInstance (node_modules/@nestjs/testing/testing-injector.js:19:45)
      at resolveParam (node_modules/@nestjs/core/injector/injector.js:129:38)
          at async Promise.all (index 2)
      at TestingInjector.resolveConstructorParams (node_modules/@nestjs/core/injector/injector.js:144:27)
      at TestingInjector.loadInstance (node_modules/@nestjs/core/injector/injector.js:70:13)
      at TestingInjector.loadProvider (node_modules/@nestjs/core/injector/injector.js:98:9)
      at node_modules/@nestjs/core/injector/instance-loader.js:56:13
          at async Promise.all (index 3)
      at TestingInstanceLoader.createInstancesOfProviders (node_modules/@nestjs/core/injector/instance-loader.js:55:9)
      at node_modules/@nestjs/core/injector/instance-loader.js:40:13
          at async Promise.all (index 1)
      at TestingInstanceLoader.createInstances (node_modules/@nestjs/core/injector/instance-loader.js:39:9)
      at TestingInstanceLoader.createInstancesOfDependencies (node_modules/@nestjs/core/injector/instance-loader.js:22:13)
      at TestingInstanceLoader.createInstancesOfDependencies (node_modules/@nestjs/testing/testing-instance-loader.js:9:9)
      at TestingModuleBuilder.createInstancesOfDependencies (node_modules/@nestjs/testing/testing-module.builder.js:118:9)
      at TestingModuleBuilder.compile (node_modules/@nestjs/testing/testing-module.builder.js:74:9)
      at Object.<anonymous> (src/common/guards/permission.guard.spec.ts:22:35)

FAIL src/modules/workflow/workflow-instance.service.spec.ts
  ● WorkflowInstanceService › create › 应该成功创建工作流实例并自动创建第一步任务

    Nest can't resolve dependencies of the WorkflowInstanceService (PrismaService, ?). Please make sure that the argument NotificationService at index [1] is available in the RootTestModule context.

    Potential solutions:
    - Is RootTestModule a valid NestJS module?
    - If NotificationService is a provider, is it part of the current RootTestModule?
    - If NotificationService is exported from a separate @Module, is that module imported within RootTestModule?
      @Module({
        imports: [ /* the Module containing NotificationService */ ]
      })

      30 |
      31 |   beforeEach(async () => {
    > 32 |     const module: TestingModule = await Test.createTestingModule({
         |                                   ^
      33 |       providers: [
      34 |         WorkflowInstanceService,
      35 |         {

      at TestingInjector.lookupComponentInParentModules (node_modules/@nestjs/core/injector/injector.js:262:19)
      at TestingInjector.resolveComponentInstance (node_modules/@nestjs/core/injector/injector.js:215:33)
      at TestingInjector.resolveComponentInstance (node_modules/@nestjs/testing/testing-injector.js:19:45)
      at resolveParam (node_modules/@nestjs/core/injector/injector.js:129:38)
          at async Promise.all (index 1)
      at TestingInjector.resolveConstructorParams (node_modules/@nestjs/core/injector/injector.js:144:27)
      at TestingInjector.loadInstance (node_modules/@nestjs/core/injector/injector.js:70:13)
      at TestingInjector.loadProvider (node_modules/@nestjs/core/injector/injector.js:98:9)
      at node_modules/@nestjs/core/injector/instance-loader.js:56:13
          at async Promise.all (index 3)
      at TestingInstanceLoader.createInstancesOfProviders (node_modules/@nestjs/core/injector/instance-loader.js:55:9)
      at node_modules/@nestjs/core/injector/instance-loader.js:40:13
          at async Promise.all (index 1)
      at TestingInstanceLoader.createInstances (node_modules/@nestjs/core/injector/instance-loader.js:39:9)
      at TestingInstanceLoader.createInstancesOfDependencies (node_modules/@nestjs/core/injector/instance-loader.js:22:13)
      at TestingInstanceLoader.createInstancesOfDependencies (node_modules/@nestjs/testing/testing-instance-loader.js:9:9)
      at TestingModuleBuilder.createInstancesOfDependencies (node_modules/@nestjs/testing/testing-module.builder.js:118:9)
      at TestingModuleBuilder.compile (node_modules/@nestjs/testing/testing-module.builder.js:74:9)
      at Object.<anonymous> (src/modules/workflow/workflow-instance.service.spec.ts:32:35)

  ● WorkflowInstanceService › create › 应该在模板不存在时抛出 NotFoundException

    Nest can't resolve dependencies of the WorkflowInstanceService (PrismaService, ?). Please make sure that the argument NotificationService at index [1] is available in the RootTestModule context.

    Potential solutions:
    - Is RootTestModule a valid NestJS module?
    - If NotificationService is a provider, is it part of the current RootTestModule?
    - If NotificationService is exported from a separate @Module, is that module imported within RootTestModule?
      @Module({
        imports: [ /* the Module containing NotificationService */ ]
      })

      30 |
      31 |   beforeEach(async () => {
    > 32 |     const module: TestingModule = await Test.createTestingModule({
         |                                   ^
      33 |       providers: [
      34 |         WorkflowInstanceService,
      35 |         {

      at TestingInjector.lookupComponentInParentModules (node_modules/@nestjs/core/injector/injector.js:262:19)
      at TestingInjector.resolveComponentInstance (node_modules/@nestjs/core/injector/injector.js:215:33)
      at TestingInjector.resolveComponentInstance (node_modules/@nestjs/testing/testing-injector.js:19:45)
      at resolveParam (node_modules/@nestjs/core/injector/injector.js:129:38)
          at async Promise.all (index 1)
      at TestingInjector.resolveConstructorParams (node_modules/@nestjs/core/injector/injector.js:144:27)
      at TestingInjector.loadInstance (node_modules/@nestjs/core/injector/injector.js:70:13)
      at TestingInjector.loadProvider (node_modules/@nestjs/core/injector/injector.js:98:9)
      at node_modules/@nestjs/core/injector/instance-loader.js:56:13
          at async Promise.all (index 3)
      at TestingInstanceLoader.createInstancesOfProviders (node_modules/@nestjs/core/injector/instance-loader.js:55:9)
      at node_modules/@nestjs/core/injector/instance-loader.js:40:13
          at async Promise.all (index 1)
      at TestingInstanceLoader.createInstances (node_modules/@nestjs/core/injector/instance-loader.js:39:9)
      at TestingInstanceLoader.createInstancesOfDependencies (node_modules/@nestjs/core/injector/instance-loader.js:22:13)
      at TestingInstanceLoader.createInstancesOfDependencies (node_modules/@nestjs/testing/testing-instance-loader.js:9:9)
      at TestingModuleBuilder.createInstancesOfDependencies (node_modules/@nestjs/testing/testing-module.builder.js:118:9)
      at TestingModuleBuilder.compile (node_modules/@nestjs/testing/testing-module.builder.js:74:9)
      at Object.<anonymous> (src/modules/workflow/workflow-instance.service.spec.ts:32:35)

  ● WorkflowInstanceService › create › 应该在模板已停用时抛出 BadRequestException

    Nest can't resolve dependencies of the WorkflowInstanceService (PrismaService, ?). Please make sure that the argument NotificationService at index [1] is available in the RootTestModule context.

    Potential solutions:
    - Is RootTestModule a valid NestJS module?
    - If NotificationService is a provider, is it part of the current RootTestModule?
    - If NotificationService is exported from a separate @Module, is that module imported within RootTestModule?
      @Module({
        imports: [ /* the Module containing NotificationService */ ]
      })

      30 |
      31 |   beforeEach(async () => {
    > 32 |     const module: TestingModule = await Test.createTestingModule({
         |                                   ^
      33 |       providers: [
      34 |         WorkflowInstanceService,
      35 |         {

      at TestingInjector.lookupComponentInParentModules (node_modules/@nestjs/core/injector/injector.js:262:19)
      at TestingInjector.resolveComponentInstance (node_modules/@nestjs/core/injector/injector.js:215:33)
      at TestingInjector.resolveComponentInstance (node_modules/@nestjs/testing/testing-injector.js:19:45)
      at resolveParam (node_modules/@nestjs/core/injector/injector.js:129:38)
          at async Promise.all (index 1)
      at TestingInjector.resolveConstructorParams (node_modules/@nestjs/core/injector/injector.js:144:27)
      at TestingInjector.loadInstance (node_modules/@nestjs/core/injector/injector.js:70:13)
      at TestingInjector.loadProvider (node_modules/@nestjs/core/injector/injector.js:98:9)
      at node_modules/@nestjs/core/injector/instance-loader.js:56:13
          at async Promise.all (index 3)
      at TestingInstanceLoader.createInstancesOfProviders (node_modules/@nestjs/core/injector/instance-loader.js:55:9)
      at node_modules/@nestjs/core/injector/instance-loader.js:40:13
          at async Promise.all (index 1)
      at TestingInstanceLoader.createInstances (node_modules/@nestjs/core/injector/instance-loader.js:39:9)
      at TestingInstanceLoader.createInstancesOfDependencies (node_modules/@nestjs/core/injector/instance-loader.js:22:13)
      at TestingInstanceLoader.createInstancesOfDependencies (node_modules/@nestjs/testing/testing-instance-loader.js:9:9)
      at TestingModuleBuilder.createInstancesOfDependencies (node_modules/@nestjs/testing/testing-module.builder.js:118:9)
      at TestingModuleBuilder.compile (node_modules/@nestjs/testing/testing-module.builder.js:74:9)
      at Object.<anonymous> (src/modules/workflow/workflow-instance.service.spec.ts:32:35)

  ● WorkflowInstanceService › cancel › 应该成功取消工作流（发起人）

    Nest can't resolve dependencies of the WorkflowInstanceService (PrismaService, ?). Please make sure that the argument NotificationService at index [1] is available in the RootTestModule context.

    Potential solutions:
    - Is RootTestModule a valid NestJS module?
    - If NotificationService is a provider, is it part of the current RootTestModule?
    - If NotificationService is exported from a separate @Module, is that module imported within RootTestModule?
      @Module({
        imports: [ /* the Module containing NotificationService */ ]
      })

      30 |
      31 |   beforeEach(async () => {
    > 32 |     const module: TestingModule = await Test.createTestingModule({
         |                                   ^
      33 |       providers: [
      34 |         WorkflowInstanceService,
      35 |         {

      at TestingInjector.lookupComponentInParentModules (node_modules/@nestjs/core/injector/injector.js:262:19)
      at TestingInjector.resolveComponentInstance (node_modules/@nestjs/core/injector/injector.js:215:33)
      at TestingInjector.resolveComponentInstance (node_modules/@nestjs/testing/testing-injector.js:19:45)
      at resolveParam (node_modules/@nestjs/core/injector/injector.js:129:38)
          at async Promise.all (index 1)
      at TestingInjector.resolveConstructorParams (node_modules/@nestjs/core/injector/injector.js:144:27)
      at TestingInjector.loadInstance (node_modules/@nestjs/core/injector/injector.js:70:13)
      at TestingInjector.loadProvider (node_modules/@nestjs/core/injector/injector.js:98:9)
      at node_modules/@nestjs/core/injector/instance-loader.js:56:13
          at async Promise.all (index 3)
      at TestingInstanceLoader.createInstancesOfProviders (node_modules/@nestjs/core/injector/instance-loader.js:55:9)
      at node_modules/@nestjs/core/injector/instance-loader.js:40:13
          at async Promise.all (index 1)
      at TestingInstanceLoader.createInstances (node_modules/@nestjs/core/injector/instance-loader.js:39:9)
      at TestingInstanceLoader.createInstancesOfDependencies (node_modules/@nestjs/core/injector/instance-loader.js:22:13)
      at TestingInstanceLoader.createInstancesOfDependencies (node_modules/@nestjs/testing/testing-instance-loader.js:9:9)
      at TestingModuleBuilder.createInstancesOfDependencies (node_modules/@nestjs/testing/testing-module.builder.js:118:9)
      at TestingModuleBuilder.compile (node_modules/@nestjs/testing/testing-module.builder.js:74:9)
      at Object.<anonymous> (src/modules/workflow/workflow-instance.service.spec.ts:32:35)

  ● WorkflowInstanceService › cancel › 应该成功取消工作流（管理员）

    Nest can't resolve dependencies of the WorkflowInstanceService (PrismaService, ?). Please make sure that the argument NotificationService at index [1] is available in the RootTestModule context.

    Potential solutions:
    - Is RootTestModule a valid NestJS module?
    - If NotificationService is a provider, is it part of the current RootTestModule?
    - If NotificationService is exported from a separate @Module, is that module imported within RootTestModule?
      @Module({
        imports: [ /* the Module containing NotificationService */ ]
      })

      30 |
      31 |   beforeEach(async () => {
    > 32 |     const module: TestingModule = await Test.createTestingModule({
         |                                   ^
      33 |       providers: [
      34 |         WorkflowInstanceService,
      35 |         {

      at TestingInjector.lookupComponentInParentModules (node_modules/@nestjs/core/injector/injector.js:262:19)
      at TestingInjector.resolveComponentInstance (node_modules/@nestjs/core/injector/injector.js:215:33)
      at TestingInjector.resolveComponentInstance (node_modules/@nestjs/testing/testing-injector.js:19:45)
      at resolveParam (node_modules/@nestjs/core/injector/injector.js:129:38)
          at async Promise.all (index 1)
      at TestingInjector.resolveConstructorParams (node_modules/@nestjs/core/injector/injector.js:144:27)
      at TestingInjector.loadInstance (node_modules/@nestjs/core/injector/injector.js:70:13)
      at TestingInjector.loadProvider (node_modules/@nestjs/core/injector/injector.js:98:9)
      at node_modules/@nestjs/core/injector/instance-loader.js:56:13
          at async Promise.all (index 3)
      at TestingInstanceLoader.createInstancesOfProviders (node_modules/@nestjs/core/injector/instance-loader.js:55:9)
      at node_modules/@nestjs/core/injector/instance-loader.js:40:13
          at async Promise.all (index 1)
      at TestingInstanceLoader.createInstances (node_modules/@nestjs/core/injector/instance-loader.js:39:9)
      at TestingInstanceLoader.createInstancesOfDependencies (node_modules/@nestjs/core/injector/instance-loader.js:22:13)
      at TestingInstanceLoader.createInstancesOfDependencies (node_modules/@nestjs/testing/testing-instance-loader.js:9:9)
      at TestingModuleBuilder.createInstancesOfDependencies (node_modules/@nestjs/testing/testing-module.builder.js:118:9)
      at TestingModuleBuilder.compile (node_modules/@nestjs/testing/testing-module.builder.js:74:9)
      at Object.<anonymous> (src/modules/workflow/workflow-instance.service.spec.ts:32:35)

  ● WorkflowInstanceService › cancel › 应该在非发起人且非管理员时抛出 ForbiddenException

    Nest can't resolve dependencies of the WorkflowInstanceService (PrismaService, ?). Please make sure that the argument NotificationService at index [1] is available in the RootTestModule context.

    Potential solutions:
    - Is RootTestModule a valid NestJS module?
    - If NotificationService is a provider, is it part of the current RootTestModule?
    - If NotificationService is exported from a separate @Module, is that module imported within RootTestModule?
      @Module({
        imports: [ /* the Module containing NotificationService */ ]
      })

      30 |
      31 |   beforeEach(async () => {
    > 32 |     const module: TestingModule = await Test.createTestingModule({
         |                                   ^
      33 |       providers: [
      34 |         WorkflowInstanceService,
      35 |         {

      at TestingInjector.lookupComponentInParentModules (node_modules/@nestjs/core/injector/injector.js:262:19)
      at TestingInjector.resolveComponentInstance (node_modules/@nestjs/core/injector/injector.js:215:33)
      at TestingInjector.resolveComponentInstance (node_modules/@nestjs/testing/testing-injector.js:19:45)
      at resolveParam (node_modules/@nestjs/core/injector/injector.js:129:38)
          at async Promise.all (index 1)
      at TestingInjector.resolveConstructorParams (node_modules/@nestjs/core/injector/injector.js:144:27)
      at TestingInjector.loadInstance (node_modules/@nestjs/core/injector/injector.js:70:13)
      at TestingInjector.loadProvider (node_modules/@nestjs/core/injector/injector.js:98:9)
      at node_modules/@nestjs/core/injector/instance-loader.js:56:13
          at async Promise.all (index 3)
      at TestingInstanceLoader.createInstancesOfProviders (node_modules/@nestjs/core/injector/instance-loader.js:55:9)
      at node_modules/@nestjs/core/injector/instance-loader.js:40:13
          at async Promise.all (index 1)
      at TestingInstanceLoader.createInstances (node_modules/@nestjs/core/injector/instance-loader.js:39:9)
      at TestingInstanceLoader.createInstancesOfDependencies (node_modules/@nestjs/core/injector/instance-loader.js:22:13)
      at TestingInstanceLoader.createInstancesOfDependencies (node_modules/@nestjs/testing/testing-instance-loader.js:9:9)
      at TestingModuleBuilder.createInstancesOfDependencies (node_modules/@nestjs/testing/testing-module.builder.js:118:9)
      at TestingModuleBuilder.compile (node_modules/@nestjs/testing/testing-module.builder.js:74:9)
      at Object.<anonymous> (src/modules/workflow/workflow-instance.service.spec.ts:32:35)

  ● WorkflowInstanceService › cancel › 应该在状态为 completed 时抛出 BadRequestException

    Nest can't resolve dependencies of the WorkflowInstanceService (PrismaService, ?). Please make sure that the argument NotificationService at index [1] is available in the RootTestModule context.

    Potential solutions:
    - Is RootTestModule a valid NestJS module?
    - If NotificationService is a provider, is it part of the current RootTestModule?
    - If NotificationService is exported from a separate @Module, is that module imported within RootTestModule?
      @Module({
        imports: [ /* the Module containing NotificationService */ ]
      })

      30 |
      31 |   beforeEach(async () => {
    > 32 |     const module: TestingModule = await Test.createTestingModule({
         |                                   ^
      33 |       providers: [
      34 |         WorkflowInstanceService,
      35 |         {

      at TestingInjector.lookupComponentInParentModules (node_modules/@nestjs/core/injector/injector.js:262:19)
      at TestingInjector.resolveComponentInstance (node_modules/@nestjs/core/injector/injector.js:215:33)
      at TestingInjector.resolveComponentInstance (node_modules/@nestjs/testing/testing-injector.js:19:45)
      at resolveParam (node_modules/@nestjs/core/injector/injector.js:129:38)
          at async Promise.all (index 1)
      at TestingInjector.resolveConstructorParams (node_modules/@nestjs/core/injector/injector.js:144:27)
      at TestingInjector.loadInstance (node_modules/@nestjs/core/injector/injector.js:70:13)
      at TestingInjector.loadProvider (node_modules/@nestjs/core/injector/injector.js:98:9)
      at node_modules/@nestjs/core/injector/instance-loader.js:56:13
          at async Promise.all (index 3)
      at TestingInstanceLoader.createInstancesOfProviders (node_modules/@nestjs/core/injector/instance-loader.js:55:9)
      at node_modules/@nestjs/core/injector/instance-loader.js:40:13
          at async Promise.all (index 1)
      at TestingInstanceLoader.createInstances (node_modules/@nestjs/core/injector/instance-loader.js:39:9)
      at TestingInstanceLoader.createInstancesOfDependencies (node_modules/@nestjs/core/injector/instance-loader.js:22:13)
      at TestingInstanceLoader.createInstancesOfDependencies (node_modules/@nestjs/testing/testing-instance-loader.js:9:9)
      at TestingModuleBuilder.createInstancesOfDependencies (node_modules/@nestjs/testing/testing-module.builder.js:118:9)
      at TestingModuleBuilder.compile (node_modules/@nestjs/testing/testing-module.builder.js:74:9)
      at Object.<anonymous> (src/modules/workflow/workflow-instance.service.spec.ts:32:35)

  ● WorkflowInstanceService › findOne › 应该返回工作流实例详情

    Nest can't resolve dependencies of the WorkflowInstanceService (PrismaService, ?). Please make sure that the argument NotificationService at index [1] is available in the RootTestModule context.

    Potential solutions:
    - Is RootTestModule a valid NestJS module?
    - If NotificationService is a provider, is it part of the current RootTestModule?
    - If NotificationService is exported from a separate @Module, is that module imported within RootTestModule?
      @Module({
        imports: [ /* the Module containing NotificationService */ ]
      })

      30 |
      31 |   beforeEach(async () => {
    > 32 |     const module: TestingModule = await Test.createTestingModule({
         |                                   ^
      33 |       providers: [
      34 |         WorkflowInstanceService,
      35 |         {

      at TestingInjector.lookupComponentInParentModules (node_modules/@nestjs/core/injector/injector.js:262:19)
      at TestingInjector.resolveComponentInstance (node_modules/@nestjs/core/injector/injector.js:215:33)
      at TestingInjector.resolveComponentInstance (node_modules/@nestjs/testing/testing-injector.js:19:45)
      at resolveParam (node_modules/@nestjs/core/injector/injector.js:129:38)
          at async Promise.all (index 1)
      at TestingInjector.resolveConstructorParams (node_modules/@nestjs/core/injector/injector.js:144:27)
      at TestingInjector.loadInstance (node_modules/@nestjs/core/injector/injector.js:70:13)
      at TestingInjector.loadProvider (node_modules/@nestjs/core/injector/injector.js:98:9)
      at node_modules/@nestjs/core/injector/instance-loader.js:56:13
          at async Promise.all (index 3)
      at TestingInstanceLoader.createInstancesOfProviders (node_modules/@nestjs/core/injector/instance-loader.js:55:9)
      at node_modules/@nestjs/core/injector/instance-loader.js:40:13
          at async Promise.all (index 1)
      at TestingInstanceLoader.createInstances (node_modules/@nestjs/core/injector/instance-loader.js:39:9)
      at TestingInstanceLoader.createInstancesOfDependencies (node_modules/@nestjs/core/injector/instance-loader.js:22:13)
      at TestingInstanceLoader.createInstancesOfDependencies (node_modules/@nestjs/testing/testing-instance-loader.js:9:9)
      at TestingModuleBuilder.createInstancesOfDependencies (node_modules/@nestjs/testing/testing-module.builder.js:118:9)
      at TestingModuleBuilder.compile (node_modules/@nestjs/testing/testing-module.builder.js:74:9)
      at Object.<anonymous> (src/modules/workflow/workflow-instance.service.spec.ts:32:35)

  ● WorkflowInstanceService › findOne › 应该在实例不存在时抛出 NotFoundException

    Nest can't resolve dependencies of the WorkflowInstanceService (PrismaService, ?). Please make sure that the argument NotificationService at index [1] is available in the RootTestModule context.

    Potential solutions:
    - Is RootTestModule a valid NestJS module?
    - If NotificationService is a provider, is it part of the current RootTestModule?
    - If NotificationService is exported from a separate @Module, is that module imported within RootTestModule?
      @Module({
        imports: [ /* the Module containing NotificationService */ ]
      })

      30 |
      31 |   beforeEach(async () => {
    > 32 |     const module: TestingModule = await Test.createTestingModule({
         |                                   ^
      33 |       providers: [
      34 |         WorkflowInstanceService,
      35 |         {

      at TestingInjector.lookupComponentInParentModules (node_modules/@nestjs/core/injector/injector.js:262:19)
      at TestingInjector.resolveComponentInstance (node_modules/@nestjs/core/injector/injector.js:215:33)
      at TestingInjector.resolveComponentInstance (node_modules/@nestjs/testing/testing-injector.js:19:45)
      at resolveParam (node_modules/@nestjs/core/injector/injector.js:129:38)
          at async Promise.all (index 1)
      at TestingInjector.resolveConstructorParams (node_modules/@nestjs/core/injector/injector.js:144:27)
      at TestingInjector.loadInstance (node_modules/@nestjs/core/injector/injector.js:70:13)
      at TestingInjector.loadProvider (node_modules/@nestjs/core/injector/injector.js:98:9)
      at node_modules/@nestjs/core/injector/instance-loader.js:56:13
          at async Promise.all (index 3)
      at TestingInstanceLoader.createInstancesOfProviders (node_modules/@nestjs/core/injector/instance-loader.js:55:9)
      at node_modules/@nestjs/core/injector/instance-loader.js:40:13
          at async Promise.all (index 1)
      at TestingInstanceLoader.createInstances (node_modules/@nestjs/core/injector/instance-loader.js:39:9)
      at TestingInstanceLoader.createInstancesOfDependencies (node_modules/@nestjs/core/injector/instance-loader.js:22:13)
      at TestingInstanceLoader.createInstancesOfDependencies (node_modules/@nestjs/testing/testing-instance-loader.js:9:9)
      at TestingModuleBuilder.createInstancesOfDependencies (node_modules/@nestjs/testing/testing-module.builder.js:118:9)
      at TestingModuleBuilder.compile (node_modules/@nestjs/testing/testing-module.builder.js:74:9)
      at Object.<anonymous> (src/modules/workflow/workflow-instance.service.spec.ts:32:35)

FAIL src/modules/batch-trace/services/traceability.service.spec.ts
  ● TraceabilityService › traceBackward › should trace from finished goods to raw materials

    TypeError: Cannot read properties of undefined (reading 'findMany')

      31 |
      32 |     // TASK-169: 查询关联的动态表单记录
    > 33 |     const relatedRecords = await this.prisma.record.findMany({
         |                                                     ^
      34 |       where: {
      35 |         OR: [
      36 |           { productionBatchId: finishedBatch.productionBatchId },

      at TraceabilityService.traceBackward (src/modules/batch-trace/services/traceability.service.ts:33:53)
      at Object.<anonymous> (src/modules/batch-trace/services/traceability.service.spec.ts:68:22)

  ● TraceabilityService › traceBackward › should return empty materials if no usages found

    TypeError: Cannot read properties of undefined (reading 'findMany')

      31 |
      32 |     // TASK-169: 查询关联的动态表单记录
    > 33 |     const relatedRecords = await this.prisma.record.findMany({
         |                                                     ^
      34 |       where: {
      35 |         OR: [
      36 |           { productionBatchId: finishedBatch.productionBatchId },

      at TraceabilityService.traceBackward (src/modules/batch-trace/services/traceability.service.ts:33:53)
      at Object.<anonymous> (src/modules/batch-trace/services/traceability.service.spec.ts:100:22)

  ● TraceabilityService › traceForward › should trace from raw materials to finished goods

    TypeError: Cannot read properties of undefined (reading 'findMany')

      88 |
      89 |     // TASK-169: 查询关联的动态表单记录
    > 90 |     const relatedRecords = await this.prisma.record.findMany({
         |                                                     ^
      91 |       where: {
      92 |         OR: [
      93 |           { productionBatchId: { in: productionBatchIds } },

      at TraceabilityService.traceForward (src/modules/batch-trace/services/traceability.service.ts:90:53)
      at Object.<anonymous> (src/modules/batch-trace/services/traceability.service.spec.ts:140:22)

  ● TraceabilityService › traceForward › should return empty production batches if no usages found

    TypeError: Cannot read properties of undefined (reading 'findMany')

      88 |
      89 |     // TASK-169: 查询关联的动态表单记录
    > 90 |     const relatedRecords = await this.prisma.record.findMany({
         |                                                     ^
      91 |       where: {
      92 |         OR: [
      93 |           { productionBatchId: { in: productionBatchIds } },

      at TraceabilityService.traceForward (src/modules/batch-trace/services/traceability.service.ts:90:53)
      at Object.<anonymous> (src/modules/batch-trace/services/traceability.service.spec.ts:170:22)

FAIL src/modules/deviation/deviation-report.service.spec.ts
  ● DeviationService - createDeviationReports › 应该创建偏离报告并更新任务记录

    Nest can't resolve dependencies of the DeviationService (PrismaService, ?). Please make sure that the argument ApprovalService at index [1] is available in the RootTestModule context.

    Potential solutions:
    - Is RootTestModule a valid NestJS module?
    - If ApprovalService is a provider, is it part of the current RootTestModule?
    - If ApprovalService is exported from a separate @Module, is that module imported within RootTestModule?
      @Module({
        imports: [ /* the Module containing ApprovalService */ ]
      })

      21 |
      22 |   beforeEach(async () => {
    > 23 |     const module: TestingModule = await Test.createTestingModule({
         |                                   ^
      24 |       providers: [DeviationService, { provide: PrismaService, useValue: mockPrismaService }],
      25 |     }).compile();
      26 |

      at TestingInjector.lookupComponentInParentModules (node_modules/@nestjs/core/injector/injector.js:262:19)
      at TestingInjector.resolveComponentInstance (node_modules/@nestjs/core/injector/injector.js:215:33)
      at TestingInjector.resolveComponentInstance (node_modules/@nestjs/testing/testing-injector.js:19:45)
      at resolveParam (node_modules/@nestjs/core/injector/injector.js:129:38)
          at async Promise.all (index 1)
      at TestingInjector.resolveConstructorParams (node_modules/@nestjs/core/injector/injector.js:144:27)
      at TestingInjector.loadInstance (node_modules/@nestjs/core/injector/injector.js:70:13)
      at TestingInjector.loadProvider (node_modules/@nestjs/core/injector/injector.js:98:9)
      at node_modules/@nestjs/core/injector/instance-loader.js:56:13
          at async Promise.all (index 3)
      at TestingInstanceLoader.createInstancesOfProviders (node_modules/@nestjs/core/injector/instance-loader.js:55:9)
      at node_modules/@nestjs/core/injector/instance-loader.js:40:13
          at async Promise.all (index 1)
      at TestingInstanceLoader.createInstances (node_modules/@nestjs/core/injector/instance-loader.js:39:9)
      at TestingInstanceLoader.createInstancesOfDependencies (node_modules/@nestjs/core/injector/instance-loader.js:22:13)
      at TestingInstanceLoader.createInstancesOfDependencies (node_modules/@nestjs/testing/testing-instance-loader.js:9:9)
      at TestingModuleBuilder.createInstancesOfDependencies (node_modules/@nestjs/testing/testing-module.builder.js:118:9)
      at TestingModuleBuilder.compile (node_modules/@nestjs/testing/testing-module.builder.js:74:9)
      at Object.<anonymous> (src/modules/deviation/deviation-report.service.spec.ts:23:35)

  ● DeviationService - createDeviationReports › 应该在缺少偏离原因时抛出异常

    Nest can't resolve dependencies of the DeviationService (PrismaService, ?). Please make sure that the argument ApprovalService at index [1] is available in the RootTestModule context.

    Potential solutions:
    - Is RootTestModule a valid NestJS module?
    - If ApprovalService is a provider, is it part of the current RootTestModule?
    - If ApprovalService is exported from a separate @Module, is that module imported within RootTestModule?
      @Module({
        imports: [ /* the Module containing ApprovalService */ ]
      })

      21 |
      22 |   beforeEach(async () => {
    > 23 |     const module: TestingModule = await Test.createTestingModule({
         |                                   ^
      24 |       providers: [DeviationService, { provide: PrismaService, useValue: mockPrismaService }],
      25 |     }).compile();
      26 |

      at TestingInjector.lookupComponentInParentModules (node_modules/@nestjs/core/injector/injector.js:262:19)
      at TestingInjector.resolveComponentInstance (node_modules/@nestjs/core/injector/injector.js:215:33)
      at TestingInjector.resolveComponentInstance (node_modules/@nestjs/testing/testing-injector.js:19:45)
      at resolveParam (node_modules/@nestjs/core/injector/injector.js:129:38)
          at async Promise.all (index 1)
      at TestingInjector.resolveConstructorParams (node_modules/@nestjs/core/injector/injector.js:144:27)
      at TestingInjector.loadInstance (node_modules/@nestjs/core/injector/injector.js:70:13)
      at TestingInjector.loadProvider (node_modules/@nestjs/core/injector/injector.js:98:9)
      at node_modules/@nestjs/core/injector/instance-loader.js:56:13
          at async Promise.all (index 3)
      at TestingInstanceLoader.createInstancesOfProviders (node_modules/@nestjs/core/injector/instance-loader.js:55:9)
      at node_modules/@nestjs/core/injector/instance-loader.js:40:13
          at async Promise.all (index 1)
      at TestingInstanceLoader.createInstances (node_modules/@nestjs/core/injector/instance-loader.js:39:9)
      at TestingInstanceLoader.createInstancesOfDependencies (node_modules/@nestjs/core/injector/instance-loader.js:22:13)
      at TestingInstanceLoader.createInstancesOfDependencies (node_modules/@nestjs/testing/testing-instance-loader.js:9:9)
      at TestingModuleBuilder.createInstancesOfDependencies (node_modules/@nestjs/testing/testing-module.builder.js:118:9)
      at TestingModuleBuilder.compile (node_modules/@nestjs/testing/testing-module.builder.js:74:9)
      at Object.<anonymous> (src/modules/deviation/deviation-report.service.spec.ts:23:35)

FAIL src/modules/deviation/deviation-percentage.service.spec.ts
  ● DeviationService - 百分比公差检测 › 应该检测到百分比公差偏离

    Nest can't resolve dependencies of the DeviationService (PrismaService, ?). Please make sure that the argument ApprovalService at index [1] is available in the RootTestModule context.

    Potential solutions:
    - Is RootTestModule a valid NestJS module?
    - If ApprovalService is a provider, is it part of the current RootTestModule?
    - If ApprovalService is exported from a separate @Module, is that module imported within RootTestModule?
      @Module({
        imports: [ /* the Module containing ApprovalService */ ]
      })

      13 |
      14 |   beforeEach(async () => {
    > 15 |     const module: TestingModule = await Test.createTestingModule({
         |                                   ^
      16 |       providers: [DeviationService, { provide: PrismaService, useValue: mockPrismaService }],
      17 |     }).compile();
      18 |

      at TestingInjector.lookupComponentInParentModules (node_modules/@nestjs/core/injector/injector.js:262:19)
      at TestingInjector.resolveComponentInstance (node_modules/@nestjs/core/injector/injector.js:215:33)
      at TestingInjector.resolveComponentInstance (node_modules/@nestjs/testing/testing-injector.js:19:45)
      at resolveParam (node_modules/@nestjs/core/injector/injector.js:129:38)
          at async Promise.all (index 1)
      at TestingInjector.resolveConstructorParams (node_modules/@nestjs/core/injector/injector.js:144:27)
      at TestingInjector.loadInstance (node_modules/@nestjs/core/injector/injector.js:70:13)
      at TestingInjector.loadProvider (node_modules/@nestjs/core/injector/injector.js:98:9)
      at node_modules/@nestjs/core/injector/instance-loader.js:56:13
          at async Promise.all (index 3)
      at TestingInstanceLoader.createInstancesOfProviders (node_modules/@nestjs/core/injector/instance-loader.js:55:9)
      at node_modules/@nestjs/core/injector/instance-loader.js:40:13
          at async Promise.all (index 1)
      at TestingInstanceLoader.createInstances (node_modules/@nestjs/core/injector/instance-loader.js:39:9)
      at TestingInstanceLoader.createInstancesOfDependencies (node_modules/@nestjs/core/injector/instance-loader.js:22:13)
      at TestingInstanceLoader.createInstancesOfDependencies (node_modules/@nestjs/testing/testing-instance-loader.js:9:9)
      at TestingModuleBuilder.createInstancesOfDependencies (node_modules/@nestjs/testing/testing-module.builder.js:118:9)
      at TestingModuleBuilder.compile (node_modules/@nestjs/testing/testing-module.builder.js:74:9)
      at Object.<anonymous> (src/modules/deviation/deviation-percentage.service.spec.ts:15:35)

  ● DeviationService - 百分比公差检测 › 应该跳过没有公差配置的字段

    Nest can't resolve dependencies of the DeviationService (PrismaService, ?). Please make sure that the argument ApprovalService at index [1] is available in the RootTestModule context.

    Potential solutions:
    - Is RootTestModule a valid NestJS module?
    - If ApprovalService is a provider, is it part of the current RootTestModule?
    - If ApprovalService is exported from a separate @Module, is that module imported within RootTestModule?
      @Module({
        imports: [ /* the Module containing ApprovalService */ ]
      })

      13 |
      14 |   beforeEach(async () => {
    > 15 |     const module: TestingModule = await Test.createTestingModule({
         |                                   ^
      16 |       providers: [DeviationService, { provide: PrismaService, useValue: mockPrismaService }],
      17 |     }).compile();
      18 |

      at TestingInjector.lookupComponentInParentModules (node_modules/@nestjs/core/injector/injector.js:262:19)
      at TestingInjector.resolveComponentInstance (node_modules/@nestjs/core/injector/injector.js:215:33)
      at TestingInjector.resolveComponentInstance (node_modules/@nestjs/testing/testing-injector.js:19:45)
      at resolveParam (node_modules/@nestjs/core/injector/injector.js:129:38)
          at async Promise.all (index 1)
      at TestingInjector.resolveConstructorParams (node_modules/@nestjs/core/injector/injector.js:144:27)
      at TestingInjector.loadInstance (node_modules/@nestjs/core/injector/injector.js:70:13)
      at TestingInjector.loadProvider (node_modules/@nestjs/core/injector/injector.js:98:9)
      at node_modules/@nestjs/core/injector/instance-loader.js:56:13
          at async Promise.all (index 3)
      at TestingInstanceLoader.createInstancesOfProviders (node_modules/@nestjs/core/injector/instance-loader.js:55:9)
      at node_modules/@nestjs/core/injector/instance-loader.js:40:13
          at async Promise.all (index 1)
      at TestingInstanceLoader.createInstances (node_modules/@nestjs/core/injector/instance-loader.js:39:9)
      at TestingInstanceLoader.createInstancesOfDependencies (node_modules/@nestjs/core/injector/instance-loader.js:22:13)
      at TestingInstanceLoader.createInstancesOfDependencies (node_modules/@nestjs/testing/testing-instance-loader.js:9:9)
      at TestingModuleBuilder.createInstancesOfDependencies (node_modules/@nestjs/testing/testing-module.builder.js:118:9)
      at TestingModuleBuilder.compile (node_modules/@nestjs/testing/testing-module.builder.js:74:9)
      at Object.<anonymous> (src/modules/deviation/deviation-percentage.service.spec.ts:15:35)

FAIL test/export.e2e-spec.ts (9.27 s)
  ● StatisticsController (e2e) › Redis Cache Behavior › should return consistent results on repeated requests (cache test)

    expect(received).toEqual(expected) // deep equality

    - Expected  - 3
    + Received  + 8

    @@ -3,24 +3,29 @@
          Object {
            "count": 1,
            "departmentId": "e2e-stats-1771662094002-dept",
            "name": "StatsTestDept",
          },
    +     Object {
    +       "count": 1,
    +       "departmentId": "e2e-stats-1771662095023-dept",
    +       "name": "StatsTestDept",
    +     },
        ],
        "byLevel": Array [
          Object {
    -       "count": 1,
    +       "count": 2,
            "level": 1,
            "percentage": 100,
          },
        ],
        "byStatus": Array [
          Object {
    -       "count": 1,
    +       "count": 2,
            "percentage": 100,
            "status": "approved",
          },
        ],
        "growthRate": 0,
    -   "total": 1,
    +   "total": 2,
        "trend": Array [],
      }

      591 |
      592 |       // Results should be identical
    > 593 |       expect(data2).toEqual(data1);
          |                     ^
      594 |     });
      595 |
      596 |     it('should handle task statistics caching', async () => {

      at Object.<anonymous> (test/export.e2e-spec.ts:593:21)

  ● StatisticsController (e2e) › GET /deviations/export › should export deviation reports as Excel

    expected 200 "OK", got 404 "Not Found"

      837 |         .set('Authorization', `Bearer ${adminToken}`)
      838 |         .send({})
    > 839 |         .expect(200);
          |          ^
      840 |
      841 |       expect(response.headers['content-type']).toContain(
      842 |         'application/vnd.openxmlformats-officedocument.spreadsheetml.sheet',

      at Object.<anonymous> (test/export.e2e-spec.ts:839:10)
      ----
      at Test._assertStatus (node_modules/supertest/lib/test.js:309:14)
      at node_modules/supertest/lib/test.js:365:13
      at Test._assertFunction (node_modules/supertest/lib/test.js:342:13)
      at Test.assert (node_modules/supertest/lib/test.js:195:23)
      at localAssert (node_modules/supertest/lib/test.js:138:14)
      at Server.<anonymous> (node_modules/supertest/lib/test.js:152:11)

  ● StatisticsController (e2e) › GET /deviations/export › should reject unauthenticated deviation export

    expected 401 "Unauthorized", got 404 "Not Found"

      848 |       await request(app.getHttpServer())
      849 |         .get('/api/v1/deviations/export')
    > 850 |         .expect(401);
          |          ^
      851 |     });
      852 |   });
      853 |

      at Object.<anonymous> (test/export.e2e-spec.ts:850:10)
      ----
      at Test._assertStatus (node_modules/supertest/lib/test.js:309:14)
      at node_modules/supertest/lib/test.js:365:13
      at Test._assertFunction (node_modules/supertest/lib/test.js:342:13)
      at Test.assert (node_modules/supertest/lib/test.js:195:23)
      at localAssert (node_modules/supertest/lib/test.js:138:14)
      at Server.<anonymous> (node_modules/supertest/lib/test.js:152:11)

FAIL .backup/orphaned-tests/batch-trace-pdf.service.spec.ts
  ● Test suite failed to run

    [96m.backup/orphaned-tests/batch-trace-pdf.service.spec.ts[0m:[93m2[0m:[93m38[0m - [91merror[0m[90m TS2307: [0mCannot find module './batch-trace-pdf.service' or its corresponding type declarations.

    [7m2[0m import { BatchTracePdfService } from './batch-trace-pdf.service';
    [7m [0m [91m                                     ~~~~~~~~~~~~~~~~~~~~~~~~~~~[0m
    [96m.backup/orphaned-tests/batch-trace-pdf.service.spec.ts[0m:[93m3[0m:[93m37[0m - [91merror[0m[90m TS2307: [0mCannot find module './traceability.service' or its corresponding type declarations.

    [7m3[0m import { TraceabilityService } from './traceability.service';
    [7m [0m [91m                                    ~~~~~~~~~~~~~~~~~~~~~~~~[0m

FAIL src/modules/batch-trace/services/trace-export.service.spec.ts (35.024 s)
  ● TraceExportService › exportPDF › should generate PDF from trace data

    thrown: "Exceeded timeout of 5000 ms for a test.
    Add a timeout value to this test to increase the timeout, if this is a long-running test. See https://jestjs.io/docs/api#testname-fn-timeout."

      30 |
      31 |   describe('exportPDF', () => {
    > 32 |     it('should generate PDF from trace data', async () => {
         |     ^
      33 |       const mockTraceData = {
      34 |         finishedGoodsBatch: {
      35 |           id: 'fg-001',

      at src/modules/batch-trace/services/trace-export.service.spec.ts:32:5
      at src/modules/batch-trace/services/trace-export.service.spec.ts:31:3
      at Object.<anonymous> (src/modules/batch-trace/services/trace-export.service.spec.ts:5:1)

  ● TraceExportService › exportPDF › should include all trace chain data in PDF

    thrown: "Exceeded timeout of 5000 ms for a test.
    Add a timeout value to this test to increase the timeout, if this is a long-running test. See https://jestjs.io/docs/api#testname-fn-timeout."

      63 |     });
      64 |
    > 65 |     it('should include all trace chain data in PDF', async () => {
         |     ^
      66 |       const mockTraceData = {
      67 |         finishedGoodsBatch: {
      68 |           batchNumber: 'FG-001',

      at src/modules/batch-trace/services/trace-export.service.spec.ts:65:5
      at src/modules/batch-trace/services/trace-export.service.spec.ts:31:3
      at Object.<anonymous> (src/modules/batch-trace/services/trace-export.service.spec.ts:5:1)

  ● TraceExportService › exportPDF › should complete PDF generation within 3 seconds

    thrown: "Exceeded timeout of 5000 ms for a test.
    Add a timeout value to this test to increase the timeout, if this is a long-running test. See https://jestjs.io/docs/api#testname-fn-timeout."

      86 |     });
      87 |
    > 88 |     it('should complete PDF generation within 3 seconds', async () => {
         |     ^
      89 |       const mockTraceData = {
      90 |         finishedGoodsBatch: { batchNumber: 'FG-001' },
      91 |         productionBatch: { batchNumber: 'PROD-001' },

      at src/modules/batch-trace/services/trace-export.service.spec.ts:88:5
      at src/modules/batch-trace/services/trace-export.service.spec.ts:31:3
      at Object.<anonymous> (src/modules/batch-trace/services/trace-export.service.spec.ts:5:1)

  ● TraceExportService › exportForwardPDF › should generate forward trace PDF

    thrown: "Exceeded timeout of 5000 ms for a test.
    Add a timeout value to this test to increase the timeout, if this is a long-running test. See https://jestjs.io/docs/api#testname-fn-timeout."

      107 |
      108 |   describe('exportForwardPDF', () => {
    > 109 |     it('should generate forward trace PDF', async () => {
          |     ^
      110 |       const mockTraceData = {
      111 |         materialBatch: {
      112 |           id: 'mat-001',

      at src/modules/batch-trace/services/trace-export.service.spec.ts:109:5
      at src/modules/batch-trace/services/trace-export.service.spec.ts:108:3
      at Object.<anonymous> (src/modules/batch-trace/services/trace-export.service.spec.ts:5:1)

  ● TraceExportService › exportForwardPDF › should handle empty production batches

    thrown: "Exceeded timeout of 5000 ms for a test.
    Add a timeout value to this test to increase the timeout, if this is a long-running test. See https://jestjs.io/docs/api#testname-fn-timeout."

      144 |     });
      145 |
    > 146 |     it('should handle empty production batches', async () => {
          |     ^
      147 |       const mockTraceData = {
      148 |         materialBatch: {
      149 |           batchNumber: 'MAT-001',

      at src/modules/batch-trace/services/trace-export.service.spec.ts:146:5
      at src/modules/batch-trace/services/trace-export.service.spec.ts:108:3
      at Object.<anonymous> (src/modules/batch-trace/services/trace-export.service.spec.ts:5:1)

  ● TraceExportService › exportForwardPDF › should include BR-248 compliance statement

    thrown: "Exceeded timeout of 5000 ms for a test.
    Add a timeout value to this test to increase the timeout, if this is a long-running test. See https://jestjs.io/docs/api#testname-fn-timeout."

      161 |     });
      162 |
    > 163 |     it('should include BR-248 compliance statement', async () => {
          |     ^
      164 |       const mockTraceData = {
      165 |         materialBatch: {
      166 |           batchNumber: 'MAT-001',

      at src/modules/batch-trace/services/trace-export.service.spec.ts:163:5
      at src/modules/batch-trace/services/trace-export.service.spec.ts:108:3
      at Object.<anonymous> (src/modules/batch-trace/services/trace-export.service.spec.ts:5:1)


Test Suites: 21 failed, 80 passed, 101 total
Tests:       196 failed, 1197 passed, 1393 total
Snapshots:   0 total
Time:        35.89 s, estimated 36 s
Ran all test suites.
